[2026-08-12T04:52:53.608+0000] {processor.py:186} INFO - Started process (PID=2522) to work on /opt/airflow/dags/01_basic_bash.py
[2026-08-12T04:52:53.610+0000] {processor.py:914} INFO - Processing file /opt/airflow/dags/01_basic_bash.py for tasks to queue
[2026-08-12T04:52:53.614+0000] {logging_mixin.py:190} INFO - [2026-08-12T04:52:53.614+0000] {dagbag.py:587} INFO - Filling up the DagBag from /opt/airflow/dags/01_basic_bash.py
[2026-08-12T04:52:53.646+0000] {logging_mixin.py:190} INFO - [2026-08-12T04:52:53.645+0000] {dagbag.py:386} ERROR - Failed to import: /opt/airflow/dags/01_basic_bash.py
Traceback (most recent call last):
  File "/home/airflow/.local/lib/python3.12/site-packages/airflow/models/dagbag.py", line 382, in parse
    loader.exec_module(new_module)
  File "<frozen importlib._bootstrap_external>", line 991, in exec_module
  File "<frozen importlib._bootstrap_external>", line 1129, in get_code
  File "<frozen importlib._bootstrap_external>", line 1059, in source_to_code
  File "<frozen importlib._bootstrap>", line 488, in _call_with_frames_removed
  File "/opt/airflow/dags/01_basic_bash.py", line 8
    - bash 오퍼레이터 테스트, DAG 인식, DAG 작동확인,DAG 기본구성
IndentationError: unexpected indent
[2026-08-12T04:52:53.649+0000] {processor.py:927} WARNING - No viable dags retrieved from /opt/airflow/dags/01_basic_bash.py
[2026-08-12T04:52:53.688+0000] {processor.py:208} INFO - Processing /opt/airflow/dags/01_basic_bash.py took 0.087 seconds
[2026-08-12T04:53:24.072+0000] {processor.py:186} INFO - Started process (PID=2585) to work on /opt/airflow/dags/01_basic_bash.py
[2026-08-12T04:53:24.073+0000] {processor.py:914} INFO - Processing file /opt/airflow/dags/01_basic_bash.py for tasks to queue
[2026-08-12T04:53:24.076+0000] {logging_mixin.py:190} INFO - [2026-08-12T04:53:24.076+0000] {dagbag.py:587} INFO - Filling up the DagBag from /opt/airflow/dags/01_basic_bash.py
[2026-08-12T04:53:24.091+0000] {logging_mixin.py:190} INFO - [2026-08-12T04:53:24.090+0000] {dagbag.py:386} ERROR - Failed to import: /opt/airflow/dags/01_basic_bash.py
Traceback (most recent call last):
  File "/home/airflow/.local/lib/python3.12/site-packages/airflow/models/dagbag.py", line 382, in parse
    loader.exec_module(new_module)
  File "<frozen importlib._bootstrap_external>", line 991, in exec_module
  File "<frozen importlib._bootstrap_external>", line 1129, in get_code
  File "<frozen importlib._bootstrap_external>", line 1059, in source_to_code
  File "<frozen importlib._bootstrap>", line 488, in _call_with_frames_removed
  File "/opt/airflow/dags/01_basic_bash.py", line 8
    - bash 오퍼레이터 테스트, DAG 인식, DAG 작동확인,DAG 기본구성
IndentationError: unexpected indent
[2026-08-12T04:53:24.092+0000] {processor.py:927} WARNING - No viable dags retrieved from /opt/airflow/dags/01_basic_bash.py
[2026-08-12T04:53:24.111+0000] {processor.py:208} INFO - Processing /opt/airflow/dags/01_basic_bash.py took 0.045 seconds
[2026-08-12T04:53:54.156+0000] {processor.py:186} INFO - Started process (PID=2648) to work on /opt/airflow/dags/01_basic_bash.py
[2026-08-12T04:53:54.157+0000] {processor.py:914} INFO - Processing file /opt/airflow/dags/01_basic_bash.py for tasks to queue
[2026-08-12T04:53:54.160+0000] {logging_mixin.py:190} INFO - [2026-08-12T04:53:54.160+0000] {dagbag.py:587} INFO - Filling up the DagBag from /opt/airflow/dags/01_basic_bash.py
[2026-08-12T04:53:54.173+0000] {logging_mixin.py:190} INFO - [2026-08-12T04:53:54.172+0000] {dagbag.py:386} ERROR - Failed to import: /opt/airflow/dags/01_basic_bash.py
Traceback (most recent call last):
  File "/home/airflow/.local/lib/python3.12/site-packages/airflow/models/dagbag.py", line 382, in parse
    loader.exec_module(new_module)
  File "<frozen importlib._bootstrap_external>", line 991, in exec_module
  File "<frozen importlib._bootstrap_external>", line 1129, in get_code
  File "<frozen importlib._bootstrap_external>", line 1059, in source_to_code
  File "<frozen importlib._bootstrap>", line 488, in _call_with_frames_removed
  File "/opt/airflow/dags/01_basic_bash.py", line 8
    - bash 오퍼레이터 테스트, DAG 인식, DAG 작동확인,DAG 기본구성
IndentationError: unexpected indent
[2026-08-12T04:53:54.174+0000] {processor.py:927} WARNING - No viable dags retrieved from /opt/airflow/dags/01_basic_bash.py
[2026-08-12T04:53:54.192+0000] {processor.py:208} INFO - Processing /opt/airflow/dags/01_basic_bash.py took 0.041 seconds
[2026-08-12T04:54:24.983+0000] {processor.py:186} INFO - Started process (PID=2710) to work on /opt/airflow/dags/01_basic_bash.py
[2026-08-12T04:54:24.985+0000] {processor.py:914} INFO - Processing file /opt/airflow/dags/01_basic_bash.py for tasks to queue
[2026-08-12T04:54:24.988+0000] {logging_mixin.py:190} INFO - [2026-08-12T04:54:24.988+0000] {dagbag.py:587} INFO - Filling up the DagBag from /opt/airflow/dags/01_basic_bash.py
[2026-08-12T04:54:25.001+0000] {logging_mixin.py:190} INFO - [2026-08-12T04:54:25.000+0000] {dagbag.py:386} ERROR - Failed to import: /opt/airflow/dags/01_basic_bash.py
Traceback (most recent call last):
  File "/home/airflow/.local/lib/python3.12/site-packages/airflow/models/dagbag.py", line 382, in parse
    loader.exec_module(new_module)
  File "<frozen importlib._bootstrap_external>", line 991, in exec_module
  File "<frozen importlib._bootstrap_external>", line 1129, in get_code
  File "<frozen importlib._bootstrap_external>", line 1059, in source_to_code
  File "<frozen importlib._bootstrap>", line 488, in _call_with_frames_removed
  File "/opt/airflow/dags/01_basic_bash.py", line 8
    - bash 오퍼레이터 테스트, DAG 인식, DAG 작동확인,DAG 기본구성
IndentationError: unexpected indent
[2026-08-12T04:54:25.002+0000] {processor.py:927} WARNING - No viable dags retrieved from /opt/airflow/dags/01_basic_bash.py
[2026-08-12T04:54:25.024+0000] {processor.py:208} INFO - Processing /opt/airflow/dags/01_basic_bash.py took 0.047 seconds
[2026-08-12T04:54:55.695+0000] {processor.py:186} INFO - Started process (PID=2773) to work on /opt/airflow/dags/01_basic_bash.py
[2026-08-12T04:54:55.697+0000] {processor.py:914} INFO - Processing file /opt/airflow/dags/01_basic_bash.py for tasks to queue
[2026-08-12T04:54:55.701+0000] {logging_mixin.py:190} INFO - [2026-08-12T04:54:55.700+0000] {dagbag.py:587} INFO - Filling up the DagBag from /opt/airflow/dags/01_basic_bash.py
[2026-08-12T04:54:55.717+0000] {logging_mixin.py:190} INFO - [2026-08-12T04:54:55.716+0000] {dagbag.py:386} ERROR - Failed to import: /opt/airflow/dags/01_basic_bash.py
Traceback (most recent call last):
  File "/home/airflow/.local/lib/python3.12/site-packages/airflow/models/dagbag.py", line 382, in parse
    loader.exec_module(new_module)
  File "<frozen importlib._bootstrap_external>", line 991, in exec_module
  File "<frozen importlib._bootstrap_external>", line 1129, in get_code
  File "<frozen importlib._bootstrap_external>", line 1059, in source_to_code
  File "<frozen importlib._bootstrap>", line 488, in _call_with_frames_removed
  File "/opt/airflow/dags/01_basic_bash.py", line 8
    - bash 오퍼레이터 테스트, DAG 인식, DAG 작동확인,DAG 기본구성
IndentationError: unexpected indent
[2026-08-12T04:54:55.719+0000] {processor.py:927} WARNING - No viable dags retrieved from /opt/airflow/dags/01_basic_bash.py
[2026-08-12T04:54:55.753+0000] {processor.py:208} INFO - Processing /opt/airflow/dags/01_basic_bash.py took 0.075 seconds
[2026-08-12T04:55:26.127+0000] {processor.py:186} INFO - Started process (PID=2836) to work on /opt/airflow/dags/01_basic_bash.py
[2026-08-12T04:55:26.129+0000] {processor.py:914} INFO - Processing file /opt/airflow/dags/01_basic_bash.py for tasks to queue
[2026-08-12T04:55:26.133+0000] {logging_mixin.py:190} INFO - [2026-08-12T04:55:26.132+0000] {dagbag.py:587} INFO - Filling up the DagBag from /opt/airflow/dags/01_basic_bash.py
[2026-08-12T04:55:26.159+0000] {logging_mixin.py:190} INFO - [2026-08-12T04:55:26.158+0000] {dagbag.py:386} ERROR - Failed to import: /opt/airflow/dags/01_basic_bash.py
Traceback (most recent call last):
  File "/home/airflow/.local/lib/python3.12/site-packages/airflow/models/dagbag.py", line 382, in parse
    loader.exec_module(new_module)
  File "<frozen importlib._bootstrap_external>", line 991, in exec_module
  File "<frozen importlib._bootstrap_external>", line 1129, in get_code
  File "<frozen importlib._bootstrap_external>", line 1059, in source_to_code
  File "<frozen importlib._bootstrap>", line 488, in _call_with_frames_removed
  File "/opt/airflow/dags/01_basic_bash.py", line 8
    - bash 오퍼레이터 테스트, DAG 인식, DAG 작동확인,DAG 기본구성
IndentationError: unexpected indent
[2026-08-12T04:55:26.161+0000] {processor.py:927} WARNING - No viable dags retrieved from /opt/airflow/dags/01_basic_bash.py
[2026-08-12T04:55:26.186+0000] {processor.py:208} INFO - Processing /opt/airflow/dags/01_basic_bash.py took 0.066 seconds
[2026-08-12T04:55:56.837+0000] {processor.py:186} INFO - Started process (PID=2905) to work on /opt/airflow/dags/01_basic_bash.py
[2026-08-12T04:55:56.839+0000] {processor.py:914} INFO - Processing file /opt/airflow/dags/01_basic_bash.py for tasks to queue
[2026-08-12T04:55:56.843+0000] {logging_mixin.py:190} INFO - [2026-08-12T04:55:56.842+0000] {dagbag.py:587} INFO - Filling up the DagBag from /opt/airflow/dags/01_basic_bash.py
[2026-08-12T04:55:56.860+0000] {logging_mixin.py:190} INFO - [2026-08-12T04:55:56.859+0000] {dagbag.py:386} ERROR - Failed to import: /opt/airflow/dags/01_basic_bash.py
Traceback (most recent call last):
  File "/home/airflow/.local/lib/python3.12/site-packages/airflow/models/dagbag.py", line 382, in parse
    loader.exec_module(new_module)
  File "<frozen importlib._bootstrap_external>", line 991, in exec_module
  File "<frozen importlib._bootstrap_external>", line 1129, in get_code
  File "<frozen importlib._bootstrap_external>", line 1059, in source_to_code
  File "<frozen importlib._bootstrap>", line 488, in _call_with_frames_removed
  File "/opt/airflow/dags/01_basic_bash.py", line 8
    - bash 오퍼레이터 테스트, DAG 인식, DAG 작동확인,DAG 기본구성
IndentationError: unexpected indent
[2026-08-12T04:55:56.862+0000] {processor.py:927} WARNING - No viable dags retrieved from /opt/airflow/dags/01_basic_bash.py
[2026-08-12T04:55:56.899+0000] {processor.py:208} INFO - Processing /opt/airflow/dags/01_basic_bash.py took 0.069 seconds
[2026-08-12T04:56:27.556+0000] {processor.py:186} INFO - Started process (PID=2968) to work on /opt/airflow/dags/01_basic_bash.py
[2026-08-12T04:56:27.558+0000] {processor.py:914} INFO - Processing file /opt/airflow/dags/01_basic_bash.py for tasks to queue
[2026-08-12T04:56:27.561+0000] {logging_mixin.py:190} INFO - [2026-08-12T04:56:27.561+0000] {dagbag.py:587} INFO - Filling up the DagBag from /opt/airflow/dags/01_basic_bash.py
[2026-08-12T04:56:27.575+0000] {logging_mixin.py:190} INFO - [2026-08-12T04:56:27.574+0000] {dagbag.py:386} ERROR - Failed to import: /opt/airflow/dags/01_basic_bash.py
Traceback (most recent call last):
  File "/home/airflow/.local/lib/python3.12/site-packages/airflow/models/dagbag.py", line 382, in parse
    loader.exec_module(new_module)
  File "<frozen importlib._bootstrap_external>", line 991, in exec_module
  File "<frozen importlib._bootstrap_external>", line 1129, in get_code
  File "<frozen importlib._bootstrap_external>", line 1059, in source_to_code
  File "<frozen importlib._bootstrap>", line 488, in _call_with_frames_removed
  File "/opt/airflow/dags/01_basic_bash.py", line 8
    - bash 오퍼레이터 테스트, DAG 인식, DAG 작동확인,DAG 기본구성
IndentationError: unexpected indent
[2026-08-12T04:56:27.576+0000] {processor.py:927} WARNING - No viable dags retrieved from /opt/airflow/dags/01_basic_bash.py
[2026-08-12T04:56:27.597+0000] {processor.py:208} INFO - Processing /opt/airflow/dags/01_basic_bash.py took 0.047 seconds
[2026-08-12T04:56:57.678+0000] {processor.py:186} INFO - Started process (PID=3031) to work on /opt/airflow/dags/01_basic_bash.py
[2026-08-12T04:56:57.679+0000] {processor.py:914} INFO - Processing file /opt/airflow/dags/01_basic_bash.py for tasks to queue
[2026-08-12T04:56:57.682+0000] {logging_mixin.py:190} INFO - [2026-08-12T04:56:57.682+0000] {dagbag.py:587} INFO - Filling up the DagBag from /opt/airflow/dags/01_basic_bash.py
[2026-08-12T04:56:57.696+0000] {logging_mixin.py:190} INFO - [2026-08-12T04:56:57.695+0000] {dagbag.py:386} ERROR - Failed to import: /opt/airflow/dags/01_basic_bash.py
Traceback (most recent call last):
  File "/home/airflow/.local/lib/python3.12/site-packages/airflow/models/dagbag.py", line 382, in parse
    loader.exec_module(new_module)
  File "<frozen importlib._bootstrap_external>", line 991, in exec_module
  File "<frozen importlib._bootstrap_external>", line 1129, in get_code
  File "<frozen importlib._bootstrap_external>", line 1059, in source_to_code
  File "<frozen importlib._bootstrap>", line 488, in _call_with_frames_removed
  File "/opt/airflow/dags/01_basic_bash.py", line 8
    - bash 오퍼레이터 테스트, DAG 인식, DAG 작동확인,DAG 기본구성
IndentationError: unexpected indent
[2026-08-12T04:56:57.697+0000] {processor.py:927} WARNING - No viable dags retrieved from /opt/airflow/dags/01_basic_bash.py
[2026-08-12T04:56:57.716+0000] {processor.py:208} INFO - Processing /opt/airflow/dags/01_basic_bash.py took 0.044 seconds
[2026-08-12T04:57:28.510+0000] {processor.py:186} INFO - Started process (PID=3093) to work on /opt/airflow/dags/01_basic_bash.py
[2026-08-12T04:57:28.512+0000] {processor.py:914} INFO - Processing file /opt/airflow/dags/01_basic_bash.py for tasks to queue
[2026-08-12T04:57:28.515+0000] {logging_mixin.py:190} INFO - [2026-08-12T04:57:28.515+0000] {dagbag.py:587} INFO - Filling up the DagBag from /opt/airflow/dags/01_basic_bash.py
[2026-08-12T04:57:28.528+0000] {logging_mixin.py:190} INFO - [2026-08-12T04:57:28.526+0000] {dagbag.py:386} ERROR - Failed to import: /opt/airflow/dags/01_basic_bash.py
Traceback (most recent call last):
  File "/home/airflow/.local/lib/python3.12/site-packages/airflow/models/dagbag.py", line 382, in parse
    loader.exec_module(new_module)
  File "<frozen importlib._bootstrap_external>", line 991, in exec_module
  File "<frozen importlib._bootstrap_external>", line 1129, in get_code
  File "<frozen importlib._bootstrap_external>", line 1059, in source_to_code
  File "<frozen importlib._bootstrap>", line 488, in _call_with_frames_removed
  File "/opt/airflow/dags/01_basic_bash.py", line 8
    - bash 오퍼레이터 테스트, DAG 인식, DAG 작동확인,DAG 기본구성
IndentationError: unexpected indent
[2026-08-12T04:57:28.529+0000] {processor.py:927} WARNING - No viable dags retrieved from /opt/airflow/dags/01_basic_bash.py
[2026-08-12T04:57:28.561+0000] {processor.py:208} INFO - Processing /opt/airflow/dags/01_basic_bash.py took 0.057 seconds
[2026-08-12T04:57:59.528+0000] {processor.py:186} INFO - Started process (PID=3156) to work on /opt/airflow/dags/01_basic_bash.py
[2026-08-12T04:57:59.530+0000] {processor.py:914} INFO - Processing file /opt/airflow/dags/01_basic_bash.py for tasks to queue
[2026-08-12T04:57:59.534+0000] {logging_mixin.py:190} INFO - [2026-08-12T04:57:59.533+0000] {dagbag.py:587} INFO - Filling up the DagBag from /opt/airflow/dags/01_basic_bash.py
[2026-08-12T04:57:59.551+0000] {logging_mixin.py:190} INFO - [2026-08-12T04:57:59.550+0000] {dagbag.py:386} ERROR - Failed to import: /opt/airflow/dags/01_basic_bash.py
Traceback (most recent call last):
  File "/home/airflow/.local/lib/python3.12/site-packages/airflow/models/dagbag.py", line 382, in parse
    loader.exec_module(new_module)
  File "<frozen importlib._bootstrap_external>", line 991, in exec_module
  File "<frozen importlib._bootstrap_external>", line 1129, in get_code
  File "<frozen importlib._bootstrap_external>", line 1059, in source_to_code
  File "<frozen importlib._bootstrap>", line 488, in _call_with_frames_removed
  File "/opt/airflow/dags/01_basic_bash.py", line 8
    - bash 오퍼레이터 테스트, DAG 인식, DAG 작동확인,DAG 기본구성
IndentationError: unexpected indent
[2026-08-12T04:57:59.552+0000] {processor.py:927} WARNING - No viable dags retrieved from /opt/airflow/dags/01_basic_bash.py
[2026-08-12T04:57:59.572+0000] {processor.py:208} INFO - Processing /opt/airflow/dags/01_basic_bash.py took 0.051 seconds
[2026-08-12T04:58:29.669+0000] {processor.py:186} INFO - Started process (PID=3215) to work on /opt/airflow/dags/01_basic_bash.py
[2026-08-12T04:58:29.671+0000] {processor.py:914} INFO - Processing file /opt/airflow/dags/01_basic_bash.py for tasks to queue
[2026-08-12T04:58:29.674+0000] {logging_mixin.py:190} INFO - [2026-08-12T04:58:29.673+0000] {dagbag.py:587} INFO - Filling up the DagBag from /opt/airflow/dags/01_basic_bash.py
[2026-08-12T04:58:29.687+0000] {logging_mixin.py:190} INFO - [2026-08-12T04:58:29.686+0000] {dagbag.py:386} ERROR - Failed to import: /opt/airflow/dags/01_basic_bash.py
Traceback (most recent call last):
  File "/home/airflow/.local/lib/python3.12/site-packages/airflow/models/dagbag.py", line 382, in parse
    loader.exec_module(new_module)
  File "<frozen importlib._bootstrap_external>", line 991, in exec_module
  File "<frozen importlib._bootstrap_external>", line 1129, in get_code
  File "<frozen importlib._bootstrap_external>", line 1059, in source_to_code
  File "<frozen importlib._bootstrap>", line 488, in _call_with_frames_removed
  File "/opt/airflow/dags/01_basic_bash.py", line 8
    - bash 오퍼레이터 테스트, DAG 인식, DAG 작동확인,DAG 기본구성
IndentationError: unexpected indent
[2026-08-12T04:58:29.688+0000] {processor.py:927} WARNING - No viable dags retrieved from /opt/airflow/dags/01_basic_bash.py
[2026-08-12T04:58:29.708+0000] {processor.py:208} INFO - Processing /opt/airflow/dags/01_basic_bash.py took 0.044 seconds
[2026-08-12T04:58:59.874+0000] {processor.py:186} INFO - Started process (PID=3278) to work on /opt/airflow/dags/01_basic_bash.py
[2026-08-12T04:58:59.875+0000] {processor.py:914} INFO - Processing file /opt/airflow/dags/01_basic_bash.py for tasks to queue
[2026-08-12T04:58:59.879+0000] {logging_mixin.py:190} INFO - [2026-08-12T04:58:59.878+0000] {dagbag.py:587} INFO - Filling up the DagBag from /opt/airflow/dags/01_basic_bash.py
[2026-08-12T04:58:59.893+0000] {logging_mixin.py:190} INFO - [2026-08-12T04:58:59.892+0000] {dagbag.py:386} ERROR - Failed to import: /opt/airflow/dags/01_basic_bash.py
Traceback (most recent call last):
  File "/home/airflow/.local/lib/python3.12/site-packages/airflow/models/dagbag.py", line 382, in parse
    loader.exec_module(new_module)
  File "<frozen importlib._bootstrap_external>", line 991, in exec_module
  File "<frozen importlib._bootstrap_external>", line 1129, in get_code
  File "<frozen importlib._bootstrap_external>", line 1059, in source_to_code
  File "<frozen importlib._bootstrap>", line 488, in _call_with_frames_removed
  File "/opt/airflow/dags/01_basic_bash.py", line 8
    - bash 오퍼레이터 테스트, DAG 인식, DAG 작동확인,DAG 기본구성
IndentationError: unexpected indent
[2026-08-12T04:58:59.894+0000] {processor.py:927} WARNING - No viable dags retrieved from /opt/airflow/dags/01_basic_bash.py
[2026-08-12T04:58:59.913+0000] {processor.py:208} INFO - Processing /opt/airflow/dags/01_basic_bash.py took 0.046 seconds
[2026-08-12T04:59:30.087+0000] {processor.py:186} INFO - Started process (PID=3334) to work on /opt/airflow/dags/01_basic_bash.py
[2026-08-12T04:59:30.089+0000] {processor.py:914} INFO - Processing file /opt/airflow/dags/01_basic_bash.py for tasks to queue
[2026-08-12T04:59:30.093+0000] {logging_mixin.py:190} INFO - [2026-08-12T04:59:30.092+0000] {dagbag.py:587} INFO - Filling up the DagBag from /opt/airflow/dags/01_basic_bash.py
[2026-08-12T04:59:30.108+0000] {logging_mixin.py:190} INFO - [2026-08-12T04:59:30.107+0000] {dagbag.py:386} ERROR - Failed to import: /opt/airflow/dags/01_basic_bash.py
Traceback (most recent call last):
  File "/home/airflow/.local/lib/python3.12/site-packages/airflow/models/dagbag.py", line 382, in parse
    loader.exec_module(new_module)
  File "<frozen importlib._bootstrap_external>", line 991, in exec_module
  File "<frozen importlib._bootstrap_external>", line 1129, in get_code
  File "<frozen importlib._bootstrap_external>", line 1059, in source_to_code
  File "<frozen importlib._bootstrap>", line 488, in _call_with_frames_removed
  File "/opt/airflow/dags/01_basic_bash.py", line 8
    - bash 오퍼레이터 테스트, DAG 인식, DAG 작동확인,DAG 기본구성
IndentationError: unexpected indent
[2026-08-12T04:59:30.109+0000] {processor.py:927} WARNING - No viable dags retrieved from /opt/airflow/dags/01_basic_bash.py
[2026-08-12T04:59:30.148+0000] {processor.py:208} INFO - Processing /opt/airflow/dags/01_basic_bash.py took 0.070 seconds
[2026-08-12T05:00:00.994+0000] {processor.py:186} INFO - Started process (PID=3397) to work on /opt/airflow/dags/01_basic_bash.py
[2026-08-12T05:00:00.996+0000] {processor.py:914} INFO - Processing file /opt/airflow/dags/01_basic_bash.py for tasks to queue
[2026-08-12T05:00:01.002+0000] {logging_mixin.py:190} INFO - [2026-08-12T05:00:01.001+0000] {dagbag.py:587} INFO - Filling up the DagBag from /opt/airflow/dags/01_basic_bash.py
[2026-08-12T05:00:01.024+0000] {logging_mixin.py:190} INFO - [2026-08-12T05:00:01.022+0000] {dagbag.py:386} ERROR - Failed to import: /opt/airflow/dags/01_basic_bash.py
Traceback (most recent call last):
  File "/home/airflow/.local/lib/python3.12/site-packages/airflow/models/dagbag.py", line 382, in parse
    loader.exec_module(new_module)
  File "<frozen importlib._bootstrap_external>", line 991, in exec_module
  File "<frozen importlib._bootstrap_external>", line 1129, in get_code
  File "<frozen importlib._bootstrap_external>", line 1059, in source_to_code
  File "<frozen importlib._bootstrap>", line 488, in _call_with_frames_removed
  File "/opt/airflow/dags/01_basic_bash.py", line 8
    - bash 오퍼레이터 테스트, DAG 인식, DAG 작동확인,DAG 기본구성
IndentationError: unexpected indent
[2026-08-12T05:00:01.026+0000] {processor.py:927} WARNING - No viable dags retrieved from /opt/airflow/dags/01_basic_bash.py
[2026-08-12T05:00:01.055+0000] {processor.py:208} INFO - Processing /opt/airflow/dags/01_basic_bash.py took 0.067 seconds
[2026-08-12T05:00:31.666+0000] {processor.py:186} INFO - Started process (PID=3457) to work on /opt/airflow/dags/01_basic_bash.py
[2026-08-12T05:00:31.668+0000] {processor.py:914} INFO - Processing file /opt/airflow/dags/01_basic_bash.py for tasks to queue
[2026-08-12T05:00:31.671+0000] {logging_mixin.py:190} INFO - [2026-08-12T05:00:31.670+0000] {dagbag.py:587} INFO - Filling up the DagBag from /opt/airflow/dags/01_basic_bash.py
[2026-08-12T05:00:31.690+0000] {logging_mixin.py:190} INFO - [2026-08-12T05:00:31.689+0000] {dagbag.py:386} ERROR - Failed to import: /opt/airflow/dags/01_basic_bash.py
Traceback (most recent call last):
  File "/home/airflow/.local/lib/python3.12/site-packages/airflow/models/dagbag.py", line 382, in parse
    loader.exec_module(new_module)
  File "<frozen importlib._bootstrap_external>", line 991, in exec_module
  File "<frozen importlib._bootstrap_external>", line 1129, in get_code
  File "<frozen importlib._bootstrap_external>", line 1059, in source_to_code
  File "<frozen importlib._bootstrap>", line 488, in _call_with_frames_removed
  File "/opt/airflow/dags/01_basic_bash.py", line 8
    - bash 오퍼레이터 테스트, DAG 인식, DAG 작동확인,DAG 기본구성
IndentationError: unexpected indent
[2026-08-12T05:00:31.692+0000] {processor.py:927} WARNING - No viable dags retrieved from /opt/airflow/dags/01_basic_bash.py
[2026-08-12T05:00:31.714+0000] {processor.py:208} INFO - Processing /opt/airflow/dags/01_basic_bash.py took 0.054 seconds
[2026-08-12T05:01:01.821+0000] {processor.py:186} INFO - Started process (PID=3519) to work on /opt/airflow/dags/01_basic_bash.py
[2026-08-12T05:01:01.822+0000] {processor.py:914} INFO - Processing file /opt/airflow/dags/01_basic_bash.py for tasks to queue
[2026-08-12T05:01:01.826+0000] {logging_mixin.py:190} INFO - [2026-08-12T05:01:01.826+0000] {dagbag.py:587} INFO - Filling up the DagBag from /opt/airflow/dags/01_basic_bash.py
[2026-08-12T05:01:01.840+0000] {logging_mixin.py:190} INFO - [2026-08-12T05:01:01.839+0000] {dagbag.py:386} ERROR - Failed to import: /opt/airflow/dags/01_basic_bash.py
Traceback (most recent call last):
  File "/home/airflow/.local/lib/python3.12/site-packages/airflow/models/dagbag.py", line 382, in parse
    loader.exec_module(new_module)
  File "<frozen importlib._bootstrap_external>", line 991, in exec_module
  File "<frozen importlib._bootstrap_external>", line 1129, in get_code
  File "<frozen importlib._bootstrap_external>", line 1059, in source_to_code
  File "<frozen importlib._bootstrap>", line 488, in _call_with_frames_removed
  File "/opt/airflow/dags/01_basic_bash.py", line 8
    - bash 오퍼레이터 테스트, DAG 인식, DAG 작동확인,DAG 기본구성
IndentationError: unexpected indent
[2026-08-12T05:01:01.841+0000] {processor.py:927} WARNING - No viable dags retrieved from /opt/airflow/dags/01_basic_bash.py
[2026-08-12T05:01:01.861+0000] {processor.py:208} INFO - Processing /opt/airflow/dags/01_basic_bash.py took 0.046 seconds
[2026-08-12T05:01:31.965+0000] {processor.py:186} INFO - Started process (PID=3580) to work on /opt/airflow/dags/01_basic_bash.py
[2026-08-12T05:01:31.967+0000] {processor.py:914} INFO - Processing file /opt/airflow/dags/01_basic_bash.py for tasks to queue
[2026-08-12T05:01:31.969+0000] {logging_mixin.py:190} INFO - [2026-08-12T05:01:31.969+0000] {dagbag.py:587} INFO - Filling up the DagBag from /opt/airflow/dags/01_basic_bash.py
[2026-08-12T05:01:31.982+0000] {logging_mixin.py:190} INFO - [2026-08-12T05:01:31.981+0000] {dagbag.py:386} ERROR - Failed to import: /opt/airflow/dags/01_basic_bash.py
Traceback (most recent call last):
  File "/home/airflow/.local/lib/python3.12/site-packages/airflow/models/dagbag.py", line 382, in parse
    loader.exec_module(new_module)
  File "<frozen importlib._bootstrap_external>", line 991, in exec_module
  File "<frozen importlib._bootstrap_external>", line 1129, in get_code
  File "<frozen importlib._bootstrap_external>", line 1059, in source_to_code
  File "<frozen importlib._bootstrap>", line 488, in _call_with_frames_removed
  File "/opt/airflow/dags/01_basic_bash.py", line 8
    - bash 오퍼레이터 테스트, DAG 인식, DAG 작동확인,DAG 기본구성
IndentationError: unexpected indent
[2026-08-12T05:01:31.983+0000] {processor.py:927} WARNING - No viable dags retrieved from /opt/airflow/dags/01_basic_bash.py
[2026-08-12T05:01:32.003+0000] {processor.py:208} INFO - Processing /opt/airflow/dags/01_basic_bash.py took 0.043 seconds
[2026-08-12T05:02:02.098+0000] {processor.py:186} INFO - Started process (PID=3641) to work on /opt/airflow/dags/01_basic_bash.py
[2026-08-12T05:02:02.100+0000] {processor.py:914} INFO - Processing file /opt/airflow/dags/01_basic_bash.py for tasks to queue
[2026-08-12T05:02:02.102+0000] {logging_mixin.py:190} INFO - [2026-08-12T05:02:02.102+0000] {dagbag.py:587} INFO - Filling up the DagBag from /opt/airflow/dags/01_basic_bash.py
[2026-08-12T05:02:02.116+0000] {logging_mixin.py:190} INFO - [2026-08-12T05:02:02.114+0000] {dagbag.py:386} ERROR - Failed to import: /opt/airflow/dags/01_basic_bash.py
Traceback (most recent call last):
  File "/home/airflow/.local/lib/python3.12/site-packages/airflow/models/dagbag.py", line 382, in parse
    loader.exec_module(new_module)
  File "<frozen importlib._bootstrap_external>", line 991, in exec_module
  File "<frozen importlib._bootstrap_external>", line 1129, in get_code
  File "<frozen importlib._bootstrap_external>", line 1059, in source_to_code
  File "<frozen importlib._bootstrap>", line 488, in _call_with_frames_removed
  File "/opt/airflow/dags/01_basic_bash.py", line 8
    - bash 오퍼레이터 테스트, DAG 인식, DAG 작동확인,DAG 기본구성
IndentationError: unexpected indent
[2026-08-12T05:02:02.117+0000] {processor.py:927} WARNING - No viable dags retrieved from /opt/airflow/dags/01_basic_bash.py
[2026-08-12T05:02:02.138+0000] {processor.py:208} INFO - Processing /opt/airflow/dags/01_basic_bash.py took 0.045 seconds
[2026-08-12T05:02:32.239+0000] {processor.py:186} INFO - Started process (PID=3704) to work on /opt/airflow/dags/01_basic_bash.py
[2026-08-12T05:02:32.240+0000] {processor.py:914} INFO - Processing file /opt/airflow/dags/01_basic_bash.py for tasks to queue
[2026-08-12T05:02:32.243+0000] {logging_mixin.py:190} INFO - [2026-08-12T05:02:32.243+0000] {dagbag.py:587} INFO - Filling up the DagBag from /opt/airflow/dags/01_basic_bash.py
[2026-08-12T05:02:32.257+0000] {logging_mixin.py:190} INFO - [2026-08-12T05:02:32.256+0000] {dagbag.py:386} ERROR - Failed to import: /opt/airflow/dags/01_basic_bash.py
Traceback (most recent call last):
  File "/home/airflow/.local/lib/python3.12/site-packages/airflow/models/dagbag.py", line 382, in parse
    loader.exec_module(new_module)
  File "<frozen importlib._bootstrap_external>", line 991, in exec_module
  File "<frozen importlib._bootstrap_external>", line 1129, in get_code
  File "<frozen importlib._bootstrap_external>", line 1059, in source_to_code
  File "<frozen importlib._bootstrap>", line 488, in _call_with_frames_removed
  File "/opt/airflow/dags/01_basic_bash.py", line 8
    - bash 오퍼레이터 테스트, DAG 인식, DAG 작동확인,DAG 기본구성
IndentationError: unexpected indent
[2026-08-12T05:02:32.258+0000] {processor.py:927} WARNING - No viable dags retrieved from /opt/airflow/dags/01_basic_bash.py
[2026-08-12T05:02:32.276+0000] {processor.py:208} INFO - Processing /opt/airflow/dags/01_basic_bash.py took 0.045 seconds
[2026-08-12T05:03:02.801+0000] {processor.py:186} INFO - Started process (PID=3767) to work on /opt/airflow/dags/01_basic_bash.py
[2026-08-12T05:03:02.802+0000] {processor.py:914} INFO - Processing file /opt/airflow/dags/01_basic_bash.py for tasks to queue
[2026-08-12T05:03:02.806+0000] {logging_mixin.py:190} INFO - [2026-08-12T05:03:02.805+0000] {dagbag.py:587} INFO - Filling up the DagBag from /opt/airflow/dags/01_basic_bash.py
[2026-08-12T05:03:02.819+0000] {logging_mixin.py:190} INFO - [2026-08-12T05:03:02.818+0000] {dagbag.py:386} ERROR - Failed to import: /opt/airflow/dags/01_basic_bash.py
Traceback (most recent call last):
  File "/home/airflow/.local/lib/python3.12/site-packages/airflow/models/dagbag.py", line 382, in parse
    loader.exec_module(new_module)
  File "<frozen importlib._bootstrap_external>", line 991, in exec_module
  File "<frozen importlib._bootstrap_external>", line 1129, in get_code
  File "<frozen importlib._bootstrap_external>", line 1059, in source_to_code
  File "<frozen importlib._bootstrap>", line 488, in _call_with_frames_removed
  File "/opt/airflow/dags/01_basic_bash.py", line 8
    - bash 오퍼레이터 테스트, DAG 인식, DAG 작동확인,DAG 기본구성
IndentationError: unexpected indent
[2026-08-12T05:03:02.820+0000] {processor.py:927} WARNING - No viable dags retrieved from /opt/airflow/dags/01_basic_bash.py
[2026-08-12T05:03:02.855+0000] {processor.py:208} INFO - Processing /opt/airflow/dags/01_basic_bash.py took 0.060 seconds
[2026-08-12T05:03:33.157+0000] {processor.py:186} INFO - Started process (PID=3830) to work on /opt/airflow/dags/01_basic_bash.py
[2026-08-12T05:03:33.158+0000] {processor.py:914} INFO - Processing file /opt/airflow/dags/01_basic_bash.py for tasks to queue
[2026-08-12T05:03:33.161+0000] {logging_mixin.py:190} INFO - [2026-08-12T05:03:33.161+0000] {dagbag.py:587} INFO - Filling up the DagBag from /opt/airflow/dags/01_basic_bash.py
[2026-08-12T05:03:33.175+0000] {logging_mixin.py:190} INFO - [2026-08-12T05:03:33.174+0000] {dagbag.py:386} ERROR - Failed to import: /opt/airflow/dags/01_basic_bash.py
Traceback (most recent call last):
  File "/home/airflow/.local/lib/python3.12/site-packages/airflow/models/dagbag.py", line 382, in parse
    loader.exec_module(new_module)
  File "<frozen importlib._bootstrap_external>", line 991, in exec_module
  File "<frozen importlib._bootstrap_external>", line 1129, in get_code
  File "<frozen importlib._bootstrap_external>", line 1059, in source_to_code
  File "<frozen importlib._bootstrap>", line 488, in _call_with_frames_removed
  File "/opt/airflow/dags/01_basic_bash.py", line 8
    - bash 오퍼레이터 테스트, DAG 인식, DAG 작동확인,DAG 기본구성
IndentationError: unexpected indent
[2026-08-12T05:03:33.176+0000] {processor.py:927} WARNING - No viable dags retrieved from /opt/airflow/dags/01_basic_bash.py
[2026-08-12T05:03:33.200+0000] {processor.py:208} INFO - Processing /opt/airflow/dags/01_basic_bash.py took 0.049 seconds
[2026-08-12T05:04:03.512+0000] {processor.py:186} INFO - Started process (PID=3893) to work on /opt/airflow/dags/01_basic_bash.py
[2026-08-12T05:04:03.514+0000] {processor.py:914} INFO - Processing file /opt/airflow/dags/01_basic_bash.py for tasks to queue
[2026-08-12T05:04:03.517+0000] {logging_mixin.py:190} INFO - [2026-08-12T05:04:03.517+0000] {dagbag.py:587} INFO - Filling up the DagBag from /opt/airflow/dags/01_basic_bash.py
[2026-08-12T05:04:03.530+0000] {logging_mixin.py:190} INFO - [2026-08-12T05:04:03.529+0000] {dagbag.py:386} ERROR - Failed to import: /opt/airflow/dags/01_basic_bash.py
Traceback (most recent call last):
  File "/home/airflow/.local/lib/python3.12/site-packages/airflow/models/dagbag.py", line 382, in parse
    loader.exec_module(new_module)
  File "<frozen importlib._bootstrap_external>", line 991, in exec_module
  File "<frozen importlib._bootstrap_external>", line 1129, in get_code
  File "<frozen importlib._bootstrap_external>", line 1059, in source_to_code
  File "<frozen importlib._bootstrap>", line 488, in _call_with_frames_removed
  File "/opt/airflow/dags/01_basic_bash.py", line 8
    - bash 오퍼레이터 테스트, DAG 인식, DAG 작동확인,DAG 기본구성
IndentationError: unexpected indent
[2026-08-12T05:04:03.531+0000] {processor.py:927} WARNING - No viable dags retrieved from /opt/airflow/dags/01_basic_bash.py
[2026-08-12T05:04:03.552+0000] {processor.py:208} INFO - Processing /opt/airflow/dags/01_basic_bash.py took 0.045 seconds
[2026-08-12T05:04:33.948+0000] {processor.py:186} INFO - Started process (PID=3956) to work on /opt/airflow/dags/01_basic_bash.py
[2026-08-12T05:04:33.949+0000] {processor.py:914} INFO - Processing file /opt/airflow/dags/01_basic_bash.py for tasks to queue
[2026-08-12T05:04:33.953+0000] {logging_mixin.py:190} INFO - [2026-08-12T05:04:33.953+0000] {dagbag.py:587} INFO - Filling up the DagBag from /opt/airflow/dags/01_basic_bash.py
[2026-08-12T05:04:33.967+0000] {logging_mixin.py:190} INFO - [2026-08-12T05:04:33.966+0000] {dagbag.py:386} ERROR - Failed to import: /opt/airflow/dags/01_basic_bash.py
Traceback (most recent call last):
  File "/home/airflow/.local/lib/python3.12/site-packages/airflow/models/dagbag.py", line 382, in parse
    loader.exec_module(new_module)
  File "<frozen importlib._bootstrap_external>", line 991, in exec_module
  File "<frozen importlib._bootstrap_external>", line 1129, in get_code
  File "<frozen importlib._bootstrap_external>", line 1059, in source_to_code
  File "<frozen importlib._bootstrap>", line 488, in _call_with_frames_removed
  File "/opt/airflow/dags/01_basic_bash.py", line 8
    - bash 오퍼레이터 테스트, DAG 인식, DAG 작동확인,DAG 기본구성
IndentationError: unexpected indent
[2026-08-12T05:04:33.968+0000] {processor.py:927} WARNING - No viable dags retrieved from /opt/airflow/dags/01_basic_bash.py
[2026-08-12T05:04:33.988+0000] {processor.py:208} INFO - Processing /opt/airflow/dags/01_basic_bash.py took 0.049 seconds
[2026-08-12T05:05:04.183+0000] {processor.py:186} INFO - Started process (PID=4019) to work on /opt/airflow/dags/01_basic_bash.py
[2026-08-12T05:05:04.184+0000] {processor.py:914} INFO - Processing file /opt/airflow/dags/01_basic_bash.py for tasks to queue
[2026-08-12T05:05:04.187+0000] {logging_mixin.py:190} INFO - [2026-08-12T05:05:04.186+0000] {dagbag.py:587} INFO - Filling up the DagBag from /opt/airflow/dags/01_basic_bash.py
[2026-08-12T05:05:04.199+0000] {logging_mixin.py:190} INFO - [2026-08-12T05:05:04.198+0000] {dagbag.py:386} ERROR - Failed to import: /opt/airflow/dags/01_basic_bash.py
Traceback (most recent call last):
  File "/home/airflow/.local/lib/python3.12/site-packages/airflow/models/dagbag.py", line 382, in parse
    loader.exec_module(new_module)
  File "<frozen importlib._bootstrap_external>", line 991, in exec_module
  File "<frozen importlib._bootstrap_external>", line 1129, in get_code
  File "<frozen importlib._bootstrap_external>", line 1059, in source_to_code
  File "<frozen importlib._bootstrap>", line 488, in _call_with_frames_removed
  File "/opt/airflow/dags/01_basic_bash.py", line 8
    - bash 오퍼레이터 테스트, DAG 인식, DAG 작동확인,DAG 기본구성
IndentationError: unexpected indent
[2026-08-12T05:05:04.201+0000] {processor.py:927} WARNING - No viable dags retrieved from /opt/airflow/dags/01_basic_bash.py
[2026-08-12T05:05:04.235+0000] {processor.py:208} INFO - Processing /opt/airflow/dags/01_basic_bash.py took 0.058 seconds
[2026-08-12T05:05:34.640+0000] {processor.py:186} INFO - Started process (PID=4082) to work on /opt/airflow/dags/01_basic_bash.py
[2026-08-12T05:05:34.641+0000] {processor.py:914} INFO - Processing file /opt/airflow/dags/01_basic_bash.py for tasks to queue
[2026-08-12T05:05:34.645+0000] {logging_mixin.py:190} INFO - [2026-08-12T05:05:34.644+0000] {dagbag.py:587} INFO - Filling up the DagBag from /opt/airflow/dags/01_basic_bash.py
[2026-08-12T05:05:34.659+0000] {logging_mixin.py:190} INFO - [2026-08-12T05:05:34.657+0000] {dagbag.py:386} ERROR - Failed to import: /opt/airflow/dags/01_basic_bash.py
Traceback (most recent call last):
  File "/home/airflow/.local/lib/python3.12/site-packages/airflow/models/dagbag.py", line 382, in parse
    loader.exec_module(new_module)
  File "<frozen importlib._bootstrap_external>", line 991, in exec_module
  File "<frozen importlib._bootstrap_external>", line 1129, in get_code
  File "<frozen importlib._bootstrap_external>", line 1059, in source_to_code
  File "<frozen importlib._bootstrap>", line 488, in _call_with_frames_removed
  File "/opt/airflow/dags/01_basic_bash.py", line 8
    - bash 오퍼레이터 테스트, DAG 인식, DAG 작동확인,DAG 기본구성
IndentationError: unexpected indent
[2026-08-12T05:05:34.660+0000] {processor.py:927} WARNING - No viable dags retrieved from /opt/airflow/dags/01_basic_bash.py
[2026-08-12T05:05:34.696+0000] {processor.py:208} INFO - Processing /opt/airflow/dags/01_basic_bash.py took 0.063 seconds
[2026-08-12T05:06:05.223+0000] {processor.py:186} INFO - Started process (PID=4145) to work on /opt/airflow/dags/01_basic_bash.py
[2026-08-12T05:06:05.225+0000] {processor.py:914} INFO - Processing file /opt/airflow/dags/01_basic_bash.py for tasks to queue
[2026-08-12T05:06:05.229+0000] {logging_mixin.py:190} INFO - [2026-08-12T05:06:05.229+0000] {dagbag.py:587} INFO - Filling up the DagBag from /opt/airflow/dags/01_basic_bash.py
[2026-08-12T05:06:05.255+0000] {logging_mixin.py:190} INFO - [2026-08-12T05:06:05.252+0000] {dagbag.py:386} ERROR - Failed to import: /opt/airflow/dags/01_basic_bash.py
Traceback (most recent call last):
  File "/home/airflow/.local/lib/python3.12/site-packages/airflow/models/dagbag.py", line 382, in parse
    loader.exec_module(new_module)
  File "<frozen importlib._bootstrap_external>", line 991, in exec_module
  File "<frozen importlib._bootstrap_external>", line 1129, in get_code
  File "<frozen importlib._bootstrap_external>", line 1059, in source_to_code
  File "<frozen importlib._bootstrap>", line 488, in _call_with_frames_removed
  File "/opt/airflow/dags/01_basic_bash.py", line 8
    - bash 오퍼레이터 테스트, DAG 인식, DAG 작동확인,DAG 기본구성
IndentationError: unexpected indent
[2026-08-12T05:06:05.256+0000] {processor.py:927} WARNING - No viable dags retrieved from /opt/airflow/dags/01_basic_bash.py
[2026-08-12T05:06:05.292+0000] {processor.py:208} INFO - Processing /opt/airflow/dags/01_basic_bash.py took 0.078 seconds
[2026-08-12T05:06:35.514+0000] {processor.py:186} INFO - Started process (PID=4208) to work on /opt/airflow/dags/01_basic_bash.py
[2026-08-12T05:06:35.515+0000] {processor.py:914} INFO - Processing file /opt/airflow/dags/01_basic_bash.py for tasks to queue
[2026-08-12T05:06:35.519+0000] {logging_mixin.py:190} INFO - [2026-08-12T05:06:35.519+0000] {dagbag.py:587} INFO - Filling up the DagBag from /opt/airflow/dags/01_basic_bash.py
[2026-08-12T05:06:35.537+0000] {logging_mixin.py:190} INFO - [2026-08-12T05:06:35.536+0000] {dagbag.py:386} ERROR - Failed to import: /opt/airflow/dags/01_basic_bash.py
Traceback (most recent call last):
  File "/home/airflow/.local/lib/python3.12/site-packages/airflow/models/dagbag.py", line 382, in parse
    loader.exec_module(new_module)
  File "<frozen importlib._bootstrap_external>", line 991, in exec_module
  File "<frozen importlib._bootstrap_external>", line 1129, in get_code
  File "<frozen importlib._bootstrap_external>", line 1059, in source_to_code
  File "<frozen importlib._bootstrap>", line 488, in _call_with_frames_removed
  File "/opt/airflow/dags/01_basic_bash.py", line 8
    - bash 오퍼레이터 테스트, DAG 인식, DAG 작동확인,DAG 기본구성
IndentationError: unexpected indent
[2026-08-12T05:06:35.539+0000] {processor.py:927} WARNING - No viable dags retrieved from /opt/airflow/dags/01_basic_bash.py
[2026-08-12T05:06:35.564+0000] {processor.py:208} INFO - Processing /opt/airflow/dags/01_basic_bash.py took 0.056 seconds
[2026-08-12T05:07:05.617+0000] {processor.py:186} INFO - Started process (PID=4271) to work on /opt/airflow/dags/01_basic_bash.py
[2026-08-12T05:07:05.619+0000] {processor.py:914} INFO - Processing file /opt/airflow/dags/01_basic_bash.py for tasks to queue
[2026-08-12T05:07:05.622+0000] {logging_mixin.py:190} INFO - [2026-08-12T05:07:05.621+0000] {dagbag.py:587} INFO - Filling up the DagBag from /opt/airflow/dags/01_basic_bash.py
[2026-08-12T05:07:05.639+0000] {logging_mixin.py:190} INFO - [2026-08-12T05:07:05.638+0000] {dagbag.py:386} ERROR - Failed to import: /opt/airflow/dags/01_basic_bash.py
Traceback (most recent call last):
  File "/home/airflow/.local/lib/python3.12/site-packages/airflow/models/dagbag.py", line 382, in parse
    loader.exec_module(new_module)
  File "<frozen importlib._bootstrap_external>", line 991, in exec_module
  File "<frozen importlib._bootstrap_external>", line 1129, in get_code
  File "<frozen importlib._bootstrap_external>", line 1059, in source_to_code
  File "<frozen importlib._bootstrap>", line 488, in _call_with_frames_removed
  File "/opt/airflow/dags/01_basic_bash.py", line 8
    - bash 오퍼레이터 테스트, DAG 인식, DAG 작동확인,DAG 기본구성
IndentationError: unexpected indent
[2026-08-12T05:07:05.640+0000] {processor.py:927} WARNING - No viable dags retrieved from /opt/airflow/dags/01_basic_bash.py
[2026-08-12T05:07:05.659+0000] {processor.py:208} INFO - Processing /opt/airflow/dags/01_basic_bash.py took 0.048 seconds
[2026-08-12T05:07:32.381+0000] {processor.py:186} INFO - Started process (PID=4320) to work on /opt/airflow/dags/01_basic_bash.py
[2026-08-12T05:07:32.383+0000] {processor.py:914} INFO - Processing file /opt/airflow/dags/01_basic_bash.py for tasks to queue
[2026-08-12T05:07:32.386+0000] {logging_mixin.py:190} INFO - [2026-08-12T05:07:32.386+0000] {dagbag.py:587} INFO - Filling up the DagBag from /opt/airflow/dags/01_basic_bash.py
[2026-08-12T05:07:32.405+0000] {processor.py:927} WARNING - No viable dags retrieved from /opt/airflow/dags/01_basic_bash.py
[2026-08-12T05:07:32.421+0000] {processor.py:208} INFO - Processing /opt/airflow/dags/01_basic_bash.py took 0.047 seconds
[2026-08-12T05:08:02.801+0000] {processor.py:186} INFO - Started process (PID=4383) to work on /opt/airflow/dags/01_basic_bash.py
[2026-08-12T05:08:02.803+0000] {processor.py:914} INFO - Processing file /opt/airflow/dags/01_basic_bash.py for tasks to queue
[2026-08-12T05:08:02.808+0000] {logging_mixin.py:190} INFO - [2026-08-12T05:08:02.808+0000] {dagbag.py:587} INFO - Filling up the DagBag from /opt/airflow/dags/01_basic_bash.py
[2026-08-12T05:08:02.829+0000] {processor.py:927} WARNING - No viable dags retrieved from /opt/airflow/dags/01_basic_bash.py
[2026-08-12T05:08:02.850+0000] {processor.py:208} INFO - Processing /opt/airflow/dags/01_basic_bash.py took 0.062 seconds
[2026-08-12T05:08:33.535+0000] {processor.py:186} INFO - Started process (PID=4446) to work on /opt/airflow/dags/01_basic_bash.py
[2026-08-12T05:08:33.537+0000] {processor.py:914} INFO - Processing file /opt/airflow/dags/01_basic_bash.py for tasks to queue
[2026-08-12T05:08:33.541+0000] {logging_mixin.py:190} INFO - [2026-08-12T05:08:33.540+0000] {dagbag.py:587} INFO - Filling up the DagBag from /opt/airflow/dags/01_basic_bash.py
[2026-08-12T05:08:33.571+0000] {processor.py:927} WARNING - No viable dags retrieved from /opt/airflow/dags/01_basic_bash.py
[2026-08-12T05:08:33.590+0000] {processor.py:208} INFO - Processing /opt/airflow/dags/01_basic_bash.py took 0.062 seconds
[2026-08-12T05:09:04.265+0000] {processor.py:186} INFO - Started process (PID=4509) to work on /opt/airflow/dags/01_basic_bash.py
[2026-08-12T05:09:04.267+0000] {processor.py:914} INFO - Processing file /opt/airflow/dags/01_basic_bash.py for tasks to queue
[2026-08-12T05:09:04.270+0000] {logging_mixin.py:190} INFO - [2026-08-12T05:09:04.270+0000] {dagbag.py:587} INFO - Filling up the DagBag from /opt/airflow/dags/01_basic_bash.py
[2026-08-12T05:09:04.282+0000] {processor.py:927} WARNING - No viable dags retrieved from /opt/airflow/dags/01_basic_bash.py
[2026-08-12T05:09:04.298+0000] {processor.py:208} INFO - Processing /opt/airflow/dags/01_basic_bash.py took 0.039 seconds
[2026-08-12T05:09:34.712+0000] {processor.py:186} INFO - Started process (PID=4572) to work on /opt/airflow/dags/01_basic_bash.py
[2026-08-12T05:09:34.714+0000] {processor.py:914} INFO - Processing file /opt/airflow/dags/01_basic_bash.py for tasks to queue
[2026-08-12T05:09:34.718+0000] {logging_mixin.py:190} INFO - [2026-08-12T05:09:34.718+0000] {dagbag.py:587} INFO - Filling up the DagBag from /opt/airflow/dags/01_basic_bash.py
[2026-08-12T05:09:34.730+0000] {processor.py:927} WARNING - No viable dags retrieved from /opt/airflow/dags/01_basic_bash.py
[2026-08-12T05:09:34.745+0000] {processor.py:208} INFO - Processing /opt/airflow/dags/01_basic_bash.py took 0.038 seconds
[2026-08-12T05:10:05.344+0000] {processor.py:186} INFO - Started process (PID=4636) to work on /opt/airflow/dags/01_basic_bash.py
[2026-08-12T05:10:05.345+0000] {processor.py:914} INFO - Processing file /opt/airflow/dags/01_basic_bash.py for tasks to queue
[2026-08-12T05:10:05.348+0000] {logging_mixin.py:190} INFO - [2026-08-12T05:10:05.348+0000] {dagbag.py:587} INFO - Filling up the DagBag from /opt/airflow/dags/01_basic_bash.py
[2026-08-12T05:10:05.360+0000] {processor.py:927} WARNING - No viable dags retrieved from /opt/airflow/dags/01_basic_bash.py
[2026-08-12T05:10:05.373+0000] {processor.py:208} INFO - Processing /opt/airflow/dags/01_basic_bash.py took 0.035 seconds
