[2026-08-12T04:30:31.708+0000] {processor.py:186} INFO - Started process (PID=65) to work on /home/airflow/.local/lib/python3.12/site-packages/airflow/example_dags/example_subdag_operator.py
[2026-08-12T04:30:31.711+0000] {processor.py:914} INFO - Processing file /home/airflow/.local/lib/python3.12/site-packages/airflow/example_dags/example_subdag_operator.py for tasks to queue
[2026-08-12T04:30:31.718+0000] {logging_mixin.py:190} INFO - [2026-08-12T04:30:31.718+0000] {dagbag.py:587} INFO - Filling up the DagBag from /home/airflow/.local/lib/python3.12/site-packages/airflow/example_dags/example_subdag_operator.py
[2026-08-12T04:30:31.784+0000] {processor.py:925} INFO - DAG(s) 'example_subdag_operator.section-1', 'example_subdag_operator.section-2', 'example_subdag_operator' retrieved from /home/airflow/.local/lib/python3.12/site-packages/airflow/example_dags/example_subdag_operator.py
[2026-08-12T04:30:31.926+0000] {logging_mixin.py:190} INFO - [2026-08-12T04:30:31.925+0000] {override.py:1858} INFO - Created Permission View: can edit on DAG:example_subdag_operator
[2026-08-12T04:30:31.940+0000] {logging_mixin.py:190} INFO - [2026-08-12T04:30:31.939+0000] {override.py:1858} INFO - Created Permission View: can delete on DAG:example_subdag_operator
[2026-08-12T04:30:31.949+0000] {logging_mixin.py:190} INFO - [2026-08-12T04:30:31.949+0000] {override.py:1858} INFO - Created Permission View: can read on DAG:example_subdag_operator
[2026-08-12T04:30:31.951+0000] {logging_mixin.py:190} INFO - [2026-08-12T04:30:31.950+0000] {dag.py:3211} INFO - Sync 3 DAGs
[2026-08-12T04:30:31.968+0000] {logging_mixin.py:190} INFO - [2026-08-12T04:30:31.968+0000] {dag.py:3234} INFO - Creating ORM DAG for example_subdag_operator.section-1
[2026-08-12T04:30:31.970+0000] {logging_mixin.py:190} INFO - [2026-08-12T04:30:31.970+0000] {dag.py:3234} INFO - Creating ORM DAG for example_subdag_operator.section-2
[2026-08-12T04:30:31.972+0000] {logging_mixin.py:190} INFO - [2026-08-12T04:30:31.972+0000] {dag.py:3234} INFO - Creating ORM DAG for example_subdag_operator
[2026-08-12T04:30:31.988+0000] {logging_mixin.py:190} INFO - [2026-08-12T04:30:31.988+0000] {dag.py:4138} INFO - Setting next_dagrun for example_subdag_operator to 2022-01-01 00:00:00+00:00, run_after=2022-01-01 00:00:00+00:00
[2026-08-12T04:30:31.990+0000] {logging_mixin.py:190} INFO - [2026-08-12T04:30:31.990+0000] {dag.py:4138} INFO - Setting next_dagrun for example_subdag_operator.section-1 to None, run_after=None
[2026-08-12T04:30:31.991+0000] {logging_mixin.py:190} INFO - [2026-08-12T04:30:31.991+0000] {dag.py:4138} INFO - Setting next_dagrun for example_subdag_operator.section-2 to None, run_after=None
[2026-08-12T04:30:32.005+0000] {logging_mixin.py:190} INFO - [2026-08-12T04:30:32.004+0000] {dag.py:3211} INFO - Sync 2 DAGs
[2026-08-12T04:30:32.012+0000] {logging_mixin.py:190} INFO - [2026-08-12T04:30:32.012+0000] {dag.py:4138} INFO - Setting next_dagrun for example_subdag_operator.section-1 to None, run_after=None
[2026-08-12T04:30:32.017+0000] {logging_mixin.py:190} INFO - [2026-08-12T04:30:32.017+0000] {dag.py:4138} INFO - Setting next_dagrun for example_subdag_operator.section-2 to None, run_after=None
[2026-08-12T04:30:32.034+0000] {processor.py:208} INFO - Processing /home/airflow/.local/lib/python3.12/site-packages/airflow/example_dags/example_subdag_operator.py took 0.343 seconds
[2026-08-12T04:31:02.079+0000] {processor.py:186} INFO - Started process (PID=127) to work on /home/airflow/.local/lib/python3.12/site-packages/airflow/example_dags/example_subdag_operator.py
[2026-08-12T04:31:02.080+0000] {processor.py:914} INFO - Processing file /home/airflow/.local/lib/python3.12/site-packages/airflow/example_dags/example_subdag_operator.py for tasks to queue
[2026-08-12T04:31:02.083+0000] {logging_mixin.py:190} INFO - [2026-08-12T04:31:02.083+0000] {dagbag.py:587} INFO - Filling up the DagBag from /home/airflow/.local/lib/python3.12/site-packages/airflow/example_dags/example_subdag_operator.py
[2026-08-12T04:31:02.120+0000] {processor.py:925} INFO - DAG(s) 'example_subdag_operator.section-1', 'example_subdag_operator.section-2', 'example_subdag_operator' retrieved from /home/airflow/.local/lib/python3.12/site-packages/airflow/example_dags/example_subdag_operator.py
[2026-08-12T04:31:02.140+0000] {logging_mixin.py:190} INFO - [2026-08-12T04:31:02.140+0000] {dag.py:3211} INFO - Sync 3 DAGs
[2026-08-12T04:31:02.163+0000] {logging_mixin.py:190} INFO - [2026-08-12T04:31:02.163+0000] {dag.py:4138} INFO - Setting next_dagrun for example_subdag_operator to 2022-01-01 00:00:00+00:00, run_after=2022-01-01 00:00:00+00:00
[2026-08-12T04:31:02.169+0000] {logging_mixin.py:190} INFO - [2026-08-12T04:31:02.169+0000] {dag.py:4138} INFO - Setting next_dagrun for example_subdag_operator.section-1 to None, run_after=None
[2026-08-12T04:31:02.172+0000] {logging_mixin.py:190} INFO - [2026-08-12T04:31:02.172+0000] {dag.py:4138} INFO - Setting next_dagrun for example_subdag_operator.section-2 to None, run_after=None
[2026-08-12T04:31:02.181+0000] {logging_mixin.py:190} INFO - [2026-08-12T04:31:02.181+0000] {dag.py:3211} INFO - Sync 2 DAGs
[2026-08-12T04:31:02.189+0000] {logging_mixin.py:190} INFO - [2026-08-12T04:31:02.188+0000] {dag.py:4138} INFO - Setting next_dagrun for example_subdag_operator.section-1 to None, run_after=None
[2026-08-12T04:31:02.190+0000] {logging_mixin.py:190} INFO - [2026-08-12T04:31:02.190+0000] {dag.py:4138} INFO - Setting next_dagrun for example_subdag_operator.section-2 to None, run_after=None
[2026-08-12T04:31:02.203+0000] {processor.py:208} INFO - Processing /home/airflow/.local/lib/python3.12/site-packages/airflow/example_dags/example_subdag_operator.py took 0.129 seconds
[2026-08-12T04:31:32.932+0000] {processor.py:186} INFO - Started process (PID=189) to work on /home/airflow/.local/lib/python3.12/site-packages/airflow/example_dags/example_subdag_operator.py
[2026-08-12T04:31:32.934+0000] {processor.py:914} INFO - Processing file /home/airflow/.local/lib/python3.12/site-packages/airflow/example_dags/example_subdag_operator.py for tasks to queue
[2026-08-12T04:31:32.938+0000] {logging_mixin.py:190} INFO - [2026-08-12T04:31:32.938+0000] {dagbag.py:587} INFO - Filling up the DagBag from /home/airflow/.local/lib/python3.12/site-packages/airflow/example_dags/example_subdag_operator.py
[2026-08-12T04:31:32.969+0000] {processor.py:925} INFO - DAG(s) 'example_subdag_operator.section-1', 'example_subdag_operator.section-2', 'example_subdag_operator' retrieved from /home/airflow/.local/lib/python3.12/site-packages/airflow/example_dags/example_subdag_operator.py
[2026-08-12T04:31:32.992+0000] {logging_mixin.py:190} INFO - [2026-08-12T04:31:32.992+0000] {dag.py:3211} INFO - Sync 3 DAGs
[2026-08-12T04:31:33.024+0000] {logging_mixin.py:190} INFO - [2026-08-12T04:31:33.023+0000] {dag.py:4138} INFO - Setting next_dagrun for example_subdag_operator to 2022-01-01 00:00:00+00:00, run_after=2022-01-01 00:00:00+00:00
[2026-08-12T04:31:33.032+0000] {logging_mixin.py:190} INFO - [2026-08-12T04:31:33.031+0000] {dag.py:4138} INFO - Setting next_dagrun for example_subdag_operator.section-1 to None, run_after=None
[2026-08-12T04:31:33.035+0000] {logging_mixin.py:190} INFO - [2026-08-12T04:31:33.034+0000] {dag.py:4138} INFO - Setting next_dagrun for example_subdag_operator.section-2 to None, run_after=None
[2026-08-12T04:31:33.048+0000] {logging_mixin.py:190} INFO - [2026-08-12T04:31:33.048+0000] {dag.py:3211} INFO - Sync 2 DAGs
[2026-08-12T04:31:33.061+0000] {logging_mixin.py:190} INFO - [2026-08-12T04:31:33.060+0000] {dag.py:4138} INFO - Setting next_dagrun for example_subdag_operator.section-1 to None, run_after=None
[2026-08-12T04:31:33.063+0000] {logging_mixin.py:190} INFO - [2026-08-12T04:31:33.063+0000] {dag.py:4138} INFO - Setting next_dagrun for example_subdag_operator.section-2 to None, run_after=None
[2026-08-12T04:31:33.087+0000] {processor.py:208} INFO - Processing /home/airflow/.local/lib/python3.12/site-packages/airflow/example_dags/example_subdag_operator.py took 0.167 seconds
[2026-08-12T04:32:03.550+0000] {processor.py:186} INFO - Started process (PID=258) to work on /home/airflow/.local/lib/python3.12/site-packages/airflow/example_dags/example_subdag_operator.py
[2026-08-12T04:32:03.552+0000] {processor.py:914} INFO - Processing file /home/airflow/.local/lib/python3.12/site-packages/airflow/example_dags/example_subdag_operator.py for tasks to queue
[2026-08-12T04:32:03.555+0000] {logging_mixin.py:190} INFO - [2026-08-12T04:32:03.555+0000] {dagbag.py:587} INFO - Filling up the DagBag from /home/airflow/.local/lib/python3.12/site-packages/airflow/example_dags/example_subdag_operator.py
[2026-08-12T04:32:03.585+0000] {processor.py:925} INFO - DAG(s) 'example_subdag_operator.section-1', 'example_subdag_operator.section-2', 'example_subdag_operator' retrieved from /home/airflow/.local/lib/python3.12/site-packages/airflow/example_dags/example_subdag_operator.py
[2026-08-12T04:32:03.601+0000] {logging_mixin.py:190} INFO - [2026-08-12T04:32:03.600+0000] {dag.py:3211} INFO - Sync 3 DAGs
[2026-08-12T04:32:03.622+0000] {logging_mixin.py:190} INFO - [2026-08-12T04:32:03.622+0000] {dag.py:4138} INFO - Setting next_dagrun for example_subdag_operator to 2022-01-01 00:00:00+00:00, run_after=2022-01-01 00:00:00+00:00
[2026-08-12T04:32:03.627+0000] {logging_mixin.py:190} INFO - [2026-08-12T04:32:03.627+0000] {dag.py:4138} INFO - Setting next_dagrun for example_subdag_operator.section-1 to None, run_after=None
[2026-08-12T04:32:03.630+0000] {logging_mixin.py:190} INFO - [2026-08-12T04:32:03.630+0000] {dag.py:4138} INFO - Setting next_dagrun for example_subdag_operator.section-2 to None, run_after=None
[2026-08-12T04:32:03.639+0000] {logging_mixin.py:190} INFO - [2026-08-12T04:32:03.639+0000] {dag.py:3211} INFO - Sync 2 DAGs
[2026-08-12T04:32:03.646+0000] {logging_mixin.py:190} INFO - [2026-08-12T04:32:03.646+0000] {dag.py:4138} INFO - Setting next_dagrun for example_subdag_operator.section-1 to None, run_after=None
[2026-08-12T04:32:03.648+0000] {logging_mixin.py:190} INFO - [2026-08-12T04:32:03.648+0000] {dag.py:4138} INFO - Setting next_dagrun for example_subdag_operator.section-2 to None, run_after=None
[2026-08-12T04:32:03.660+0000] {processor.py:208} INFO - Processing /home/airflow/.local/lib/python3.12/site-packages/airflow/example_dags/example_subdag_operator.py took 0.116 seconds
[2026-08-12T04:32:52.276+0000] {processor.py:186} INFO - Started process (PID=55) to work on /home/airflow/.local/lib/python3.12/site-packages/airflow/example_dags/example_subdag_operator.py
[2026-08-12T04:32:52.278+0000] {processor.py:914} INFO - Processing file /home/airflow/.local/lib/python3.12/site-packages/airflow/example_dags/example_subdag_operator.py for tasks to queue
[2026-08-12T04:32:52.283+0000] {logging_mixin.py:190} INFO - [2026-08-12T04:32:52.282+0000] {dagbag.py:587} INFO - Filling up the DagBag from /home/airflow/.local/lib/python3.12/site-packages/airflow/example_dags/example_subdag_operator.py
[2026-08-12T04:32:52.339+0000] {processor.py:925} INFO - DAG(s) 'example_subdag_operator.section-1', 'example_subdag_operator.section-2', 'example_subdag_operator' retrieved from /home/airflow/.local/lib/python3.12/site-packages/airflow/example_dags/example_subdag_operator.py
[2026-08-12T04:32:52.386+0000] {logging_mixin.py:190} INFO - [2026-08-12T04:32:52.385+0000] {dag.py:3211} INFO - Sync 3 DAGs
[2026-08-12T04:32:52.429+0000] {logging_mixin.py:190} INFO - [2026-08-12T04:32:52.428+0000] {dag.py:4138} INFO - Setting next_dagrun for example_subdag_operator to 2022-01-01 00:00:00+00:00, run_after=2022-01-01 00:00:00+00:00
[2026-08-12T04:32:52.435+0000] {logging_mixin.py:190} INFO - [2026-08-12T04:32:52.435+0000] {dag.py:4138} INFO - Setting next_dagrun for example_subdag_operator.section-1 to None, run_after=None
[2026-08-12T04:32:52.439+0000] {logging_mixin.py:190} INFO - [2026-08-12T04:32:52.438+0000] {dag.py:4138} INFO - Setting next_dagrun for example_subdag_operator.section-2 to None, run_after=None
[2026-08-12T04:32:52.451+0000] {logging_mixin.py:190} INFO - [2026-08-12T04:32:52.451+0000] {dag.py:3211} INFO - Sync 2 DAGs
[2026-08-12T04:32:52.461+0000] {logging_mixin.py:190} INFO - [2026-08-12T04:32:52.461+0000] {dag.py:4138} INFO - Setting next_dagrun for example_subdag_operator.section-1 to None, run_after=None
[2026-08-12T04:32:52.463+0000] {logging_mixin.py:190} INFO - [2026-08-12T04:32:52.462+0000] {dag.py:4138} INFO - Setting next_dagrun for example_subdag_operator.section-2 to None, run_after=None
[2026-08-12T04:32:52.480+0000] {processor.py:208} INFO - Processing /home/airflow/.local/lib/python3.12/site-packages/airflow/example_dags/example_subdag_operator.py took 0.212 seconds
[2026-08-12T04:33:23.175+0000] {processor.py:186} INFO - Started process (PID=118) to work on /home/airflow/.local/lib/python3.12/site-packages/airflow/example_dags/example_subdag_operator.py
[2026-08-12T04:33:23.190+0000] {processor.py:914} INFO - Processing file /home/airflow/.local/lib/python3.12/site-packages/airflow/example_dags/example_subdag_operator.py for tasks to queue
[2026-08-12T04:33:23.194+0000] {logging_mixin.py:190} INFO - [2026-08-12T04:33:23.193+0000] {dagbag.py:587} INFO - Filling up the DagBag from /home/airflow/.local/lib/python3.12/site-packages/airflow/example_dags/example_subdag_operator.py
[2026-08-12T04:33:23.231+0000] {processor.py:925} INFO - DAG(s) 'example_subdag_operator.section-1', 'example_subdag_operator.section-2', 'example_subdag_operator' retrieved from /home/airflow/.local/lib/python3.12/site-packages/airflow/example_dags/example_subdag_operator.py
[2026-08-12T04:33:23.247+0000] {logging_mixin.py:190} INFO - [2026-08-12T04:33:23.247+0000] {dag.py:3211} INFO - Sync 3 DAGs
[2026-08-12T04:33:23.268+0000] {logging_mixin.py:190} INFO - [2026-08-12T04:33:23.268+0000] {dag.py:4138} INFO - Setting next_dagrun for example_subdag_operator to 2022-01-01 00:00:00+00:00, run_after=2022-01-01 00:00:00+00:00
[2026-08-12T04:33:23.273+0000] {logging_mixin.py:190} INFO - [2026-08-12T04:33:23.273+0000] {dag.py:4138} INFO - Setting next_dagrun for example_subdag_operator.section-1 to None, run_after=None
[2026-08-12T04:33:23.276+0000] {logging_mixin.py:190} INFO - [2026-08-12T04:33:23.276+0000] {dag.py:4138} INFO - Setting next_dagrun for example_subdag_operator.section-2 to None, run_after=None
[2026-08-12T04:33:23.283+0000] {logging_mixin.py:190} INFO - [2026-08-12T04:33:23.283+0000] {dag.py:3211} INFO - Sync 2 DAGs
[2026-08-12T04:33:23.290+0000] {logging_mixin.py:190} INFO - [2026-08-12T04:33:23.289+0000] {dag.py:4138} INFO - Setting next_dagrun for example_subdag_operator.section-1 to None, run_after=None
[2026-08-12T04:33:23.291+0000] {logging_mixin.py:190} INFO - [2026-08-12T04:33:23.291+0000] {dag.py:4138} INFO - Setting next_dagrun for example_subdag_operator.section-2 to None, run_after=None
[2026-08-12T04:33:23.303+0000] {processor.py:208} INFO - Processing /home/airflow/.local/lib/python3.12/site-packages/airflow/example_dags/example_subdag_operator.py took 0.133 seconds
[2026-08-12T04:33:54.034+0000] {processor.py:186} INFO - Started process (PID=186) to work on /home/airflow/.local/lib/python3.12/site-packages/airflow/example_dags/example_subdag_operator.py
[2026-08-12T04:33:54.035+0000] {processor.py:914} INFO - Processing file /home/airflow/.local/lib/python3.12/site-packages/airflow/example_dags/example_subdag_operator.py for tasks to queue
[2026-08-12T04:33:54.039+0000] {logging_mixin.py:190} INFO - [2026-08-12T04:33:54.038+0000] {dagbag.py:587} INFO - Filling up the DagBag from /home/airflow/.local/lib/python3.12/site-packages/airflow/example_dags/example_subdag_operator.py
[2026-08-12T04:33:54.066+0000] {processor.py:925} INFO - DAG(s) 'example_subdag_operator.section-1', 'example_subdag_operator.section-2', 'example_subdag_operator' retrieved from /home/airflow/.local/lib/python3.12/site-packages/airflow/example_dags/example_subdag_operator.py
[2026-08-12T04:33:54.082+0000] {logging_mixin.py:190} INFO - [2026-08-12T04:33:54.082+0000] {dag.py:3211} INFO - Sync 3 DAGs
[2026-08-12T04:33:54.105+0000] {logging_mixin.py:190} INFO - [2026-08-12T04:33:54.105+0000] {dag.py:4138} INFO - Setting next_dagrun for example_subdag_operator to 2022-01-01 00:00:00+00:00, run_after=2022-01-01 00:00:00+00:00
[2026-08-12T04:33:54.110+0000] {logging_mixin.py:190} INFO - [2026-08-12T04:33:54.110+0000] {dag.py:4138} INFO - Setting next_dagrun for example_subdag_operator.section-1 to None, run_after=None
[2026-08-12T04:33:54.125+0000] {logging_mixin.py:190} INFO - [2026-08-12T04:33:54.124+0000] {dag.py:4138} INFO - Setting next_dagrun for example_subdag_operator.section-2 to None, run_after=None
[2026-08-12T04:33:54.134+0000] {logging_mixin.py:190} INFO - [2026-08-12T04:33:54.134+0000] {dag.py:3211} INFO - Sync 2 DAGs
[2026-08-12T04:33:54.140+0000] {logging_mixin.py:190} INFO - [2026-08-12T04:33:54.140+0000] {dag.py:4138} INFO - Setting next_dagrun for example_subdag_operator.section-1 to None, run_after=None
[2026-08-12T04:33:54.141+0000] {logging_mixin.py:190} INFO - [2026-08-12T04:33:54.141+0000] {dag.py:4138} INFO - Setting next_dagrun for example_subdag_operator.section-2 to None, run_after=None
[2026-08-12T04:33:54.153+0000] {processor.py:208} INFO - Processing /home/airflow/.local/lib/python3.12/site-packages/airflow/example_dags/example_subdag_operator.py took 0.128 seconds
[2026-08-12T04:34:24.455+0000] {processor.py:186} INFO - Started process (PID=248) to work on /home/airflow/.local/lib/python3.12/site-packages/airflow/example_dags/example_subdag_operator.py
[2026-08-12T04:34:24.457+0000] {processor.py:914} INFO - Processing file /home/airflow/.local/lib/python3.12/site-packages/airflow/example_dags/example_subdag_operator.py for tasks to queue
[2026-08-12T04:34:24.460+0000] {logging_mixin.py:190} INFO - [2026-08-12T04:34:24.460+0000] {dagbag.py:587} INFO - Filling up the DagBag from /home/airflow/.local/lib/python3.12/site-packages/airflow/example_dags/example_subdag_operator.py
[2026-08-12T04:34:24.486+0000] {processor.py:925} INFO - DAG(s) 'example_subdag_operator.section-1', 'example_subdag_operator.section-2', 'example_subdag_operator' retrieved from /home/airflow/.local/lib/python3.12/site-packages/airflow/example_dags/example_subdag_operator.py
[2026-08-12T04:34:24.501+0000] {logging_mixin.py:190} INFO - [2026-08-12T04:34:24.501+0000] {dag.py:3211} INFO - Sync 3 DAGs
[2026-08-12T04:34:24.538+0000] {logging_mixin.py:190} INFO - [2026-08-12T04:34:24.538+0000] {dag.py:4138} INFO - Setting next_dagrun for example_subdag_operator to 2022-01-01 00:00:00+00:00, run_after=2022-01-01 00:00:00+00:00
[2026-08-12T04:34:24.544+0000] {logging_mixin.py:190} INFO - [2026-08-12T04:34:24.544+0000] {dag.py:4138} INFO - Setting next_dagrun for example_subdag_operator.section-1 to None, run_after=None
[2026-08-12T04:34:24.547+0000] {logging_mixin.py:190} INFO - [2026-08-12T04:34:24.547+0000] {dag.py:4138} INFO - Setting next_dagrun for example_subdag_operator.section-2 to None, run_after=None
[2026-08-12T04:34:24.556+0000] {logging_mixin.py:190} INFO - [2026-08-12T04:34:24.555+0000] {dag.py:3211} INFO - Sync 2 DAGs
[2026-08-12T04:34:24.562+0000] {logging_mixin.py:190} INFO - [2026-08-12T04:34:24.562+0000] {dag.py:4138} INFO - Setting next_dagrun for example_subdag_operator.section-1 to None, run_after=None
[2026-08-12T04:34:24.563+0000] {logging_mixin.py:190} INFO - [2026-08-12T04:34:24.563+0000] {dag.py:4138} INFO - Setting next_dagrun for example_subdag_operator.section-2 to None, run_after=None
[2026-08-12T04:34:24.575+0000] {processor.py:208} INFO - Processing /home/airflow/.local/lib/python3.12/site-packages/airflow/example_dags/example_subdag_operator.py took 0.125 seconds
[2026-08-12T04:34:55.158+0000] {processor.py:186} INFO - Started process (PID=310) to work on /home/airflow/.local/lib/python3.12/site-packages/airflow/example_dags/example_subdag_operator.py
[2026-08-12T04:34:55.160+0000] {processor.py:914} INFO - Processing file /home/airflow/.local/lib/python3.12/site-packages/airflow/example_dags/example_subdag_operator.py for tasks to queue
[2026-08-12T04:34:55.164+0000] {logging_mixin.py:190} INFO - [2026-08-12T04:34:55.163+0000] {dagbag.py:587} INFO - Filling up the DagBag from /home/airflow/.local/lib/python3.12/site-packages/airflow/example_dags/example_subdag_operator.py
[2026-08-12T04:34:55.200+0000] {processor.py:925} INFO - DAG(s) 'example_subdag_operator.section-1', 'example_subdag_operator.section-2', 'example_subdag_operator' retrieved from /home/airflow/.local/lib/python3.12/site-packages/airflow/example_dags/example_subdag_operator.py
[2026-08-12T04:34:55.255+0000] {logging_mixin.py:190} INFO - [2026-08-12T04:34:55.255+0000] {dag.py:3211} INFO - Sync 3 DAGs
[2026-08-12T04:34:55.292+0000] {logging_mixin.py:190} INFO - [2026-08-12T04:34:55.292+0000] {dag.py:4138} INFO - Setting next_dagrun for example_subdag_operator to 2022-01-01 00:00:00+00:00, run_after=2022-01-01 00:00:00+00:00
[2026-08-12T04:34:55.299+0000] {logging_mixin.py:190} INFO - [2026-08-12T04:34:55.299+0000] {dag.py:4138} INFO - Setting next_dagrun for example_subdag_operator.section-1 to None, run_after=None
[2026-08-12T04:34:55.302+0000] {logging_mixin.py:190} INFO - [2026-08-12T04:34:55.302+0000] {dag.py:4138} INFO - Setting next_dagrun for example_subdag_operator.section-2 to None, run_after=None
[2026-08-12T04:34:55.311+0000] {logging_mixin.py:190} INFO - [2026-08-12T04:34:55.311+0000] {dag.py:3211} INFO - Sync 2 DAGs
[2026-08-12T04:34:55.332+0000] {logging_mixin.py:190} INFO - [2026-08-12T04:34:55.332+0000] {dag.py:4138} INFO - Setting next_dagrun for example_subdag_operator.section-1 to None, run_after=None
[2026-08-12T04:34:55.333+0000] {logging_mixin.py:190} INFO - [2026-08-12T04:34:55.333+0000] {dag.py:4138} INFO - Setting next_dagrun for example_subdag_operator.section-2 to None, run_after=None
[2026-08-12T04:34:55.370+0000] {processor.py:208} INFO - Processing /home/airflow/.local/lib/python3.12/site-packages/airflow/example_dags/example_subdag_operator.py took 0.217 seconds
[2026-08-12T04:35:25.581+0000] {processor.py:186} INFO - Started process (PID=372) to work on /home/airflow/.local/lib/python3.12/site-packages/airflow/example_dags/example_subdag_operator.py
[2026-08-12T04:35:25.583+0000] {processor.py:914} INFO - Processing file /home/airflow/.local/lib/python3.12/site-packages/airflow/example_dags/example_subdag_operator.py for tasks to queue
[2026-08-12T04:35:25.586+0000] {logging_mixin.py:190} INFO - [2026-08-12T04:35:25.586+0000] {dagbag.py:587} INFO - Filling up the DagBag from /home/airflow/.local/lib/python3.12/site-packages/airflow/example_dags/example_subdag_operator.py
[2026-08-12T04:35:25.616+0000] {processor.py:925} INFO - DAG(s) 'example_subdag_operator.section-1', 'example_subdag_operator.section-2', 'example_subdag_operator' retrieved from /home/airflow/.local/lib/python3.12/site-packages/airflow/example_dags/example_subdag_operator.py
[2026-08-12T04:35:25.632+0000] {logging_mixin.py:190} INFO - [2026-08-12T04:35:25.632+0000] {dag.py:3211} INFO - Sync 3 DAGs
[2026-08-12T04:35:25.654+0000] {logging_mixin.py:190} INFO - [2026-08-12T04:35:25.654+0000] {dag.py:4138} INFO - Setting next_dagrun for example_subdag_operator to 2022-01-01 00:00:00+00:00, run_after=2022-01-01 00:00:00+00:00
[2026-08-12T04:35:25.658+0000] {logging_mixin.py:190} INFO - [2026-08-12T04:35:25.658+0000] {dag.py:4138} INFO - Setting next_dagrun for example_subdag_operator.section-1 to None, run_after=None
[2026-08-12T04:35:25.661+0000] {logging_mixin.py:190} INFO - [2026-08-12T04:35:25.661+0000] {dag.py:4138} INFO - Setting next_dagrun for example_subdag_operator.section-2 to None, run_after=None
[2026-08-12T04:35:25.669+0000] {logging_mixin.py:190} INFO - [2026-08-12T04:35:25.668+0000] {dag.py:3211} INFO - Sync 2 DAGs
[2026-08-12T04:35:25.675+0000] {logging_mixin.py:190} INFO - [2026-08-12T04:35:25.674+0000] {dag.py:4138} INFO - Setting next_dagrun for example_subdag_operator.section-1 to None, run_after=None
[2026-08-12T04:35:25.676+0000] {logging_mixin.py:190} INFO - [2026-08-12T04:35:25.676+0000] {dag.py:4138} INFO - Setting next_dagrun for example_subdag_operator.section-2 to None, run_after=None
[2026-08-12T04:35:25.688+0000] {processor.py:208} INFO - Processing /home/airflow/.local/lib/python3.12/site-packages/airflow/example_dags/example_subdag_operator.py took 0.112 seconds
[2026-08-12T04:35:55.854+0000] {processor.py:186} INFO - Started process (PID=434) to work on /home/airflow/.local/lib/python3.12/site-packages/airflow/example_dags/example_subdag_operator.py
[2026-08-12T04:35:55.856+0000] {processor.py:914} INFO - Processing file /home/airflow/.local/lib/python3.12/site-packages/airflow/example_dags/example_subdag_operator.py for tasks to queue
[2026-08-12T04:35:55.859+0000] {logging_mixin.py:190} INFO - [2026-08-12T04:35:55.858+0000] {dagbag.py:587} INFO - Filling up the DagBag from /home/airflow/.local/lib/python3.12/site-packages/airflow/example_dags/example_subdag_operator.py
[2026-08-12T04:35:55.882+0000] {processor.py:925} INFO - DAG(s) 'example_subdag_operator.section-1', 'example_subdag_operator.section-2', 'example_subdag_operator' retrieved from /home/airflow/.local/lib/python3.12/site-packages/airflow/example_dags/example_subdag_operator.py
[2026-08-12T04:35:55.895+0000] {logging_mixin.py:190} INFO - [2026-08-12T04:35:55.895+0000] {dag.py:3211} INFO - Sync 3 DAGs
[2026-08-12T04:35:55.919+0000] {logging_mixin.py:190} INFO - [2026-08-12T04:35:55.919+0000] {dag.py:4138} INFO - Setting next_dagrun for example_subdag_operator to 2022-01-01 00:00:00+00:00, run_after=2022-01-01 00:00:00+00:00
[2026-08-12T04:35:55.924+0000] {logging_mixin.py:190} INFO - [2026-08-12T04:35:55.924+0000] {dag.py:4138} INFO - Setting next_dagrun for example_subdag_operator.section-1 to None, run_after=None
[2026-08-12T04:35:55.926+0000] {logging_mixin.py:190} INFO - [2026-08-12T04:35:55.926+0000] {dag.py:4138} INFO - Setting next_dagrun for example_subdag_operator.section-2 to None, run_after=None
[2026-08-12T04:35:55.933+0000] {logging_mixin.py:190} INFO - [2026-08-12T04:35:55.933+0000] {dag.py:3211} INFO - Sync 2 DAGs
[2026-08-12T04:35:55.938+0000] {logging_mixin.py:190} INFO - [2026-08-12T04:35:55.938+0000] {dag.py:4138} INFO - Setting next_dagrun for example_subdag_operator.section-1 to None, run_after=None
[2026-08-12T04:35:55.940+0000] {logging_mixin.py:190} INFO - [2026-08-12T04:35:55.939+0000] {dag.py:4138} INFO - Setting next_dagrun for example_subdag_operator.section-2 to None, run_after=None
[2026-08-12T04:35:55.952+0000] {processor.py:208} INFO - Processing /home/airflow/.local/lib/python3.12/site-packages/airflow/example_dags/example_subdag_operator.py took 0.103 seconds
[2026-08-12T04:36:26.761+0000] {processor.py:186} INFO - Started process (PID=496) to work on /home/airflow/.local/lib/python3.12/site-packages/airflow/example_dags/example_subdag_operator.py
[2026-08-12T04:36:26.763+0000] {processor.py:914} INFO - Processing file /home/airflow/.local/lib/python3.12/site-packages/airflow/example_dags/example_subdag_operator.py for tasks to queue
[2026-08-12T04:36:26.765+0000] {logging_mixin.py:190} INFO - [2026-08-12T04:36:26.765+0000] {dagbag.py:587} INFO - Filling up the DagBag from /home/airflow/.local/lib/python3.12/site-packages/airflow/example_dags/example_subdag_operator.py
[2026-08-12T04:36:26.788+0000] {processor.py:925} INFO - DAG(s) 'example_subdag_operator.section-1', 'example_subdag_operator.section-2', 'example_subdag_operator' retrieved from /home/airflow/.local/lib/python3.12/site-packages/airflow/example_dags/example_subdag_operator.py
[2026-08-12T04:36:26.803+0000] {logging_mixin.py:190} INFO - [2026-08-12T04:36:26.803+0000] {dag.py:3211} INFO - Sync 3 DAGs
[2026-08-12T04:36:26.824+0000] {logging_mixin.py:190} INFO - [2026-08-12T04:36:26.823+0000] {dag.py:4138} INFO - Setting next_dagrun for example_subdag_operator to 2022-01-01 00:00:00+00:00, run_after=2022-01-01 00:00:00+00:00
[2026-08-12T04:36:26.829+0000] {logging_mixin.py:190} INFO - [2026-08-12T04:36:26.829+0000] {dag.py:4138} INFO - Setting next_dagrun for example_subdag_operator.section-1 to None, run_after=None
[2026-08-12T04:36:26.831+0000] {logging_mixin.py:190} INFO - [2026-08-12T04:36:26.831+0000] {dag.py:4138} INFO - Setting next_dagrun for example_subdag_operator.section-2 to None, run_after=None
[2026-08-12T04:36:26.837+0000] {logging_mixin.py:190} INFO - [2026-08-12T04:36:26.837+0000] {dag.py:3211} INFO - Sync 2 DAGs
[2026-08-12T04:36:26.843+0000] {logging_mixin.py:190} INFO - [2026-08-12T04:36:26.843+0000] {dag.py:4138} INFO - Setting next_dagrun for example_subdag_operator.section-1 to None, run_after=None
[2026-08-12T04:36:26.844+0000] {logging_mixin.py:190} INFO - [2026-08-12T04:36:26.844+0000] {dag.py:4138} INFO - Setting next_dagrun for example_subdag_operator.section-2 to None, run_after=None
[2026-08-12T04:36:26.857+0000] {processor.py:208} INFO - Processing /home/airflow/.local/lib/python3.12/site-packages/airflow/example_dags/example_subdag_operator.py took 0.101 seconds
[2026-08-12T04:36:57.218+0000] {processor.py:186} INFO - Started process (PID=558) to work on /home/airflow/.local/lib/python3.12/site-packages/airflow/example_dags/example_subdag_operator.py
[2026-08-12T04:36:57.220+0000] {processor.py:914} INFO - Processing file /home/airflow/.local/lib/python3.12/site-packages/airflow/example_dags/example_subdag_operator.py for tasks to queue
[2026-08-12T04:36:57.223+0000] {logging_mixin.py:190} INFO - [2026-08-12T04:36:57.223+0000] {dagbag.py:587} INFO - Filling up the DagBag from /home/airflow/.local/lib/python3.12/site-packages/airflow/example_dags/example_subdag_operator.py
[2026-08-12T04:36:57.248+0000] {processor.py:925} INFO - DAG(s) 'example_subdag_operator.section-1', 'example_subdag_operator.section-2', 'example_subdag_operator' retrieved from /home/airflow/.local/lib/python3.12/site-packages/airflow/example_dags/example_subdag_operator.py
[2026-08-12T04:36:57.263+0000] {logging_mixin.py:190} INFO - [2026-08-12T04:36:57.263+0000] {dag.py:3211} INFO - Sync 3 DAGs
[2026-08-12T04:36:57.284+0000] {logging_mixin.py:190} INFO - [2026-08-12T04:36:57.284+0000] {dag.py:4138} INFO - Setting next_dagrun for example_subdag_operator to 2022-01-01 00:00:00+00:00, run_after=2022-01-01 00:00:00+00:00
[2026-08-12T04:36:57.289+0000] {logging_mixin.py:190} INFO - [2026-08-12T04:36:57.289+0000] {dag.py:4138} INFO - Setting next_dagrun for example_subdag_operator.section-1 to None, run_after=None
[2026-08-12T04:36:57.291+0000] {logging_mixin.py:190} INFO - [2026-08-12T04:36:57.291+0000] {dag.py:4138} INFO - Setting next_dagrun for example_subdag_operator.section-2 to None, run_after=None
[2026-08-12T04:36:57.298+0000] {logging_mixin.py:190} INFO - [2026-08-12T04:36:57.298+0000] {dag.py:3211} INFO - Sync 2 DAGs
[2026-08-12T04:36:57.304+0000] {logging_mixin.py:190} INFO - [2026-08-12T04:36:57.304+0000] {dag.py:4138} INFO - Setting next_dagrun for example_subdag_operator.section-1 to None, run_after=None
[2026-08-12T04:36:57.306+0000] {logging_mixin.py:190} INFO - [2026-08-12T04:36:57.306+0000] {dag.py:4138} INFO - Setting next_dagrun for example_subdag_operator.section-2 to None, run_after=None
[2026-08-12T04:36:57.318+0000] {processor.py:208} INFO - Processing /home/airflow/.local/lib/python3.12/site-packages/airflow/example_dags/example_subdag_operator.py took 0.106 seconds
[2026-08-12T04:37:28.024+0000] {processor.py:186} INFO - Started process (PID=620) to work on /home/airflow/.local/lib/python3.12/site-packages/airflow/example_dags/example_subdag_operator.py
[2026-08-12T04:37:28.026+0000] {processor.py:914} INFO - Processing file /home/airflow/.local/lib/python3.12/site-packages/airflow/example_dags/example_subdag_operator.py for tasks to queue
[2026-08-12T04:37:28.030+0000] {logging_mixin.py:190} INFO - [2026-08-12T04:37:28.030+0000] {dagbag.py:587} INFO - Filling up the DagBag from /home/airflow/.local/lib/python3.12/site-packages/airflow/example_dags/example_subdag_operator.py
[2026-08-12T04:37:28.077+0000] {processor.py:925} INFO - DAG(s) 'example_subdag_operator.section-1', 'example_subdag_operator.section-2', 'example_subdag_operator' retrieved from /home/airflow/.local/lib/python3.12/site-packages/airflow/example_dags/example_subdag_operator.py
[2026-08-12T04:37:28.108+0000] {logging_mixin.py:190} INFO - [2026-08-12T04:37:28.108+0000] {dag.py:3211} INFO - Sync 3 DAGs
[2026-08-12T04:37:28.163+0000] {logging_mixin.py:190} INFO - [2026-08-12T04:37:28.163+0000] {dag.py:4138} INFO - Setting next_dagrun for example_subdag_operator to 2022-01-01 00:00:00+00:00, run_after=2022-01-01 00:00:00+00:00
[2026-08-12T04:37:28.170+0000] {logging_mixin.py:190} INFO - [2026-08-12T04:37:28.169+0000] {dag.py:4138} INFO - Setting next_dagrun for example_subdag_operator.section-1 to None, run_after=None
[2026-08-12T04:37:28.172+0000] {logging_mixin.py:190} INFO - [2026-08-12T04:37:28.172+0000] {dag.py:4138} INFO - Setting next_dagrun for example_subdag_operator.section-2 to None, run_after=None
[2026-08-12T04:37:28.180+0000] {logging_mixin.py:190} INFO - [2026-08-12T04:37:28.180+0000] {dag.py:3211} INFO - Sync 2 DAGs
[2026-08-12T04:37:28.189+0000] {logging_mixin.py:190} INFO - [2026-08-12T04:37:28.189+0000] {dag.py:4138} INFO - Setting next_dagrun for example_subdag_operator.section-1 to None, run_after=None
[2026-08-12T04:37:28.191+0000] {logging_mixin.py:190} INFO - [2026-08-12T04:37:28.191+0000] {dag.py:4138} INFO - Setting next_dagrun for example_subdag_operator.section-2 to None, run_after=None
[2026-08-12T04:37:28.205+0000] {processor.py:208} INFO - Processing /home/airflow/.local/lib/python3.12/site-packages/airflow/example_dags/example_subdag_operator.py took 0.190 seconds
[2026-08-12T04:37:58.682+0000] {processor.py:186} INFO - Started process (PID=682) to work on /home/airflow/.local/lib/python3.12/site-packages/airflow/example_dags/example_subdag_operator.py
[2026-08-12T04:37:58.684+0000] {processor.py:914} INFO - Processing file /home/airflow/.local/lib/python3.12/site-packages/airflow/example_dags/example_subdag_operator.py for tasks to queue
[2026-08-12T04:37:58.688+0000] {logging_mixin.py:190} INFO - [2026-08-12T04:37:58.687+0000] {dagbag.py:587} INFO - Filling up the DagBag from /home/airflow/.local/lib/python3.12/site-packages/airflow/example_dags/example_subdag_operator.py
[2026-08-12T04:37:58.716+0000] {processor.py:925} INFO - DAG(s) 'example_subdag_operator.section-1', 'example_subdag_operator.section-2', 'example_subdag_operator' retrieved from /home/airflow/.local/lib/python3.12/site-packages/airflow/example_dags/example_subdag_operator.py
[2026-08-12T04:37:58.732+0000] {logging_mixin.py:190} INFO - [2026-08-12T04:37:58.732+0000] {dag.py:3211} INFO - Sync 3 DAGs
[2026-08-12T04:37:58.761+0000] {logging_mixin.py:190} INFO - [2026-08-12T04:37:58.761+0000] {dag.py:4138} INFO - Setting next_dagrun for example_subdag_operator to 2022-01-01 00:00:00+00:00, run_after=2022-01-01 00:00:00+00:00
[2026-08-12T04:37:58.766+0000] {logging_mixin.py:190} INFO - [2026-08-12T04:37:58.765+0000] {dag.py:4138} INFO - Setting next_dagrun for example_subdag_operator.section-1 to None, run_after=None
[2026-08-12T04:37:58.769+0000] {logging_mixin.py:190} INFO - [2026-08-12T04:37:58.769+0000] {dag.py:4138} INFO - Setting next_dagrun for example_subdag_operator.section-2 to None, run_after=None
[2026-08-12T04:37:58.776+0000] {logging_mixin.py:190} INFO - [2026-08-12T04:37:58.776+0000] {dag.py:3211} INFO - Sync 2 DAGs
[2026-08-12T04:37:58.783+0000] {logging_mixin.py:190} INFO - [2026-08-12T04:37:58.783+0000] {dag.py:4138} INFO - Setting next_dagrun for example_subdag_operator.section-1 to None, run_after=None
[2026-08-12T04:37:58.786+0000] {logging_mixin.py:190} INFO - [2026-08-12T04:37:58.785+0000] {dag.py:4138} INFO - Setting next_dagrun for example_subdag_operator.section-2 to None, run_after=None
[2026-08-12T04:37:58.798+0000] {processor.py:208} INFO - Processing /home/airflow/.local/lib/python3.12/site-packages/airflow/example_dags/example_subdag_operator.py took 0.122 seconds
[2026-08-12T04:38:29.425+0000] {processor.py:186} INFO - Started process (PID=744) to work on /home/airflow/.local/lib/python3.12/site-packages/airflow/example_dags/example_subdag_operator.py
[2026-08-12T04:38:29.427+0000] {processor.py:914} INFO - Processing file /home/airflow/.local/lib/python3.12/site-packages/airflow/example_dags/example_subdag_operator.py for tasks to queue
[2026-08-12T04:38:29.431+0000] {logging_mixin.py:190} INFO - [2026-08-12T04:38:29.430+0000] {dagbag.py:587} INFO - Filling up the DagBag from /home/airflow/.local/lib/python3.12/site-packages/airflow/example_dags/example_subdag_operator.py
[2026-08-12T04:38:29.460+0000] {processor.py:925} INFO - DAG(s) 'example_subdag_operator.section-1', 'example_subdag_operator.section-2', 'example_subdag_operator' retrieved from /home/airflow/.local/lib/python3.12/site-packages/airflow/example_dags/example_subdag_operator.py
[2026-08-12T04:38:29.476+0000] {logging_mixin.py:190} INFO - [2026-08-12T04:38:29.476+0000] {dag.py:3211} INFO - Sync 3 DAGs
[2026-08-12T04:38:29.498+0000] {logging_mixin.py:190} INFO - [2026-08-12T04:38:29.498+0000] {dag.py:4138} INFO - Setting next_dagrun for example_subdag_operator to 2022-01-01 00:00:00+00:00, run_after=2022-01-01 00:00:00+00:00
[2026-08-12T04:38:29.504+0000] {logging_mixin.py:190} INFO - [2026-08-12T04:38:29.504+0000] {dag.py:4138} INFO - Setting next_dagrun for example_subdag_operator.section-1 to None, run_after=None
[2026-08-12T04:38:29.507+0000] {logging_mixin.py:190} INFO - [2026-08-12T04:38:29.507+0000] {dag.py:4138} INFO - Setting next_dagrun for example_subdag_operator.section-2 to None, run_after=None
[2026-08-12T04:38:29.521+0000] {logging_mixin.py:190} INFO - [2026-08-12T04:38:29.516+0000] {dag.py:3211} INFO - Sync 2 DAGs
[2026-08-12T04:38:29.537+0000] {logging_mixin.py:190} INFO - [2026-08-12T04:38:29.537+0000] {dag.py:4138} INFO - Setting next_dagrun for example_subdag_operator.section-1 to None, run_after=None
[2026-08-12T04:38:29.538+0000] {logging_mixin.py:190} INFO - [2026-08-12T04:38:29.538+0000] {dag.py:4138} INFO - Setting next_dagrun for example_subdag_operator.section-2 to None, run_after=None
[2026-08-12T04:38:29.555+0000] {processor.py:208} INFO - Processing /home/airflow/.local/lib/python3.12/site-packages/airflow/example_dags/example_subdag_operator.py took 0.136 seconds
[2026-08-12T04:38:59.881+0000] {processor.py:186} INFO - Started process (PID=806) to work on /home/airflow/.local/lib/python3.12/site-packages/airflow/example_dags/example_subdag_operator.py
[2026-08-12T04:38:59.883+0000] {processor.py:914} INFO - Processing file /home/airflow/.local/lib/python3.12/site-packages/airflow/example_dags/example_subdag_operator.py for tasks to queue
[2026-08-12T04:38:59.887+0000] {logging_mixin.py:190} INFO - [2026-08-12T04:38:59.886+0000] {dagbag.py:587} INFO - Filling up the DagBag from /home/airflow/.local/lib/python3.12/site-packages/airflow/example_dags/example_subdag_operator.py
[2026-08-12T04:38:59.917+0000] {processor.py:925} INFO - DAG(s) 'example_subdag_operator.section-1', 'example_subdag_operator.section-2', 'example_subdag_operator' retrieved from /home/airflow/.local/lib/python3.12/site-packages/airflow/example_dags/example_subdag_operator.py
[2026-08-12T04:38:59.947+0000] {logging_mixin.py:190} INFO - [2026-08-12T04:38:59.946+0000] {dag.py:3211} INFO - Sync 3 DAGs
[2026-08-12T04:38:59.986+0000] {logging_mixin.py:190} INFO - [2026-08-12T04:38:59.986+0000] {dag.py:4138} INFO - Setting next_dagrun for example_subdag_operator to 2022-01-01 00:00:00+00:00, run_after=2022-01-01 00:00:00+00:00
[2026-08-12T04:38:59.991+0000] {logging_mixin.py:190} INFO - [2026-08-12T04:38:59.991+0000] {dag.py:4138} INFO - Setting next_dagrun for example_subdag_operator.section-1 to None, run_after=None
[2026-08-12T04:38:59.993+0000] {logging_mixin.py:190} INFO - [2026-08-12T04:38:59.993+0000] {dag.py:4138} INFO - Setting next_dagrun for example_subdag_operator.section-2 to None, run_after=None
[2026-08-12T04:39:00.002+0000] {logging_mixin.py:190} INFO - [2026-08-12T04:39:00.002+0000] {dag.py:3211} INFO - Sync 2 DAGs
[2026-08-12T04:39:00.007+0000] {logging_mixin.py:190} INFO - [2026-08-12T04:39:00.007+0000] {dag.py:4138} INFO - Setting next_dagrun for example_subdag_operator.section-1 to None, run_after=None
[2026-08-12T04:39:00.008+0000] {logging_mixin.py:190} INFO - [2026-08-12T04:39:00.008+0000] {dag.py:4138} INFO - Setting next_dagrun for example_subdag_operator.section-2 to None, run_after=None
[2026-08-12T04:39:00.023+0000] {processor.py:208} INFO - Processing /home/airflow/.local/lib/python3.12/site-packages/airflow/example_dags/example_subdag_operator.py took 0.148 seconds
[2026-08-12T04:39:30.168+0000] {processor.py:186} INFO - Started process (PID=868) to work on /home/airflow/.local/lib/python3.12/site-packages/airflow/example_dags/example_subdag_operator.py
[2026-08-12T04:39:30.170+0000] {processor.py:914} INFO - Processing file /home/airflow/.local/lib/python3.12/site-packages/airflow/example_dags/example_subdag_operator.py for tasks to queue
[2026-08-12T04:39:30.174+0000] {logging_mixin.py:190} INFO - [2026-08-12T04:39:30.173+0000] {dagbag.py:587} INFO - Filling up the DagBag from /home/airflow/.local/lib/python3.12/site-packages/airflow/example_dags/example_subdag_operator.py
[2026-08-12T04:39:30.202+0000] {processor.py:925} INFO - DAG(s) 'example_subdag_operator.section-1', 'example_subdag_operator.section-2', 'example_subdag_operator' retrieved from /home/airflow/.local/lib/python3.12/site-packages/airflow/example_dags/example_subdag_operator.py
[2026-08-12T04:39:30.219+0000] {logging_mixin.py:190} INFO - [2026-08-12T04:39:30.219+0000] {dag.py:3211} INFO - Sync 3 DAGs
[2026-08-12T04:39:30.245+0000] {logging_mixin.py:190} INFO - [2026-08-12T04:39:30.245+0000] {dag.py:4138} INFO - Setting next_dagrun for example_subdag_operator to 2022-01-01 00:00:00+00:00, run_after=2022-01-01 00:00:00+00:00
[2026-08-12T04:39:30.250+0000] {logging_mixin.py:190} INFO - [2026-08-12T04:39:30.250+0000] {dag.py:4138} INFO - Setting next_dagrun for example_subdag_operator.section-1 to None, run_after=None
[2026-08-12T04:39:30.253+0000] {logging_mixin.py:190} INFO - [2026-08-12T04:39:30.253+0000] {dag.py:4138} INFO - Setting next_dagrun for example_subdag_operator.section-2 to None, run_after=None
[2026-08-12T04:39:30.263+0000] {logging_mixin.py:190} INFO - [2026-08-12T04:39:30.262+0000] {dag.py:3211} INFO - Sync 2 DAGs
[2026-08-12T04:39:30.269+0000] {logging_mixin.py:190} INFO - [2026-08-12T04:39:30.269+0000] {dag.py:4138} INFO - Setting next_dagrun for example_subdag_operator.section-1 to None, run_after=None
[2026-08-12T04:39:30.271+0000] {logging_mixin.py:190} INFO - [2026-08-12T04:39:30.270+0000] {dag.py:4138} INFO - Setting next_dagrun for example_subdag_operator.section-2 to None, run_after=None
[2026-08-12T04:39:30.284+0000] {processor.py:208} INFO - Processing /home/airflow/.local/lib/python3.12/site-packages/airflow/example_dags/example_subdag_operator.py took 0.123 seconds
[2026-08-12T04:40:00.507+0000] {processor.py:186} INFO - Started process (PID=930) to work on /home/airflow/.local/lib/python3.12/site-packages/airflow/example_dags/example_subdag_operator.py
[2026-08-12T04:40:00.508+0000] {processor.py:914} INFO - Processing file /home/airflow/.local/lib/python3.12/site-packages/airflow/example_dags/example_subdag_operator.py for tasks to queue
[2026-08-12T04:40:00.512+0000] {logging_mixin.py:190} INFO - [2026-08-12T04:40:00.511+0000] {dagbag.py:587} INFO - Filling up the DagBag from /home/airflow/.local/lib/python3.12/site-packages/airflow/example_dags/example_subdag_operator.py
[2026-08-12T04:40:00.540+0000] {processor.py:925} INFO - DAG(s) 'example_subdag_operator.section-1', 'example_subdag_operator.section-2', 'example_subdag_operator' retrieved from /home/airflow/.local/lib/python3.12/site-packages/airflow/example_dags/example_subdag_operator.py
[2026-08-12T04:40:00.559+0000] {logging_mixin.py:190} INFO - [2026-08-12T04:40:00.558+0000] {dag.py:3211} INFO - Sync 3 DAGs
[2026-08-12T04:40:00.584+0000] {logging_mixin.py:190} INFO - [2026-08-12T04:40:00.583+0000] {dag.py:4138} INFO - Setting next_dagrun for example_subdag_operator to 2022-01-01 00:00:00+00:00, run_after=2022-01-01 00:00:00+00:00
[2026-08-12T04:40:00.590+0000] {logging_mixin.py:190} INFO - [2026-08-12T04:40:00.590+0000] {dag.py:4138} INFO - Setting next_dagrun for example_subdag_operator.section-1 to None, run_after=None
[2026-08-12T04:40:00.593+0000] {logging_mixin.py:190} INFO - [2026-08-12T04:40:00.593+0000] {dag.py:4138} INFO - Setting next_dagrun for example_subdag_operator.section-2 to None, run_after=None
[2026-08-12T04:40:00.602+0000] {logging_mixin.py:190} INFO - [2026-08-12T04:40:00.602+0000] {dag.py:3211} INFO - Sync 2 DAGs
[2026-08-12T04:40:00.608+0000] {logging_mixin.py:190} INFO - [2026-08-12T04:40:00.608+0000] {dag.py:4138} INFO - Setting next_dagrun for example_subdag_operator.section-1 to None, run_after=None
[2026-08-12T04:40:00.610+0000] {logging_mixin.py:190} INFO - [2026-08-12T04:40:00.610+0000] {dag.py:4138} INFO - Setting next_dagrun for example_subdag_operator.section-2 to None, run_after=None
[2026-08-12T04:40:00.625+0000] {processor.py:208} INFO - Processing /home/airflow/.local/lib/python3.12/site-packages/airflow/example_dags/example_subdag_operator.py took 0.125 seconds
[2026-08-12T04:40:31.139+0000] {processor.py:186} INFO - Started process (PID=992) to work on /home/airflow/.local/lib/python3.12/site-packages/airflow/example_dags/example_subdag_operator.py
[2026-08-12T04:40:31.140+0000] {processor.py:914} INFO - Processing file /home/airflow/.local/lib/python3.12/site-packages/airflow/example_dags/example_subdag_operator.py for tasks to queue
[2026-08-12T04:40:31.143+0000] {logging_mixin.py:190} INFO - [2026-08-12T04:40:31.143+0000] {dagbag.py:587} INFO - Filling up the DagBag from /home/airflow/.local/lib/python3.12/site-packages/airflow/example_dags/example_subdag_operator.py
[2026-08-12T04:40:31.169+0000] {processor.py:925} INFO - DAG(s) 'example_subdag_operator.section-1', 'example_subdag_operator.section-2', 'example_subdag_operator' retrieved from /home/airflow/.local/lib/python3.12/site-packages/airflow/example_dags/example_subdag_operator.py
[2026-08-12T04:40:31.183+0000] {logging_mixin.py:190} INFO - [2026-08-12T04:40:31.182+0000] {dag.py:3211} INFO - Sync 3 DAGs
[2026-08-12T04:40:31.204+0000] {logging_mixin.py:190} INFO - [2026-08-12T04:40:31.204+0000] {dag.py:4138} INFO - Setting next_dagrun for example_subdag_operator to 2022-01-01 00:00:00+00:00, run_after=2022-01-01 00:00:00+00:00
[2026-08-12T04:40:31.209+0000] {logging_mixin.py:190} INFO - [2026-08-12T04:40:31.209+0000] {dag.py:4138} INFO - Setting next_dagrun for example_subdag_operator.section-1 to None, run_after=None
[2026-08-12T04:40:31.211+0000] {logging_mixin.py:190} INFO - [2026-08-12T04:40:31.211+0000] {dag.py:4138} INFO - Setting next_dagrun for example_subdag_operator.section-2 to None, run_after=None
[2026-08-12T04:40:31.218+0000] {logging_mixin.py:190} INFO - [2026-08-12T04:40:31.218+0000] {dag.py:3211} INFO - Sync 2 DAGs
[2026-08-12T04:40:31.226+0000] {logging_mixin.py:190} INFO - [2026-08-12T04:40:31.226+0000] {dag.py:4138} INFO - Setting next_dagrun for example_subdag_operator.section-1 to None, run_after=None
[2026-08-12T04:40:31.227+0000] {logging_mixin.py:190} INFO - [2026-08-12T04:40:31.227+0000] {dag.py:4138} INFO - Setting next_dagrun for example_subdag_operator.section-2 to None, run_after=None
[2026-08-12T04:40:31.244+0000] {processor.py:208} INFO - Processing /home/airflow/.local/lib/python3.12/site-packages/airflow/example_dags/example_subdag_operator.py took 0.111 seconds
[2026-08-12T04:41:01.816+0000] {processor.py:186} INFO - Started process (PID=1054) to work on /home/airflow/.local/lib/python3.12/site-packages/airflow/example_dags/example_subdag_operator.py
[2026-08-12T04:41:01.817+0000] {processor.py:914} INFO - Processing file /home/airflow/.local/lib/python3.12/site-packages/airflow/example_dags/example_subdag_operator.py for tasks to queue
[2026-08-12T04:41:01.821+0000] {logging_mixin.py:190} INFO - [2026-08-12T04:41:01.821+0000] {dagbag.py:587} INFO - Filling up the DagBag from /home/airflow/.local/lib/python3.12/site-packages/airflow/example_dags/example_subdag_operator.py
[2026-08-12T04:41:01.866+0000] {processor.py:925} INFO - DAG(s) 'example_subdag_operator.section-1', 'example_subdag_operator.section-2', 'example_subdag_operator' retrieved from /home/airflow/.local/lib/python3.12/site-packages/airflow/example_dags/example_subdag_operator.py
[2026-08-12T04:41:01.900+0000] {logging_mixin.py:190} INFO - [2026-08-12T04:41:01.900+0000] {dag.py:3211} INFO - Sync 3 DAGs
[2026-08-12T04:41:01.938+0000] {logging_mixin.py:190} INFO - [2026-08-12T04:41:01.938+0000] {dag.py:4138} INFO - Setting next_dagrun for example_subdag_operator to 2022-01-01 00:00:00+00:00, run_after=2022-01-01 00:00:00+00:00
[2026-08-12T04:41:01.943+0000] {logging_mixin.py:190} INFO - [2026-08-12T04:41:01.943+0000] {dag.py:4138} INFO - Setting next_dagrun for example_subdag_operator.section-1 to None, run_after=None
[2026-08-12T04:41:01.945+0000] {logging_mixin.py:190} INFO - [2026-08-12T04:41:01.945+0000] {dag.py:4138} INFO - Setting next_dagrun for example_subdag_operator.section-2 to None, run_after=None
[2026-08-12T04:41:01.954+0000] {logging_mixin.py:190} INFO - [2026-08-12T04:41:01.954+0000] {dag.py:3211} INFO - Sync 2 DAGs
[2026-08-12T04:41:01.960+0000] {logging_mixin.py:190} INFO - [2026-08-12T04:41:01.960+0000] {dag.py:4138} INFO - Setting next_dagrun for example_subdag_operator.section-1 to None, run_after=None
[2026-08-12T04:41:01.961+0000] {logging_mixin.py:190} INFO - [2026-08-12T04:41:01.961+0000] {dag.py:4138} INFO - Setting next_dagrun for example_subdag_operator.section-2 to None, run_after=None
[2026-08-12T04:41:01.975+0000] {processor.py:208} INFO - Processing /home/airflow/.local/lib/python3.12/site-packages/airflow/example_dags/example_subdag_operator.py took 0.165 seconds
[2026-08-12T04:41:32.391+0000] {processor.py:186} INFO - Started process (PID=1116) to work on /home/airflow/.local/lib/python3.12/site-packages/airflow/example_dags/example_subdag_operator.py
[2026-08-12T04:41:32.393+0000] {processor.py:914} INFO - Processing file /home/airflow/.local/lib/python3.12/site-packages/airflow/example_dags/example_subdag_operator.py for tasks to queue
[2026-08-12T04:41:32.397+0000] {logging_mixin.py:190} INFO - [2026-08-12T04:41:32.397+0000] {dagbag.py:587} INFO - Filling up the DagBag from /home/airflow/.local/lib/python3.12/site-packages/airflow/example_dags/example_subdag_operator.py
[2026-08-12T04:41:32.439+0000] {processor.py:925} INFO - DAG(s) 'example_subdag_operator.section-1', 'example_subdag_operator.section-2', 'example_subdag_operator' retrieved from /home/airflow/.local/lib/python3.12/site-packages/airflow/example_dags/example_subdag_operator.py
[2026-08-12T04:41:32.462+0000] {logging_mixin.py:190} INFO - [2026-08-12T04:41:32.461+0000] {dag.py:3211} INFO - Sync 3 DAGs
[2026-08-12T04:41:32.507+0000] {logging_mixin.py:190} INFO - [2026-08-12T04:41:32.507+0000] {dag.py:4138} INFO - Setting next_dagrun for example_subdag_operator to 2022-01-01 00:00:00+00:00, run_after=2022-01-01 00:00:00+00:00
[2026-08-12T04:41:32.515+0000] {logging_mixin.py:190} INFO - [2026-08-12T04:41:32.514+0000] {dag.py:4138} INFO - Setting next_dagrun for example_subdag_operator.section-1 to None, run_after=None
[2026-08-12T04:41:32.519+0000] {logging_mixin.py:190} INFO - [2026-08-12T04:41:32.519+0000] {dag.py:4138} INFO - Setting next_dagrun for example_subdag_operator.section-2 to None, run_after=None
[2026-08-12T04:41:32.529+0000] {logging_mixin.py:190} INFO - [2026-08-12T04:41:32.529+0000] {dag.py:3211} INFO - Sync 2 DAGs
[2026-08-12T04:41:32.537+0000] {logging_mixin.py:190} INFO - [2026-08-12T04:41:32.537+0000] {dag.py:4138} INFO - Setting next_dagrun for example_subdag_operator.section-1 to None, run_after=None
[2026-08-12T04:41:32.538+0000] {logging_mixin.py:190} INFO - [2026-08-12T04:41:32.538+0000] {dag.py:4138} INFO - Setting next_dagrun for example_subdag_operator.section-2 to None, run_after=None
[2026-08-12T04:41:32.553+0000] {processor.py:208} INFO - Processing /home/airflow/.local/lib/python3.12/site-packages/airflow/example_dags/example_subdag_operator.py took 0.170 seconds
[2026-08-12T04:42:02.978+0000] {processor.py:186} INFO - Started process (PID=1178) to work on /home/airflow/.local/lib/python3.12/site-packages/airflow/example_dags/example_subdag_operator.py
[2026-08-12T04:42:02.980+0000] {processor.py:914} INFO - Processing file /home/airflow/.local/lib/python3.12/site-packages/airflow/example_dags/example_subdag_operator.py for tasks to queue
[2026-08-12T04:42:02.986+0000] {logging_mixin.py:190} INFO - [2026-08-12T04:42:02.985+0000] {dagbag.py:587} INFO - Filling up the DagBag from /home/airflow/.local/lib/python3.12/site-packages/airflow/example_dags/example_subdag_operator.py
[2026-08-12T04:42:03.048+0000] {processor.py:925} INFO - DAG(s) 'example_subdag_operator.section-1', 'example_subdag_operator.section-2', 'example_subdag_operator' retrieved from /home/airflow/.local/lib/python3.12/site-packages/airflow/example_dags/example_subdag_operator.py
[2026-08-12T04:42:03.075+0000] {logging_mixin.py:190} INFO - [2026-08-12T04:42:03.075+0000] {dag.py:3211} INFO - Sync 3 DAGs
[2026-08-12T04:42:03.119+0000] {logging_mixin.py:190} INFO - [2026-08-12T04:42:03.119+0000] {dag.py:4138} INFO - Setting next_dagrun for example_subdag_operator to 2022-01-01 00:00:00+00:00, run_after=2022-01-01 00:00:00+00:00
[2026-08-12T04:42:03.127+0000] {logging_mixin.py:190} INFO - [2026-08-12T04:42:03.126+0000] {dag.py:4138} INFO - Setting next_dagrun for example_subdag_operator.section-1 to None, run_after=None
[2026-08-12T04:42:03.131+0000] {logging_mixin.py:190} INFO - [2026-08-12T04:42:03.130+0000] {dag.py:4138} INFO - Setting next_dagrun for example_subdag_operator.section-2 to None, run_after=None
[2026-08-12T04:42:03.143+0000] {logging_mixin.py:190} INFO - [2026-08-12T04:42:03.143+0000] {dag.py:3211} INFO - Sync 2 DAGs
[2026-08-12T04:42:03.152+0000] {logging_mixin.py:190} INFO - [2026-08-12T04:42:03.152+0000] {dag.py:4138} INFO - Setting next_dagrun for example_subdag_operator.section-1 to None, run_after=None
[2026-08-12T04:42:03.153+0000] {logging_mixin.py:190} INFO - [2026-08-12T04:42:03.153+0000] {dag.py:4138} INFO - Setting next_dagrun for example_subdag_operator.section-2 to None, run_after=None
[2026-08-12T04:42:03.166+0000] {processor.py:208} INFO - Processing /home/airflow/.local/lib/python3.12/site-packages/airflow/example_dags/example_subdag_operator.py took 0.200 seconds
[2026-08-12T04:42:33.835+0000] {processor.py:186} INFO - Started process (PID=1240) to work on /home/airflow/.local/lib/python3.12/site-packages/airflow/example_dags/example_subdag_operator.py
[2026-08-12T04:42:33.837+0000] {processor.py:914} INFO - Processing file /home/airflow/.local/lib/python3.12/site-packages/airflow/example_dags/example_subdag_operator.py for tasks to queue
[2026-08-12T04:42:33.840+0000] {logging_mixin.py:190} INFO - [2026-08-12T04:42:33.840+0000] {dagbag.py:587} INFO - Filling up the DagBag from /home/airflow/.local/lib/python3.12/site-packages/airflow/example_dags/example_subdag_operator.py
[2026-08-12T04:42:33.864+0000] {processor.py:925} INFO - DAG(s) 'example_subdag_operator.section-1', 'example_subdag_operator.section-2', 'example_subdag_operator' retrieved from /home/airflow/.local/lib/python3.12/site-packages/airflow/example_dags/example_subdag_operator.py
[2026-08-12T04:42:33.878+0000] {logging_mixin.py:190} INFO - [2026-08-12T04:42:33.878+0000] {dag.py:3211} INFO - Sync 3 DAGs
[2026-08-12T04:42:33.898+0000] {logging_mixin.py:190} INFO - [2026-08-12T04:42:33.898+0000] {dag.py:4138} INFO - Setting next_dagrun for example_subdag_operator to 2022-01-01 00:00:00+00:00, run_after=2022-01-01 00:00:00+00:00
[2026-08-12T04:42:33.903+0000] {logging_mixin.py:190} INFO - [2026-08-12T04:42:33.903+0000] {dag.py:4138} INFO - Setting next_dagrun for example_subdag_operator.section-1 to None, run_after=None
[2026-08-12T04:42:33.905+0000] {logging_mixin.py:190} INFO - [2026-08-12T04:42:33.905+0000] {dag.py:4138} INFO - Setting next_dagrun for example_subdag_operator.section-2 to None, run_after=None
[2026-08-12T04:42:33.913+0000] {logging_mixin.py:190} INFO - [2026-08-12T04:42:33.912+0000] {dag.py:3211} INFO - Sync 2 DAGs
[2026-08-12T04:42:33.919+0000] {logging_mixin.py:190} INFO - [2026-08-12T04:42:33.919+0000] {dag.py:4138} INFO - Setting next_dagrun for example_subdag_operator.section-1 to None, run_after=None
[2026-08-12T04:42:33.921+0000] {logging_mixin.py:190} INFO - [2026-08-12T04:42:33.920+0000] {dag.py:4138} INFO - Setting next_dagrun for example_subdag_operator.section-2 to None, run_after=None
[2026-08-12T04:42:33.934+0000] {processor.py:208} INFO - Processing /home/airflow/.local/lib/python3.12/site-packages/airflow/example_dags/example_subdag_operator.py took 0.105 seconds
[2026-08-12T04:43:04.412+0000] {processor.py:186} INFO - Started process (PID=1302) to work on /home/airflow/.local/lib/python3.12/site-packages/airflow/example_dags/example_subdag_operator.py
[2026-08-12T04:43:04.414+0000] {processor.py:914} INFO - Processing file /home/airflow/.local/lib/python3.12/site-packages/airflow/example_dags/example_subdag_operator.py for tasks to queue
[2026-08-12T04:43:04.418+0000] {logging_mixin.py:190} INFO - [2026-08-12T04:43:04.417+0000] {dagbag.py:587} INFO - Filling up the DagBag from /home/airflow/.local/lib/python3.12/site-packages/airflow/example_dags/example_subdag_operator.py
[2026-08-12T04:43:04.447+0000] {processor.py:925} INFO - DAG(s) 'example_subdag_operator.section-1', 'example_subdag_operator.section-2', 'example_subdag_operator' retrieved from /home/airflow/.local/lib/python3.12/site-packages/airflow/example_dags/example_subdag_operator.py
[2026-08-12T04:43:04.463+0000] {logging_mixin.py:190} INFO - [2026-08-12T04:43:04.463+0000] {dag.py:3211} INFO - Sync 3 DAGs
[2026-08-12T04:43:04.483+0000] {logging_mixin.py:190} INFO - [2026-08-12T04:43:04.483+0000] {dag.py:4138} INFO - Setting next_dagrun for example_subdag_operator to 2022-01-01 00:00:00+00:00, run_after=2022-01-01 00:00:00+00:00
[2026-08-12T04:43:04.488+0000] {logging_mixin.py:190} INFO - [2026-08-12T04:43:04.487+0000] {dag.py:4138} INFO - Setting next_dagrun for example_subdag_operator.section-1 to None, run_after=None
[2026-08-12T04:43:04.490+0000] {logging_mixin.py:190} INFO - [2026-08-12T04:43:04.490+0000] {dag.py:4138} INFO - Setting next_dagrun for example_subdag_operator.section-2 to None, run_after=None
[2026-08-12T04:43:04.497+0000] {logging_mixin.py:190} INFO - [2026-08-12T04:43:04.497+0000] {dag.py:3211} INFO - Sync 2 DAGs
[2026-08-12T04:43:04.503+0000] {logging_mixin.py:190} INFO - [2026-08-12T04:43:04.503+0000] {dag.py:4138} INFO - Setting next_dagrun for example_subdag_operator.section-1 to None, run_after=None
[2026-08-12T04:43:04.504+0000] {logging_mixin.py:190} INFO - [2026-08-12T04:43:04.504+0000] {dag.py:4138} INFO - Setting next_dagrun for example_subdag_operator.section-2 to None, run_after=None
[2026-08-12T04:43:04.516+0000] {processor.py:208} INFO - Processing /home/airflow/.local/lib/python3.12/site-packages/airflow/example_dags/example_subdag_operator.py took 0.109 seconds
[2026-08-12T04:43:35.084+0000] {processor.py:186} INFO - Started process (PID=1364) to work on /home/airflow/.local/lib/python3.12/site-packages/airflow/example_dags/example_subdag_operator.py
[2026-08-12T04:43:35.086+0000] {processor.py:914} INFO - Processing file /home/airflow/.local/lib/python3.12/site-packages/airflow/example_dags/example_subdag_operator.py for tasks to queue
[2026-08-12T04:43:35.090+0000] {logging_mixin.py:190} INFO - [2026-08-12T04:43:35.089+0000] {dagbag.py:587} INFO - Filling up the DagBag from /home/airflow/.local/lib/python3.12/site-packages/airflow/example_dags/example_subdag_operator.py
[2026-08-12T04:43:35.118+0000] {processor.py:925} INFO - DAG(s) 'example_subdag_operator.section-1', 'example_subdag_operator.section-2', 'example_subdag_operator' retrieved from /home/airflow/.local/lib/python3.12/site-packages/airflow/example_dags/example_subdag_operator.py
[2026-08-12T04:43:35.133+0000] {logging_mixin.py:190} INFO - [2026-08-12T04:43:35.133+0000] {dag.py:3211} INFO - Sync 3 DAGs
[2026-08-12T04:43:35.158+0000] {logging_mixin.py:190} INFO - [2026-08-12T04:43:35.158+0000] {dag.py:4138} INFO - Setting next_dagrun for example_subdag_operator to 2022-01-01 00:00:00+00:00, run_after=2022-01-01 00:00:00+00:00
[2026-08-12T04:43:35.164+0000] {logging_mixin.py:190} INFO - [2026-08-12T04:43:35.163+0000] {dag.py:4138} INFO - Setting next_dagrun for example_subdag_operator.section-1 to None, run_after=None
[2026-08-12T04:43:35.166+0000] {logging_mixin.py:190} INFO - [2026-08-12T04:43:35.166+0000] {dag.py:4138} INFO - Setting next_dagrun for example_subdag_operator.section-2 to None, run_after=None
[2026-08-12T04:43:35.187+0000] {logging_mixin.py:190} INFO - [2026-08-12T04:43:35.187+0000] {dag.py:3211} INFO - Sync 2 DAGs
[2026-08-12T04:43:35.194+0000] {logging_mixin.py:190} INFO - [2026-08-12T04:43:35.194+0000] {dag.py:4138} INFO - Setting next_dagrun for example_subdag_operator.section-1 to None, run_after=None
[2026-08-12T04:43:35.196+0000] {logging_mixin.py:190} INFO - [2026-08-12T04:43:35.196+0000] {dag.py:4138} INFO - Setting next_dagrun for example_subdag_operator.section-2 to None, run_after=None
[2026-08-12T04:43:35.209+0000] {processor.py:208} INFO - Processing /home/airflow/.local/lib/python3.12/site-packages/airflow/example_dags/example_subdag_operator.py took 0.132 seconds
[2026-08-12T04:44:05.325+0000] {processor.py:186} INFO - Started process (PID=1426) to work on /home/airflow/.local/lib/python3.12/site-packages/airflow/example_dags/example_subdag_operator.py
[2026-08-12T04:44:05.327+0000] {processor.py:914} INFO - Processing file /home/airflow/.local/lib/python3.12/site-packages/airflow/example_dags/example_subdag_operator.py for tasks to queue
[2026-08-12T04:44:05.330+0000] {logging_mixin.py:190} INFO - [2026-08-12T04:44:05.330+0000] {dagbag.py:587} INFO - Filling up the DagBag from /home/airflow/.local/lib/python3.12/site-packages/airflow/example_dags/example_subdag_operator.py
[2026-08-12T04:44:05.356+0000] {processor.py:925} INFO - DAG(s) 'example_subdag_operator.section-1', 'example_subdag_operator.section-2', 'example_subdag_operator' retrieved from /home/airflow/.local/lib/python3.12/site-packages/airflow/example_dags/example_subdag_operator.py
[2026-08-12T04:44:05.370+0000] {logging_mixin.py:190} INFO - [2026-08-12T04:44:05.370+0000] {dag.py:3211} INFO - Sync 3 DAGs
[2026-08-12T04:44:05.391+0000] {logging_mixin.py:190} INFO - [2026-08-12T04:44:05.391+0000] {dag.py:4138} INFO - Setting next_dagrun for example_subdag_operator to 2022-01-01 00:00:00+00:00, run_after=2022-01-01 00:00:00+00:00
[2026-08-12T04:44:05.396+0000] {logging_mixin.py:190} INFO - [2026-08-12T04:44:05.395+0000] {dag.py:4138} INFO - Setting next_dagrun for example_subdag_operator.section-1 to None, run_after=None
[2026-08-12T04:44:05.398+0000] {logging_mixin.py:190} INFO - [2026-08-12T04:44:05.398+0000] {dag.py:4138} INFO - Setting next_dagrun for example_subdag_operator.section-2 to None, run_after=None
[2026-08-12T04:44:05.405+0000] {logging_mixin.py:190} INFO - [2026-08-12T04:44:05.405+0000] {dag.py:3211} INFO - Sync 2 DAGs
[2026-08-12T04:44:05.411+0000] {logging_mixin.py:190} INFO - [2026-08-12T04:44:05.411+0000] {dag.py:4138} INFO - Setting next_dagrun for example_subdag_operator.section-1 to None, run_after=None
[2026-08-12T04:44:05.412+0000] {logging_mixin.py:190} INFO - [2026-08-12T04:44:05.412+0000] {dag.py:4138} INFO - Setting next_dagrun for example_subdag_operator.section-2 to None, run_after=None
[2026-08-12T04:44:05.424+0000] {processor.py:208} INFO - Processing /home/airflow/.local/lib/python3.12/site-packages/airflow/example_dags/example_subdag_operator.py took 0.105 seconds
[2026-08-12T04:44:35.961+0000] {processor.py:186} INFO - Started process (PID=1488) to work on /home/airflow/.local/lib/python3.12/site-packages/airflow/example_dags/example_subdag_operator.py
[2026-08-12T04:44:35.963+0000] {processor.py:914} INFO - Processing file /home/airflow/.local/lib/python3.12/site-packages/airflow/example_dags/example_subdag_operator.py for tasks to queue
[2026-08-12T04:44:35.967+0000] {logging_mixin.py:190} INFO - [2026-08-12T04:44:35.966+0000] {dagbag.py:587} INFO - Filling up the DagBag from /home/airflow/.local/lib/python3.12/site-packages/airflow/example_dags/example_subdag_operator.py
[2026-08-12T04:44:35.996+0000] {processor.py:925} INFO - DAG(s) 'example_subdag_operator.section-1', 'example_subdag_operator.section-2', 'example_subdag_operator' retrieved from /home/airflow/.local/lib/python3.12/site-packages/airflow/example_dags/example_subdag_operator.py
[2026-08-12T04:44:36.010+0000] {logging_mixin.py:190} INFO - [2026-08-12T04:44:36.010+0000] {dag.py:3211} INFO - Sync 3 DAGs
[2026-08-12T04:44:36.032+0000] {logging_mixin.py:190} INFO - [2026-08-12T04:44:36.032+0000] {dag.py:4138} INFO - Setting next_dagrun for example_subdag_operator to 2022-01-01 00:00:00+00:00, run_after=2022-01-01 00:00:00+00:00
[2026-08-12T04:44:36.036+0000] {logging_mixin.py:190} INFO - [2026-08-12T04:44:36.036+0000] {dag.py:4138} INFO - Setting next_dagrun for example_subdag_operator.section-1 to None, run_after=None
[2026-08-12T04:44:36.039+0000] {logging_mixin.py:190} INFO - [2026-08-12T04:44:36.039+0000] {dag.py:4138} INFO - Setting next_dagrun for example_subdag_operator.section-2 to None, run_after=None
[2026-08-12T04:44:36.046+0000] {logging_mixin.py:190} INFO - [2026-08-12T04:44:36.046+0000] {dag.py:3211} INFO - Sync 2 DAGs
[2026-08-12T04:44:36.052+0000] {logging_mixin.py:190} INFO - [2026-08-12T04:44:36.051+0000] {dag.py:4138} INFO - Setting next_dagrun for example_subdag_operator.section-1 to None, run_after=None
[2026-08-12T04:44:36.053+0000] {logging_mixin.py:190} INFO - [2026-08-12T04:44:36.053+0000] {dag.py:4138} INFO - Setting next_dagrun for example_subdag_operator.section-2 to None, run_after=None
[2026-08-12T04:44:36.067+0000] {processor.py:208} INFO - Processing /home/airflow/.local/lib/python3.12/site-packages/airflow/example_dags/example_subdag_operator.py took 0.115 seconds
[2026-08-12T04:45:06.461+0000] {processor.py:186} INFO - Started process (PID=1550) to work on /home/airflow/.local/lib/python3.12/site-packages/airflow/example_dags/example_subdag_operator.py
[2026-08-12T04:45:06.463+0000] {processor.py:914} INFO - Processing file /home/airflow/.local/lib/python3.12/site-packages/airflow/example_dags/example_subdag_operator.py for tasks to queue
[2026-08-12T04:45:06.466+0000] {logging_mixin.py:190} INFO - [2026-08-12T04:45:06.466+0000] {dagbag.py:587} INFO - Filling up the DagBag from /home/airflow/.local/lib/python3.12/site-packages/airflow/example_dags/example_subdag_operator.py
[2026-08-12T04:45:06.491+0000] {processor.py:925} INFO - DAG(s) 'example_subdag_operator.section-1', 'example_subdag_operator.section-2', 'example_subdag_operator' retrieved from /home/airflow/.local/lib/python3.12/site-packages/airflow/example_dags/example_subdag_operator.py
[2026-08-12T04:45:06.504+0000] {logging_mixin.py:190} INFO - [2026-08-12T04:45:06.504+0000] {dag.py:3211} INFO - Sync 3 DAGs
[2026-08-12T04:45:06.525+0000] {logging_mixin.py:190} INFO - [2026-08-12T04:45:06.525+0000] {dag.py:4138} INFO - Setting next_dagrun for example_subdag_operator to 2022-01-01 00:00:00+00:00, run_after=2022-01-01 00:00:00+00:00
[2026-08-12T04:45:06.529+0000] {logging_mixin.py:190} INFO - [2026-08-12T04:45:06.529+0000] {dag.py:4138} INFO - Setting next_dagrun for example_subdag_operator.section-1 to None, run_after=None
[2026-08-12T04:45:06.532+0000] {logging_mixin.py:190} INFO - [2026-08-12T04:45:06.531+0000] {dag.py:4138} INFO - Setting next_dagrun for example_subdag_operator.section-2 to None, run_after=None
[2026-08-12T04:45:06.538+0000] {logging_mixin.py:190} INFO - [2026-08-12T04:45:06.538+0000] {dag.py:3211} INFO - Sync 2 DAGs
[2026-08-12T04:45:06.544+0000] {logging_mixin.py:190} INFO - [2026-08-12T04:45:06.544+0000] {dag.py:4138} INFO - Setting next_dagrun for example_subdag_operator.section-1 to None, run_after=None
[2026-08-12T04:45:06.546+0000] {logging_mixin.py:190} INFO - [2026-08-12T04:45:06.546+0000] {dag.py:4138} INFO - Setting next_dagrun for example_subdag_operator.section-2 to None, run_after=None
[2026-08-12T04:45:06.557+0000] {processor.py:208} INFO - Processing /home/airflow/.local/lib/python3.12/site-packages/airflow/example_dags/example_subdag_operator.py took 0.102 seconds
[2026-08-12T04:45:37.371+0000] {processor.py:186} INFO - Started process (PID=1612) to work on /home/airflow/.local/lib/python3.12/site-packages/airflow/example_dags/example_subdag_operator.py
[2026-08-12T04:45:37.373+0000] {processor.py:914} INFO - Processing file /home/airflow/.local/lib/python3.12/site-packages/airflow/example_dags/example_subdag_operator.py for tasks to queue
[2026-08-12T04:45:37.377+0000] {logging_mixin.py:190} INFO - [2026-08-12T04:45:37.376+0000] {dagbag.py:587} INFO - Filling up the DagBag from /home/airflow/.local/lib/python3.12/site-packages/airflow/example_dags/example_subdag_operator.py
[2026-08-12T04:45:37.406+0000] {processor.py:925} INFO - DAG(s) 'example_subdag_operator.section-1', 'example_subdag_operator.section-2', 'example_subdag_operator' retrieved from /home/airflow/.local/lib/python3.12/site-packages/airflow/example_dags/example_subdag_operator.py
[2026-08-12T04:45:37.425+0000] {logging_mixin.py:190} INFO - [2026-08-12T04:45:37.424+0000] {dag.py:3211} INFO - Sync 3 DAGs
[2026-08-12T04:45:37.453+0000] {logging_mixin.py:190} INFO - [2026-08-12T04:45:37.452+0000] {dag.py:4138} INFO - Setting next_dagrun for example_subdag_operator to 2022-01-01 00:00:00+00:00, run_after=2022-01-01 00:00:00+00:00
[2026-08-12T04:45:37.463+0000] {logging_mixin.py:190} INFO - [2026-08-12T04:45:37.463+0000] {dag.py:4138} INFO - Setting next_dagrun for example_subdag_operator.section-1 to None, run_after=None
[2026-08-12T04:45:37.467+0000] {logging_mixin.py:190} INFO - [2026-08-12T04:45:37.466+0000] {dag.py:4138} INFO - Setting next_dagrun for example_subdag_operator.section-2 to None, run_after=None
[2026-08-12T04:45:37.484+0000] {logging_mixin.py:190} INFO - [2026-08-12T04:45:37.482+0000] {dag.py:3211} INFO - Sync 2 DAGs
[2026-08-12T04:45:37.496+0000] {logging_mixin.py:190} INFO - [2026-08-12T04:45:37.496+0000] {dag.py:4138} INFO - Setting next_dagrun for example_subdag_operator.section-1 to None, run_after=None
[2026-08-12T04:45:37.499+0000] {logging_mixin.py:190} INFO - [2026-08-12T04:45:37.498+0000] {dag.py:4138} INFO - Setting next_dagrun for example_subdag_operator.section-2 to None, run_after=None
[2026-08-12T04:45:37.523+0000] {processor.py:208} INFO - Processing /home/airflow/.local/lib/python3.12/site-packages/airflow/example_dags/example_subdag_operator.py took 0.159 seconds
[2026-08-12T04:46:07.750+0000] {processor.py:186} INFO - Started process (PID=1674) to work on /home/airflow/.local/lib/python3.12/site-packages/airflow/example_dags/example_subdag_operator.py
[2026-08-12T04:46:07.751+0000] {processor.py:914} INFO - Processing file /home/airflow/.local/lib/python3.12/site-packages/airflow/example_dags/example_subdag_operator.py for tasks to queue
[2026-08-12T04:46:07.755+0000] {logging_mixin.py:190} INFO - [2026-08-12T04:46:07.754+0000] {dagbag.py:587} INFO - Filling up the DagBag from /home/airflow/.local/lib/python3.12/site-packages/airflow/example_dags/example_subdag_operator.py
[2026-08-12T04:46:07.780+0000] {processor.py:925} INFO - DAG(s) 'example_subdag_operator.section-1', 'example_subdag_operator.section-2', 'example_subdag_operator' retrieved from /home/airflow/.local/lib/python3.12/site-packages/airflow/example_dags/example_subdag_operator.py
[2026-08-12T04:46:07.793+0000] {logging_mixin.py:190} INFO - [2026-08-12T04:46:07.793+0000] {dag.py:3211} INFO - Sync 3 DAGs
[2026-08-12T04:46:07.813+0000] {logging_mixin.py:190} INFO - [2026-08-12T04:46:07.813+0000] {dag.py:4138} INFO - Setting next_dagrun for example_subdag_operator to 2022-01-01 00:00:00+00:00, run_after=2022-01-01 00:00:00+00:00
[2026-08-12T04:46:07.818+0000] {logging_mixin.py:190} INFO - [2026-08-12T04:46:07.818+0000] {dag.py:4138} INFO - Setting next_dagrun for example_subdag_operator.section-1 to None, run_after=None
[2026-08-12T04:46:07.820+0000] {logging_mixin.py:190} INFO - [2026-08-12T04:46:07.820+0000] {dag.py:4138} INFO - Setting next_dagrun for example_subdag_operator.section-2 to None, run_after=None
[2026-08-12T04:46:07.827+0000] {logging_mixin.py:190} INFO - [2026-08-12T04:46:07.827+0000] {dag.py:3211} INFO - Sync 2 DAGs
[2026-08-12T04:46:07.833+0000] {logging_mixin.py:190} INFO - [2026-08-12T04:46:07.833+0000] {dag.py:4138} INFO - Setting next_dagrun for example_subdag_operator.section-1 to None, run_after=None
[2026-08-12T04:46:07.835+0000] {logging_mixin.py:190} INFO - [2026-08-12T04:46:07.835+0000] {dag.py:4138} INFO - Setting next_dagrun for example_subdag_operator.section-2 to None, run_after=None
[2026-08-12T04:46:07.847+0000] {processor.py:208} INFO - Processing /home/airflow/.local/lib/python3.12/site-packages/airflow/example_dags/example_subdag_operator.py took 0.103 seconds
[2026-08-12T04:46:38.274+0000] {processor.py:186} INFO - Started process (PID=1736) to work on /home/airflow/.local/lib/python3.12/site-packages/airflow/example_dags/example_subdag_operator.py
[2026-08-12T04:46:38.276+0000] {processor.py:914} INFO - Processing file /home/airflow/.local/lib/python3.12/site-packages/airflow/example_dags/example_subdag_operator.py for tasks to queue
[2026-08-12T04:46:38.279+0000] {logging_mixin.py:190} INFO - [2026-08-12T04:46:38.279+0000] {dagbag.py:587} INFO - Filling up the DagBag from /home/airflow/.local/lib/python3.12/site-packages/airflow/example_dags/example_subdag_operator.py
[2026-08-12T04:46:38.307+0000] {processor.py:925} INFO - DAG(s) 'example_subdag_operator.section-1', 'example_subdag_operator.section-2', 'example_subdag_operator' retrieved from /home/airflow/.local/lib/python3.12/site-packages/airflow/example_dags/example_subdag_operator.py
[2026-08-12T04:46:38.322+0000] {logging_mixin.py:190} INFO - [2026-08-12T04:46:38.322+0000] {dag.py:3211} INFO - Sync 3 DAGs
[2026-08-12T04:46:38.347+0000] {logging_mixin.py:190} INFO - [2026-08-12T04:46:38.347+0000] {dag.py:4138} INFO - Setting next_dagrun for example_subdag_operator to 2022-01-01 00:00:00+00:00, run_after=2022-01-01 00:00:00+00:00
[2026-08-12T04:46:38.353+0000] {logging_mixin.py:190} INFO - [2026-08-12T04:46:38.353+0000] {dag.py:4138} INFO - Setting next_dagrun for example_subdag_operator.section-1 to None, run_after=None
[2026-08-12T04:46:38.356+0000] {logging_mixin.py:190} INFO - [2026-08-12T04:46:38.355+0000] {dag.py:4138} INFO - Setting next_dagrun for example_subdag_operator.section-2 to None, run_after=None
[2026-08-12T04:46:38.366+0000] {logging_mixin.py:190} INFO - [2026-08-12T04:46:38.365+0000] {dag.py:3211} INFO - Sync 2 DAGs
[2026-08-12T04:46:38.372+0000] {logging_mixin.py:190} INFO - [2026-08-12T04:46:38.372+0000] {dag.py:4138} INFO - Setting next_dagrun for example_subdag_operator.section-1 to None, run_after=None
[2026-08-12T04:46:38.373+0000] {logging_mixin.py:190} INFO - [2026-08-12T04:46:38.373+0000] {dag.py:4138} INFO - Setting next_dagrun for example_subdag_operator.section-2 to None, run_after=None
[2026-08-12T04:46:38.402+0000] {processor.py:208} INFO - Processing /home/airflow/.local/lib/python3.12/site-packages/airflow/example_dags/example_subdag_operator.py took 0.135 seconds
[2026-08-12T04:47:08.802+0000] {processor.py:186} INFO - Started process (PID=1798) to work on /home/airflow/.local/lib/python3.12/site-packages/airflow/example_dags/example_subdag_operator.py
[2026-08-12T04:47:08.804+0000] {processor.py:914} INFO - Processing file /home/airflow/.local/lib/python3.12/site-packages/airflow/example_dags/example_subdag_operator.py for tasks to queue
[2026-08-12T04:47:08.807+0000] {logging_mixin.py:190} INFO - [2026-08-12T04:47:08.807+0000] {dagbag.py:587} INFO - Filling up the DagBag from /home/airflow/.local/lib/python3.12/site-packages/airflow/example_dags/example_subdag_operator.py
[2026-08-12T04:47:08.835+0000] {processor.py:925} INFO - DAG(s) 'example_subdag_operator.section-1', 'example_subdag_operator.section-2', 'example_subdag_operator' retrieved from /home/airflow/.local/lib/python3.12/site-packages/airflow/example_dags/example_subdag_operator.py
[2026-08-12T04:47:08.849+0000] {logging_mixin.py:190} INFO - [2026-08-12T04:47:08.849+0000] {dag.py:3211} INFO - Sync 3 DAGs
[2026-08-12T04:47:08.871+0000] {logging_mixin.py:190} INFO - [2026-08-12T04:47:08.871+0000] {dag.py:4138} INFO - Setting next_dagrun for example_subdag_operator to 2022-01-01 00:00:00+00:00, run_after=2022-01-01 00:00:00+00:00
[2026-08-12T04:47:08.875+0000] {logging_mixin.py:190} INFO - [2026-08-12T04:47:08.875+0000] {dag.py:4138} INFO - Setting next_dagrun for example_subdag_operator.section-1 to None, run_after=None
[2026-08-12T04:47:08.877+0000] {logging_mixin.py:190} INFO - [2026-08-12T04:47:08.877+0000] {dag.py:4138} INFO - Setting next_dagrun for example_subdag_operator.section-2 to None, run_after=None
[2026-08-12T04:47:08.884+0000] {logging_mixin.py:190} INFO - [2026-08-12T04:47:08.884+0000] {dag.py:3211} INFO - Sync 2 DAGs
[2026-08-12T04:47:08.891+0000] {logging_mixin.py:190} INFO - [2026-08-12T04:47:08.891+0000] {dag.py:4138} INFO - Setting next_dagrun for example_subdag_operator.section-1 to None, run_after=None
[2026-08-12T04:47:08.892+0000] {logging_mixin.py:190} INFO - [2026-08-12T04:47:08.892+0000] {dag.py:4138} INFO - Setting next_dagrun for example_subdag_operator.section-2 to None, run_after=None
[2026-08-12T04:47:08.907+0000] {processor.py:208} INFO - Processing /home/airflow/.local/lib/python3.12/site-packages/airflow/example_dags/example_subdag_operator.py took 0.111 seconds
[2026-08-12T04:47:39.133+0000] {processor.py:186} INFO - Started process (PID=1860) to work on /home/airflow/.local/lib/python3.12/site-packages/airflow/example_dags/example_subdag_operator.py
[2026-08-12T04:47:39.136+0000] {processor.py:914} INFO - Processing file /home/airflow/.local/lib/python3.12/site-packages/airflow/example_dags/example_subdag_operator.py for tasks to queue
[2026-08-12T04:47:39.140+0000] {logging_mixin.py:190} INFO - [2026-08-12T04:47:39.139+0000] {dagbag.py:587} INFO - Filling up the DagBag from /home/airflow/.local/lib/python3.12/site-packages/airflow/example_dags/example_subdag_operator.py
[2026-08-12T04:47:39.173+0000] {processor.py:925} INFO - DAG(s) 'example_subdag_operator.section-1', 'example_subdag_operator.section-2', 'example_subdag_operator' retrieved from /home/airflow/.local/lib/python3.12/site-packages/airflow/example_dags/example_subdag_operator.py
[2026-08-12T04:47:39.194+0000] {logging_mixin.py:190} INFO - [2026-08-12T04:47:39.194+0000] {dag.py:3211} INFO - Sync 3 DAGs
[2026-08-12T04:47:39.227+0000] {logging_mixin.py:190} INFO - [2026-08-12T04:47:39.226+0000] {dag.py:4138} INFO - Setting next_dagrun for example_subdag_operator to 2022-01-01 00:00:00+00:00, run_after=2022-01-01 00:00:00+00:00
[2026-08-12T04:47:39.233+0000] {logging_mixin.py:190} INFO - [2026-08-12T04:47:39.232+0000] {dag.py:4138} INFO - Setting next_dagrun for example_subdag_operator.section-1 to None, run_after=None
[2026-08-12T04:47:39.235+0000] {logging_mixin.py:190} INFO - [2026-08-12T04:47:39.234+0000] {dag.py:4138} INFO - Setting next_dagrun for example_subdag_operator.section-2 to None, run_after=None
[2026-08-12T04:47:39.243+0000] {logging_mixin.py:190} INFO - [2026-08-12T04:47:39.243+0000] {dag.py:3211} INFO - Sync 2 DAGs
[2026-08-12T04:47:39.249+0000] {logging_mixin.py:190} INFO - [2026-08-12T04:47:39.249+0000] {dag.py:4138} INFO - Setting next_dagrun for example_subdag_operator.section-1 to None, run_after=None
[2026-08-12T04:47:39.251+0000] {logging_mixin.py:190} INFO - [2026-08-12T04:47:39.251+0000] {dag.py:4138} INFO - Setting next_dagrun for example_subdag_operator.section-2 to None, run_after=None
[2026-08-12T04:47:39.263+0000] {processor.py:208} INFO - Processing /home/airflow/.local/lib/python3.12/site-packages/airflow/example_dags/example_subdag_operator.py took 0.137 seconds
[2026-08-12T04:48:09.844+0000] {processor.py:186} INFO - Started process (PID=1922) to work on /home/airflow/.local/lib/python3.12/site-packages/airflow/example_dags/example_subdag_operator.py
[2026-08-12T04:48:09.847+0000] {processor.py:914} INFO - Processing file /home/airflow/.local/lib/python3.12/site-packages/airflow/example_dags/example_subdag_operator.py for tasks to queue
[2026-08-12T04:48:09.852+0000] {logging_mixin.py:190} INFO - [2026-08-12T04:48:09.852+0000] {dagbag.py:587} INFO - Filling up the DagBag from /home/airflow/.local/lib/python3.12/site-packages/airflow/example_dags/example_subdag_operator.py
[2026-08-12T04:48:09.886+0000] {processor.py:925} INFO - DAG(s) 'example_subdag_operator.section-1', 'example_subdag_operator.section-2', 'example_subdag_operator' retrieved from /home/airflow/.local/lib/python3.12/site-packages/airflow/example_dags/example_subdag_operator.py
[2026-08-12T04:48:09.904+0000] {logging_mixin.py:190} INFO - [2026-08-12T04:48:09.904+0000] {dag.py:3211} INFO - Sync 3 DAGs
[2026-08-12T04:48:09.944+0000] {logging_mixin.py:190} INFO - [2026-08-12T04:48:09.944+0000] {dag.py:4138} INFO - Setting next_dagrun for example_subdag_operator to 2022-01-01 00:00:00+00:00, run_after=2022-01-01 00:00:00+00:00
[2026-08-12T04:48:09.951+0000] {logging_mixin.py:190} INFO - [2026-08-12T04:48:09.950+0000] {dag.py:4138} INFO - Setting next_dagrun for example_subdag_operator.section-1 to None, run_after=None
[2026-08-12T04:48:09.953+0000] {logging_mixin.py:190} INFO - [2026-08-12T04:48:09.953+0000] {dag.py:4138} INFO - Setting next_dagrun for example_subdag_operator.section-2 to None, run_after=None
[2026-08-12T04:48:09.975+0000] {logging_mixin.py:190} INFO - [2026-08-12T04:48:09.975+0000] {dag.py:3211} INFO - Sync 2 DAGs
[2026-08-12T04:48:09.982+0000] {logging_mixin.py:190} INFO - [2026-08-12T04:48:09.982+0000] {dag.py:4138} INFO - Setting next_dagrun for example_subdag_operator.section-1 to None, run_after=None
[2026-08-12T04:48:09.983+0000] {logging_mixin.py:190} INFO - [2026-08-12T04:48:09.983+0000] {dag.py:4138} INFO - Setting next_dagrun for example_subdag_operator.section-2 to None, run_after=None
[2026-08-12T04:48:10.011+0000] {processor.py:208} INFO - Processing /home/airflow/.local/lib/python3.12/site-packages/airflow/example_dags/example_subdag_operator.py took 0.183 seconds
[2026-08-12T04:48:40.366+0000] {processor.py:186} INFO - Started process (PID=1984) to work on /home/airflow/.local/lib/python3.12/site-packages/airflow/example_dags/example_subdag_operator.py
[2026-08-12T04:48:40.368+0000] {processor.py:914} INFO - Processing file /home/airflow/.local/lib/python3.12/site-packages/airflow/example_dags/example_subdag_operator.py for tasks to queue
[2026-08-12T04:48:40.370+0000] {logging_mixin.py:190} INFO - [2026-08-12T04:48:40.370+0000] {dagbag.py:587} INFO - Filling up the DagBag from /home/airflow/.local/lib/python3.12/site-packages/airflow/example_dags/example_subdag_operator.py
[2026-08-12T04:48:40.394+0000] {processor.py:925} INFO - DAG(s) 'example_subdag_operator.section-1', 'example_subdag_operator.section-2', 'example_subdag_operator' retrieved from /home/airflow/.local/lib/python3.12/site-packages/airflow/example_dags/example_subdag_operator.py
[2026-08-12T04:48:40.412+0000] {logging_mixin.py:190} INFO - [2026-08-12T04:48:40.411+0000] {dag.py:3211} INFO - Sync 3 DAGs
[2026-08-12T04:48:40.437+0000] {logging_mixin.py:190} INFO - [2026-08-12T04:48:40.437+0000] {dag.py:4138} INFO - Setting next_dagrun for example_subdag_operator to 2022-01-01 00:00:00+00:00, run_after=2022-01-01 00:00:00+00:00
[2026-08-12T04:48:40.442+0000] {logging_mixin.py:190} INFO - [2026-08-12T04:48:40.442+0000] {dag.py:4138} INFO - Setting next_dagrun for example_subdag_operator.section-1 to None, run_after=None
[2026-08-12T04:48:40.445+0000] {logging_mixin.py:190} INFO - [2026-08-12T04:48:40.444+0000] {dag.py:4138} INFO - Setting next_dagrun for example_subdag_operator.section-2 to None, run_after=None
[2026-08-12T04:48:40.454+0000] {logging_mixin.py:190} INFO - [2026-08-12T04:48:40.454+0000] {dag.py:3211} INFO - Sync 2 DAGs
[2026-08-12T04:48:40.462+0000] {logging_mixin.py:190} INFO - [2026-08-12T04:48:40.462+0000] {dag.py:4138} INFO - Setting next_dagrun for example_subdag_operator.section-1 to None, run_after=None
[2026-08-12T04:48:40.464+0000] {logging_mixin.py:190} INFO - [2026-08-12T04:48:40.464+0000] {dag.py:4138} INFO - Setting next_dagrun for example_subdag_operator.section-2 to None, run_after=None
[2026-08-12T04:48:40.478+0000] {processor.py:208} INFO - Processing /home/airflow/.local/lib/python3.12/site-packages/airflow/example_dags/example_subdag_operator.py took 0.117 seconds
[2026-08-12T04:49:10.892+0000] {processor.py:186} INFO - Started process (PID=2046) to work on /home/airflow/.local/lib/python3.12/site-packages/airflow/example_dags/example_subdag_operator.py
[2026-08-12T04:49:10.894+0000] {processor.py:914} INFO - Processing file /home/airflow/.local/lib/python3.12/site-packages/airflow/example_dags/example_subdag_operator.py for tasks to queue
[2026-08-12T04:49:10.899+0000] {logging_mixin.py:190} INFO - [2026-08-12T04:49:10.898+0000] {dagbag.py:587} INFO - Filling up the DagBag from /home/airflow/.local/lib/python3.12/site-packages/airflow/example_dags/example_subdag_operator.py
[2026-08-12T04:49:10.924+0000] {processor.py:925} INFO - DAG(s) 'example_subdag_operator.section-1', 'example_subdag_operator.section-2', 'example_subdag_operator' retrieved from /home/airflow/.local/lib/python3.12/site-packages/airflow/example_dags/example_subdag_operator.py
[2026-08-12T04:49:10.941+0000] {logging_mixin.py:190} INFO - [2026-08-12T04:49:10.941+0000] {dag.py:3211} INFO - Sync 3 DAGs
[2026-08-12T04:49:10.967+0000] {logging_mixin.py:190} INFO - [2026-08-12T04:49:10.967+0000] {dag.py:4138} INFO - Setting next_dagrun for example_subdag_operator to 2022-01-01 00:00:00+00:00, run_after=2022-01-01 00:00:00+00:00
[2026-08-12T04:49:10.973+0000] {logging_mixin.py:190} INFO - [2026-08-12T04:49:10.972+0000] {dag.py:4138} INFO - Setting next_dagrun for example_subdag_operator.section-1 to None, run_after=None
[2026-08-12T04:49:10.976+0000] {logging_mixin.py:190} INFO - [2026-08-12T04:49:10.976+0000] {dag.py:4138} INFO - Setting next_dagrun for example_subdag_operator.section-2 to None, run_after=None
[2026-08-12T04:49:10.999+0000] {logging_mixin.py:190} INFO - [2026-08-12T04:49:10.998+0000] {dag.py:3211} INFO - Sync 2 DAGs
[2026-08-12T04:49:11.006+0000] {logging_mixin.py:190} INFO - [2026-08-12T04:49:11.005+0000] {dag.py:4138} INFO - Setting next_dagrun for example_subdag_operator.section-1 to None, run_after=None
[2026-08-12T04:49:11.008+0000] {logging_mixin.py:190} INFO - [2026-08-12T04:49:11.008+0000] {dag.py:4138} INFO - Setting next_dagrun for example_subdag_operator.section-2 to None, run_after=None
[2026-08-12T04:49:11.023+0000] {processor.py:208} INFO - Processing /home/airflow/.local/lib/python3.12/site-packages/airflow/example_dags/example_subdag_operator.py took 0.137 seconds
[2026-08-12T04:49:41.238+0000] {processor.py:186} INFO - Started process (PID=2108) to work on /home/airflow/.local/lib/python3.12/site-packages/airflow/example_dags/example_subdag_operator.py
[2026-08-12T04:49:41.239+0000] {processor.py:914} INFO - Processing file /home/airflow/.local/lib/python3.12/site-packages/airflow/example_dags/example_subdag_operator.py for tasks to queue
[2026-08-12T04:49:41.242+0000] {logging_mixin.py:190} INFO - [2026-08-12T04:49:41.242+0000] {dagbag.py:587} INFO - Filling up the DagBag from /home/airflow/.local/lib/python3.12/site-packages/airflow/example_dags/example_subdag_operator.py
[2026-08-12T04:49:41.273+0000] {processor.py:925} INFO - DAG(s) 'example_subdag_operator.section-1', 'example_subdag_operator.section-2', 'example_subdag_operator' retrieved from /home/airflow/.local/lib/python3.12/site-packages/airflow/example_dags/example_subdag_operator.py
[2026-08-12T04:49:41.291+0000] {logging_mixin.py:190} INFO - [2026-08-12T04:49:41.291+0000] {dag.py:3211} INFO - Sync 3 DAGs
[2026-08-12T04:49:41.314+0000] {logging_mixin.py:190} INFO - [2026-08-12T04:49:41.314+0000] {dag.py:4138} INFO - Setting next_dagrun for example_subdag_operator to 2022-01-01 00:00:00+00:00, run_after=2022-01-01 00:00:00+00:00
[2026-08-12T04:49:41.319+0000] {logging_mixin.py:190} INFO - [2026-08-12T04:49:41.318+0000] {dag.py:4138} INFO - Setting next_dagrun for example_subdag_operator.section-1 to None, run_after=None
[2026-08-12T04:49:41.321+0000] {logging_mixin.py:190} INFO - [2026-08-12T04:49:41.321+0000] {dag.py:4138} INFO - Setting next_dagrun for example_subdag_operator.section-2 to None, run_after=None
[2026-08-12T04:49:41.329+0000] {logging_mixin.py:190} INFO - [2026-08-12T04:49:41.329+0000] {dag.py:3211} INFO - Sync 2 DAGs
[2026-08-12T04:49:41.336+0000] {logging_mixin.py:190} INFO - [2026-08-12T04:49:41.336+0000] {dag.py:4138} INFO - Setting next_dagrun for example_subdag_operator.section-1 to None, run_after=None
[2026-08-12T04:49:41.338+0000] {logging_mixin.py:190} INFO - [2026-08-12T04:49:41.337+0000] {dag.py:4138} INFO - Setting next_dagrun for example_subdag_operator.section-2 to None, run_after=None
[2026-08-12T04:49:41.351+0000] {processor.py:208} INFO - Processing /home/airflow/.local/lib/python3.12/site-packages/airflow/example_dags/example_subdag_operator.py took 0.119 seconds
