[2026-08-12T04:30:32.007+0000] {processor.py:186} INFO - Started process (PID=66) to work on /home/airflow/.local/lib/python3.12/site-packages/airflow/example_dags/example_outlet_event_extra.py
[2026-08-12T04:30:32.010+0000] {processor.py:914} INFO - Processing file /home/airflow/.local/lib/python3.12/site-packages/airflow/example_dags/example_outlet_event_extra.py for tasks to queue
[2026-08-12T04:30:32.015+0000] {logging_mixin.py:190} INFO - [2026-08-12T04:30:32.014+0000] {dagbag.py:587} INFO - Filling up the DagBag from /home/airflow/.local/lib/python3.12/site-packages/airflow/example_dags/example_outlet_event_extra.py
[2026-08-12T04:30:32.834+0000] {processor.py:925} INFO - DAG(s) 'dataset_with_extra_from_classic_operator', 'dataset_with_extra_by_yield', 'dataset_with_extra_by_context' retrieved from /home/airflow/.local/lib/python3.12/site-packages/airflow/example_dags/example_outlet_event_extra.py
[2026-08-12T04:30:32.997+0000] {logging_mixin.py:190} INFO - [2026-08-12T04:30:32.996+0000] {override.py:1858} INFO - Created Permission View: can edit on DAG:dataset_with_extra_from_classic_operator
[2026-08-12T04:30:33.015+0000] {logging_mixin.py:190} INFO - [2026-08-12T04:30:33.014+0000] {override.py:1858} INFO - Created Permission View: can delete on DAG:dataset_with_extra_from_classic_operator
[2026-08-12T04:30:33.034+0000] {logging_mixin.py:190} INFO - [2026-08-12T04:30:33.033+0000] {override.py:1858} INFO - Created Permission View: can read on DAG:dataset_with_extra_from_classic_operator
[2026-08-12T04:30:33.059+0000] {logging_mixin.py:190} INFO - [2026-08-12T04:30:33.058+0000] {override.py:1858} INFO - Created Permission View: can edit on DAG:dataset_with_extra_by_yield
[2026-08-12T04:30:33.069+0000] {logging_mixin.py:190} INFO - [2026-08-12T04:30:33.069+0000] {override.py:1858} INFO - Created Permission View: can delete on DAG:dataset_with_extra_by_yield
[2026-08-12T04:30:33.083+0000] {logging_mixin.py:190} INFO - [2026-08-12T04:30:33.082+0000] {override.py:1858} INFO - Created Permission View: can read on DAG:dataset_with_extra_by_yield
[2026-08-12T04:30:33.102+0000] {logging_mixin.py:190} INFO - [2026-08-12T04:30:33.101+0000] {override.py:1858} INFO - Created Permission View: can edit on DAG:dataset_with_extra_by_context
[2026-08-12T04:30:33.113+0000] {logging_mixin.py:190} INFO - [2026-08-12T04:30:33.112+0000] {override.py:1858} INFO - Created Permission View: can delete on DAG:dataset_with_extra_by_context
[2026-08-12T04:30:33.125+0000] {logging_mixin.py:190} INFO - [2026-08-12T04:30:33.124+0000] {override.py:1858} INFO - Created Permission View: can read on DAG:dataset_with_extra_by_context
[2026-08-12T04:30:33.127+0000] {logging_mixin.py:190} INFO - [2026-08-12T04:30:33.126+0000] {dag.py:3211} INFO - Sync 3 DAGs
[2026-08-12T04:30:33.149+0000] {logging_mixin.py:190} INFO - [2026-08-12T04:30:33.149+0000] {dag.py:3234} INFO - Creating ORM DAG for dataset_with_extra_by_yield
[2026-08-12T04:30:33.152+0000] {logging_mixin.py:190} INFO - [2026-08-12T04:30:33.152+0000] {dag.py:3234} INFO - Creating ORM DAG for dataset_with_extra_from_classic_operator
[2026-08-12T04:30:33.154+0000] {logging_mixin.py:190} INFO - [2026-08-12T04:30:33.154+0000] {dag.py:3234} INFO - Creating ORM DAG for dataset_with_extra_by_context
[2026-08-12T04:30:33.169+0000] {logging_mixin.py:190} INFO - [2026-08-12T04:30:33.169+0000] {dag.py:4138} INFO - Setting next_dagrun for dataset_with_extra_by_context to 2026-08-11 00:00:00+00:00, run_after=2026-08-12 00:00:00+00:00
[2026-08-12T04:30:33.173+0000] {logging_mixin.py:190} INFO - [2026-08-12T04:30:33.172+0000] {dag.py:4138} INFO - Setting next_dagrun for dataset_with_extra_by_yield to 2026-08-11 00:00:00+00:00, run_after=2026-08-12 00:00:00+00:00
[2026-08-12T04:30:33.176+0000] {logging_mixin.py:190} INFO - [2026-08-12T04:30:33.176+0000] {dag.py:4138} INFO - Setting next_dagrun for dataset_with_extra_from_classic_operator to 2026-08-11 00:00:00+00:00, run_after=2026-08-12 00:00:00+00:00
[2026-08-12T04:30:33.219+0000] {processor.py:208} INFO - Processing /home/airflow/.local/lib/python3.12/site-packages/airflow/example_dags/example_outlet_event_extra.py took 1.222 seconds
[2026-08-12T04:31:03.393+0000] {processor.py:186} INFO - Started process (PID=137) to work on /home/airflow/.local/lib/python3.12/site-packages/airflow/example_dags/example_outlet_event_extra.py
[2026-08-12T04:31:03.394+0000] {processor.py:914} INFO - Processing file /home/airflow/.local/lib/python3.12/site-packages/airflow/example_dags/example_outlet_event_extra.py for tasks to queue
[2026-08-12T04:31:03.398+0000] {logging_mixin.py:190} INFO - [2026-08-12T04:31:03.398+0000] {dagbag.py:587} INFO - Filling up the DagBag from /home/airflow/.local/lib/python3.12/site-packages/airflow/example_dags/example_outlet_event_extra.py
[2026-08-12T04:31:03.575+0000] {processor.py:925} INFO - DAG(s) 'dataset_with_extra_from_classic_operator', 'dataset_with_extra_by_context', 'dataset_with_extra_by_yield' retrieved from /home/airflow/.local/lib/python3.12/site-packages/airflow/example_dags/example_outlet_event_extra.py
[2026-08-12T04:31:03.600+0000] {logging_mixin.py:190} INFO - [2026-08-12T04:31:03.600+0000] {dag.py:3211} INFO - Sync 3 DAGs
[2026-08-12T04:31:03.622+0000] {logging_mixin.py:190} INFO - [2026-08-12T04:31:03.622+0000] {dag.py:4138} INFO - Setting next_dagrun for dataset_with_extra_by_context to 2026-08-11 00:00:00+00:00, run_after=2026-08-12 00:00:00+00:00
[2026-08-12T04:31:03.627+0000] {logging_mixin.py:190} INFO - [2026-08-12T04:31:03.627+0000] {dag.py:4138} INFO - Setting next_dagrun for dataset_with_extra_by_yield to 2026-08-11 00:00:00+00:00, run_after=2026-08-12 00:00:00+00:00
[2026-08-12T04:31:03.630+0000] {logging_mixin.py:190} INFO - [2026-08-12T04:31:03.630+0000] {dag.py:4138} INFO - Setting next_dagrun for dataset_with_extra_from_classic_operator to 2026-08-11 00:00:00+00:00, run_after=2026-08-12 00:00:00+00:00
[2026-08-12T04:31:03.653+0000] {processor.py:208} INFO - Processing /home/airflow/.local/lib/python3.12/site-packages/airflow/example_dags/example_outlet_event_extra.py took 0.268 seconds
[2026-08-12T04:31:33.974+0000] {processor.py:186} INFO - Started process (PID=197) to work on /home/airflow/.local/lib/python3.12/site-packages/airflow/example_dags/example_outlet_event_extra.py
[2026-08-12T04:31:33.976+0000] {processor.py:914} INFO - Processing file /home/airflow/.local/lib/python3.12/site-packages/airflow/example_dags/example_outlet_event_extra.py for tasks to queue
[2026-08-12T04:31:33.981+0000] {logging_mixin.py:190} INFO - [2026-08-12T04:31:33.980+0000] {dagbag.py:587} INFO - Filling up the DagBag from /home/airflow/.local/lib/python3.12/site-packages/airflow/example_dags/example_outlet_event_extra.py
[2026-08-12T04:31:34.155+0000] {processor.py:925} INFO - DAG(s) 'dataset_with_extra_by_yield', 'dataset_with_extra_from_classic_operator', 'dataset_with_extra_by_context' retrieved from /home/airflow/.local/lib/python3.12/site-packages/airflow/example_dags/example_outlet_event_extra.py
[2026-08-12T04:31:34.183+0000] {logging_mixin.py:190} INFO - [2026-08-12T04:31:34.182+0000] {dag.py:3211} INFO - Sync 3 DAGs
[2026-08-12T04:31:34.208+0000] {logging_mixin.py:190} INFO - [2026-08-12T04:31:34.207+0000] {dag.py:4138} INFO - Setting next_dagrun for dataset_with_extra_by_context to 2026-08-11 00:00:00+00:00, run_after=2026-08-12 00:00:00+00:00
[2026-08-12T04:31:34.226+0000] {logging_mixin.py:190} INFO - [2026-08-12T04:31:34.226+0000] {dag.py:4138} INFO - Setting next_dagrun for dataset_with_extra_by_yield to 2026-08-11 00:00:00+00:00, run_after=2026-08-12 00:00:00+00:00
[2026-08-12T04:31:34.230+0000] {logging_mixin.py:190} INFO - [2026-08-12T04:31:34.230+0000] {dag.py:4138} INFO - Setting next_dagrun for dataset_with_extra_from_classic_operator to 2026-08-11 00:00:00+00:00, run_after=2026-08-12 00:00:00+00:00
[2026-08-12T04:31:34.257+0000] {processor.py:208} INFO - Processing /home/airflow/.local/lib/python3.12/site-packages/airflow/example_dags/example_outlet_event_extra.py took 0.289 seconds
[2026-08-12T04:32:04.568+0000] {processor.py:186} INFO - Started process (PID=259) to work on /home/airflow/.local/lib/python3.12/site-packages/airflow/example_dags/example_outlet_event_extra.py
[2026-08-12T04:32:04.570+0000] {processor.py:914} INFO - Processing file /home/airflow/.local/lib/python3.12/site-packages/airflow/example_dags/example_outlet_event_extra.py for tasks to queue
[2026-08-12T04:32:04.574+0000] {logging_mixin.py:190} INFO - [2026-08-12T04:32:04.573+0000] {dagbag.py:587} INFO - Filling up the DagBag from /home/airflow/.local/lib/python3.12/site-packages/airflow/example_dags/example_outlet_event_extra.py
[2026-08-12T04:32:04.725+0000] {processor.py:925} INFO - DAG(s) 'dataset_with_extra_by_yield', 'dataset_with_extra_from_classic_operator', 'dataset_with_extra_by_context' retrieved from /home/airflow/.local/lib/python3.12/site-packages/airflow/example_dags/example_outlet_event_extra.py
[2026-08-12T04:32:04.754+0000] {logging_mixin.py:190} INFO - [2026-08-12T04:32:04.754+0000] {dag.py:3211} INFO - Sync 3 DAGs
[2026-08-12T04:32:04.777+0000] {logging_mixin.py:190} INFO - [2026-08-12T04:32:04.776+0000] {dag.py:4138} INFO - Setting next_dagrun for dataset_with_extra_by_context to 2026-08-11 00:00:00+00:00, run_after=2026-08-12 00:00:00+00:00
[2026-08-12T04:32:04.782+0000] {logging_mixin.py:190} INFO - [2026-08-12T04:32:04.781+0000] {dag.py:4138} INFO - Setting next_dagrun for dataset_with_extra_by_yield to 2026-08-11 00:00:00+00:00, run_after=2026-08-12 00:00:00+00:00
[2026-08-12T04:32:04.785+0000] {logging_mixin.py:190} INFO - [2026-08-12T04:32:04.785+0000] {dag.py:4138} INFO - Setting next_dagrun for dataset_with_extra_from_classic_operator to 2026-08-11 00:00:00+00:00, run_after=2026-08-12 00:00:00+00:00
[2026-08-12T04:32:04.821+0000] {processor.py:208} INFO - Processing /home/airflow/.local/lib/python3.12/site-packages/airflow/example_dags/example_outlet_event_extra.py took 0.260 seconds
[2026-08-12T04:32:52.499+0000] {processor.py:186} INFO - Started process (PID=56) to work on /home/airflow/.local/lib/python3.12/site-packages/airflow/example_dags/example_outlet_event_extra.py
[2026-08-12T04:32:52.501+0000] {processor.py:914} INFO - Processing file /home/airflow/.local/lib/python3.12/site-packages/airflow/example_dags/example_outlet_event_extra.py for tasks to queue
[2026-08-12T04:32:52.505+0000] {logging_mixin.py:190} INFO - [2026-08-12T04:32:52.504+0000] {dagbag.py:587} INFO - Filling up the DagBag from /home/airflow/.local/lib/python3.12/site-packages/airflow/example_dags/example_outlet_event_extra.py
[2026-08-12T04:32:52.828+0000] {processor.py:925} INFO - DAG(s) 'dataset_with_extra_from_classic_operator', 'dataset_with_extra_by_context', 'dataset_with_extra_by_yield' retrieved from /home/airflow/.local/lib/python3.12/site-packages/airflow/example_dags/example_outlet_event_extra.py
[2026-08-12T04:32:52.869+0000] {logging_mixin.py:190} INFO - [2026-08-12T04:32:52.869+0000] {dag.py:3211} INFO - Sync 3 DAGs
[2026-08-12T04:32:52.909+0000] {logging_mixin.py:190} INFO - [2026-08-12T04:32:52.908+0000] {dag.py:4138} INFO - Setting next_dagrun for dataset_with_extra_by_context to 2026-08-11 00:00:00+00:00, run_after=2026-08-12 00:00:00+00:00
[2026-08-12T04:32:52.921+0000] {logging_mixin.py:190} INFO - [2026-08-12T04:32:52.920+0000] {dag.py:4138} INFO - Setting next_dagrun for dataset_with_extra_by_yield to 2026-08-11 00:00:00+00:00, run_after=2026-08-12 00:00:00+00:00
[2026-08-12T04:32:52.926+0000] {logging_mixin.py:190} INFO - [2026-08-12T04:32:52.925+0000] {dag.py:4138} INFO - Setting next_dagrun for dataset_with_extra_from_classic_operator to 2026-08-11 00:00:00+00:00, run_after=2026-08-12 00:00:00+00:00
[2026-08-12T04:32:52.982+0000] {processor.py:208} INFO - Processing /home/airflow/.local/lib/python3.12/site-packages/airflow/example_dags/example_outlet_event_extra.py took 0.489 seconds
[2026-08-12T04:33:23.223+0000] {processor.py:186} INFO - Started process (PID=119) to work on /home/airflow/.local/lib/python3.12/site-packages/airflow/example_dags/example_outlet_event_extra.py
[2026-08-12T04:33:23.224+0000] {processor.py:914} INFO - Processing file /home/airflow/.local/lib/python3.12/site-packages/airflow/example_dags/example_outlet_event_extra.py for tasks to queue
[2026-08-12T04:33:23.228+0000] {logging_mixin.py:190} INFO - [2026-08-12T04:33:23.227+0000] {dagbag.py:587} INFO - Filling up the DagBag from /home/airflow/.local/lib/python3.12/site-packages/airflow/example_dags/example_outlet_event_extra.py
[2026-08-12T04:33:23.359+0000] {processor.py:925} INFO - DAG(s) 'dataset_with_extra_by_context', 'dataset_with_extra_from_classic_operator', 'dataset_with_extra_by_yield' retrieved from /home/airflow/.local/lib/python3.12/site-packages/airflow/example_dags/example_outlet_event_extra.py
[2026-08-12T04:33:23.385+0000] {logging_mixin.py:190} INFO - [2026-08-12T04:33:23.384+0000] {dag.py:3211} INFO - Sync 3 DAGs
[2026-08-12T04:33:23.406+0000] {logging_mixin.py:190} INFO - [2026-08-12T04:33:23.405+0000] {dag.py:4138} INFO - Setting next_dagrun for dataset_with_extra_by_context to 2026-08-11 00:00:00+00:00, run_after=2026-08-12 00:00:00+00:00
[2026-08-12T04:33:23.411+0000] {logging_mixin.py:190} INFO - [2026-08-12T04:33:23.410+0000] {dag.py:4138} INFO - Setting next_dagrun for dataset_with_extra_by_yield to 2026-08-11 00:00:00+00:00, run_after=2026-08-12 00:00:00+00:00
[2026-08-12T04:33:23.414+0000] {logging_mixin.py:190} INFO - [2026-08-12T04:33:23.414+0000] {dag.py:4138} INFO - Setting next_dagrun for dataset_with_extra_from_classic_operator to 2026-08-11 00:00:00+00:00, run_after=2026-08-12 00:00:00+00:00
[2026-08-12T04:33:23.442+0000] {processor.py:208} INFO - Processing /home/airflow/.local/lib/python3.12/site-packages/airflow/example_dags/example_outlet_event_extra.py took 0.237 seconds
[2026-08-12T04:33:54.193+0000] {processor.py:186} INFO - Started process (PID=187) to work on /home/airflow/.local/lib/python3.12/site-packages/airflow/example_dags/example_outlet_event_extra.py
[2026-08-12T04:33:54.194+0000] {processor.py:914} INFO - Processing file /home/airflow/.local/lib/python3.12/site-packages/airflow/example_dags/example_outlet_event_extra.py for tasks to queue
[2026-08-12T04:33:54.197+0000] {logging_mixin.py:190} INFO - [2026-08-12T04:33:54.197+0000] {dagbag.py:587} INFO - Filling up the DagBag from /home/airflow/.local/lib/python3.12/site-packages/airflow/example_dags/example_outlet_event_extra.py
[2026-08-12T04:33:54.358+0000] {processor.py:925} INFO - DAG(s) 'dataset_with_extra_by_yield', 'dataset_with_extra_by_context', 'dataset_with_extra_from_classic_operator' retrieved from /home/airflow/.local/lib/python3.12/site-packages/airflow/example_dags/example_outlet_event_extra.py
[2026-08-12T04:33:54.383+0000] {logging_mixin.py:190} INFO - [2026-08-12T04:33:54.382+0000] {dag.py:3211} INFO - Sync 3 DAGs
[2026-08-12T04:33:54.419+0000] {logging_mixin.py:190} INFO - [2026-08-12T04:33:54.419+0000] {dag.py:4138} INFO - Setting next_dagrun for dataset_with_extra_by_context to 2026-08-11 00:00:00+00:00, run_after=2026-08-12 00:00:00+00:00
[2026-08-12T04:33:54.425+0000] {logging_mixin.py:190} INFO - [2026-08-12T04:33:54.425+0000] {dag.py:4138} INFO - Setting next_dagrun for dataset_with_extra_by_yield to 2026-08-11 00:00:00+00:00, run_after=2026-08-12 00:00:00+00:00
[2026-08-12T04:33:54.428+0000] {logging_mixin.py:190} INFO - [2026-08-12T04:33:54.428+0000] {dag.py:4138} INFO - Setting next_dagrun for dataset_with_extra_from_classic_operator to 2026-08-11 00:00:00+00:00, run_after=2026-08-12 00:00:00+00:00
[2026-08-12T04:33:54.452+0000] {processor.py:208} INFO - Processing /home/airflow/.local/lib/python3.12/site-packages/airflow/example_dags/example_outlet_event_extra.py took 0.264 seconds
[2026-08-12T04:34:24.616+0000] {processor.py:186} INFO - Started process (PID=249) to work on /home/airflow/.local/lib/python3.12/site-packages/airflow/example_dags/example_outlet_event_extra.py
[2026-08-12T04:34:24.618+0000] {processor.py:914} INFO - Processing file /home/airflow/.local/lib/python3.12/site-packages/airflow/example_dags/example_outlet_event_extra.py for tasks to queue
[2026-08-12T04:34:24.621+0000] {logging_mixin.py:190} INFO - [2026-08-12T04:34:24.620+0000] {dagbag.py:587} INFO - Filling up the DagBag from /home/airflow/.local/lib/python3.12/site-packages/airflow/example_dags/example_outlet_event_extra.py
[2026-08-12T04:34:24.768+0000] {processor.py:925} INFO - DAG(s) 'dataset_with_extra_by_context', 'dataset_with_extra_from_classic_operator', 'dataset_with_extra_by_yield' retrieved from /home/airflow/.local/lib/python3.12/site-packages/airflow/example_dags/example_outlet_event_extra.py
[2026-08-12T04:34:24.831+0000] {logging_mixin.py:190} INFO - [2026-08-12T04:34:24.831+0000] {dag.py:3211} INFO - Sync 3 DAGs
[2026-08-12T04:34:24.879+0000] {logging_mixin.py:190} INFO - [2026-08-12T04:34:24.879+0000] {dag.py:4138} INFO - Setting next_dagrun for dataset_with_extra_by_context to 2026-08-11 00:00:00+00:00, run_after=2026-08-12 00:00:00+00:00
[2026-08-12T04:34:24.885+0000] {logging_mixin.py:190} INFO - [2026-08-12T04:34:24.885+0000] {dag.py:4138} INFO - Setting next_dagrun for dataset_with_extra_by_yield to 2026-08-11 00:00:00+00:00, run_after=2026-08-12 00:00:00+00:00
[2026-08-12T04:34:24.889+0000] {logging_mixin.py:190} INFO - [2026-08-12T04:34:24.888+0000] {dag.py:4138} INFO - Setting next_dagrun for dataset_with_extra_from_classic_operator to 2026-08-11 00:00:00+00:00, run_after=2026-08-12 00:00:00+00:00
[2026-08-12T04:34:24.916+0000] {processor.py:208} INFO - Processing /home/airflow/.local/lib/python3.12/site-packages/airflow/example_dags/example_outlet_event_extra.py took 0.306 seconds
[2026-08-12T04:34:55.174+0000] {processor.py:186} INFO - Started process (PID=311) to work on /home/airflow/.local/lib/python3.12/site-packages/airflow/example_dags/example_outlet_event_extra.py
[2026-08-12T04:34:55.176+0000] {processor.py:914} INFO - Processing file /home/airflow/.local/lib/python3.12/site-packages/airflow/example_dags/example_outlet_event_extra.py for tasks to queue
[2026-08-12T04:34:55.181+0000] {logging_mixin.py:190} INFO - [2026-08-12T04:34:55.181+0000] {dagbag.py:587} INFO - Filling up the DagBag from /home/airflow/.local/lib/python3.12/site-packages/airflow/example_dags/example_outlet_event_extra.py
[2026-08-12T04:34:55.423+0000] {processor.py:925} INFO - DAG(s) 'dataset_with_extra_by_yield', 'dataset_with_extra_from_classic_operator', 'dataset_with_extra_by_context' retrieved from /home/airflow/.local/lib/python3.12/site-packages/airflow/example_dags/example_outlet_event_extra.py
[2026-08-12T04:34:55.456+0000] {logging_mixin.py:190} INFO - [2026-08-12T04:34:55.456+0000] {dag.py:3211} INFO - Sync 3 DAGs
[2026-08-12T04:34:55.485+0000] {logging_mixin.py:190} INFO - [2026-08-12T04:34:55.485+0000] {dag.py:4138} INFO - Setting next_dagrun for dataset_with_extra_by_context to 2026-08-11 00:00:00+00:00, run_after=2026-08-12 00:00:00+00:00
[2026-08-12T04:34:55.490+0000] {logging_mixin.py:190} INFO - [2026-08-12T04:34:55.490+0000] {dag.py:4138} INFO - Setting next_dagrun for dataset_with_extra_by_yield to 2026-08-11 00:00:00+00:00, run_after=2026-08-12 00:00:00+00:00
[2026-08-12T04:34:55.493+0000] {logging_mixin.py:190} INFO - [2026-08-12T04:34:55.493+0000] {dag.py:4138} INFO - Setting next_dagrun for dataset_with_extra_from_classic_operator to 2026-08-11 00:00:00+00:00, run_after=2026-08-12 00:00:00+00:00
[2026-08-12T04:34:55.520+0000] {processor.py:208} INFO - Processing /home/airflow/.local/lib/python3.12/site-packages/airflow/example_dags/example_outlet_event_extra.py took 0.351 seconds
[2026-08-12T04:35:25.736+0000] {processor.py:186} INFO - Started process (PID=373) to work on /home/airflow/.local/lib/python3.12/site-packages/airflow/example_dags/example_outlet_event_extra.py
[2026-08-12T04:35:25.738+0000] {processor.py:914} INFO - Processing file /home/airflow/.local/lib/python3.12/site-packages/airflow/example_dags/example_outlet_event_extra.py for tasks to queue
[2026-08-12T04:35:25.742+0000] {logging_mixin.py:190} INFO - [2026-08-12T04:35:25.741+0000] {dagbag.py:587} INFO - Filling up the DagBag from /home/airflow/.local/lib/python3.12/site-packages/airflow/example_dags/example_outlet_event_extra.py
[2026-08-12T04:35:25.921+0000] {processor.py:925} INFO - DAG(s) 'dataset_with_extra_from_classic_operator', 'dataset_with_extra_by_context', 'dataset_with_extra_by_yield' retrieved from /home/airflow/.local/lib/python3.12/site-packages/airflow/example_dags/example_outlet_event_extra.py
[2026-08-12T04:35:25.958+0000] {logging_mixin.py:190} INFO - [2026-08-12T04:35:25.958+0000] {dag.py:3211} INFO - Sync 3 DAGs
[2026-08-12T04:35:25.998+0000] {logging_mixin.py:190} INFO - [2026-08-12T04:35:25.998+0000] {dag.py:4138} INFO - Setting next_dagrun for dataset_with_extra_by_context to 2026-08-11 00:00:00+00:00, run_after=2026-08-12 00:00:00+00:00
[2026-08-12T04:35:26.007+0000] {logging_mixin.py:190} INFO - [2026-08-12T04:35:26.007+0000] {dag.py:4138} INFO - Setting next_dagrun for dataset_with_extra_by_yield to 2026-08-11 00:00:00+00:00, run_after=2026-08-12 00:00:00+00:00
[2026-08-12T04:35:26.010+0000] {logging_mixin.py:190} INFO - [2026-08-12T04:35:26.010+0000] {dag.py:4138} INFO - Setting next_dagrun for dataset_with_extra_from_classic_operator to 2026-08-11 00:00:00+00:00, run_after=2026-08-12 00:00:00+00:00
[2026-08-12T04:35:26.044+0000] {processor.py:208} INFO - Processing /home/airflow/.local/lib/python3.12/site-packages/airflow/example_dags/example_outlet_event_extra.py took 0.318 seconds
[2026-08-12T04:35:56.102+0000] {processor.py:186} INFO - Started process (PID=436) to work on /home/airflow/.local/lib/python3.12/site-packages/airflow/example_dags/example_outlet_event_extra.py
[2026-08-12T04:35:56.103+0000] {processor.py:914} INFO - Processing file /home/airflow/.local/lib/python3.12/site-packages/airflow/example_dags/example_outlet_event_extra.py for tasks to queue
[2026-08-12T04:35:56.106+0000] {logging_mixin.py:190} INFO - [2026-08-12T04:35:56.106+0000] {dagbag.py:587} INFO - Filling up the DagBag from /home/airflow/.local/lib/python3.12/site-packages/airflow/example_dags/example_outlet_event_extra.py
[2026-08-12T04:35:56.273+0000] {processor.py:925} INFO - DAG(s) 'dataset_with_extra_by_yield', 'dataset_with_extra_by_context', 'dataset_with_extra_from_classic_operator' retrieved from /home/airflow/.local/lib/python3.12/site-packages/airflow/example_dags/example_outlet_event_extra.py
[2026-08-12T04:35:56.300+0000] {logging_mixin.py:190} INFO - [2026-08-12T04:35:56.300+0000] {dag.py:3211} INFO - Sync 3 DAGs
[2026-08-12T04:35:56.335+0000] {logging_mixin.py:190} INFO - [2026-08-12T04:35:56.335+0000] {dag.py:4138} INFO - Setting next_dagrun for dataset_with_extra_by_context to 2026-08-11 00:00:00+00:00, run_after=2026-08-12 00:00:00+00:00
[2026-08-12T04:35:56.353+0000] {logging_mixin.py:190} INFO - [2026-08-12T04:35:56.353+0000] {dag.py:4138} INFO - Setting next_dagrun for dataset_with_extra_by_yield to 2026-08-11 00:00:00+00:00, run_after=2026-08-12 00:00:00+00:00
[2026-08-12T04:35:56.357+0000] {logging_mixin.py:190} INFO - [2026-08-12T04:35:56.356+0000] {dag.py:4138} INFO - Setting next_dagrun for dataset_with_extra_from_classic_operator to 2026-08-11 00:00:00+00:00, run_after=2026-08-12 00:00:00+00:00
[2026-08-12T04:35:56.395+0000] {processor.py:208} INFO - Processing /home/airflow/.local/lib/python3.12/site-packages/airflow/example_dags/example_outlet_event_extra.py took 0.299 seconds
[2026-08-12T04:36:26.896+0000] {processor.py:186} INFO - Started process (PID=497) to work on /home/airflow/.local/lib/python3.12/site-packages/airflow/example_dags/example_outlet_event_extra.py
[2026-08-12T04:36:26.898+0000] {processor.py:914} INFO - Processing file /home/airflow/.local/lib/python3.12/site-packages/airflow/example_dags/example_outlet_event_extra.py for tasks to queue
[2026-08-12T04:36:26.901+0000] {logging_mixin.py:190} INFO - [2026-08-12T04:36:26.900+0000] {dagbag.py:587} INFO - Filling up the DagBag from /home/airflow/.local/lib/python3.12/site-packages/airflow/example_dags/example_outlet_event_extra.py
[2026-08-12T04:36:27.111+0000] {processor.py:925} INFO - DAG(s) 'dataset_with_extra_by_yield', 'dataset_with_extra_from_classic_operator', 'dataset_with_extra_by_context' retrieved from /home/airflow/.local/lib/python3.12/site-packages/airflow/example_dags/example_outlet_event_extra.py
[2026-08-12T04:36:27.150+0000] {logging_mixin.py:190} INFO - [2026-08-12T04:36:27.149+0000] {dag.py:3211} INFO - Sync 3 DAGs
[2026-08-12T04:36:27.173+0000] {logging_mixin.py:190} INFO - [2026-08-12T04:36:27.173+0000] {dag.py:4138} INFO - Setting next_dagrun for dataset_with_extra_by_context to 2026-08-11 00:00:00+00:00, run_after=2026-08-12 00:00:00+00:00
[2026-08-12T04:36:27.179+0000] {logging_mixin.py:190} INFO - [2026-08-12T04:36:27.179+0000] {dag.py:4138} INFO - Setting next_dagrun for dataset_with_extra_by_yield to 2026-08-11 00:00:00+00:00, run_after=2026-08-12 00:00:00+00:00
[2026-08-12T04:36:27.182+0000] {logging_mixin.py:190} INFO - [2026-08-12T04:36:27.182+0000] {dag.py:4138} INFO - Setting next_dagrun for dataset_with_extra_from_classic_operator to 2026-08-11 00:00:00+00:00, run_after=2026-08-12 00:00:00+00:00
[2026-08-12T04:36:27.204+0000] {processor.py:208} INFO - Processing /home/airflow/.local/lib/python3.12/site-packages/airflow/example_dags/example_outlet_event_extra.py took 0.313 seconds
[2026-08-12T04:36:57.360+0000] {processor.py:186} INFO - Started process (PID=559) to work on /home/airflow/.local/lib/python3.12/site-packages/airflow/example_dags/example_outlet_event_extra.py
[2026-08-12T04:36:57.362+0000] {processor.py:914} INFO - Processing file /home/airflow/.local/lib/python3.12/site-packages/airflow/example_dags/example_outlet_event_extra.py for tasks to queue
[2026-08-12T04:36:57.365+0000] {logging_mixin.py:190} INFO - [2026-08-12T04:36:57.365+0000] {dagbag.py:587} INFO - Filling up the DagBag from /home/airflow/.local/lib/python3.12/site-packages/airflow/example_dags/example_outlet_event_extra.py
[2026-08-12T04:36:57.513+0000] {processor.py:925} INFO - DAG(s) 'dataset_with_extra_by_context', 'dataset_with_extra_from_classic_operator', 'dataset_with_extra_by_yield' retrieved from /home/airflow/.local/lib/python3.12/site-packages/airflow/example_dags/example_outlet_event_extra.py
[2026-08-12T04:36:57.566+0000] {logging_mixin.py:190} INFO - [2026-08-12T04:36:57.564+0000] {dag.py:3211} INFO - Sync 3 DAGs
[2026-08-12T04:36:57.600+0000] {logging_mixin.py:190} INFO - [2026-08-12T04:36:57.599+0000] {dag.py:4138} INFO - Setting next_dagrun for dataset_with_extra_by_context to 2026-08-11 00:00:00+00:00, run_after=2026-08-12 00:00:00+00:00
[2026-08-12T04:36:57.606+0000] {logging_mixin.py:190} INFO - [2026-08-12T04:36:57.606+0000] {dag.py:4138} INFO - Setting next_dagrun for dataset_with_extra_by_yield to 2026-08-11 00:00:00+00:00, run_after=2026-08-12 00:00:00+00:00
[2026-08-12T04:36:57.609+0000] {logging_mixin.py:190} INFO - [2026-08-12T04:36:57.609+0000] {dag.py:4138} INFO - Setting next_dagrun for dataset_with_extra_from_classic_operator to 2026-08-11 00:00:00+00:00, run_after=2026-08-12 00:00:00+00:00
[2026-08-12T04:36:57.649+0000] {processor.py:208} INFO - Processing /home/airflow/.local/lib/python3.12/site-packages/airflow/example_dags/example_outlet_event_extra.py took 0.295 seconds
[2026-08-12T04:37:28.042+0000] {processor.py:186} INFO - Started process (PID=621) to work on /home/airflow/.local/lib/python3.12/site-packages/airflow/example_dags/example_outlet_event_extra.py
[2026-08-12T04:37:28.044+0000] {processor.py:914} INFO - Processing file /home/airflow/.local/lib/python3.12/site-packages/airflow/example_dags/example_outlet_event_extra.py for tasks to queue
[2026-08-12T04:37:28.052+0000] {logging_mixin.py:190} INFO - [2026-08-12T04:37:28.048+0000] {dagbag.py:587} INFO - Filling up the DagBag from /home/airflow/.local/lib/python3.12/site-packages/airflow/example_dags/example_outlet_event_extra.py
[2026-08-12T04:37:28.265+0000] {processor.py:925} INFO - DAG(s) 'dataset_with_extra_by_context', 'dataset_with_extra_from_classic_operator', 'dataset_with_extra_by_yield' retrieved from /home/airflow/.local/lib/python3.12/site-packages/airflow/example_dags/example_outlet_event_extra.py
[2026-08-12T04:37:28.306+0000] {logging_mixin.py:190} INFO - [2026-08-12T04:37:28.306+0000] {dag.py:3211} INFO - Sync 3 DAGs
[2026-08-12T04:37:28.345+0000] {logging_mixin.py:190} INFO - [2026-08-12T04:37:28.345+0000] {dag.py:4138} INFO - Setting next_dagrun for dataset_with_extra_by_context to 2026-08-11 00:00:00+00:00, run_after=2026-08-12 00:00:00+00:00
[2026-08-12T04:37:28.351+0000] {logging_mixin.py:190} INFO - [2026-08-12T04:37:28.351+0000] {dag.py:4138} INFO - Setting next_dagrun for dataset_with_extra_by_yield to 2026-08-11 00:00:00+00:00, run_after=2026-08-12 00:00:00+00:00
[2026-08-12T04:37:28.354+0000] {logging_mixin.py:190} INFO - [2026-08-12T04:37:28.354+0000] {dag.py:4138} INFO - Setting next_dagrun for dataset_with_extra_from_classic_operator to 2026-08-11 00:00:00+00:00, run_after=2026-08-12 00:00:00+00:00
[2026-08-12T04:37:28.377+0000] {processor.py:208} INFO - Processing /home/airflow/.local/lib/python3.12/site-packages/airflow/example_dags/example_outlet_event_extra.py took 0.340 seconds
[2026-08-12T04:37:58.837+0000] {processor.py:186} INFO - Started process (PID=683) to work on /home/airflow/.local/lib/python3.12/site-packages/airflow/example_dags/example_outlet_event_extra.py
[2026-08-12T04:37:58.846+0000] {processor.py:914} INFO - Processing file /home/airflow/.local/lib/python3.12/site-packages/airflow/example_dags/example_outlet_event_extra.py for tasks to queue
[2026-08-12T04:37:58.855+0000] {logging_mixin.py:190} INFO - [2026-08-12T04:37:58.854+0000] {dagbag.py:587} INFO - Filling up the DagBag from /home/airflow/.local/lib/python3.12/site-packages/airflow/example_dags/example_outlet_event_extra.py
[2026-08-12T04:37:59.030+0000] {processor.py:925} INFO - DAG(s) 'dataset_with_extra_by_yield', 'dataset_with_extra_by_context', 'dataset_with_extra_from_classic_operator' retrieved from /home/airflow/.local/lib/python3.12/site-packages/airflow/example_dags/example_outlet_event_extra.py
[2026-08-12T04:37:59.058+0000] {logging_mixin.py:190} INFO - [2026-08-12T04:37:59.057+0000] {dag.py:3211} INFO - Sync 3 DAGs
[2026-08-12T04:37:59.097+0000] {logging_mixin.py:190} INFO - [2026-08-12T04:37:59.097+0000] {dag.py:4138} INFO - Setting next_dagrun for dataset_with_extra_by_context to 2026-08-11 00:00:00+00:00, run_after=2026-08-12 00:00:00+00:00
[2026-08-12T04:37:59.104+0000] {logging_mixin.py:190} INFO - [2026-08-12T04:37:59.103+0000] {dag.py:4138} INFO - Setting next_dagrun for dataset_with_extra_by_yield to 2026-08-11 00:00:00+00:00, run_after=2026-08-12 00:00:00+00:00
[2026-08-12T04:37:59.107+0000] {logging_mixin.py:190} INFO - [2026-08-12T04:37:59.107+0000] {dag.py:4138} INFO - Setting next_dagrun for dataset_with_extra_from_classic_operator to 2026-08-11 00:00:00+00:00, run_after=2026-08-12 00:00:00+00:00
[2026-08-12T04:37:59.144+0000] {processor.py:208} INFO - Processing /home/airflow/.local/lib/python3.12/site-packages/airflow/example_dags/example_outlet_event_extra.py took 0.312 seconds
[2026-08-12T04:38:29.621+0000] {processor.py:186} INFO - Started process (PID=745) to work on /home/airflow/.local/lib/python3.12/site-packages/airflow/example_dags/example_outlet_event_extra.py
[2026-08-12T04:38:29.623+0000] {processor.py:914} INFO - Processing file /home/airflow/.local/lib/python3.12/site-packages/airflow/example_dags/example_outlet_event_extra.py for tasks to queue
[2026-08-12T04:38:29.628+0000] {logging_mixin.py:190} INFO - [2026-08-12T04:38:29.627+0000] {dagbag.py:587} INFO - Filling up the DagBag from /home/airflow/.local/lib/python3.12/site-packages/airflow/example_dags/example_outlet_event_extra.py
[2026-08-12T04:38:29.826+0000] {processor.py:925} INFO - DAG(s) 'dataset_with_extra_from_classic_operator', 'dataset_with_extra_by_yield', 'dataset_with_extra_by_context' retrieved from /home/airflow/.local/lib/python3.12/site-packages/airflow/example_dags/example_outlet_event_extra.py
[2026-08-12T04:38:29.858+0000] {logging_mixin.py:190} INFO - [2026-08-12T04:38:29.858+0000] {dag.py:3211} INFO - Sync 3 DAGs
[2026-08-12T04:38:29.888+0000] {logging_mixin.py:190} INFO - [2026-08-12T04:38:29.888+0000] {dag.py:4138} INFO - Setting next_dagrun for dataset_with_extra_by_context to 2026-08-11 00:00:00+00:00, run_after=2026-08-12 00:00:00+00:00
[2026-08-12T04:38:29.894+0000] {logging_mixin.py:190} INFO - [2026-08-12T04:38:29.894+0000] {dag.py:4138} INFO - Setting next_dagrun for dataset_with_extra_by_yield to 2026-08-11 00:00:00+00:00, run_after=2026-08-12 00:00:00+00:00
[2026-08-12T04:38:29.897+0000] {logging_mixin.py:190} INFO - [2026-08-12T04:38:29.897+0000] {dag.py:4138} INFO - Setting next_dagrun for dataset_with_extra_from_classic_operator to 2026-08-11 00:00:00+00:00, run_after=2026-08-12 00:00:00+00:00
[2026-08-12T04:38:29.923+0000] {processor.py:208} INFO - Processing /home/airflow/.local/lib/python3.12/site-packages/airflow/example_dags/example_outlet_event_extra.py took 0.311 seconds
[2026-08-12T04:39:00.060+0000] {processor.py:186} INFO - Started process (PID=807) to work on /home/airflow/.local/lib/python3.12/site-packages/airflow/example_dags/example_outlet_event_extra.py
[2026-08-12T04:39:00.061+0000] {processor.py:914} INFO - Processing file /home/airflow/.local/lib/python3.12/site-packages/airflow/example_dags/example_outlet_event_extra.py for tasks to queue
[2026-08-12T04:39:00.064+0000] {logging_mixin.py:190} INFO - [2026-08-12T04:39:00.064+0000] {dagbag.py:587} INFO - Filling up the DagBag from /home/airflow/.local/lib/python3.12/site-packages/airflow/example_dags/example_outlet_event_extra.py
[2026-08-12T04:39:00.213+0000] {processor.py:925} INFO - DAG(s) 'dataset_with_extra_by_yield', 'dataset_with_extra_from_classic_operator', 'dataset_with_extra_by_context' retrieved from /home/airflow/.local/lib/python3.12/site-packages/airflow/example_dags/example_outlet_event_extra.py
[2026-08-12T04:39:00.240+0000] {logging_mixin.py:190} INFO - [2026-08-12T04:39:00.240+0000] {dag.py:3211} INFO - Sync 3 DAGs
[2026-08-12T04:39:00.268+0000] {logging_mixin.py:190} INFO - [2026-08-12T04:39:00.268+0000] {dag.py:4138} INFO - Setting next_dagrun for dataset_with_extra_by_context to 2026-08-11 00:00:00+00:00, run_after=2026-08-12 00:00:00+00:00
[2026-08-12T04:39:00.274+0000] {logging_mixin.py:190} INFO - [2026-08-12T04:39:00.273+0000] {dag.py:4138} INFO - Setting next_dagrun for dataset_with_extra_by_yield to 2026-08-11 00:00:00+00:00, run_after=2026-08-12 00:00:00+00:00
[2026-08-12T04:39:00.277+0000] {logging_mixin.py:190} INFO - [2026-08-12T04:39:00.277+0000] {dag.py:4138} INFO - Setting next_dagrun for dataset_with_extra_from_classic_operator to 2026-08-11 00:00:00+00:00, run_after=2026-08-12 00:00:00+00:00
[2026-08-12T04:39:00.301+0000] {processor.py:208} INFO - Processing /home/airflow/.local/lib/python3.12/site-packages/airflow/example_dags/example_outlet_event_extra.py took 0.246 seconds
[2026-08-12T04:39:30.453+0000] {processor.py:186} INFO - Started process (PID=871) to work on /home/airflow/.local/lib/python3.12/site-packages/airflow/example_dags/example_outlet_event_extra.py
[2026-08-12T04:39:30.455+0000] {processor.py:914} INFO - Processing file /home/airflow/.local/lib/python3.12/site-packages/airflow/example_dags/example_outlet_event_extra.py for tasks to queue
[2026-08-12T04:39:30.458+0000] {logging_mixin.py:190} INFO - [2026-08-12T04:39:30.457+0000] {dagbag.py:587} INFO - Filling up the DagBag from /home/airflow/.local/lib/python3.12/site-packages/airflow/example_dags/example_outlet_event_extra.py
[2026-08-12T04:39:30.572+0000] {processor.py:925} INFO - DAG(s) 'dataset_with_extra_by_context', 'dataset_with_extra_from_classic_operator', 'dataset_with_extra_by_yield' retrieved from /home/airflow/.local/lib/python3.12/site-packages/airflow/example_dags/example_outlet_event_extra.py
[2026-08-12T04:39:30.598+0000] {logging_mixin.py:190} INFO - [2026-08-12T04:39:30.597+0000] {dag.py:3211} INFO - Sync 3 DAGs
[2026-08-12T04:39:30.623+0000] {logging_mixin.py:190} INFO - [2026-08-12T04:39:30.623+0000] {dag.py:4138} INFO - Setting next_dagrun for dataset_with_extra_by_context to 2026-08-11 00:00:00+00:00, run_after=2026-08-12 00:00:00+00:00
[2026-08-12T04:39:30.628+0000] {logging_mixin.py:190} INFO - [2026-08-12T04:39:30.628+0000] {dag.py:4138} INFO - Setting next_dagrun for dataset_with_extra_by_yield to 2026-08-11 00:00:00+00:00, run_after=2026-08-12 00:00:00+00:00
[2026-08-12T04:39:30.631+0000] {logging_mixin.py:190} INFO - [2026-08-12T04:39:30.630+0000] {dag.py:4138} INFO - Setting next_dagrun for dataset_with_extra_from_classic_operator to 2026-08-11 00:00:00+00:00, run_after=2026-08-12 00:00:00+00:00
[2026-08-12T04:39:30.663+0000] {processor.py:208} INFO - Processing /home/airflow/.local/lib/python3.12/site-packages/airflow/example_dags/example_outlet_event_extra.py took 0.215 seconds
[2026-08-12T04:40:00.781+0000] {processor.py:186} INFO - Started process (PID=933) to work on /home/airflow/.local/lib/python3.12/site-packages/airflow/example_dags/example_outlet_event_extra.py
[2026-08-12T04:40:00.783+0000] {processor.py:914} INFO - Processing file /home/airflow/.local/lib/python3.12/site-packages/airflow/example_dags/example_outlet_event_extra.py for tasks to queue
[2026-08-12T04:40:00.787+0000] {logging_mixin.py:190} INFO - [2026-08-12T04:40:00.786+0000] {dagbag.py:587} INFO - Filling up the DagBag from /home/airflow/.local/lib/python3.12/site-packages/airflow/example_dags/example_outlet_event_extra.py
[2026-08-12T04:40:00.936+0000] {processor.py:925} INFO - DAG(s) 'dataset_with_extra_from_classic_operator', 'dataset_with_extra_by_context', 'dataset_with_extra_by_yield' retrieved from /home/airflow/.local/lib/python3.12/site-packages/airflow/example_dags/example_outlet_event_extra.py
[2026-08-12T04:40:00.967+0000] {logging_mixin.py:190} INFO - [2026-08-12T04:40:00.967+0000] {dag.py:3211} INFO - Sync 3 DAGs
[2026-08-12T04:40:00.998+0000] {logging_mixin.py:190} INFO - [2026-08-12T04:40:00.998+0000] {dag.py:4138} INFO - Setting next_dagrun for dataset_with_extra_by_context to 2026-08-11 00:00:00+00:00, run_after=2026-08-12 00:00:00+00:00
[2026-08-12T04:40:01.004+0000] {logging_mixin.py:190} INFO - [2026-08-12T04:40:01.003+0000] {dag.py:4138} INFO - Setting next_dagrun for dataset_with_extra_by_yield to 2026-08-11 00:00:00+00:00, run_after=2026-08-12 00:00:00+00:00
[2026-08-12T04:40:01.007+0000] {logging_mixin.py:190} INFO - [2026-08-12T04:40:01.007+0000] {dag.py:4138} INFO - Setting next_dagrun for dataset_with_extra_from_classic_operator to 2026-08-11 00:00:00+00:00, run_after=2026-08-12 00:00:00+00:00
[2026-08-12T04:40:01.031+0000] {processor.py:208} INFO - Processing /home/airflow/.local/lib/python3.12/site-packages/airflow/example_dags/example_outlet_event_extra.py took 0.258 seconds
[2026-08-12T04:40:31.453+0000] {processor.py:186} INFO - Started process (PID=995) to work on /home/airflow/.local/lib/python3.12/site-packages/airflow/example_dags/example_outlet_event_extra.py
[2026-08-12T04:40:31.455+0000] {processor.py:914} INFO - Processing file /home/airflow/.local/lib/python3.12/site-packages/airflow/example_dags/example_outlet_event_extra.py for tasks to queue
[2026-08-12T04:40:31.458+0000] {logging_mixin.py:190} INFO - [2026-08-12T04:40:31.457+0000] {dagbag.py:587} INFO - Filling up the DagBag from /home/airflow/.local/lib/python3.12/site-packages/airflow/example_dags/example_outlet_event_extra.py
[2026-08-12T04:40:31.608+0000] {processor.py:925} INFO - DAG(s) 'dataset_with_extra_by_context', 'dataset_with_extra_from_classic_operator', 'dataset_with_extra_by_yield' retrieved from /home/airflow/.local/lib/python3.12/site-packages/airflow/example_dags/example_outlet_event_extra.py
[2026-08-12T04:40:31.647+0000] {logging_mixin.py:190} INFO - [2026-08-12T04:40:31.647+0000] {dag.py:3211} INFO - Sync 3 DAGs
[2026-08-12T04:40:31.671+0000] {logging_mixin.py:190} INFO - [2026-08-12T04:40:31.671+0000] {dag.py:4138} INFO - Setting next_dagrun for dataset_with_extra_by_context to 2026-08-11 00:00:00+00:00, run_after=2026-08-12 00:00:00+00:00
[2026-08-12T04:40:31.677+0000] {logging_mixin.py:190} INFO - [2026-08-12T04:40:31.676+0000] {dag.py:4138} INFO - Setting next_dagrun for dataset_with_extra_by_yield to 2026-08-11 00:00:00+00:00, run_after=2026-08-12 00:00:00+00:00
[2026-08-12T04:40:31.680+0000] {logging_mixin.py:190} INFO - [2026-08-12T04:40:31.680+0000] {dag.py:4138} INFO - Setting next_dagrun for dataset_with_extra_from_classic_operator to 2026-08-11 00:00:00+00:00, run_after=2026-08-12 00:00:00+00:00
[2026-08-12T04:40:31.705+0000] {processor.py:208} INFO - Processing /home/airflow/.local/lib/python3.12/site-packages/airflow/example_dags/example_outlet_event_extra.py took 0.260 seconds
[2026-08-12T04:41:02.135+0000] {processor.py:186} INFO - Started process (PID=1058) to work on /home/airflow/.local/lib/python3.12/site-packages/airflow/example_dags/example_outlet_event_extra.py
[2026-08-12T04:41:02.136+0000] {processor.py:914} INFO - Processing file /home/airflow/.local/lib/python3.12/site-packages/airflow/example_dags/example_outlet_event_extra.py for tasks to queue
[2026-08-12T04:41:02.139+0000] {logging_mixin.py:190} INFO - [2026-08-12T04:41:02.139+0000] {dagbag.py:587} INFO - Filling up the DagBag from /home/airflow/.local/lib/python3.12/site-packages/airflow/example_dags/example_outlet_event_extra.py
[2026-08-12T04:41:02.254+0000] {processor.py:925} INFO - DAG(s) 'dataset_with_extra_by_context', 'dataset_with_extra_from_classic_operator', 'dataset_with_extra_by_yield' retrieved from /home/airflow/.local/lib/python3.12/site-packages/airflow/example_dags/example_outlet_event_extra.py
[2026-08-12T04:41:02.281+0000] {logging_mixin.py:190} INFO - [2026-08-12T04:41:02.281+0000] {dag.py:3211} INFO - Sync 3 DAGs
[2026-08-12T04:41:02.303+0000] {logging_mixin.py:190} INFO - [2026-08-12T04:41:02.303+0000] {dag.py:4138} INFO - Setting next_dagrun for dataset_with_extra_by_context to 2026-08-11 00:00:00+00:00, run_after=2026-08-12 00:00:00+00:00
[2026-08-12T04:41:02.308+0000] {logging_mixin.py:190} INFO - [2026-08-12T04:41:02.308+0000] {dag.py:4138} INFO - Setting next_dagrun for dataset_with_extra_by_yield to 2026-08-11 00:00:00+00:00, run_after=2026-08-12 00:00:00+00:00
[2026-08-12T04:41:02.311+0000] {logging_mixin.py:190} INFO - [2026-08-12T04:41:02.311+0000] {dag.py:4138} INFO - Setting next_dagrun for dataset_with_extra_from_classic_operator to 2026-08-11 00:00:00+00:00, run_after=2026-08-12 00:00:00+00:00
[2026-08-12T04:41:02.342+0000] {processor.py:208} INFO - Processing /home/airflow/.local/lib/python3.12/site-packages/airflow/example_dags/example_outlet_event_extra.py took 0.213 seconds
[2026-08-12T04:41:32.830+0000] {processor.py:186} INFO - Started process (PID=1120) to work on /home/airflow/.local/lib/python3.12/site-packages/airflow/example_dags/example_outlet_event_extra.py
[2026-08-12T04:41:32.831+0000] {processor.py:914} INFO - Processing file /home/airflow/.local/lib/python3.12/site-packages/airflow/example_dags/example_outlet_event_extra.py for tasks to queue
[2026-08-12T04:41:32.834+0000] {logging_mixin.py:190} INFO - [2026-08-12T04:41:32.834+0000] {dagbag.py:587} INFO - Filling up the DagBag from /home/airflow/.local/lib/python3.12/site-packages/airflow/example_dags/example_outlet_event_extra.py
[2026-08-12T04:41:33.026+0000] {processor.py:925} INFO - DAG(s) 'dataset_with_extra_by_yield', 'dataset_with_extra_from_classic_operator', 'dataset_with_extra_by_context' retrieved from /home/airflow/.local/lib/python3.12/site-packages/airflow/example_dags/example_outlet_event_extra.py
[2026-08-12T04:41:33.074+0000] {logging_mixin.py:190} INFO - [2026-08-12T04:41:33.074+0000] {dag.py:3211} INFO - Sync 3 DAGs
[2026-08-12T04:41:33.111+0000] {logging_mixin.py:190} INFO - [2026-08-12T04:41:33.111+0000] {dag.py:4138} INFO - Setting next_dagrun for dataset_with_extra_by_context to 2026-08-11 00:00:00+00:00, run_after=2026-08-12 00:00:00+00:00
[2026-08-12T04:41:33.122+0000] {logging_mixin.py:190} INFO - [2026-08-12T04:41:33.122+0000] {dag.py:4138} INFO - Setting next_dagrun for dataset_with_extra_by_yield to 2026-08-11 00:00:00+00:00, run_after=2026-08-12 00:00:00+00:00
[2026-08-12T04:41:33.126+0000] {logging_mixin.py:190} INFO - [2026-08-12T04:41:33.125+0000] {dag.py:4138} INFO - Setting next_dagrun for dataset_with_extra_from_classic_operator to 2026-08-11 00:00:00+00:00, run_after=2026-08-12 00:00:00+00:00
[2026-08-12T04:41:33.152+0000] {processor.py:208} INFO - Processing /home/airflow/.local/lib/python3.12/site-packages/airflow/example_dags/example_outlet_event_extra.py took 0.327 seconds
[2026-08-12T04:42:03.213+0000] {processor.py:186} INFO - Started process (PID=1181) to work on /home/airflow/.local/lib/python3.12/site-packages/airflow/example_dags/example_outlet_event_extra.py
[2026-08-12T04:42:03.215+0000] {processor.py:914} INFO - Processing file /home/airflow/.local/lib/python3.12/site-packages/airflow/example_dags/example_outlet_event_extra.py for tasks to queue
[2026-08-12T04:42:03.217+0000] {logging_mixin.py:190} INFO - [2026-08-12T04:42:03.217+0000] {dagbag.py:587} INFO - Filling up the DagBag from /home/airflow/.local/lib/python3.12/site-packages/airflow/example_dags/example_outlet_event_extra.py
[2026-08-12T04:42:03.364+0000] {processor.py:925} INFO - DAG(s) 'dataset_with_extra_from_classic_operator', 'dataset_with_extra_by_context', 'dataset_with_extra_by_yield' retrieved from /home/airflow/.local/lib/python3.12/site-packages/airflow/example_dags/example_outlet_event_extra.py
[2026-08-12T04:42:03.398+0000] {logging_mixin.py:190} INFO - [2026-08-12T04:42:03.397+0000] {dag.py:3211} INFO - Sync 3 DAGs
[2026-08-12T04:42:03.425+0000] {logging_mixin.py:190} INFO - [2026-08-12T04:42:03.425+0000] {dag.py:4138} INFO - Setting next_dagrun for dataset_with_extra_by_context to 2026-08-11 00:00:00+00:00, run_after=2026-08-12 00:00:00+00:00
[2026-08-12T04:42:03.431+0000] {logging_mixin.py:190} INFO - [2026-08-12T04:42:03.430+0000] {dag.py:4138} INFO - Setting next_dagrun for dataset_with_extra_by_yield to 2026-08-11 00:00:00+00:00, run_after=2026-08-12 00:00:00+00:00
[2026-08-12T04:42:03.433+0000] {logging_mixin.py:190} INFO - [2026-08-12T04:42:03.433+0000] {dag.py:4138} INFO - Setting next_dagrun for dataset_with_extra_from_classic_operator to 2026-08-11 00:00:00+00:00, run_after=2026-08-12 00:00:00+00:00
[2026-08-12T04:42:03.456+0000] {processor.py:208} INFO - Processing /home/airflow/.local/lib/python3.12/site-packages/airflow/example_dags/example_outlet_event_extra.py took 0.248 seconds
[2026-08-12T04:42:33.973+0000] {processor.py:186} INFO - Started process (PID=1241) to work on /home/airflow/.local/lib/python3.12/site-packages/airflow/example_dags/example_outlet_event_extra.py
[2026-08-12T04:42:33.975+0000] {processor.py:914} INFO - Processing file /home/airflow/.local/lib/python3.12/site-packages/airflow/example_dags/example_outlet_event_extra.py for tasks to queue
[2026-08-12T04:42:33.978+0000] {logging_mixin.py:190} INFO - [2026-08-12T04:42:33.978+0000] {dagbag.py:587} INFO - Filling up the DagBag from /home/airflow/.local/lib/python3.12/site-packages/airflow/example_dags/example_outlet_event_extra.py
[2026-08-12T04:42:34.132+0000] {processor.py:925} INFO - DAG(s) 'dataset_with_extra_by_context', 'dataset_with_extra_from_classic_operator', 'dataset_with_extra_by_yield' retrieved from /home/airflow/.local/lib/python3.12/site-packages/airflow/example_dags/example_outlet_event_extra.py
[2026-08-12T04:42:34.169+0000] {logging_mixin.py:190} INFO - [2026-08-12T04:42:34.169+0000] {dag.py:3211} INFO - Sync 3 DAGs
[2026-08-12T04:42:34.197+0000] {logging_mixin.py:190} INFO - [2026-08-12T04:42:34.196+0000] {dag.py:4138} INFO - Setting next_dagrun for dataset_with_extra_by_context to 2026-08-11 00:00:00+00:00, run_after=2026-08-12 00:00:00+00:00
[2026-08-12T04:42:34.203+0000] {logging_mixin.py:190} INFO - [2026-08-12T04:42:34.202+0000] {dag.py:4138} INFO - Setting next_dagrun for dataset_with_extra_by_yield to 2026-08-11 00:00:00+00:00, run_after=2026-08-12 00:00:00+00:00
[2026-08-12T04:42:34.206+0000] {logging_mixin.py:190} INFO - [2026-08-12T04:42:34.206+0000] {dag.py:4138} INFO - Setting next_dagrun for dataset_with_extra_from_classic_operator to 2026-08-11 00:00:00+00:00, run_after=2026-08-12 00:00:00+00:00
[2026-08-12T04:42:34.233+0000] {processor.py:208} INFO - Processing /home/airflow/.local/lib/python3.12/site-packages/airflow/example_dags/example_outlet_event_extra.py took 0.267 seconds
[2026-08-12T04:43:04.687+0000] {processor.py:186} INFO - Started process (PID=1305) to work on /home/airflow/.local/lib/python3.12/site-packages/airflow/example_dags/example_outlet_event_extra.py
[2026-08-12T04:43:04.689+0000] {processor.py:914} INFO - Processing file /home/airflow/.local/lib/python3.12/site-packages/airflow/example_dags/example_outlet_event_extra.py for tasks to queue
[2026-08-12T04:43:04.694+0000] {logging_mixin.py:190} INFO - [2026-08-12T04:43:04.693+0000] {dagbag.py:587} INFO - Filling up the DagBag from /home/airflow/.local/lib/python3.12/site-packages/airflow/example_dags/example_outlet_event_extra.py
[2026-08-12T04:43:04.826+0000] {processor.py:925} INFO - DAG(s) 'dataset_with_extra_by_context', 'dataset_with_extra_by_yield', 'dataset_with_extra_from_classic_operator' retrieved from /home/airflow/.local/lib/python3.12/site-packages/airflow/example_dags/example_outlet_event_extra.py
[2026-08-12T04:43:04.855+0000] {logging_mixin.py:190} INFO - [2026-08-12T04:43:04.855+0000] {dag.py:3211} INFO - Sync 3 DAGs
[2026-08-12T04:43:04.876+0000] {logging_mixin.py:190} INFO - [2026-08-12T04:43:04.876+0000] {dag.py:4138} INFO - Setting next_dagrun for dataset_with_extra_by_context to 2026-08-11 00:00:00+00:00, run_after=2026-08-12 00:00:00+00:00
[2026-08-12T04:43:04.882+0000] {logging_mixin.py:190} INFO - [2026-08-12T04:43:04.881+0000] {dag.py:4138} INFO - Setting next_dagrun for dataset_with_extra_by_yield to 2026-08-11 00:00:00+00:00, run_after=2026-08-12 00:00:00+00:00
[2026-08-12T04:43:04.885+0000] {logging_mixin.py:190} INFO - [2026-08-12T04:43:04.885+0000] {dag.py:4138} INFO - Setting next_dagrun for dataset_with_extra_from_classic_operator to 2026-08-11 00:00:00+00:00, run_after=2026-08-12 00:00:00+00:00
[2026-08-12T04:43:04.907+0000] {processor.py:208} INFO - Processing /home/airflow/.local/lib/python3.12/site-packages/airflow/example_dags/example_outlet_event_extra.py took 0.229 seconds
[2026-08-12T04:43:35.247+0000] {processor.py:186} INFO - Started process (PID=1367) to work on /home/airflow/.local/lib/python3.12/site-packages/airflow/example_dags/example_outlet_event_extra.py
[2026-08-12T04:43:35.249+0000] {processor.py:914} INFO - Processing file /home/airflow/.local/lib/python3.12/site-packages/airflow/example_dags/example_outlet_event_extra.py for tasks to queue
[2026-08-12T04:43:35.252+0000] {logging_mixin.py:190} INFO - [2026-08-12T04:43:35.252+0000] {dagbag.py:587} INFO - Filling up the DagBag from /home/airflow/.local/lib/python3.12/site-packages/airflow/example_dags/example_outlet_event_extra.py
[2026-08-12T04:43:35.415+0000] {processor.py:925} INFO - DAG(s) 'dataset_with_extra_by_yield', 'dataset_with_extra_from_classic_operator', 'dataset_with_extra_by_context' retrieved from /home/airflow/.local/lib/python3.12/site-packages/airflow/example_dags/example_outlet_event_extra.py
[2026-08-12T04:43:35.444+0000] {logging_mixin.py:190} INFO - [2026-08-12T04:43:35.444+0000] {dag.py:3211} INFO - Sync 3 DAGs
[2026-08-12T04:43:35.473+0000] {logging_mixin.py:190} INFO - [2026-08-12T04:43:35.473+0000] {dag.py:4138} INFO - Setting next_dagrun for dataset_with_extra_by_context to 2026-08-11 00:00:00+00:00, run_after=2026-08-12 00:00:00+00:00
[2026-08-12T04:43:35.479+0000] {logging_mixin.py:190} INFO - [2026-08-12T04:43:35.479+0000] {dag.py:4138} INFO - Setting next_dagrun for dataset_with_extra_by_yield to 2026-08-11 00:00:00+00:00, run_after=2026-08-12 00:00:00+00:00
[2026-08-12T04:43:35.482+0000] {logging_mixin.py:190} INFO - [2026-08-12T04:43:35.482+0000] {dag.py:4138} INFO - Setting next_dagrun for dataset_with_extra_from_classic_operator to 2026-08-11 00:00:00+00:00, run_after=2026-08-12 00:00:00+00:00
[2026-08-12T04:43:35.509+0000] {processor.py:208} INFO - Processing /home/airflow/.local/lib/python3.12/site-packages/airflow/example_dags/example_outlet_event_extra.py took 0.268 seconds
[2026-08-12T04:44:05.597+0000] {processor.py:186} INFO - Started process (PID=1428) to work on /home/airflow/.local/lib/python3.12/site-packages/airflow/example_dags/example_outlet_event_extra.py
[2026-08-12T04:44:05.599+0000] {processor.py:914} INFO - Processing file /home/airflow/.local/lib/python3.12/site-packages/airflow/example_dags/example_outlet_event_extra.py for tasks to queue
[2026-08-12T04:44:05.602+0000] {logging_mixin.py:190} INFO - [2026-08-12T04:44:05.602+0000] {dagbag.py:587} INFO - Filling up the DagBag from /home/airflow/.local/lib/python3.12/site-packages/airflow/example_dags/example_outlet_event_extra.py
[2026-08-12T04:44:05.743+0000] {processor.py:925} INFO - DAG(s) 'dataset_with_extra_by_context', 'dataset_with_extra_from_classic_operator', 'dataset_with_extra_by_yield' retrieved from /home/airflow/.local/lib/python3.12/site-packages/airflow/example_dags/example_outlet_event_extra.py
[2026-08-12T04:44:05.771+0000] {logging_mixin.py:190} INFO - [2026-08-12T04:44:05.770+0000] {dag.py:3211} INFO - Sync 3 DAGs
[2026-08-12T04:44:05.796+0000] {logging_mixin.py:190} INFO - [2026-08-12T04:44:05.796+0000] {dag.py:4138} INFO - Setting next_dagrun for dataset_with_extra_by_context to 2026-08-11 00:00:00+00:00, run_after=2026-08-12 00:00:00+00:00
[2026-08-12T04:44:05.806+0000] {logging_mixin.py:190} INFO - [2026-08-12T04:44:05.805+0000] {dag.py:4138} INFO - Setting next_dagrun for dataset_with_extra_by_yield to 2026-08-11 00:00:00+00:00, run_after=2026-08-12 00:00:00+00:00
[2026-08-12T04:44:05.810+0000] {logging_mixin.py:190} INFO - [2026-08-12T04:44:05.810+0000] {dag.py:4138} INFO - Setting next_dagrun for dataset_with_extra_from_classic_operator to 2026-08-11 00:00:00+00:00, run_after=2026-08-12 00:00:00+00:00
[2026-08-12T04:44:05.846+0000] {processor.py:208} INFO - Processing /home/airflow/.local/lib/python3.12/site-packages/airflow/example_dags/example_outlet_event_extra.py took 0.256 seconds
[2026-08-12T04:44:36.268+0000] {processor.py:186} INFO - Started process (PID=1491) to work on /home/airflow/.local/lib/python3.12/site-packages/airflow/example_dags/example_outlet_event_extra.py
[2026-08-12T04:44:36.270+0000] {processor.py:914} INFO - Processing file /home/airflow/.local/lib/python3.12/site-packages/airflow/example_dags/example_outlet_event_extra.py for tasks to queue
[2026-08-12T04:44:36.274+0000] {logging_mixin.py:190} INFO - [2026-08-12T04:44:36.273+0000] {dagbag.py:587} INFO - Filling up the DagBag from /home/airflow/.local/lib/python3.12/site-packages/airflow/example_dags/example_outlet_event_extra.py
[2026-08-12T04:44:36.396+0000] {processor.py:925} INFO - DAG(s) 'dataset_with_extra_by_yield', 'dataset_with_extra_from_classic_operator', 'dataset_with_extra_by_context' retrieved from /home/airflow/.local/lib/python3.12/site-packages/airflow/example_dags/example_outlet_event_extra.py
[2026-08-12T04:44:36.431+0000] {logging_mixin.py:190} INFO - [2026-08-12T04:44:36.431+0000] {dag.py:3211} INFO - Sync 3 DAGs
[2026-08-12T04:44:36.456+0000] {logging_mixin.py:190} INFO - [2026-08-12T04:44:36.456+0000] {dag.py:4138} INFO - Setting next_dagrun for dataset_with_extra_by_context to 2026-08-11 00:00:00+00:00, run_after=2026-08-12 00:00:00+00:00
[2026-08-12T04:44:36.461+0000] {logging_mixin.py:190} INFO - [2026-08-12T04:44:36.461+0000] {dag.py:4138} INFO - Setting next_dagrun for dataset_with_extra_by_yield to 2026-08-11 00:00:00+00:00, run_after=2026-08-12 00:00:00+00:00
[2026-08-12T04:44:36.464+0000] {logging_mixin.py:190} INFO - [2026-08-12T04:44:36.464+0000] {dag.py:4138} INFO - Setting next_dagrun for dataset_with_extra_from_classic_operator to 2026-08-11 00:00:00+00:00, run_after=2026-08-12 00:00:00+00:00
[2026-08-12T04:44:36.485+0000] {processor.py:208} INFO - Processing /home/airflow/.local/lib/python3.12/site-packages/airflow/example_dags/example_outlet_event_extra.py took 0.224 seconds
[2026-08-12T04:45:06.721+0000] {processor.py:186} INFO - Started process (PID=1553) to work on /home/airflow/.local/lib/python3.12/site-packages/airflow/example_dags/example_outlet_event_extra.py
[2026-08-12T04:45:06.723+0000] {processor.py:914} INFO - Processing file /home/airflow/.local/lib/python3.12/site-packages/airflow/example_dags/example_outlet_event_extra.py for tasks to queue
[2026-08-12T04:45:06.726+0000] {logging_mixin.py:190} INFO - [2026-08-12T04:45:06.725+0000] {dagbag.py:587} INFO - Filling up the DagBag from /home/airflow/.local/lib/python3.12/site-packages/airflow/example_dags/example_outlet_event_extra.py
[2026-08-12T04:45:06.865+0000] {processor.py:925} INFO - DAG(s) 'dataset_with_extra_by_context', 'dataset_with_extra_by_yield', 'dataset_with_extra_from_classic_operator' retrieved from /home/airflow/.local/lib/python3.12/site-packages/airflow/example_dags/example_outlet_event_extra.py
[2026-08-12T04:45:06.892+0000] {logging_mixin.py:190} INFO - [2026-08-12T04:45:06.892+0000] {dag.py:3211} INFO - Sync 3 DAGs
[2026-08-12T04:45:06.915+0000] {logging_mixin.py:190} INFO - [2026-08-12T04:45:06.915+0000] {dag.py:4138} INFO - Setting next_dagrun for dataset_with_extra_by_context to 2026-08-11 00:00:00+00:00, run_after=2026-08-12 00:00:00+00:00
[2026-08-12T04:45:06.920+0000] {logging_mixin.py:190} INFO - [2026-08-12T04:45:06.920+0000] {dag.py:4138} INFO - Setting next_dagrun for dataset_with_extra_by_yield to 2026-08-11 00:00:00+00:00, run_after=2026-08-12 00:00:00+00:00
[2026-08-12T04:45:06.923+0000] {logging_mixin.py:190} INFO - [2026-08-12T04:45:06.923+0000] {dag.py:4138} INFO - Setting next_dagrun for dataset_with_extra_from_classic_operator to 2026-08-11 00:00:00+00:00, run_after=2026-08-12 00:00:00+00:00
[2026-08-12T04:45:06.943+0000] {processor.py:208} INFO - Processing /home/airflow/.local/lib/python3.12/site-packages/airflow/example_dags/example_outlet_event_extra.py took 0.227 seconds
[2026-08-12T04:45:37.393+0000] {processor.py:186} INFO - Started process (PID=1613) to work on /home/airflow/.local/lib/python3.12/site-packages/airflow/example_dags/example_outlet_event_extra.py
[2026-08-12T04:45:37.394+0000] {processor.py:914} INFO - Processing file /home/airflow/.local/lib/python3.12/site-packages/airflow/example_dags/example_outlet_event_extra.py for tasks to queue
[2026-08-12T04:45:37.398+0000] {logging_mixin.py:190} INFO - [2026-08-12T04:45:37.397+0000] {dagbag.py:587} INFO - Filling up the DagBag from /home/airflow/.local/lib/python3.12/site-packages/airflow/example_dags/example_outlet_event_extra.py
[2026-08-12T04:45:37.605+0000] {processor.py:925} INFO - DAG(s) 'dataset_with_extra_by_context', 'dataset_with_extra_by_yield', 'dataset_with_extra_from_classic_operator' retrieved from /home/airflow/.local/lib/python3.12/site-packages/airflow/example_dags/example_outlet_event_extra.py
[2026-08-12T04:45:37.635+0000] {logging_mixin.py:190} INFO - [2026-08-12T04:45:37.634+0000] {dag.py:3211} INFO - Sync 3 DAGs
[2026-08-12T04:45:37.664+0000] {logging_mixin.py:190} INFO - [2026-08-12T04:45:37.663+0000] {dag.py:4138} INFO - Setting next_dagrun for dataset_with_extra_by_context to 2026-08-11 00:00:00+00:00, run_after=2026-08-12 00:00:00+00:00
[2026-08-12T04:45:37.670+0000] {logging_mixin.py:190} INFO - [2026-08-12T04:45:37.670+0000] {dag.py:4138} INFO - Setting next_dagrun for dataset_with_extra_by_yield to 2026-08-11 00:00:00+00:00, run_after=2026-08-12 00:00:00+00:00
[2026-08-12T04:45:37.673+0000] {logging_mixin.py:190} INFO - [2026-08-12T04:45:37.673+0000] {dag.py:4138} INFO - Setting next_dagrun for dataset_with_extra_from_classic_operator to 2026-08-11 00:00:00+00:00, run_after=2026-08-12 00:00:00+00:00
[2026-08-12T04:45:37.696+0000] {processor.py:208} INFO - Processing /home/airflow/.local/lib/python3.12/site-packages/airflow/example_dags/example_outlet_event_extra.py took 0.309 seconds
[2026-08-12T04:46:07.886+0000] {processor.py:186} INFO - Started process (PID=1675) to work on /home/airflow/.local/lib/python3.12/site-packages/airflow/example_dags/example_outlet_event_extra.py
[2026-08-12T04:46:07.888+0000] {processor.py:914} INFO - Processing file /home/airflow/.local/lib/python3.12/site-packages/airflow/example_dags/example_outlet_event_extra.py for tasks to queue
[2026-08-12T04:46:07.890+0000] {logging_mixin.py:190} INFO - [2026-08-12T04:46:07.890+0000] {dagbag.py:587} INFO - Filling up the DagBag from /home/airflow/.local/lib/python3.12/site-packages/airflow/example_dags/example_outlet_event_extra.py
[2026-08-12T04:46:08.025+0000] {processor.py:925} INFO - DAG(s) 'dataset_with_extra_by_context', 'dataset_with_extra_by_yield', 'dataset_with_extra_from_classic_operator' retrieved from /home/airflow/.local/lib/python3.12/site-packages/airflow/example_dags/example_outlet_event_extra.py
[2026-08-12T04:46:08.062+0000] {logging_mixin.py:190} INFO - [2026-08-12T04:46:08.062+0000] {dag.py:3211} INFO - Sync 3 DAGs
[2026-08-12T04:46:08.087+0000] {logging_mixin.py:190} INFO - [2026-08-12T04:46:08.087+0000] {dag.py:4138} INFO - Setting next_dagrun for dataset_with_extra_by_context to 2026-08-11 00:00:00+00:00, run_after=2026-08-12 00:00:00+00:00
[2026-08-12T04:46:08.092+0000] {logging_mixin.py:190} INFO - [2026-08-12T04:46:08.092+0000] {dag.py:4138} INFO - Setting next_dagrun for dataset_with_extra_by_yield to 2026-08-11 00:00:00+00:00, run_after=2026-08-12 00:00:00+00:00
[2026-08-12T04:46:08.097+0000] {logging_mixin.py:190} INFO - [2026-08-12T04:46:08.097+0000] {dag.py:4138} INFO - Setting next_dagrun for dataset_with_extra_from_classic_operator to 2026-08-11 00:00:00+00:00, run_after=2026-08-12 00:00:00+00:00
[2026-08-12T04:46:08.124+0000] {processor.py:208} INFO - Processing /home/airflow/.local/lib/python3.12/site-packages/airflow/example_dags/example_outlet_event_extra.py took 0.243 seconds
[2026-08-12T04:46:38.411+0000] {processor.py:186} INFO - Started process (PID=1738) to work on /home/airflow/.local/lib/python3.12/site-packages/airflow/example_dags/example_outlet_event_extra.py
[2026-08-12T04:46:38.413+0000] {processor.py:914} INFO - Processing file /home/airflow/.local/lib/python3.12/site-packages/airflow/example_dags/example_outlet_event_extra.py for tasks to queue
[2026-08-12T04:46:38.417+0000] {logging_mixin.py:190} INFO - [2026-08-12T04:46:38.417+0000] {dagbag.py:587} INFO - Filling up the DagBag from /home/airflow/.local/lib/python3.12/site-packages/airflow/example_dags/example_outlet_event_extra.py
[2026-08-12T04:46:38.605+0000] {processor.py:925} INFO - DAG(s) 'dataset_with_extra_by_yield', 'dataset_with_extra_from_classic_operator', 'dataset_with_extra_by_context' retrieved from /home/airflow/.local/lib/python3.12/site-packages/airflow/example_dags/example_outlet_event_extra.py
[2026-08-12T04:46:38.644+0000] {logging_mixin.py:190} INFO - [2026-08-12T04:46:38.644+0000] {dag.py:3211} INFO - Sync 3 DAGs
[2026-08-12T04:46:38.692+0000] {logging_mixin.py:190} INFO - [2026-08-12T04:46:38.692+0000] {dag.py:4138} INFO - Setting next_dagrun for dataset_with_extra_by_context to 2026-08-11 00:00:00+00:00, run_after=2026-08-12 00:00:00+00:00
[2026-08-12T04:46:38.701+0000] {logging_mixin.py:190} INFO - [2026-08-12T04:46:38.700+0000] {dag.py:4138} INFO - Setting next_dagrun for dataset_with_extra_by_yield to 2026-08-11 00:00:00+00:00, run_after=2026-08-12 00:00:00+00:00
[2026-08-12T04:46:38.705+0000] {logging_mixin.py:190} INFO - [2026-08-12T04:46:38.704+0000] {dag.py:4138} INFO - Setting next_dagrun for dataset_with_extra_from_classic_operator to 2026-08-11 00:00:00+00:00, run_after=2026-08-12 00:00:00+00:00
[2026-08-12T04:46:38.732+0000] {processor.py:208} INFO - Processing /home/airflow/.local/lib/python3.12/site-packages/airflow/example_dags/example_outlet_event_extra.py took 0.327 seconds
[2026-08-12T04:47:09.078+0000] {processor.py:186} INFO - Started process (PID=1801) to work on /home/airflow/.local/lib/python3.12/site-packages/airflow/example_dags/example_outlet_event_extra.py
[2026-08-12T04:47:09.080+0000] {processor.py:914} INFO - Processing file /home/airflow/.local/lib/python3.12/site-packages/airflow/example_dags/example_outlet_event_extra.py for tasks to queue
[2026-08-12T04:47:09.082+0000] {logging_mixin.py:190} INFO - [2026-08-12T04:47:09.082+0000] {dagbag.py:587} INFO - Filling up the DagBag from /home/airflow/.local/lib/python3.12/site-packages/airflow/example_dags/example_outlet_event_extra.py
[2026-08-12T04:47:09.213+0000] {processor.py:925} INFO - DAG(s) 'dataset_with_extra_from_classic_operator', 'dataset_with_extra_by_context', 'dataset_with_extra_by_yield' retrieved from /home/airflow/.local/lib/python3.12/site-packages/airflow/example_dags/example_outlet_event_extra.py
[2026-08-12T04:47:09.238+0000] {logging_mixin.py:190} INFO - [2026-08-12T04:47:09.237+0000] {dag.py:3211} INFO - Sync 3 DAGs
[2026-08-12T04:47:09.260+0000] {logging_mixin.py:190} INFO - [2026-08-12T04:47:09.259+0000] {dag.py:4138} INFO - Setting next_dagrun for dataset_with_extra_by_context to 2026-08-11 00:00:00+00:00, run_after=2026-08-12 00:00:00+00:00
[2026-08-12T04:47:09.264+0000] {logging_mixin.py:190} INFO - [2026-08-12T04:47:09.264+0000] {dag.py:4138} INFO - Setting next_dagrun for dataset_with_extra_by_yield to 2026-08-11 00:00:00+00:00, run_after=2026-08-12 00:00:00+00:00
[2026-08-12T04:47:09.267+0000] {logging_mixin.py:190} INFO - [2026-08-12T04:47:09.267+0000] {dag.py:4138} INFO - Setting next_dagrun for dataset_with_extra_from_classic_operator to 2026-08-11 00:00:00+00:00, run_after=2026-08-12 00:00:00+00:00
[2026-08-12T04:47:09.287+0000] {processor.py:208} INFO - Processing /home/airflow/.local/lib/python3.12/site-packages/airflow/example_dags/example_outlet_event_extra.py took 0.214 seconds
[2026-08-12T04:47:39.418+0000] {processor.py:186} INFO - Started process (PID=1863) to work on /home/airflow/.local/lib/python3.12/site-packages/airflow/example_dags/example_outlet_event_extra.py
[2026-08-12T04:47:39.419+0000] {processor.py:914} INFO - Processing file /home/airflow/.local/lib/python3.12/site-packages/airflow/example_dags/example_outlet_event_extra.py for tasks to queue
[2026-08-12T04:47:39.422+0000] {logging_mixin.py:190} INFO - [2026-08-12T04:47:39.421+0000] {dagbag.py:587} INFO - Filling up the DagBag from /home/airflow/.local/lib/python3.12/site-packages/airflow/example_dags/example_outlet_event_extra.py
[2026-08-12T04:47:39.535+0000] {processor.py:925} INFO - DAG(s) 'dataset_with_extra_by_context', 'dataset_with_extra_from_classic_operator', 'dataset_with_extra_by_yield' retrieved from /home/airflow/.local/lib/python3.12/site-packages/airflow/example_dags/example_outlet_event_extra.py
[2026-08-12T04:47:39.567+0000] {logging_mixin.py:190} INFO - [2026-08-12T04:47:39.567+0000] {dag.py:3211} INFO - Sync 3 DAGs
[2026-08-12T04:47:39.592+0000] {logging_mixin.py:190} INFO - [2026-08-12T04:47:39.591+0000] {dag.py:4138} INFO - Setting next_dagrun for dataset_with_extra_by_context to 2026-08-11 00:00:00+00:00, run_after=2026-08-12 00:00:00+00:00
[2026-08-12T04:47:39.597+0000] {logging_mixin.py:190} INFO - [2026-08-12T04:47:39.597+0000] {dag.py:4138} INFO - Setting next_dagrun for dataset_with_extra_by_yield to 2026-08-11 00:00:00+00:00, run_after=2026-08-12 00:00:00+00:00
[2026-08-12T04:47:39.600+0000] {logging_mixin.py:190} INFO - [2026-08-12T04:47:39.600+0000] {dag.py:4138} INFO - Setting next_dagrun for dataset_with_extra_from_classic_operator to 2026-08-11 00:00:00+00:00, run_after=2026-08-12 00:00:00+00:00
[2026-08-12T04:47:39.634+0000] {processor.py:208} INFO - Processing /home/airflow/.local/lib/python3.12/site-packages/airflow/example_dags/example_outlet_event_extra.py took 0.222 seconds
[2026-08-12T04:48:10.185+0000] {processor.py:186} INFO - Started process (PID=1925) to work on /home/airflow/.local/lib/python3.12/site-packages/airflow/example_dags/example_outlet_event_extra.py
[2026-08-12T04:48:10.187+0000] {processor.py:914} INFO - Processing file /home/airflow/.local/lib/python3.12/site-packages/airflow/example_dags/example_outlet_event_extra.py for tasks to queue
[2026-08-12T04:48:10.190+0000] {logging_mixin.py:190} INFO - [2026-08-12T04:48:10.189+0000] {dagbag.py:587} INFO - Filling up the DagBag from /home/airflow/.local/lib/python3.12/site-packages/airflow/example_dags/example_outlet_event_extra.py
[2026-08-12T04:48:10.314+0000] {processor.py:925} INFO - DAG(s) 'dataset_with_extra_by_yield', 'dataset_with_extra_by_context', 'dataset_with_extra_from_classic_operator' retrieved from /home/airflow/.local/lib/python3.12/site-packages/airflow/example_dags/example_outlet_event_extra.py
[2026-08-12T04:48:10.340+0000] {logging_mixin.py:190} INFO - [2026-08-12T04:48:10.340+0000] {dag.py:3211} INFO - Sync 3 DAGs
[2026-08-12T04:48:10.363+0000] {logging_mixin.py:190} INFO - [2026-08-12T04:48:10.363+0000] {dag.py:4138} INFO - Setting next_dagrun for dataset_with_extra_by_context to 2026-08-11 00:00:00+00:00, run_after=2026-08-12 00:00:00+00:00
[2026-08-12T04:48:10.369+0000] {logging_mixin.py:190} INFO - [2026-08-12T04:48:10.368+0000] {dag.py:4138} INFO - Setting next_dagrun for dataset_with_extra_by_yield to 2026-08-11 00:00:00+00:00, run_after=2026-08-12 00:00:00+00:00
[2026-08-12T04:48:10.373+0000] {logging_mixin.py:190} INFO - [2026-08-12T04:48:10.373+0000] {dag.py:4138} INFO - Setting next_dagrun for dataset_with_extra_from_classic_operator to 2026-08-11 00:00:00+00:00, run_after=2026-08-12 00:00:00+00:00
[2026-08-12T04:48:10.405+0000] {processor.py:208} INFO - Processing /home/airflow/.local/lib/python3.12/site-packages/airflow/example_dags/example_outlet_event_extra.py took 0.226 seconds
[2026-08-12T04:48:40.523+0000] {processor.py:186} INFO - Started process (PID=1987) to work on /home/airflow/.local/lib/python3.12/site-packages/airflow/example_dags/example_outlet_event_extra.py
[2026-08-12T04:48:40.524+0000] {processor.py:914} INFO - Processing file /home/airflow/.local/lib/python3.12/site-packages/airflow/example_dags/example_outlet_event_extra.py for tasks to queue
[2026-08-12T04:48:40.528+0000] {logging_mixin.py:190} INFO - [2026-08-12T04:48:40.527+0000] {dagbag.py:587} INFO - Filling up the DagBag from /home/airflow/.local/lib/python3.12/site-packages/airflow/example_dags/example_outlet_event_extra.py
[2026-08-12T04:48:40.674+0000] {processor.py:925} INFO - DAG(s) 'dataset_with_extra_from_classic_operator', 'dataset_with_extra_by_yield', 'dataset_with_extra_by_context' retrieved from /home/airflow/.local/lib/python3.12/site-packages/airflow/example_dags/example_outlet_event_extra.py
[2026-08-12T04:48:40.701+0000] {logging_mixin.py:190} INFO - [2026-08-12T04:48:40.701+0000] {dag.py:3211} INFO - Sync 3 DAGs
[2026-08-12T04:48:40.727+0000] {logging_mixin.py:190} INFO - [2026-08-12T04:48:40.726+0000] {dag.py:4138} INFO - Setting next_dagrun for dataset_with_extra_by_context to 2026-08-11 00:00:00+00:00, run_after=2026-08-12 00:00:00+00:00
[2026-08-12T04:48:40.736+0000] {logging_mixin.py:190} INFO - [2026-08-12T04:48:40.736+0000] {dag.py:4138} INFO - Setting next_dagrun for dataset_with_extra_by_yield to 2026-08-11 00:00:00+00:00, run_after=2026-08-12 00:00:00+00:00
[2026-08-12T04:48:40.740+0000] {logging_mixin.py:190} INFO - [2026-08-12T04:48:40.739+0000] {dag.py:4138} INFO - Setting next_dagrun for dataset_with_extra_from_classic_operator to 2026-08-11 00:00:00+00:00, run_after=2026-08-12 00:00:00+00:00
[2026-08-12T04:48:40.772+0000] {processor.py:208} INFO - Processing /home/airflow/.local/lib/python3.12/site-packages/airflow/example_dags/example_outlet_event_extra.py took 0.255 seconds
[2026-08-12T04:49:11.301+0000] {processor.py:186} INFO - Started process (PID=2049) to work on /home/airflow/.local/lib/python3.12/site-packages/airflow/example_dags/example_outlet_event_extra.py
[2026-08-12T04:49:11.303+0000] {processor.py:914} INFO - Processing file /home/airflow/.local/lib/python3.12/site-packages/airflow/example_dags/example_outlet_event_extra.py for tasks to queue
[2026-08-12T04:49:11.308+0000] {logging_mixin.py:190} INFO - [2026-08-12T04:49:11.308+0000] {dagbag.py:587} INFO - Filling up the DagBag from /home/airflow/.local/lib/python3.12/site-packages/airflow/example_dags/example_outlet_event_extra.py
[2026-08-12T04:49:11.495+0000] {processor.py:925} INFO - DAG(s) 'dataset_with_extra_by_context', 'dataset_with_extra_from_classic_operator', 'dataset_with_extra_by_yield' retrieved from /home/airflow/.local/lib/python3.12/site-packages/airflow/example_dags/example_outlet_event_extra.py
[2026-08-12T04:49:11.805+0000] {logging_mixin.py:190} INFO - [2026-08-12T04:49:11.805+0000] {dag.py:3211} INFO - Sync 3 DAGs
[2026-08-12T04:49:11.830+0000] {logging_mixin.py:190} INFO - [2026-08-12T04:49:11.830+0000] {dag.py:4138} INFO - Setting next_dagrun for dataset_with_extra_by_context to 2026-08-11 00:00:00+00:00, run_after=2026-08-12 00:00:00+00:00
[2026-08-12T04:49:11.836+0000] {logging_mixin.py:190} INFO - [2026-08-12T04:49:11.836+0000] {dag.py:4138} INFO - Setting next_dagrun for dataset_with_extra_by_yield to 2026-08-11 00:00:00+00:00, run_after=2026-08-12 00:00:00+00:00
[2026-08-12T04:49:11.841+0000] {logging_mixin.py:190} INFO - [2026-08-12T04:49:11.840+0000] {dag.py:4138} INFO - Setting next_dagrun for dataset_with_extra_from_classic_operator to 2026-08-11 00:00:00+00:00, run_after=2026-08-12 00:00:00+00:00
[2026-08-12T04:49:11.891+0000] {processor.py:208} INFO - Processing /home/airflow/.local/lib/python3.12/site-packages/airflow/example_dags/example_outlet_event_extra.py took 0.596 seconds
[2026-08-12T04:49:42.417+0000] {processor.py:186} INFO - Started process (PID=2111) to work on /home/airflow/.local/lib/python3.12/site-packages/airflow/example_dags/example_outlet_event_extra.py
[2026-08-12T04:49:42.419+0000] {processor.py:914} INFO - Processing file /home/airflow/.local/lib/python3.12/site-packages/airflow/example_dags/example_outlet_event_extra.py for tasks to queue
[2026-08-12T04:49:42.422+0000] {logging_mixin.py:190} INFO - [2026-08-12T04:49:42.422+0000] {dagbag.py:587} INFO - Filling up the DagBag from /home/airflow/.local/lib/python3.12/site-packages/airflow/example_dags/example_outlet_event_extra.py
[2026-08-12T04:49:42.557+0000] {processor.py:925} INFO - DAG(s) 'dataset_with_extra_by_context', 'dataset_with_extra_from_classic_operator', 'dataset_with_extra_by_yield' retrieved from /home/airflow/.local/lib/python3.12/site-packages/airflow/example_dags/example_outlet_event_extra.py
[2026-08-12T04:49:42.582+0000] {logging_mixin.py:190} INFO - [2026-08-12T04:49:42.582+0000] {dag.py:3211} INFO - Sync 3 DAGs
[2026-08-12T04:49:42.803+0000] {logging_mixin.py:190} INFO - [2026-08-12T04:49:42.802+0000] {dag.py:4138} INFO - Setting next_dagrun for dataset_with_extra_by_context to 2026-08-11 00:00:00+00:00, run_after=2026-08-12 00:00:00+00:00
[2026-08-12T04:49:42.808+0000] {logging_mixin.py:190} INFO - [2026-08-12T04:49:42.807+0000] {dag.py:4138} INFO - Setting next_dagrun for dataset_with_extra_by_yield to 2026-08-11 00:00:00+00:00, run_after=2026-08-12 00:00:00+00:00
[2026-08-12T04:49:42.811+0000] {logging_mixin.py:190} INFO - [2026-08-12T04:49:42.811+0000] {dag.py:4138} INFO - Setting next_dagrun for dataset_with_extra_from_classic_operator to 2026-08-11 00:00:00+00:00, run_after=2026-08-12 00:00:00+00:00
[2026-08-12T04:49:42.831+0000] {processor.py:208} INFO - Processing /home/airflow/.local/lib/python3.12/site-packages/airflow/example_dags/example_outlet_event_extra.py took 0.419 seconds
