[2026-08-12T04:30:32.083+0000] {processor.py:186} INFO - Started process (PID=67) to work on /home/airflow/.local/lib/python3.12/site-packages/airflow/example_dags/example_xcomargs.py
[2026-08-12T04:30:32.098+0000] {processor.py:914} INFO - Processing file /home/airflow/.local/lib/python3.12/site-packages/airflow/example_dags/example_xcomargs.py for tasks to queue
[2026-08-12T04:30:32.104+0000] {logging_mixin.py:190} INFO - [2026-08-12T04:30:32.103+0000] {dagbag.py:587} INFO - Filling up the DagBag from /home/airflow/.local/lib/python3.12/site-packages/airflow/example_dags/example_xcomargs.py
[2026-08-12T04:30:32.128+0000] {processor.py:925} INFO - DAG(s) 'example_xcom_args_with_operators', 'example_xcom_args' retrieved from /home/airflow/.local/lib/python3.12/site-packages/airflow/example_dags/example_xcomargs.py
[2026-08-12T04:30:32.304+0000] {logging_mixin.py:190} INFO - [2026-08-12T04:30:32.303+0000] {override.py:1858} INFO - Created Permission View: can edit on DAG:example_xcom_args_with_operators
[2026-08-12T04:30:32.319+0000] {logging_mixin.py:190} INFO - [2026-08-12T04:30:32.318+0000] {override.py:1858} INFO - Created Permission View: can delete on DAG:example_xcom_args_with_operators
[2026-08-12T04:30:32.329+0000] {logging_mixin.py:190} INFO - [2026-08-12T04:30:32.329+0000] {override.py:1858} INFO - Created Permission View: can read on DAG:example_xcom_args_with_operators
[2026-08-12T04:30:32.352+0000] {logging_mixin.py:190} INFO - [2026-08-12T04:30:32.351+0000] {override.py:1858} INFO - Created Permission View: can edit on DAG:example_xcom_args
[2026-08-12T04:30:32.361+0000] {logging_mixin.py:190} INFO - [2026-08-12T04:30:32.361+0000] {override.py:1858} INFO - Created Permission View: can delete on DAG:example_xcom_args
[2026-08-12T04:30:32.372+0000] {logging_mixin.py:190} INFO - [2026-08-12T04:30:32.372+0000] {override.py:1858} INFO - Created Permission View: can read on DAG:example_xcom_args
[2026-08-12T04:30:32.374+0000] {logging_mixin.py:190} INFO - [2026-08-12T04:30:32.373+0000] {dag.py:3211} INFO - Sync 2 DAGs
[2026-08-12T04:30:32.395+0000] {logging_mixin.py:190} INFO - [2026-08-12T04:30:32.395+0000] {dag.py:3234} INFO - Creating ORM DAG for example_xcom_args
[2026-08-12T04:30:32.397+0000] {logging_mixin.py:190} INFO - [2026-08-12T04:30:32.397+0000] {dag.py:3234} INFO - Creating ORM DAG for example_xcom_args_with_operators
[2026-08-12T04:30:32.400+0000] {logging_mixin.py:190} INFO - [2026-08-12T04:30:32.399+0000] {dag.py:4138} INFO - Setting next_dagrun for example_xcom_args to None, run_after=None
[2026-08-12T04:30:32.402+0000] {logging_mixin.py:190} INFO - [2026-08-12T04:30:32.402+0000] {dag.py:4138} INFO - Setting next_dagrun for example_xcom_args_with_operators to None, run_after=None
[2026-08-12T04:30:32.434+0000] {processor.py:208} INFO - Processing /home/airflow/.local/lib/python3.12/site-packages/airflow/example_dags/example_xcomargs.py took 0.358 seconds
[2026-08-12T04:31:03.231+0000] {processor.py:186} INFO - Started process (PID=134) to work on /home/airflow/.local/lib/python3.12/site-packages/airflow/example_dags/example_xcomargs.py
[2026-08-12T04:31:03.234+0000] {processor.py:914} INFO - Processing file /home/airflow/.local/lib/python3.12/site-packages/airflow/example_dags/example_xcomargs.py for tasks to queue
[2026-08-12T04:31:03.239+0000] {logging_mixin.py:190} INFO - [2026-08-12T04:31:03.238+0000] {dagbag.py:587} INFO - Filling up the DagBag from /home/airflow/.local/lib/python3.12/site-packages/airflow/example_dags/example_xcomargs.py
[2026-08-12T04:31:03.253+0000] {processor.py:925} INFO - DAG(s) 'example_xcom_args_with_operators', 'example_xcom_args' retrieved from /home/airflow/.local/lib/python3.12/site-packages/airflow/example_dags/example_xcomargs.py
[2026-08-12T04:31:03.281+0000] {logging_mixin.py:190} INFO - [2026-08-12T04:31:03.281+0000] {dag.py:3211} INFO - Sync 2 DAGs
[2026-08-12T04:31:03.298+0000] {logging_mixin.py:190} INFO - [2026-08-12T04:31:03.298+0000] {dag.py:4138} INFO - Setting next_dagrun for example_xcom_args to None, run_after=None
[2026-08-12T04:31:03.306+0000] {logging_mixin.py:190} INFO - [2026-08-12T04:31:03.306+0000] {dag.py:4138} INFO - Setting next_dagrun for example_xcom_args_with_operators to None, run_after=None
[2026-08-12T04:31:03.329+0000] {processor.py:208} INFO - Processing /home/airflow/.local/lib/python3.12/site-packages/airflow/example_dags/example_xcomargs.py took 0.108 seconds
[2026-08-12T04:31:33.978+0000] {processor.py:186} INFO - Started process (PID=198) to work on /home/airflow/.local/lib/python3.12/site-packages/airflow/example_dags/example_xcomargs.py
[2026-08-12T04:31:33.980+0000] {processor.py:914} INFO - Processing file /home/airflow/.local/lib/python3.12/site-packages/airflow/example_dags/example_xcomargs.py for tasks to queue
[2026-08-12T04:31:33.983+0000] {logging_mixin.py:190} INFO - [2026-08-12T04:31:33.983+0000] {dagbag.py:587} INFO - Filling up the DagBag from /home/airflow/.local/lib/python3.12/site-packages/airflow/example_dags/example_xcomargs.py
[2026-08-12T04:31:33.997+0000] {processor.py:925} INFO - DAG(s) 'example_xcom_args', 'example_xcom_args_with_operators' retrieved from /home/airflow/.local/lib/python3.12/site-packages/airflow/example_dags/example_xcomargs.py
[2026-08-12T04:31:34.030+0000] {logging_mixin.py:190} INFO - [2026-08-12T04:31:34.029+0000] {dag.py:3211} INFO - Sync 2 DAGs
[2026-08-12T04:31:34.047+0000] {logging_mixin.py:190} INFO - [2026-08-12T04:31:34.047+0000] {dag.py:4138} INFO - Setting next_dagrun for example_xcom_args to None, run_after=None
[2026-08-12T04:31:34.052+0000] {logging_mixin.py:190} INFO - [2026-08-12T04:31:34.052+0000] {dag.py:4138} INFO - Setting next_dagrun for example_xcom_args_with_operators to None, run_after=None
[2026-08-12T04:31:34.082+0000] {processor.py:208} INFO - Processing /home/airflow/.local/lib/python3.12/site-packages/airflow/example_dags/example_xcomargs.py took 0.112 seconds
[2026-08-12T04:32:04.571+0000] {processor.py:186} INFO - Started process (PID=260) to work on /home/airflow/.local/lib/python3.12/site-packages/airflow/example_dags/example_xcomargs.py
[2026-08-12T04:32:04.573+0000] {processor.py:914} INFO - Processing file /home/airflow/.local/lib/python3.12/site-packages/airflow/example_dags/example_xcomargs.py for tasks to queue
[2026-08-12T04:32:04.577+0000] {logging_mixin.py:190} INFO - [2026-08-12T04:32:04.577+0000] {dagbag.py:587} INFO - Filling up the DagBag from /home/airflow/.local/lib/python3.12/site-packages/airflow/example_dags/example_xcomargs.py
[2026-08-12T04:32:04.591+0000] {processor.py:925} INFO - DAG(s) 'example_xcom_args_with_operators', 'example_xcom_args' retrieved from /home/airflow/.local/lib/python3.12/site-packages/airflow/example_dags/example_xcomargs.py
[2026-08-12T04:32:04.619+0000] {logging_mixin.py:190} INFO - [2026-08-12T04:32:04.619+0000] {dag.py:3211} INFO - Sync 2 DAGs
[2026-08-12T04:32:04.637+0000] {logging_mixin.py:190} INFO - [2026-08-12T04:32:04.637+0000] {dag.py:4138} INFO - Setting next_dagrun for example_xcom_args to None, run_after=None
[2026-08-12T04:32:04.644+0000] {logging_mixin.py:190} INFO - [2026-08-12T04:32:04.643+0000] {dag.py:4138} INFO - Setting next_dagrun for example_xcom_args_with_operators to None, run_after=None
[2026-08-12T04:32:04.680+0000] {processor.py:208} INFO - Processing /home/airflow/.local/lib/python3.12/site-packages/airflow/example_dags/example_xcomargs.py took 0.117 seconds
[2026-08-12T04:32:52.531+0000] {processor.py:186} INFO - Started process (PID=57) to work on /home/airflow/.local/lib/python3.12/site-packages/airflow/example_dags/example_xcomargs.py
[2026-08-12T04:32:52.533+0000] {processor.py:914} INFO - Processing file /home/airflow/.local/lib/python3.12/site-packages/airflow/example_dags/example_xcomargs.py for tasks to queue
[2026-08-12T04:32:52.539+0000] {logging_mixin.py:190} INFO - [2026-08-12T04:32:52.538+0000] {dagbag.py:587} INFO - Filling up the DagBag from /home/airflow/.local/lib/python3.12/site-packages/airflow/example_dags/example_xcomargs.py
[2026-08-12T04:32:52.567+0000] {processor.py:925} INFO - DAG(s) 'example_xcom_args', 'example_xcom_args_with_operators' retrieved from /home/airflow/.local/lib/python3.12/site-packages/airflow/example_dags/example_xcomargs.py
[2026-08-12T04:32:52.642+0000] {logging_mixin.py:190} INFO - [2026-08-12T04:32:52.641+0000] {dag.py:3211} INFO - Sync 2 DAGs
[2026-08-12T04:32:52.690+0000] {logging_mixin.py:190} INFO - [2026-08-12T04:32:52.690+0000] {dag.py:4138} INFO - Setting next_dagrun for example_xcom_args to None, run_after=None
[2026-08-12T04:32:52.700+0000] {logging_mixin.py:190} INFO - [2026-08-12T04:32:52.700+0000] {dag.py:4138} INFO - Setting next_dagrun for example_xcom_args_with_operators to None, run_after=None
[2026-08-12T04:32:52.737+0000] {processor.py:208} INFO - Processing /home/airflow/.local/lib/python3.12/site-packages/airflow/example_dags/example_xcomargs.py took 0.215 seconds
[2026-08-12T04:33:23.344+0000] {processor.py:186} INFO - Started process (PID=120) to work on /home/airflow/.local/lib/python3.12/site-packages/airflow/example_dags/example_xcomargs.py
[2026-08-12T04:33:23.346+0000] {processor.py:914} INFO - Processing file /home/airflow/.local/lib/python3.12/site-packages/airflow/example_dags/example_xcomargs.py for tasks to queue
[2026-08-12T04:33:23.350+0000] {logging_mixin.py:190} INFO - [2026-08-12T04:33:23.349+0000] {dagbag.py:587} INFO - Filling up the DagBag from /home/airflow/.local/lib/python3.12/site-packages/airflow/example_dags/example_xcomargs.py
[2026-08-12T04:33:23.364+0000] {processor.py:925} INFO - DAG(s) 'example_xcom_args', 'example_xcom_args_with_operators' retrieved from /home/airflow/.local/lib/python3.12/site-packages/airflow/example_dags/example_xcomargs.py
[2026-08-12T04:33:23.389+0000] {logging_mixin.py:190} INFO - [2026-08-12T04:33:23.388+0000] {dag.py:3211} INFO - Sync 2 DAGs
[2026-08-12T04:33:23.404+0000] {logging_mixin.py:190} INFO - [2026-08-12T04:33:23.403+0000] {dag.py:4138} INFO - Setting next_dagrun for example_xcom_args to None, run_after=None
[2026-08-12T04:33:23.408+0000] {logging_mixin.py:190} INFO - [2026-08-12T04:33:23.408+0000] {dag.py:4138} INFO - Setting next_dagrun for example_xcom_args_with_operators to None, run_after=None
[2026-08-12T04:33:23.430+0000] {processor.py:208} INFO - Processing /home/airflow/.local/lib/python3.12/site-packages/airflow/example_dags/example_xcomargs.py took 0.091 seconds
[2026-08-12T04:33:54.195+0000] {processor.py:186} INFO - Started process (PID=188) to work on /home/airflow/.local/lib/python3.12/site-packages/airflow/example_dags/example_xcomargs.py
[2026-08-12T04:33:54.197+0000] {processor.py:914} INFO - Processing file /home/airflow/.local/lib/python3.12/site-packages/airflow/example_dags/example_xcomargs.py for tasks to queue
[2026-08-12T04:33:54.200+0000] {logging_mixin.py:190} INFO - [2026-08-12T04:33:54.199+0000] {dagbag.py:587} INFO - Filling up the DagBag from /home/airflow/.local/lib/python3.12/site-packages/airflow/example_dags/example_xcomargs.py
[2026-08-12T04:33:54.211+0000] {processor.py:925} INFO - DAG(s) 'example_xcom_args_with_operators', 'example_xcom_args' retrieved from /home/airflow/.local/lib/python3.12/site-packages/airflow/example_dags/example_xcomargs.py
[2026-08-12T04:33:54.248+0000] {logging_mixin.py:190} INFO - [2026-08-12T04:33:54.248+0000] {dag.py:3211} INFO - Sync 2 DAGs
[2026-08-12T04:33:54.271+0000] {logging_mixin.py:190} INFO - [2026-08-12T04:33:54.271+0000] {dag.py:4138} INFO - Setting next_dagrun for example_xcom_args to None, run_after=None
[2026-08-12T04:33:54.276+0000] {logging_mixin.py:190} INFO - [2026-08-12T04:33:54.276+0000] {dag.py:4138} INFO - Setting next_dagrun for example_xcom_args_with_operators to None, run_after=None
[2026-08-12T04:33:54.297+0000] {processor.py:208} INFO - Processing /home/airflow/.local/lib/python3.12/site-packages/airflow/example_dags/example_xcomargs.py took 0.108 seconds
[2026-08-12T04:34:24.616+0000] {processor.py:186} INFO - Started process (PID=250) to work on /home/airflow/.local/lib/python3.12/site-packages/airflow/example_dags/example_xcomargs.py
[2026-08-12T04:34:24.618+0000] {processor.py:914} INFO - Processing file /home/airflow/.local/lib/python3.12/site-packages/airflow/example_dags/example_xcomargs.py for tasks to queue
[2026-08-12T04:34:24.621+0000] {logging_mixin.py:190} INFO - [2026-08-12T04:34:24.620+0000] {dagbag.py:587} INFO - Filling up the DagBag from /home/airflow/.local/lib/python3.12/site-packages/airflow/example_dags/example_xcomargs.py
[2026-08-12T04:34:24.631+0000] {processor.py:925} INFO - DAG(s) 'example_xcom_args_with_operators', 'example_xcom_args' retrieved from /home/airflow/.local/lib/python3.12/site-packages/airflow/example_dags/example_xcomargs.py
[2026-08-12T04:34:24.658+0000] {logging_mixin.py:190} INFO - [2026-08-12T04:34:24.658+0000] {dag.py:3211} INFO - Sync 2 DAGs
[2026-08-12T04:34:24.674+0000] {logging_mixin.py:190} INFO - [2026-08-12T04:34:24.673+0000] {dag.py:4138} INFO - Setting next_dagrun for example_xcom_args to None, run_after=None
[2026-08-12T04:34:24.679+0000] {logging_mixin.py:190} INFO - [2026-08-12T04:34:24.678+0000] {dag.py:4138} INFO - Setting next_dagrun for example_xcom_args_with_operators to None, run_after=None
[2026-08-12T04:34:24.697+0000] {processor.py:208} INFO - Processing /home/airflow/.local/lib/python3.12/site-packages/airflow/example_dags/example_xcomargs.py took 0.087 seconds
[2026-08-12T04:34:55.409+0000] {processor.py:186} INFO - Started process (PID=312) to work on /home/airflow/.local/lib/python3.12/site-packages/airflow/example_dags/example_xcomargs.py
[2026-08-12T04:34:55.410+0000] {processor.py:914} INFO - Processing file /home/airflow/.local/lib/python3.12/site-packages/airflow/example_dags/example_xcomargs.py for tasks to queue
[2026-08-12T04:34:55.415+0000] {logging_mixin.py:190} INFO - [2026-08-12T04:34:55.414+0000] {dagbag.py:587} INFO - Filling up the DagBag from /home/airflow/.local/lib/python3.12/site-packages/airflow/example_dags/example_xcomargs.py
[2026-08-12T04:34:55.426+0000] {processor.py:925} INFO - DAG(s) 'example_xcom_args_with_operators', 'example_xcom_args' retrieved from /home/airflow/.local/lib/python3.12/site-packages/airflow/example_dags/example_xcomargs.py
[2026-08-12T04:34:55.458+0000] {logging_mixin.py:190} INFO - [2026-08-12T04:34:55.457+0000] {dag.py:3211} INFO - Sync 2 DAGs
[2026-08-12T04:34:55.472+0000] {logging_mixin.py:190} INFO - [2026-08-12T04:34:55.472+0000] {dag.py:4138} INFO - Setting next_dagrun for example_xcom_args to None, run_after=None
[2026-08-12T04:34:55.477+0000] {logging_mixin.py:190} INFO - [2026-08-12T04:34:55.477+0000] {dag.py:4138} INFO - Setting next_dagrun for example_xcom_args_with_operators to None, run_after=None
[2026-08-12T04:34:55.498+0000] {processor.py:208} INFO - Processing /home/airflow/.local/lib/python3.12/site-packages/airflow/example_dags/example_xcomargs.py took 0.095 seconds
[2026-08-12T04:35:25.738+0000] {processor.py:186} INFO - Started process (PID=374) to work on /home/airflow/.local/lib/python3.12/site-packages/airflow/example_dags/example_xcomargs.py
[2026-08-12T04:35:25.740+0000] {processor.py:914} INFO - Processing file /home/airflow/.local/lib/python3.12/site-packages/airflow/example_dags/example_xcomargs.py for tasks to queue
[2026-08-12T04:35:25.743+0000] {logging_mixin.py:190} INFO - [2026-08-12T04:35:25.743+0000] {dagbag.py:587} INFO - Filling up the DagBag from /home/airflow/.local/lib/python3.12/site-packages/airflow/example_dags/example_xcomargs.py
[2026-08-12T04:35:25.758+0000] {processor.py:925} INFO - DAG(s) 'example_xcom_args_with_operators', 'example_xcom_args' retrieved from /home/airflow/.local/lib/python3.12/site-packages/airflow/example_dags/example_xcomargs.py
[2026-08-12T04:35:25.792+0000] {logging_mixin.py:190} INFO - [2026-08-12T04:35:25.792+0000] {dag.py:3211} INFO - Sync 2 DAGs
[2026-08-12T04:35:25.811+0000] {logging_mixin.py:190} INFO - [2026-08-12T04:35:25.811+0000] {dag.py:4138} INFO - Setting next_dagrun for example_xcom_args to None, run_after=None
[2026-08-12T04:35:25.817+0000] {logging_mixin.py:190} INFO - [2026-08-12T04:35:25.817+0000] {dag.py:4138} INFO - Setting next_dagrun for example_xcom_args_with_operators to None, run_after=None
[2026-08-12T04:35:25.838+0000] {processor.py:208} INFO - Processing /home/airflow/.local/lib/python3.12/site-packages/airflow/example_dags/example_xcomargs.py took 0.111 seconds
[2026-08-12T04:35:55.990+0000] {processor.py:186} INFO - Started process (PID=435) to work on /home/airflow/.local/lib/python3.12/site-packages/airflow/example_dags/example_xcomargs.py
[2026-08-12T04:35:55.991+0000] {processor.py:914} INFO - Processing file /home/airflow/.local/lib/python3.12/site-packages/airflow/example_dags/example_xcomargs.py for tasks to queue
[2026-08-12T04:35:55.995+0000] {logging_mixin.py:190} INFO - [2026-08-12T04:35:55.994+0000] {dagbag.py:587} INFO - Filling up the DagBag from /home/airflow/.local/lib/python3.12/site-packages/airflow/example_dags/example_xcomargs.py
[2026-08-12T04:35:56.004+0000] {processor.py:925} INFO - DAG(s) 'example_xcom_args_with_operators', 'example_xcom_args' retrieved from /home/airflow/.local/lib/python3.12/site-packages/airflow/example_dags/example_xcomargs.py
[2026-08-12T04:35:56.027+0000] {logging_mixin.py:190} INFO - [2026-08-12T04:35:56.027+0000] {dag.py:3211} INFO - Sync 2 DAGs
[2026-08-12T04:35:56.041+0000] {logging_mixin.py:190} INFO - [2026-08-12T04:35:56.041+0000] {dag.py:4138} INFO - Setting next_dagrun for example_xcom_args to None, run_after=None
[2026-08-12T04:35:56.046+0000] {logging_mixin.py:190} INFO - [2026-08-12T04:35:56.046+0000] {dag.py:4138} INFO - Setting next_dagrun for example_xcom_args_with_operators to None, run_after=None
[2026-08-12T04:35:56.064+0000] {processor.py:208} INFO - Processing /home/airflow/.local/lib/python3.12/site-packages/airflow/example_dags/example_xcomargs.py took 0.079 seconds
[2026-08-12T04:36:26.898+0000] {processor.py:186} INFO - Started process (PID=498) to work on /home/airflow/.local/lib/python3.12/site-packages/airflow/example_dags/example_xcomargs.py
[2026-08-12T04:36:26.899+0000] {processor.py:914} INFO - Processing file /home/airflow/.local/lib/python3.12/site-packages/airflow/example_dags/example_xcomargs.py for tasks to queue
[2026-08-12T04:36:26.903+0000] {logging_mixin.py:190} INFO - [2026-08-12T04:36:26.902+0000] {dagbag.py:587} INFO - Filling up the DagBag from /home/airflow/.local/lib/python3.12/site-packages/airflow/example_dags/example_xcomargs.py
[2026-08-12T04:36:26.916+0000] {processor.py:925} INFO - DAG(s) 'example_xcom_args_with_operators', 'example_xcom_args' retrieved from /home/airflow/.local/lib/python3.12/site-packages/airflow/example_dags/example_xcomargs.py
[2026-08-12T04:36:26.946+0000] {logging_mixin.py:190} INFO - [2026-08-12T04:36:26.946+0000] {dag.py:3211} INFO - Sync 2 DAGs
[2026-08-12T04:36:26.974+0000] {logging_mixin.py:190} INFO - [2026-08-12T04:36:26.974+0000] {dag.py:4138} INFO - Setting next_dagrun for example_xcom_args to None, run_after=None
[2026-08-12T04:36:26.983+0000] {logging_mixin.py:190} INFO - [2026-08-12T04:36:26.982+0000] {dag.py:4138} INFO - Setting next_dagrun for example_xcom_args_with_operators to None, run_after=None
[2026-08-12T04:36:27.019+0000] {processor.py:208} INFO - Processing /home/airflow/.local/lib/python3.12/site-packages/airflow/example_dags/example_xcomargs.py took 0.128 seconds
[2026-08-12T04:36:57.360+0000] {processor.py:186} INFO - Started process (PID=560) to work on /home/airflow/.local/lib/python3.12/site-packages/airflow/example_dags/example_xcomargs.py
[2026-08-12T04:36:57.362+0000] {processor.py:914} INFO - Processing file /home/airflow/.local/lib/python3.12/site-packages/airflow/example_dags/example_xcomargs.py for tasks to queue
[2026-08-12T04:36:57.365+0000] {logging_mixin.py:190} INFO - [2026-08-12T04:36:57.365+0000] {dagbag.py:587} INFO - Filling up the DagBag from /home/airflow/.local/lib/python3.12/site-packages/airflow/example_dags/example_xcomargs.py
[2026-08-12T04:36:57.375+0000] {processor.py:925} INFO - DAG(s) 'example_xcom_args_with_operators', 'example_xcom_args' retrieved from /home/airflow/.local/lib/python3.12/site-packages/airflow/example_dags/example_xcomargs.py
[2026-08-12T04:36:57.403+0000] {logging_mixin.py:190} INFO - [2026-08-12T04:36:57.402+0000] {dag.py:3211} INFO - Sync 2 DAGs
[2026-08-12T04:36:57.419+0000] {logging_mixin.py:190} INFO - [2026-08-12T04:36:57.419+0000] {dag.py:4138} INFO - Setting next_dagrun for example_xcom_args to None, run_after=None
[2026-08-12T04:36:57.425+0000] {logging_mixin.py:190} INFO - [2026-08-12T04:36:57.425+0000] {dag.py:4138} INFO - Setting next_dagrun for example_xcom_args_with_operators to None, run_after=None
[2026-08-12T04:36:57.447+0000] {processor.py:208} INFO - Processing /home/airflow/.local/lib/python3.12/site-packages/airflow/example_dags/example_xcomargs.py took 0.093 seconds
[2026-08-12T04:37:28.259+0000] {processor.py:186} INFO - Started process (PID=622) to work on /home/airflow/.local/lib/python3.12/site-packages/airflow/example_dags/example_xcomargs.py
[2026-08-12T04:37:28.261+0000] {processor.py:914} INFO - Processing file /home/airflow/.local/lib/python3.12/site-packages/airflow/example_dags/example_xcomargs.py for tasks to queue
[2026-08-12T04:37:28.270+0000] {logging_mixin.py:190} INFO - [2026-08-12T04:37:28.265+0000] {dagbag.py:587} INFO - Filling up the DagBag from /home/airflow/.local/lib/python3.12/site-packages/airflow/example_dags/example_xcomargs.py
[2026-08-12T04:37:28.293+0000] {processor.py:925} INFO - DAG(s) 'example_xcom_args', 'example_xcom_args_with_operators' retrieved from /home/airflow/.local/lib/python3.12/site-packages/airflow/example_dags/example_xcomargs.py
[2026-08-12T04:37:28.333+0000] {logging_mixin.py:190} INFO - [2026-08-12T04:37:28.332+0000] {dag.py:3211} INFO - Sync 2 DAGs
[2026-08-12T04:37:28.354+0000] {logging_mixin.py:190} INFO - [2026-08-12T04:37:28.354+0000] {dag.py:4138} INFO - Setting next_dagrun for example_xcom_args to None, run_after=None
[2026-08-12T04:37:28.359+0000] {logging_mixin.py:190} INFO - [2026-08-12T04:37:28.359+0000] {dag.py:4138} INFO - Setting next_dagrun for example_xcom_args_with_operators to None, run_after=None
[2026-08-12T04:37:28.378+0000] {processor.py:208} INFO - Processing /home/airflow/.local/lib/python3.12/site-packages/airflow/example_dags/example_xcomargs.py took 0.139 seconds
[2026-08-12T04:37:58.845+0000] {processor.py:186} INFO - Started process (PID=684) to work on /home/airflow/.local/lib/python3.12/site-packages/airflow/example_dags/example_xcomargs.py
[2026-08-12T04:37:58.853+0000] {processor.py:914} INFO - Processing file /home/airflow/.local/lib/python3.12/site-packages/airflow/example_dags/example_xcomargs.py for tasks to queue
[2026-08-12T04:37:58.857+0000] {logging_mixin.py:190} INFO - [2026-08-12T04:37:58.857+0000] {dagbag.py:587} INFO - Filling up the DagBag from /home/airflow/.local/lib/python3.12/site-packages/airflow/example_dags/example_xcomargs.py
[2026-08-12T04:37:58.868+0000] {processor.py:925} INFO - DAG(s) 'example_xcom_args', 'example_xcom_args_with_operators' retrieved from /home/airflow/.local/lib/python3.12/site-packages/airflow/example_dags/example_xcomargs.py
[2026-08-12T04:37:58.896+0000] {logging_mixin.py:190} INFO - [2026-08-12T04:37:58.896+0000] {dag.py:3211} INFO - Sync 2 DAGs
[2026-08-12T04:37:58.916+0000] {logging_mixin.py:190} INFO - [2026-08-12T04:37:58.916+0000] {dag.py:4138} INFO - Setting next_dagrun for example_xcom_args to None, run_after=None
[2026-08-12T04:37:58.922+0000] {logging_mixin.py:190} INFO - [2026-08-12T04:37:58.921+0000] {dag.py:4138} INFO - Setting next_dagrun for example_xcom_args_with_operators to None, run_after=None
[2026-08-12T04:37:58.954+0000] {processor.py:208} INFO - Processing /home/airflow/.local/lib/python3.12/site-packages/airflow/example_dags/example_xcomargs.py took 0.121 seconds
[2026-08-12T04:38:29.621+0000] {processor.py:186} INFO - Started process (PID=746) to work on /home/airflow/.local/lib/python3.12/site-packages/airflow/example_dags/example_xcomargs.py
[2026-08-12T04:38:29.623+0000] {processor.py:914} INFO - Processing file /home/airflow/.local/lib/python3.12/site-packages/airflow/example_dags/example_xcomargs.py for tasks to queue
[2026-08-12T04:38:29.628+0000] {logging_mixin.py:190} INFO - [2026-08-12T04:38:29.627+0000] {dagbag.py:587} INFO - Filling up the DagBag from /home/airflow/.local/lib/python3.12/site-packages/airflow/example_dags/example_xcomargs.py
[2026-08-12T04:38:29.641+0000] {processor.py:925} INFO - DAG(s) 'example_xcom_args', 'example_xcom_args_with_operators' retrieved from /home/airflow/.local/lib/python3.12/site-packages/airflow/example_dags/example_xcomargs.py
[2026-08-12T04:38:29.675+0000] {logging_mixin.py:190} INFO - [2026-08-12T04:38:29.675+0000] {dag.py:3211} INFO - Sync 2 DAGs
[2026-08-12T04:38:29.692+0000] {logging_mixin.py:190} INFO - [2026-08-12T04:38:29.692+0000] {dag.py:4138} INFO - Setting next_dagrun for example_xcom_args to None, run_after=None
[2026-08-12T04:38:29.697+0000] {logging_mixin.py:190} INFO - [2026-08-12T04:38:29.697+0000] {dag.py:4138} INFO - Setting next_dagrun for example_xcom_args_with_operators to None, run_after=None
[2026-08-12T04:38:29.727+0000] {processor.py:208} INFO - Processing /home/airflow/.local/lib/python3.12/site-packages/airflow/example_dags/example_xcomargs.py took 0.114 seconds
[2026-08-12T04:39:00.061+0000] {processor.py:186} INFO - Started process (PID=808) to work on /home/airflow/.local/lib/python3.12/site-packages/airflow/example_dags/example_xcomargs.py
[2026-08-12T04:39:00.063+0000] {processor.py:914} INFO - Processing file /home/airflow/.local/lib/python3.12/site-packages/airflow/example_dags/example_xcomargs.py for tasks to queue
[2026-08-12T04:39:00.065+0000] {logging_mixin.py:190} INFO - [2026-08-12T04:39:00.065+0000] {dagbag.py:587} INFO - Filling up the DagBag from /home/airflow/.local/lib/python3.12/site-packages/airflow/example_dags/example_xcomargs.py
[2026-08-12T04:39:00.088+0000] {processor.py:925} INFO - DAG(s) 'example_xcom_args', 'example_xcom_args_with_operators' retrieved from /home/airflow/.local/lib/python3.12/site-packages/airflow/example_dags/example_xcomargs.py
[2026-08-12T04:39:00.115+0000] {logging_mixin.py:190} INFO - [2026-08-12T04:39:00.114+0000] {dag.py:3211} INFO - Sync 2 DAGs
[2026-08-12T04:39:00.134+0000] {logging_mixin.py:190} INFO - [2026-08-12T04:39:00.134+0000] {dag.py:4138} INFO - Setting next_dagrun for example_xcom_args to None, run_after=None
[2026-08-12T04:39:00.139+0000] {logging_mixin.py:190} INFO - [2026-08-12T04:39:00.138+0000] {dag.py:4138} INFO - Setting next_dagrun for example_xcom_args_with_operators to None, run_after=None
[2026-08-12T04:39:00.156+0000] {processor.py:208} INFO - Processing /home/airflow/.local/lib/python3.12/site-packages/airflow/example_dags/example_xcomargs.py took 0.100 seconds
[2026-08-12T04:39:30.330+0000] {processor.py:186} INFO - Started process (PID=869) to work on /home/airflow/.local/lib/python3.12/site-packages/airflow/example_dags/example_xcomargs.py
[2026-08-12T04:39:30.332+0000] {processor.py:914} INFO - Processing file /home/airflow/.local/lib/python3.12/site-packages/airflow/example_dags/example_xcomargs.py for tasks to queue
[2026-08-12T04:39:30.336+0000] {logging_mixin.py:190} INFO - [2026-08-12T04:39:30.335+0000] {dagbag.py:587} INFO - Filling up the DagBag from /home/airflow/.local/lib/python3.12/site-packages/airflow/example_dags/example_xcomargs.py
[2026-08-12T04:39:30.348+0000] {processor.py:925} INFO - DAG(s) 'example_xcom_args_with_operators', 'example_xcom_args' retrieved from /home/airflow/.local/lib/python3.12/site-packages/airflow/example_dags/example_xcomargs.py
[2026-08-12T04:39:30.375+0000] {logging_mixin.py:190} INFO - [2026-08-12T04:39:30.374+0000] {dag.py:3211} INFO - Sync 2 DAGs
[2026-08-12T04:39:30.389+0000] {logging_mixin.py:190} INFO - [2026-08-12T04:39:30.389+0000] {dag.py:4138} INFO - Setting next_dagrun for example_xcom_args to None, run_after=None
[2026-08-12T04:39:30.394+0000] {logging_mixin.py:190} INFO - [2026-08-12T04:39:30.393+0000] {dag.py:4138} INFO - Setting next_dagrun for example_xcom_args_with_operators to None, run_after=None
[2026-08-12T04:39:30.413+0000] {processor.py:208} INFO - Processing /home/airflow/.local/lib/python3.12/site-packages/airflow/example_dags/example_xcomargs.py took 0.089 seconds
[2026-08-12T04:40:00.527+0000] {processor.py:186} INFO - Started process (PID=931) to work on /home/airflow/.local/lib/python3.12/site-packages/airflow/example_dags/example_xcomargs.py
[2026-08-12T04:40:00.529+0000] {processor.py:914} INFO - Processing file /home/airflow/.local/lib/python3.12/site-packages/airflow/example_dags/example_xcomargs.py for tasks to queue
[2026-08-12T04:40:00.532+0000] {logging_mixin.py:190} INFO - [2026-08-12T04:40:00.532+0000] {dagbag.py:587} INFO - Filling up the DagBag from /home/airflow/.local/lib/python3.12/site-packages/airflow/example_dags/example_xcomargs.py
[2026-08-12T04:40:00.544+0000] {processor.py:925} INFO - DAG(s) 'example_xcom_args', 'example_xcom_args_with_operators' retrieved from /home/airflow/.local/lib/python3.12/site-packages/airflow/example_dags/example_xcomargs.py
[2026-08-12T04:40:00.569+0000] {logging_mixin.py:190} INFO - [2026-08-12T04:40:00.569+0000] {dag.py:3211} INFO - Sync 2 DAGs
[2026-08-12T04:40:00.585+0000] {logging_mixin.py:190} INFO - [2026-08-12T04:40:00.585+0000] {dag.py:4138} INFO - Setting next_dagrun for example_xcom_args to None, run_after=None
[2026-08-12T04:40:00.590+0000] {logging_mixin.py:190} INFO - [2026-08-12T04:40:00.590+0000] {dag.py:4138} INFO - Setting next_dagrun for example_xcom_args_with_operators to None, run_after=None
[2026-08-12T04:40:00.610+0000] {processor.py:208} INFO - Processing /home/airflow/.local/lib/python3.12/site-packages/airflow/example_dags/example_xcomargs.py took 0.089 seconds
[2026-08-12T04:40:31.302+0000] {processor.py:186} INFO - Started process (PID=993) to work on /home/airflow/.local/lib/python3.12/site-packages/airflow/example_dags/example_xcomargs.py
[2026-08-12T04:40:31.305+0000] {processor.py:914} INFO - Processing file /home/airflow/.local/lib/python3.12/site-packages/airflow/example_dags/example_xcomargs.py for tasks to queue
[2026-08-12T04:40:31.311+0000] {logging_mixin.py:190} INFO - [2026-08-12T04:40:31.310+0000] {dagbag.py:587} INFO - Filling up the DagBag from /home/airflow/.local/lib/python3.12/site-packages/airflow/example_dags/example_xcomargs.py
[2026-08-12T04:40:31.326+0000] {processor.py:925} INFO - DAG(s) 'example_xcom_args', 'example_xcom_args_with_operators' retrieved from /home/airflow/.local/lib/python3.12/site-packages/airflow/example_dags/example_xcomargs.py
[2026-08-12T04:40:31.360+0000] {logging_mixin.py:190} INFO - [2026-08-12T04:40:31.359+0000] {dag.py:3211} INFO - Sync 2 DAGs
[2026-08-12T04:40:31.380+0000] {logging_mixin.py:190} INFO - [2026-08-12T04:40:31.380+0000] {dag.py:4138} INFO - Setting next_dagrun for example_xcom_args to None, run_after=None
[2026-08-12T04:40:31.387+0000] {logging_mixin.py:190} INFO - [2026-08-12T04:40:31.386+0000] {dag.py:4138} INFO - Setting next_dagrun for example_xcom_args_with_operators to None, run_after=None
[2026-08-12T04:40:31.411+0000] {processor.py:208} INFO - Processing /home/airflow/.local/lib/python3.12/site-packages/airflow/example_dags/example_xcomargs.py took 0.119 seconds
[2026-08-12T04:41:01.836+0000] {processor.py:186} INFO - Started process (PID=1055) to work on /home/airflow/.local/lib/python3.12/site-packages/airflow/example_dags/example_xcomargs.py
[2026-08-12T04:41:01.838+0000] {processor.py:914} INFO - Processing file /home/airflow/.local/lib/python3.12/site-packages/airflow/example_dags/example_xcomargs.py for tasks to queue
[2026-08-12T04:41:01.855+0000] {logging_mixin.py:190} INFO - [2026-08-12T04:41:01.854+0000] {dagbag.py:587} INFO - Filling up the DagBag from /home/airflow/.local/lib/python3.12/site-packages/airflow/example_dags/example_xcomargs.py
[2026-08-12T04:41:01.868+0000] {processor.py:925} INFO - DAG(s) 'example_xcom_args', 'example_xcom_args_with_operators' retrieved from /home/airflow/.local/lib/python3.12/site-packages/airflow/example_dags/example_xcomargs.py
[2026-08-12T04:41:01.909+0000] {logging_mixin.py:190} INFO - [2026-08-12T04:41:01.909+0000] {dag.py:3211} INFO - Sync 2 DAGs
[2026-08-12T04:41:01.937+0000] {logging_mixin.py:190} INFO - [2026-08-12T04:41:01.937+0000] {dag.py:4138} INFO - Setting next_dagrun for example_xcom_args to None, run_after=None
[2026-08-12T04:41:01.942+0000] {logging_mixin.py:190} INFO - [2026-08-12T04:41:01.942+0000] {dag.py:4138} INFO - Setting next_dagrun for example_xcom_args_with_operators to None, run_after=None
[2026-08-12T04:41:01.962+0000] {processor.py:208} INFO - Processing /home/airflow/.local/lib/python3.12/site-packages/airflow/example_dags/example_xcomargs.py took 0.133 seconds
[2026-08-12T04:41:32.406+0000] {processor.py:186} INFO - Started process (PID=1117) to work on /home/airflow/.local/lib/python3.12/site-packages/airflow/example_dags/example_xcomargs.py
[2026-08-12T04:41:32.408+0000] {processor.py:914} INFO - Processing file /home/airflow/.local/lib/python3.12/site-packages/airflow/example_dags/example_xcomargs.py for tasks to queue
[2026-08-12T04:41:32.412+0000] {logging_mixin.py:190} INFO - [2026-08-12T04:41:32.412+0000] {dagbag.py:587} INFO - Filling up the DagBag from /home/airflow/.local/lib/python3.12/site-packages/airflow/example_dags/example_xcomargs.py
[2026-08-12T04:41:32.439+0000] {processor.py:925} INFO - DAG(s) 'example_xcom_args', 'example_xcom_args_with_operators' retrieved from /home/airflow/.local/lib/python3.12/site-packages/airflow/example_dags/example_xcomargs.py
[2026-08-12T04:41:32.489+0000] {logging_mixin.py:190} INFO - [2026-08-12T04:41:32.489+0000] {dag.py:3211} INFO - Sync 2 DAGs
[2026-08-12T04:41:32.511+0000] {logging_mixin.py:190} INFO - [2026-08-12T04:41:32.511+0000] {dag.py:4138} INFO - Setting next_dagrun for example_xcom_args to None, run_after=None
[2026-08-12T04:41:32.517+0000] {logging_mixin.py:190} INFO - [2026-08-12T04:41:32.516+0000] {dag.py:4138} INFO - Setting next_dagrun for example_xcom_args_with_operators to None, run_after=None
[2026-08-12T04:41:32.540+0000] {processor.py:208} INFO - Processing /home/airflow/.local/lib/python3.12/site-packages/airflow/example_dags/example_xcomargs.py took 0.141 seconds
[2026-08-12T04:42:02.990+0000] {processor.py:186} INFO - Started process (PID=1179) to work on /home/airflow/.local/lib/python3.12/site-packages/airflow/example_dags/example_xcomargs.py
[2026-08-12T04:42:02.992+0000] {processor.py:914} INFO - Processing file /home/airflow/.local/lib/python3.12/site-packages/airflow/example_dags/example_xcomargs.py for tasks to queue
[2026-08-12T04:42:02.998+0000] {logging_mixin.py:190} INFO - [2026-08-12T04:42:02.998+0000] {dagbag.py:587} INFO - Filling up the DagBag from /home/airflow/.local/lib/python3.12/site-packages/airflow/example_dags/example_xcomargs.py
[2026-08-12T04:42:03.029+0000] {processor.py:925} INFO - DAG(s) 'example_xcom_args', 'example_xcom_args_with_operators' retrieved from /home/airflow/.local/lib/python3.12/site-packages/airflow/example_dags/example_xcomargs.py
[2026-08-12T04:42:03.080+0000] {logging_mixin.py:190} INFO - [2026-08-12T04:42:03.080+0000] {dag.py:3211} INFO - Sync 2 DAGs
[2026-08-12T04:42:03.106+0000] {logging_mixin.py:190} INFO - [2026-08-12T04:42:03.106+0000] {dag.py:4138} INFO - Setting next_dagrun for example_xcom_args to None, run_after=None
[2026-08-12T04:42:03.113+0000] {logging_mixin.py:190} INFO - [2026-08-12T04:42:03.112+0000] {dag.py:4138} INFO - Setting next_dagrun for example_xcom_args_with_operators to None, run_after=None
[2026-08-12T04:42:03.143+0000] {processor.py:208} INFO - Processing /home/airflow/.local/lib/python3.12/site-packages/airflow/example_dags/example_xcomargs.py took 0.166 seconds
[2026-08-12T04:42:33.976+0000] {processor.py:186} INFO - Started process (PID=1242) to work on /home/airflow/.local/lib/python3.12/site-packages/airflow/example_dags/example_xcomargs.py
[2026-08-12T04:42:33.978+0000] {processor.py:914} INFO - Processing file /home/airflow/.local/lib/python3.12/site-packages/airflow/example_dags/example_xcomargs.py for tasks to queue
[2026-08-12T04:42:33.981+0000] {logging_mixin.py:190} INFO - [2026-08-12T04:42:33.981+0000] {dagbag.py:587} INFO - Filling up the DagBag from /home/airflow/.local/lib/python3.12/site-packages/airflow/example_dags/example_xcomargs.py
[2026-08-12T04:42:33.992+0000] {processor.py:925} INFO - DAG(s) 'example_xcom_args_with_operators', 'example_xcom_args' retrieved from /home/airflow/.local/lib/python3.12/site-packages/airflow/example_dags/example_xcomargs.py
[2026-08-12T04:42:34.021+0000] {logging_mixin.py:190} INFO - [2026-08-12T04:42:34.020+0000] {dag.py:3211} INFO - Sync 2 DAGs
[2026-08-12T04:42:34.041+0000] {logging_mixin.py:190} INFO - [2026-08-12T04:42:34.040+0000] {dag.py:4138} INFO - Setting next_dagrun for example_xcom_args to None, run_after=None
[2026-08-12T04:42:34.046+0000] {logging_mixin.py:190} INFO - [2026-08-12T04:42:34.046+0000] {dag.py:4138} INFO - Setting next_dagrun for example_xcom_args_with_operators to None, run_after=None
[2026-08-12T04:42:34.066+0000] {processor.py:208} INFO - Processing /home/airflow/.local/lib/python3.12/site-packages/airflow/example_dags/example_xcomargs.py took 0.096 seconds
[2026-08-12T04:43:04.556+0000] {processor.py:186} INFO - Started process (PID=1303) to work on /home/airflow/.local/lib/python3.12/site-packages/airflow/example_dags/example_xcomargs.py
[2026-08-12T04:43:04.557+0000] {processor.py:914} INFO - Processing file /home/airflow/.local/lib/python3.12/site-packages/airflow/example_dags/example_xcomargs.py for tasks to queue
[2026-08-12T04:43:04.560+0000] {logging_mixin.py:190} INFO - [2026-08-12T04:43:04.560+0000] {dagbag.py:587} INFO - Filling up the DagBag from /home/airflow/.local/lib/python3.12/site-packages/airflow/example_dags/example_xcomargs.py
[2026-08-12T04:43:04.570+0000] {processor.py:925} INFO - DAG(s) 'example_xcom_args', 'example_xcom_args_with_operators' retrieved from /home/airflow/.local/lib/python3.12/site-packages/airflow/example_dags/example_xcomargs.py
[2026-08-12T04:43:04.595+0000] {logging_mixin.py:190} INFO - [2026-08-12T04:43:04.595+0000] {dag.py:3211} INFO - Sync 2 DAGs
[2026-08-12T04:43:04.611+0000] {logging_mixin.py:190} INFO - [2026-08-12T04:43:04.611+0000] {dag.py:4138} INFO - Setting next_dagrun for example_xcom_args to None, run_after=None
[2026-08-12T04:43:04.616+0000] {logging_mixin.py:190} INFO - [2026-08-12T04:43:04.616+0000] {dag.py:4138} INFO - Setting next_dagrun for example_xcom_args_with_operators to None, run_after=None
[2026-08-12T04:43:04.635+0000] {processor.py:208} INFO - Processing /home/airflow/.local/lib/python3.12/site-packages/airflow/example_dags/example_xcomargs.py took 0.085 seconds
[2026-08-12T04:43:35.094+0000] {processor.py:186} INFO - Started process (PID=1365) to work on /home/airflow/.local/lib/python3.12/site-packages/airflow/example_dags/example_xcomargs.py
[2026-08-12T04:43:35.096+0000] {processor.py:914} INFO - Processing file /home/airflow/.local/lib/python3.12/site-packages/airflow/example_dags/example_xcomargs.py for tasks to queue
[2026-08-12T04:43:35.099+0000] {logging_mixin.py:190} INFO - [2026-08-12T04:43:35.098+0000] {dagbag.py:587} INFO - Filling up the DagBag from /home/airflow/.local/lib/python3.12/site-packages/airflow/example_dags/example_xcomargs.py
[2026-08-12T04:43:35.111+0000] {processor.py:925} INFO - DAG(s) 'example_xcom_args_with_operators', 'example_xcom_args' retrieved from /home/airflow/.local/lib/python3.12/site-packages/airflow/example_dags/example_xcomargs.py
[2026-08-12T04:43:35.137+0000] {logging_mixin.py:190} INFO - [2026-08-12T04:43:35.136+0000] {dag.py:3211} INFO - Sync 2 DAGs
[2026-08-12T04:43:35.151+0000] {logging_mixin.py:190} INFO - [2026-08-12T04:43:35.151+0000] {dag.py:4138} INFO - Setting next_dagrun for example_xcom_args to None, run_after=None
[2026-08-12T04:43:35.156+0000] {logging_mixin.py:190} INFO - [2026-08-12T04:43:35.156+0000] {dag.py:4138} INFO - Setting next_dagrun for example_xcom_args_with_operators to None, run_after=None
[2026-08-12T04:43:35.187+0000] {processor.py:208} INFO - Processing /home/airflow/.local/lib/python3.12/site-packages/airflow/example_dags/example_xcomargs.py took 0.100 seconds
[2026-08-12T04:44:05.466+0000] {processor.py:186} INFO - Started process (PID=1427) to work on /home/airflow/.local/lib/python3.12/site-packages/airflow/example_dags/example_xcomargs.py
[2026-08-12T04:44:05.467+0000] {processor.py:914} INFO - Processing file /home/airflow/.local/lib/python3.12/site-packages/airflow/example_dags/example_xcomargs.py for tasks to queue
[2026-08-12T04:44:05.470+0000] {logging_mixin.py:190} INFO - [2026-08-12T04:44:05.470+0000] {dagbag.py:587} INFO - Filling up the DagBag from /home/airflow/.local/lib/python3.12/site-packages/airflow/example_dags/example_xcomargs.py
[2026-08-12T04:44:05.479+0000] {processor.py:925} INFO - DAG(s) 'example_xcom_args_with_operators', 'example_xcom_args' retrieved from /home/airflow/.local/lib/python3.12/site-packages/airflow/example_dags/example_xcomargs.py
[2026-08-12T04:44:05.509+0000] {logging_mixin.py:190} INFO - [2026-08-12T04:44:05.508+0000] {dag.py:3211} INFO - Sync 2 DAGs
[2026-08-12T04:44:05.528+0000] {logging_mixin.py:190} INFO - [2026-08-12T04:44:05.527+0000] {dag.py:4138} INFO - Setting next_dagrun for example_xcom_args to None, run_after=None
[2026-08-12T04:44:05.534+0000] {logging_mixin.py:190} INFO - [2026-08-12T04:44:05.533+0000] {dag.py:4138} INFO - Setting next_dagrun for example_xcom_args_with_operators to None, run_after=None
[2026-08-12T04:44:05.554+0000] {processor.py:208} INFO - Processing /home/airflow/.local/lib/python3.12/site-packages/airflow/example_dags/example_xcomargs.py took 0.093 seconds
[2026-08-12T04:44:36.112+0000] {processor.py:186} INFO - Started process (PID=1489) to work on /home/airflow/.local/lib/python3.12/site-packages/airflow/example_dags/example_xcomargs.py
[2026-08-12T04:44:36.115+0000] {processor.py:914} INFO - Processing file /home/airflow/.local/lib/python3.12/site-packages/airflow/example_dags/example_xcomargs.py for tasks to queue
[2026-08-12T04:44:36.119+0000] {logging_mixin.py:190} INFO - [2026-08-12T04:44:36.119+0000] {dagbag.py:587} INFO - Filling up the DagBag from /home/airflow/.local/lib/python3.12/site-packages/airflow/example_dags/example_xcomargs.py
[2026-08-12T04:44:36.132+0000] {processor.py:925} INFO - DAG(s) 'example_xcom_args_with_operators', 'example_xcom_args' retrieved from /home/airflow/.local/lib/python3.12/site-packages/airflow/example_dags/example_xcomargs.py
[2026-08-12T04:44:36.164+0000] {logging_mixin.py:190} INFO - [2026-08-12T04:44:36.164+0000] {dag.py:3211} INFO - Sync 2 DAGs
[2026-08-12T04:44:36.198+0000] {logging_mixin.py:190} INFO - [2026-08-12T04:44:36.197+0000] {dag.py:4138} INFO - Setting next_dagrun for example_xcom_args to None, run_after=None
[2026-08-12T04:44:36.203+0000] {logging_mixin.py:190} INFO - [2026-08-12T04:44:36.203+0000] {dag.py:4138} INFO - Setting next_dagrun for example_xcom_args_with_operators to None, run_after=None
[2026-08-12T04:44:36.224+0000] {processor.py:208} INFO - Processing /home/airflow/.local/lib/python3.12/site-packages/airflow/example_dags/example_xcomargs.py took 0.119 seconds
[2026-08-12T04:45:06.600+0000] {processor.py:186} INFO - Started process (PID=1551) to work on /home/airflow/.local/lib/python3.12/site-packages/airflow/example_dags/example_xcomargs.py
[2026-08-12T04:45:06.602+0000] {processor.py:914} INFO - Processing file /home/airflow/.local/lib/python3.12/site-packages/airflow/example_dags/example_xcomargs.py for tasks to queue
[2026-08-12T04:45:06.606+0000] {logging_mixin.py:190} INFO - [2026-08-12T04:45:06.605+0000] {dagbag.py:587} INFO - Filling up the DagBag from /home/airflow/.local/lib/python3.12/site-packages/airflow/example_dags/example_xcomargs.py
[2026-08-12T04:45:06.617+0000] {processor.py:925} INFO - DAG(s) 'example_xcom_args', 'example_xcom_args_with_operators' retrieved from /home/airflow/.local/lib/python3.12/site-packages/airflow/example_dags/example_xcomargs.py
[2026-08-12T04:45:06.641+0000] {logging_mixin.py:190} INFO - [2026-08-12T04:45:06.641+0000] {dag.py:3211} INFO - Sync 2 DAGs
[2026-08-12T04:45:06.655+0000] {logging_mixin.py:190} INFO - [2026-08-12T04:45:06.654+0000] {dag.py:4138} INFO - Setting next_dagrun for example_xcom_args to None, run_after=None
[2026-08-12T04:45:06.659+0000] {logging_mixin.py:190} INFO - [2026-08-12T04:45:06.659+0000] {dag.py:4138} INFO - Setting next_dagrun for example_xcom_args_with_operators to None, run_after=None
[2026-08-12T04:45:06.680+0000] {processor.py:208} INFO - Processing /home/airflow/.local/lib/python3.12/site-packages/airflow/example_dags/example_xcomargs.py took 0.086 seconds
[2026-08-12T04:45:37.584+0000] {processor.py:186} INFO - Started process (PID=1614) to work on /home/airflow/.local/lib/python3.12/site-packages/airflow/example_dags/example_xcomargs.py
[2026-08-12T04:45:37.587+0000] {processor.py:914} INFO - Processing file /home/airflow/.local/lib/python3.12/site-packages/airflow/example_dags/example_xcomargs.py for tasks to queue
[2026-08-12T04:45:37.592+0000] {logging_mixin.py:190} INFO - [2026-08-12T04:45:37.591+0000] {dagbag.py:587} INFO - Filling up the DagBag from /home/airflow/.local/lib/python3.12/site-packages/airflow/example_dags/example_xcomargs.py
[2026-08-12T04:45:37.606+0000] {processor.py:925} INFO - DAG(s) 'example_xcom_args', 'example_xcom_args_with_operators' retrieved from /home/airflow/.local/lib/python3.12/site-packages/airflow/example_dags/example_xcomargs.py
[2026-08-12T04:45:37.634+0000] {logging_mixin.py:190} INFO - [2026-08-12T04:45:37.634+0000] {dag.py:3211} INFO - Sync 2 DAGs
[2026-08-12T04:45:37.652+0000] {logging_mixin.py:190} INFO - [2026-08-12T04:45:37.652+0000] {dag.py:4138} INFO - Setting next_dagrun for example_xcom_args to None, run_after=None
[2026-08-12T04:45:37.659+0000] {logging_mixin.py:190} INFO - [2026-08-12T04:45:37.658+0000] {dag.py:4138} INFO - Setting next_dagrun for example_xcom_args_with_operators to None, run_after=None
[2026-08-12T04:45:37.679+0000] {processor.py:208} INFO - Processing /home/airflow/.local/lib/python3.12/site-packages/airflow/example_dags/example_xcomargs.py took 0.102 seconds
[2026-08-12T04:46:07.887+0000] {processor.py:186} INFO - Started process (PID=1676) to work on /home/airflow/.local/lib/python3.12/site-packages/airflow/example_dags/example_xcomargs.py
[2026-08-12T04:46:07.888+0000] {processor.py:914} INFO - Processing file /home/airflow/.local/lib/python3.12/site-packages/airflow/example_dags/example_xcomargs.py for tasks to queue
[2026-08-12T04:46:07.891+0000] {logging_mixin.py:190} INFO - [2026-08-12T04:46:07.891+0000] {dagbag.py:587} INFO - Filling up the DagBag from /home/airflow/.local/lib/python3.12/site-packages/airflow/example_dags/example_xcomargs.py
[2026-08-12T04:46:07.900+0000] {processor.py:925} INFO - DAG(s) 'example_xcom_args_with_operators', 'example_xcom_args' retrieved from /home/airflow/.local/lib/python3.12/site-packages/airflow/example_dags/example_xcomargs.py
[2026-08-12T04:46:07.924+0000] {logging_mixin.py:190} INFO - [2026-08-12T04:46:07.924+0000] {dag.py:3211} INFO - Sync 2 DAGs
[2026-08-12T04:46:07.943+0000] {logging_mixin.py:190} INFO - [2026-08-12T04:46:07.943+0000] {dag.py:4138} INFO - Setting next_dagrun for example_xcom_args to None, run_after=None
[2026-08-12T04:46:07.947+0000] {logging_mixin.py:190} INFO - [2026-08-12T04:46:07.947+0000] {dag.py:4138} INFO - Setting next_dagrun for example_xcom_args_with_operators to None, run_after=None
[2026-08-12T04:46:07.965+0000] {processor.py:208} INFO - Processing /home/airflow/.local/lib/python3.12/site-packages/airflow/example_dags/example_xcomargs.py took 0.083 seconds
[2026-08-12T04:46:38.274+0000] {processor.py:186} INFO - Started process (PID=1737) to work on /home/airflow/.local/lib/python3.12/site-packages/airflow/example_dags/example_xcomargs.py
[2026-08-12T04:46:38.276+0000] {processor.py:914} INFO - Processing file /home/airflow/.local/lib/python3.12/site-packages/airflow/example_dags/example_xcomargs.py for tasks to queue
[2026-08-12T04:46:38.279+0000] {logging_mixin.py:190} INFO - [2026-08-12T04:46:38.279+0000] {dagbag.py:587} INFO - Filling up the DagBag from /home/airflow/.local/lib/python3.12/site-packages/airflow/example_dags/example_xcomargs.py
[2026-08-12T04:46:38.290+0000] {processor.py:925} INFO - DAG(s) 'example_xcom_args_with_operators', 'example_xcom_args' retrieved from /home/airflow/.local/lib/python3.12/site-packages/airflow/example_dags/example_xcomargs.py
[2026-08-12T04:46:38.315+0000] {logging_mixin.py:190} INFO - [2026-08-12T04:46:38.315+0000] {dag.py:3211} INFO - Sync 2 DAGs
[2026-08-12T04:46:38.330+0000] {logging_mixin.py:190} INFO - [2026-08-12T04:46:38.329+0000] {dag.py:4138} INFO - Setting next_dagrun for example_xcom_args to None, run_after=None
[2026-08-12T04:46:38.334+0000] {logging_mixin.py:190} INFO - [2026-08-12T04:46:38.334+0000] {dag.py:4138} INFO - Setting next_dagrun for example_xcom_args_with_operators to None, run_after=None
[2026-08-12T04:46:38.356+0000] {processor.py:208} INFO - Processing /home/airflow/.local/lib/python3.12/site-packages/airflow/example_dags/example_xcomargs.py took 0.087 seconds
[2026-08-12T04:47:08.948+0000] {processor.py:186} INFO - Started process (PID=1799) to work on /home/airflow/.local/lib/python3.12/site-packages/airflow/example_dags/example_xcomargs.py
[2026-08-12T04:47:08.950+0000] {processor.py:914} INFO - Processing file /home/airflow/.local/lib/python3.12/site-packages/airflow/example_dags/example_xcomargs.py for tasks to queue
[2026-08-12T04:47:08.954+0000] {logging_mixin.py:190} INFO - [2026-08-12T04:47:08.953+0000] {dagbag.py:587} INFO - Filling up the DagBag from /home/airflow/.local/lib/python3.12/site-packages/airflow/example_dags/example_xcomargs.py
[2026-08-12T04:47:08.970+0000] {processor.py:925} INFO - DAG(s) 'example_xcom_args_with_operators', 'example_xcom_args' retrieved from /home/airflow/.local/lib/python3.12/site-packages/airflow/example_dags/example_xcomargs.py
[2026-08-12T04:47:09.000+0000] {logging_mixin.py:190} INFO - [2026-08-12T04:47:09.000+0000] {dag.py:3211} INFO - Sync 2 DAGs
[2026-08-12T04:47:09.019+0000] {logging_mixin.py:190} INFO - [2026-08-12T04:47:09.019+0000] {dag.py:4138} INFO - Setting next_dagrun for example_xcom_args to None, run_after=None
[2026-08-12T04:47:09.024+0000] {logging_mixin.py:190} INFO - [2026-08-12T04:47:09.023+0000] {dag.py:4138} INFO - Setting next_dagrun for example_xcom_args_with_operators to None, run_after=None
[2026-08-12T04:47:09.043+0000] {processor.py:208} INFO - Processing /home/airflow/.local/lib/python3.12/site-packages/airflow/example_dags/example_xcomargs.py took 0.102 seconds
[2026-08-12T04:47:39.155+0000] {processor.py:186} INFO - Started process (PID=1861) to work on /home/airflow/.local/lib/python3.12/site-packages/airflow/example_dags/example_xcomargs.py
[2026-08-12T04:47:39.157+0000] {processor.py:914} INFO - Processing file /home/airflow/.local/lib/python3.12/site-packages/airflow/example_dags/example_xcomargs.py for tasks to queue
[2026-08-12T04:47:39.161+0000] {logging_mixin.py:190} INFO - [2026-08-12T04:47:39.160+0000] {dagbag.py:587} INFO - Filling up the DagBag from /home/airflow/.local/lib/python3.12/site-packages/airflow/example_dags/example_xcomargs.py
[2026-08-12T04:47:39.174+0000] {processor.py:925} INFO - DAG(s) 'example_xcom_args_with_operators', 'example_xcom_args' retrieved from /home/airflow/.local/lib/python3.12/site-packages/airflow/example_dags/example_xcomargs.py
[2026-08-12T04:47:39.207+0000] {logging_mixin.py:190} INFO - [2026-08-12T04:47:39.207+0000] {dag.py:3211} INFO - Sync 2 DAGs
[2026-08-12T04:47:39.227+0000] {logging_mixin.py:190} INFO - [2026-08-12T04:47:39.227+0000] {dag.py:4138} INFO - Setting next_dagrun for example_xcom_args to None, run_after=None
[2026-08-12T04:47:39.232+0000] {logging_mixin.py:190} INFO - [2026-08-12T04:47:39.231+0000] {dag.py:4138} INFO - Setting next_dagrun for example_xcom_args_with_operators to None, run_after=None
[2026-08-12T04:47:39.251+0000] {processor.py:208} INFO - Processing /home/airflow/.local/lib/python3.12/site-packages/airflow/example_dags/example_xcomargs.py took 0.108 seconds
[2026-08-12T04:48:10.053+0000] {processor.py:186} INFO - Started process (PID=1923) to work on /home/airflow/.local/lib/python3.12/site-packages/airflow/example_dags/example_xcomargs.py
[2026-08-12T04:48:10.055+0000] {processor.py:914} INFO - Processing file /home/airflow/.local/lib/python3.12/site-packages/airflow/example_dags/example_xcomargs.py for tasks to queue
[2026-08-12T04:48:10.059+0000] {logging_mixin.py:190} INFO - [2026-08-12T04:48:10.059+0000] {dagbag.py:587} INFO - Filling up the DagBag from /home/airflow/.local/lib/python3.12/site-packages/airflow/example_dags/example_xcomargs.py
[2026-08-12T04:48:10.072+0000] {processor.py:925} INFO - DAG(s) 'example_xcom_args_with_operators', 'example_xcom_args' retrieved from /home/airflow/.local/lib/python3.12/site-packages/airflow/example_dags/example_xcomargs.py
[2026-08-12T04:48:10.101+0000] {logging_mixin.py:190} INFO - [2026-08-12T04:48:10.101+0000] {dag.py:3211} INFO - Sync 2 DAGs
[2026-08-12T04:48:10.117+0000] {logging_mixin.py:190} INFO - [2026-08-12T04:48:10.117+0000] {dag.py:4138} INFO - Setting next_dagrun for example_xcom_args to None, run_after=None
[2026-08-12T04:48:10.122+0000] {logging_mixin.py:190} INFO - [2026-08-12T04:48:10.122+0000] {dag.py:4138} INFO - Setting next_dagrun for example_xcom_args_with_operators to None, run_after=None
[2026-08-12T04:48:10.142+0000] {processor.py:208} INFO - Processing /home/airflow/.local/lib/python3.12/site-packages/airflow/example_dags/example_xcomargs.py took 0.095 seconds
[2026-08-12T04:48:40.375+0000] {processor.py:186} INFO - Started process (PID=1985) to work on /home/airflow/.local/lib/python3.12/site-packages/airflow/example_dags/example_xcomargs.py
[2026-08-12T04:48:40.377+0000] {processor.py:914} INFO - Processing file /home/airflow/.local/lib/python3.12/site-packages/airflow/example_dags/example_xcomargs.py for tasks to queue
[2026-08-12T04:48:40.380+0000] {logging_mixin.py:190} INFO - [2026-08-12T04:48:40.379+0000] {dagbag.py:587} INFO - Filling up the DagBag from /home/airflow/.local/lib/python3.12/site-packages/airflow/example_dags/example_xcomargs.py
[2026-08-12T04:48:40.390+0000] {processor.py:925} INFO - DAG(s) 'example_xcom_args', 'example_xcom_args_with_operators' retrieved from /home/airflow/.local/lib/python3.12/site-packages/airflow/example_dags/example_xcomargs.py
[2026-08-12T04:48:40.416+0000] {logging_mixin.py:190} INFO - [2026-08-12T04:48:40.416+0000] {dag.py:3211} INFO - Sync 2 DAGs
[2026-08-12T04:48:40.434+0000] {logging_mixin.py:190} INFO - [2026-08-12T04:48:40.434+0000] {dag.py:4138} INFO - Setting next_dagrun for example_xcom_args to None, run_after=None
[2026-08-12T04:48:40.439+0000] {logging_mixin.py:190} INFO - [2026-08-12T04:48:40.439+0000] {dag.py:4138} INFO - Setting next_dagrun for example_xcom_args_with_operators to None, run_after=None
[2026-08-12T04:48:40.460+0000] {processor.py:208} INFO - Processing /home/airflow/.local/lib/python3.12/site-packages/airflow/example_dags/example_xcomargs.py took 0.090 seconds
[2026-08-12T04:49:11.073+0000] {processor.py:186} INFO - Started process (PID=2047) to work on /home/airflow/.local/lib/python3.12/site-packages/airflow/example_dags/example_xcomargs.py
[2026-08-12T04:49:11.075+0000] {processor.py:914} INFO - Processing file /home/airflow/.local/lib/python3.12/site-packages/airflow/example_dags/example_xcomargs.py for tasks to queue
[2026-08-12T04:49:11.079+0000] {logging_mixin.py:190} INFO - [2026-08-12T04:49:11.079+0000] {dagbag.py:587} INFO - Filling up the DagBag from /home/airflow/.local/lib/python3.12/site-packages/airflow/example_dags/example_xcomargs.py
[2026-08-12T04:49:11.091+0000] {processor.py:925} INFO - DAG(s) 'example_xcom_args', 'example_xcom_args_with_operators' retrieved from /home/airflow/.local/lib/python3.12/site-packages/airflow/example_dags/example_xcomargs.py
[2026-08-12T04:49:11.145+0000] {logging_mixin.py:190} INFO - [2026-08-12T04:49:11.144+0000] {dag.py:3211} INFO - Sync 2 DAGs
[2026-08-12T04:49:11.170+0000] {logging_mixin.py:190} INFO - [2026-08-12T04:49:11.170+0000] {dag.py:4138} INFO - Setting next_dagrun for example_xcom_args to None, run_after=None
[2026-08-12T04:49:11.180+0000] {logging_mixin.py:190} INFO - [2026-08-12T04:49:11.179+0000] {dag.py:4138} INFO - Setting next_dagrun for example_xcom_args_with_operators to None, run_after=None
[2026-08-12T04:49:11.210+0000] {processor.py:208} INFO - Processing /home/airflow/.local/lib/python3.12/site-packages/airflow/example_dags/example_xcomargs.py took 0.144 seconds
[2026-08-12T04:49:41.393+0000] {processor.py:186} INFO - Started process (PID=2109) to work on /home/airflow/.local/lib/python3.12/site-packages/airflow/example_dags/example_xcomargs.py
[2026-08-12T04:49:41.394+0000] {processor.py:914} INFO - Processing file /home/airflow/.local/lib/python3.12/site-packages/airflow/example_dags/example_xcomargs.py for tasks to queue
[2026-08-12T04:49:41.399+0000] {logging_mixin.py:190} INFO - [2026-08-12T04:49:41.399+0000] {dagbag.py:587} INFO - Filling up the DagBag from /home/airflow/.local/lib/python3.12/site-packages/airflow/example_dags/example_xcomargs.py
[2026-08-12T04:49:41.409+0000] {processor.py:925} INFO - DAG(s) 'example_xcom_args', 'example_xcom_args_with_operators' retrieved from /home/airflow/.local/lib/python3.12/site-packages/airflow/example_dags/example_xcomargs.py
[2026-08-12T04:49:41.437+0000] {logging_mixin.py:190} INFO - [2026-08-12T04:49:41.437+0000] {dag.py:3211} INFO - Sync 2 DAGs
[2026-08-12T04:49:41.453+0000] {logging_mixin.py:190} INFO - [2026-08-12T04:49:41.452+0000] {dag.py:4138} INFO - Setting next_dagrun for example_xcom_args to None, run_after=None
[2026-08-12T04:49:41.457+0000] {logging_mixin.py:190} INFO - [2026-08-12T04:49:41.457+0000] {dag.py:4138} INFO - Setting next_dagrun for example_xcom_args_with_operators to None, run_after=None
[2026-08-12T04:49:41.484+0000] {processor.py:208} INFO - Processing /home/airflow/.local/lib/python3.12/site-packages/airflow/example_dags/example_xcomargs.py took 0.099 seconds
