[2026-08-12T04:30:38.743+0000] {processor.py:186} INFO - Started process (PID=105) to work on /home/airflow/.local/lib/python3.12/site-packages/airflow/example_dags/example_external_task_marker_dag.py
[2026-08-12T04:30:38.745+0000] {processor.py:914} INFO - Processing file /home/airflow/.local/lib/python3.12/site-packages/airflow/example_dags/example_external_task_marker_dag.py for tasks to queue
[2026-08-12T04:30:38.749+0000] {logging_mixin.py:190} INFO - [2026-08-12T04:30:38.748+0000] {dagbag.py:587} INFO - Filling up the DagBag from /home/airflow/.local/lib/python3.12/site-packages/airflow/example_dags/example_external_task_marker_dag.py
[2026-08-12T04:30:38.762+0000] {processor.py:925} INFO - DAG(s) 'example_external_task_marker_parent', 'example_external_task_marker_child' retrieved from /home/airflow/.local/lib/python3.12/site-packages/airflow/example_dags/example_external_task_marker_dag.py
[2026-08-12T04:30:38.886+0000] {logging_mixin.py:190} INFO - [2026-08-12T04:30:38.885+0000] {override.py:1858} INFO - Created Permission View: can edit on DAG:example_external_task_marker_parent
[2026-08-12T04:30:38.900+0000] {logging_mixin.py:190} INFO - [2026-08-12T04:30:38.900+0000] {override.py:1858} INFO - Created Permission View: can delete on DAG:example_external_task_marker_parent
[2026-08-12T04:30:38.923+0000] {logging_mixin.py:190} INFO - [2026-08-12T04:30:38.923+0000] {override.py:1858} INFO - Created Permission View: can read on DAG:example_external_task_marker_parent
[2026-08-12T04:30:38.940+0000] {logging_mixin.py:190} INFO - [2026-08-12T04:30:38.940+0000] {override.py:1858} INFO - Created Permission View: can edit on DAG:example_external_task_marker_child
[2026-08-12T04:30:38.949+0000] {logging_mixin.py:190} INFO - [2026-08-12T04:30:38.948+0000] {override.py:1858} INFO - Created Permission View: can delete on DAG:example_external_task_marker_child
[2026-08-12T04:30:38.958+0000] {logging_mixin.py:190} INFO - [2026-08-12T04:30:38.957+0000] {override.py:1858} INFO - Created Permission View: can read on DAG:example_external_task_marker_child
[2026-08-12T04:30:38.959+0000] {logging_mixin.py:190} INFO - [2026-08-12T04:30:38.959+0000] {dag.py:3211} INFO - Sync 2 DAGs
[2026-08-12T04:30:38.977+0000] {logging_mixin.py:190} INFO - [2026-08-12T04:30:38.977+0000] {dag.py:3234} INFO - Creating ORM DAG for example_external_task_marker_child
[2026-08-12T04:30:38.979+0000] {logging_mixin.py:190} INFO - [2026-08-12T04:30:38.979+0000] {dag.py:3234} INFO - Creating ORM DAG for example_external_task_marker_parent
[2026-08-12T04:30:38.981+0000] {logging_mixin.py:190} INFO - [2026-08-12T04:30:38.981+0000] {dag.py:4138} INFO - Setting next_dagrun for example_external_task_marker_child to None, run_after=None
[2026-08-12T04:30:38.983+0000] {logging_mixin.py:190} INFO - [2026-08-12T04:30:38.983+0000] {dag.py:4138} INFO - Setting next_dagrun for example_external_task_marker_parent to None, run_after=None
[2026-08-12T04:30:39.017+0000] {processor.py:208} INFO - Processing /home/airflow/.local/lib/python3.12/site-packages/airflow/example_dags/example_external_task_marker_dag.py took 0.281 seconds
[2026-08-12T04:31:09.092+0000] {processor.py:186} INFO - Started process (PID=167) to work on /home/airflow/.local/lib/python3.12/site-packages/airflow/example_dags/example_external_task_marker_dag.py
[2026-08-12T04:31:09.094+0000] {processor.py:914} INFO - Processing file /home/airflow/.local/lib/python3.12/site-packages/airflow/example_dags/example_external_task_marker_dag.py for tasks to queue
[2026-08-12T04:31:09.097+0000] {logging_mixin.py:190} INFO - [2026-08-12T04:31:09.097+0000] {dagbag.py:587} INFO - Filling up the DagBag from /home/airflow/.local/lib/python3.12/site-packages/airflow/example_dags/example_external_task_marker_dag.py
[2026-08-12T04:31:09.105+0000] {processor.py:925} INFO - DAG(s) 'example_external_task_marker_parent', 'example_external_task_marker_child' retrieved from /home/airflow/.local/lib/python3.12/site-packages/airflow/example_dags/example_external_task_marker_dag.py
[2026-08-12T04:31:09.129+0000] {logging_mixin.py:190} INFO - [2026-08-12T04:31:09.129+0000] {dag.py:3211} INFO - Sync 2 DAGs
[2026-08-12T04:31:09.144+0000] {logging_mixin.py:190} INFO - [2026-08-12T04:31:09.144+0000] {dag.py:4138} INFO - Setting next_dagrun for example_external_task_marker_child to None, run_after=None
[2026-08-12T04:31:09.149+0000] {logging_mixin.py:190} INFO - [2026-08-12T04:31:09.149+0000] {dag.py:4138} INFO - Setting next_dagrun for example_external_task_marker_parent to None, run_after=None
[2026-08-12T04:31:09.169+0000] {processor.py:208} INFO - Processing /home/airflow/.local/lib/python3.12/site-packages/airflow/example_dags/example_external_task_marker_dag.py took 0.083 seconds
[2026-08-12T04:31:39.699+0000] {processor.py:186} INFO - Started process (PID=230) to work on /home/airflow/.local/lib/python3.12/site-packages/airflow/example_dags/example_external_task_marker_dag.py
[2026-08-12T04:31:39.701+0000] {processor.py:914} INFO - Processing file /home/airflow/.local/lib/python3.12/site-packages/airflow/example_dags/example_external_task_marker_dag.py for tasks to queue
[2026-08-12T04:31:39.704+0000] {logging_mixin.py:190} INFO - [2026-08-12T04:31:39.704+0000] {dagbag.py:587} INFO - Filling up the DagBag from /home/airflow/.local/lib/python3.12/site-packages/airflow/example_dags/example_external_task_marker_dag.py
[2026-08-12T04:31:39.713+0000] {processor.py:925} INFO - DAG(s) 'example_external_task_marker_child', 'example_external_task_marker_parent' retrieved from /home/airflow/.local/lib/python3.12/site-packages/airflow/example_dags/example_external_task_marker_dag.py
[2026-08-12T04:31:39.737+0000] {logging_mixin.py:190} INFO - [2026-08-12T04:31:39.737+0000] {dag.py:3211} INFO - Sync 2 DAGs
[2026-08-12T04:31:39.755+0000] {logging_mixin.py:190} INFO - [2026-08-12T04:31:39.755+0000] {dag.py:4138} INFO - Setting next_dagrun for example_external_task_marker_child to None, run_after=None
[2026-08-12T04:31:39.760+0000] {logging_mixin.py:190} INFO - [2026-08-12T04:31:39.760+0000] {dag.py:4138} INFO - Setting next_dagrun for example_external_task_marker_parent to None, run_after=None
[2026-08-12T04:31:39.785+0000] {processor.py:208} INFO - Processing /home/airflow/.local/lib/python3.12/site-packages/airflow/example_dags/example_external_task_marker_dag.py took 0.092 seconds
[2026-08-12T04:32:56.898+0000] {processor.py:186} INFO - Started process (PID=96) to work on /home/airflow/.local/lib/python3.12/site-packages/airflow/example_dags/example_external_task_marker_dag.py
[2026-08-12T04:32:56.901+0000] {processor.py:914} INFO - Processing file /home/airflow/.local/lib/python3.12/site-packages/airflow/example_dags/example_external_task_marker_dag.py for tasks to queue
[2026-08-12T04:32:56.907+0000] {logging_mixin.py:190} INFO - [2026-08-12T04:32:56.906+0000] {dagbag.py:587} INFO - Filling up the DagBag from /home/airflow/.local/lib/python3.12/site-packages/airflow/example_dags/example_external_task_marker_dag.py
[2026-08-12T04:32:56.927+0000] {processor.py:925} INFO - DAG(s) 'example_external_task_marker_parent', 'example_external_task_marker_child' retrieved from /home/airflow/.local/lib/python3.12/site-packages/airflow/example_dags/example_external_task_marker_dag.py
[2026-08-12T04:32:56.973+0000] {logging_mixin.py:190} INFO - [2026-08-12T04:32:56.972+0000] {dag.py:3211} INFO - Sync 2 DAGs
[2026-08-12T04:32:56.994+0000] {logging_mixin.py:190} INFO - [2026-08-12T04:32:56.993+0000] {dag.py:4138} INFO - Setting next_dagrun for example_external_task_marker_child to None, run_after=None
[2026-08-12T04:32:56.999+0000] {logging_mixin.py:190} INFO - [2026-08-12T04:32:56.999+0000] {dag.py:4138} INFO - Setting next_dagrun for example_external_task_marker_parent to None, run_after=None
[2026-08-12T04:32:57.022+0000] {processor.py:208} INFO - Processing /home/airflow/.local/lib/python3.12/site-packages/airflow/example_dags/example_external_task_marker_dag.py took 0.138 seconds
[2026-08-12T04:33:27.119+0000] {processor.py:186} INFO - Started process (PID=158) to work on /home/airflow/.local/lib/python3.12/site-packages/airflow/example_dags/example_external_task_marker_dag.py
[2026-08-12T04:33:27.120+0000] {processor.py:914} INFO - Processing file /home/airflow/.local/lib/python3.12/site-packages/airflow/example_dags/example_external_task_marker_dag.py for tasks to queue
[2026-08-12T04:33:27.125+0000] {logging_mixin.py:190} INFO - [2026-08-12T04:33:27.124+0000] {dagbag.py:587} INFO - Filling up the DagBag from /home/airflow/.local/lib/python3.12/site-packages/airflow/example_dags/example_external_task_marker_dag.py
[2026-08-12T04:33:27.134+0000] {processor.py:925} INFO - DAG(s) 'example_external_task_marker_parent', 'example_external_task_marker_child' retrieved from /home/airflow/.local/lib/python3.12/site-packages/airflow/example_dags/example_external_task_marker_dag.py
[2026-08-12T04:33:27.161+0000] {logging_mixin.py:190} INFO - [2026-08-12T04:33:27.160+0000] {dag.py:3211} INFO - Sync 2 DAGs
[2026-08-12T04:33:27.175+0000] {logging_mixin.py:190} INFO - [2026-08-12T04:33:27.175+0000] {dag.py:4138} INFO - Setting next_dagrun for example_external_task_marker_child to None, run_after=None
[2026-08-12T04:33:27.180+0000] {logging_mixin.py:190} INFO - [2026-08-12T04:33:27.179+0000] {dag.py:4138} INFO - Setting next_dagrun for example_external_task_marker_parent to None, run_after=None
[2026-08-12T04:33:27.199+0000] {processor.py:208} INFO - Processing /home/airflow/.local/lib/python3.12/site-packages/airflow/example_dags/example_external_task_marker_dag.py took 0.086 seconds
[2026-08-12T04:33:57.410+0000] {processor.py:186} INFO - Started process (PID=219) to work on /home/airflow/.local/lib/python3.12/site-packages/airflow/example_dags/example_external_task_marker_dag.py
[2026-08-12T04:33:57.412+0000] {processor.py:914} INFO - Processing file /home/airflow/.local/lib/python3.12/site-packages/airflow/example_dags/example_external_task_marker_dag.py for tasks to queue
[2026-08-12T04:33:57.415+0000] {logging_mixin.py:190} INFO - [2026-08-12T04:33:57.415+0000] {dagbag.py:587} INFO - Filling up the DagBag from /home/airflow/.local/lib/python3.12/site-packages/airflow/example_dags/example_external_task_marker_dag.py
[2026-08-12T04:33:57.423+0000] {processor.py:925} INFO - DAG(s) 'example_external_task_marker_child', 'example_external_task_marker_parent' retrieved from /home/airflow/.local/lib/python3.12/site-packages/airflow/example_dags/example_external_task_marker_dag.py
[2026-08-12T04:33:57.447+0000] {logging_mixin.py:190} INFO - [2026-08-12T04:33:57.446+0000] {dag.py:3211} INFO - Sync 2 DAGs
[2026-08-12T04:33:57.464+0000] {logging_mixin.py:190} INFO - [2026-08-12T04:33:57.463+0000] {dag.py:4138} INFO - Setting next_dagrun for example_external_task_marker_child to None, run_after=None
[2026-08-12T04:33:57.468+0000] {logging_mixin.py:190} INFO - [2026-08-12T04:33:57.468+0000] {dag.py:4138} INFO - Setting next_dagrun for example_external_task_marker_parent to None, run_after=None
[2026-08-12T04:33:57.490+0000] {processor.py:208} INFO - Processing /home/airflow/.local/lib/python3.12/site-packages/airflow/example_dags/example_external_task_marker_dag.py took 0.085 seconds
[2026-08-12T04:34:28.326+0000] {processor.py:186} INFO - Started process (PID=282) to work on /home/airflow/.local/lib/python3.12/site-packages/airflow/example_dags/example_external_task_marker_dag.py
[2026-08-12T04:34:28.328+0000] {processor.py:914} INFO - Processing file /home/airflow/.local/lib/python3.12/site-packages/airflow/example_dags/example_external_task_marker_dag.py for tasks to queue
[2026-08-12T04:34:28.332+0000] {logging_mixin.py:190} INFO - [2026-08-12T04:34:28.331+0000] {dagbag.py:587} INFO - Filling up the DagBag from /home/airflow/.local/lib/python3.12/site-packages/airflow/example_dags/example_external_task_marker_dag.py
[2026-08-12T04:34:28.341+0000] {processor.py:925} INFO - DAG(s) 'example_external_task_marker_child', 'example_external_task_marker_parent' retrieved from /home/airflow/.local/lib/python3.12/site-packages/airflow/example_dags/example_external_task_marker_dag.py
[2026-08-12T04:34:28.367+0000] {logging_mixin.py:190} INFO - [2026-08-12T04:34:28.367+0000] {dag.py:3211} INFO - Sync 2 DAGs
[2026-08-12T04:34:28.383+0000] {logging_mixin.py:190} INFO - [2026-08-12T04:34:28.382+0000] {dag.py:4138} INFO - Setting next_dagrun for example_external_task_marker_child to None, run_after=None
[2026-08-12T04:34:28.388+0000] {logging_mixin.py:190} INFO - [2026-08-12T04:34:28.387+0000] {dag.py:4138} INFO - Setting next_dagrun for example_external_task_marker_parent to None, run_after=None
[2026-08-12T04:34:28.405+0000] {processor.py:208} INFO - Processing /home/airflow/.local/lib/python3.12/site-packages/airflow/example_dags/example_external_task_marker_dag.py took 0.086 seconds
[2026-08-12T04:34:58.496+0000] {processor.py:186} INFO - Started process (PID=344) to work on /home/airflow/.local/lib/python3.12/site-packages/airflow/example_dags/example_external_task_marker_dag.py
[2026-08-12T04:34:58.498+0000] {processor.py:914} INFO - Processing file /home/airflow/.local/lib/python3.12/site-packages/airflow/example_dags/example_external_task_marker_dag.py for tasks to queue
[2026-08-12T04:34:58.501+0000] {logging_mixin.py:190} INFO - [2026-08-12T04:34:58.501+0000] {dagbag.py:587} INFO - Filling up the DagBag from /home/airflow/.local/lib/python3.12/site-packages/airflow/example_dags/example_external_task_marker_dag.py
[2026-08-12T04:34:58.508+0000] {processor.py:925} INFO - DAG(s) 'example_external_task_marker_parent', 'example_external_task_marker_child' retrieved from /home/airflow/.local/lib/python3.12/site-packages/airflow/example_dags/example_external_task_marker_dag.py
[2026-08-12T04:34:58.531+0000] {logging_mixin.py:190} INFO - [2026-08-12T04:34:58.531+0000] {dag.py:3211} INFO - Sync 2 DAGs
[2026-08-12T04:34:58.546+0000] {logging_mixin.py:190} INFO - [2026-08-12T04:34:58.546+0000] {dag.py:4138} INFO - Setting next_dagrun for example_external_task_marker_child to None, run_after=None
[2026-08-12T04:34:58.551+0000] {logging_mixin.py:190} INFO - [2026-08-12T04:34:58.551+0000] {dag.py:4138} INFO - Setting next_dagrun for example_external_task_marker_parent to None, run_after=None
[2026-08-12T04:34:58.568+0000] {processor.py:208} INFO - Processing /home/airflow/.local/lib/python3.12/site-packages/airflow/example_dags/example_external_task_marker_dag.py took 0.077 seconds
[2026-08-12T04:35:29.099+0000] {processor.py:186} INFO - Started process (PID=406) to work on /home/airflow/.local/lib/python3.12/site-packages/airflow/example_dags/example_external_task_marker_dag.py
[2026-08-12T04:35:29.101+0000] {processor.py:914} INFO - Processing file /home/airflow/.local/lib/python3.12/site-packages/airflow/example_dags/example_external_task_marker_dag.py for tasks to queue
[2026-08-12T04:35:29.104+0000] {logging_mixin.py:190} INFO - [2026-08-12T04:35:29.104+0000] {dagbag.py:587} INFO - Filling up the DagBag from /home/airflow/.local/lib/python3.12/site-packages/airflow/example_dags/example_external_task_marker_dag.py
[2026-08-12T04:35:29.114+0000] {processor.py:925} INFO - DAG(s) 'example_external_task_marker_child', 'example_external_task_marker_parent' retrieved from /home/airflow/.local/lib/python3.12/site-packages/airflow/example_dags/example_external_task_marker_dag.py
[2026-08-12T04:35:29.146+0000] {logging_mixin.py:190} INFO - [2026-08-12T04:35:29.146+0000] {dag.py:3211} INFO - Sync 2 DAGs
[2026-08-12T04:35:29.161+0000] {logging_mixin.py:190} INFO - [2026-08-12T04:35:29.161+0000] {dag.py:4138} INFO - Setting next_dagrun for example_external_task_marker_child to None, run_after=None
[2026-08-12T04:35:29.168+0000] {logging_mixin.py:190} INFO - [2026-08-12T04:35:29.167+0000] {dag.py:4138} INFO - Setting next_dagrun for example_external_task_marker_parent to None, run_after=None
[2026-08-12T04:35:29.186+0000] {processor.py:208} INFO - Processing /home/airflow/.local/lib/python3.12/site-packages/airflow/example_dags/example_external_task_marker_dag.py took 0.092 seconds
[2026-08-12T04:35:59.911+0000] {processor.py:186} INFO - Started process (PID=468) to work on /home/airflow/.local/lib/python3.12/site-packages/airflow/example_dags/example_external_task_marker_dag.py
[2026-08-12T04:35:59.913+0000] {processor.py:914} INFO - Processing file /home/airflow/.local/lib/python3.12/site-packages/airflow/example_dags/example_external_task_marker_dag.py for tasks to queue
[2026-08-12T04:35:59.918+0000] {logging_mixin.py:190} INFO - [2026-08-12T04:35:59.917+0000] {dagbag.py:587} INFO - Filling up the DagBag from /home/airflow/.local/lib/python3.12/site-packages/airflow/example_dags/example_external_task_marker_dag.py
[2026-08-12T04:35:59.927+0000] {processor.py:925} INFO - DAG(s) 'example_external_task_marker_parent', 'example_external_task_marker_child' retrieved from /home/airflow/.local/lib/python3.12/site-packages/airflow/example_dags/example_external_task_marker_dag.py
[2026-08-12T04:35:59.959+0000] {logging_mixin.py:190} INFO - [2026-08-12T04:35:59.958+0000] {dag.py:3211} INFO - Sync 2 DAGs
[2026-08-12T04:35:59.974+0000] {logging_mixin.py:190} INFO - [2026-08-12T04:35:59.974+0000] {dag.py:4138} INFO - Setting next_dagrun for example_external_task_marker_child to None, run_after=None
[2026-08-12T04:35:59.980+0000] {logging_mixin.py:190} INFO - [2026-08-12T04:35:59.980+0000] {dag.py:4138} INFO - Setting next_dagrun for example_external_task_marker_parent to None, run_after=None
[2026-08-12T04:36:00.001+0000] {processor.py:208} INFO - Processing /home/airflow/.local/lib/python3.12/site-packages/airflow/example_dags/example_external_task_marker_dag.py took 0.096 seconds
[2026-08-12T04:36:30.141+0000] {processor.py:186} INFO - Started process (PID=529) to work on /home/airflow/.local/lib/python3.12/site-packages/airflow/example_dags/example_external_task_marker_dag.py
[2026-08-12T04:36:30.143+0000] {processor.py:914} INFO - Processing file /home/airflow/.local/lib/python3.12/site-packages/airflow/example_dags/example_external_task_marker_dag.py for tasks to queue
[2026-08-12T04:36:30.148+0000] {logging_mixin.py:190} INFO - [2026-08-12T04:36:30.148+0000] {dagbag.py:587} INFO - Filling up the DagBag from /home/airflow/.local/lib/python3.12/site-packages/airflow/example_dags/example_external_task_marker_dag.py
[2026-08-12T04:36:30.159+0000] {processor.py:925} INFO - DAG(s) 'example_external_task_marker_parent', 'example_external_task_marker_child' retrieved from /home/airflow/.local/lib/python3.12/site-packages/airflow/example_dags/example_external_task_marker_dag.py
[2026-08-12T04:36:30.186+0000] {logging_mixin.py:190} INFO - [2026-08-12T04:36:30.186+0000] {dag.py:3211} INFO - Sync 2 DAGs
[2026-08-12T04:36:30.203+0000] {logging_mixin.py:190} INFO - [2026-08-12T04:36:30.202+0000] {dag.py:4138} INFO - Setting next_dagrun for example_external_task_marker_child to None, run_after=None
[2026-08-12T04:36:30.207+0000] {logging_mixin.py:190} INFO - [2026-08-12T04:36:30.207+0000] {dag.py:4138} INFO - Setting next_dagrun for example_external_task_marker_parent to None, run_after=None
[2026-08-12T04:36:30.238+0000] {processor.py:208} INFO - Processing /home/airflow/.local/lib/python3.12/site-packages/airflow/example_dags/example_external_task_marker_dag.py took 0.104 seconds
[2026-08-12T04:37:01.104+0000] {processor.py:186} INFO - Started process (PID=592) to work on /home/airflow/.local/lib/python3.12/site-packages/airflow/example_dags/example_external_task_marker_dag.py
[2026-08-12T04:37:01.106+0000] {processor.py:914} INFO - Processing file /home/airflow/.local/lib/python3.12/site-packages/airflow/example_dags/example_external_task_marker_dag.py for tasks to queue
[2026-08-12T04:37:01.109+0000] {logging_mixin.py:190} INFO - [2026-08-12T04:37:01.109+0000] {dagbag.py:587} INFO - Filling up the DagBag from /home/airflow/.local/lib/python3.12/site-packages/airflow/example_dags/example_external_task_marker_dag.py
[2026-08-12T04:37:01.118+0000] {processor.py:925} INFO - DAG(s) 'example_external_task_marker_child', 'example_external_task_marker_parent' retrieved from /home/airflow/.local/lib/python3.12/site-packages/airflow/example_dags/example_external_task_marker_dag.py
[2026-08-12T04:37:01.142+0000] {logging_mixin.py:190} INFO - [2026-08-12T04:37:01.141+0000] {dag.py:3211} INFO - Sync 2 DAGs
[2026-08-12T04:37:01.157+0000] {logging_mixin.py:190} INFO - [2026-08-12T04:37:01.157+0000] {dag.py:4138} INFO - Setting next_dagrun for example_external_task_marker_child to None, run_after=None
[2026-08-12T04:37:01.162+0000] {logging_mixin.py:190} INFO - [2026-08-12T04:37:01.162+0000] {dag.py:4138} INFO - Setting next_dagrun for example_external_task_marker_parent to None, run_after=None
[2026-08-12T04:37:01.184+0000] {processor.py:208} INFO - Processing /home/airflow/.local/lib/python3.12/site-packages/airflow/example_dags/example_external_task_marker_dag.py took 0.086 seconds
[2026-08-12T04:37:31.308+0000] {processor.py:186} INFO - Started process (PID=654) to work on /home/airflow/.local/lib/python3.12/site-packages/airflow/example_dags/example_external_task_marker_dag.py
[2026-08-12T04:37:31.310+0000] {processor.py:914} INFO - Processing file /home/airflow/.local/lib/python3.12/site-packages/airflow/example_dags/example_external_task_marker_dag.py for tasks to queue
[2026-08-12T04:37:31.313+0000] {logging_mixin.py:190} INFO - [2026-08-12T04:37:31.313+0000] {dagbag.py:587} INFO - Filling up the DagBag from /home/airflow/.local/lib/python3.12/site-packages/airflow/example_dags/example_external_task_marker_dag.py
[2026-08-12T04:37:31.322+0000] {processor.py:925} INFO - DAG(s) 'example_external_task_marker_parent', 'example_external_task_marker_child' retrieved from /home/airflow/.local/lib/python3.12/site-packages/airflow/example_dags/example_external_task_marker_dag.py
[2026-08-12T04:37:31.346+0000] {logging_mixin.py:190} INFO - [2026-08-12T04:37:31.346+0000] {dag.py:3211} INFO - Sync 2 DAGs
[2026-08-12T04:37:31.365+0000] {logging_mixin.py:190} INFO - [2026-08-12T04:37:31.364+0000] {dag.py:4138} INFO - Setting next_dagrun for example_external_task_marker_child to None, run_after=None
[2026-08-12T04:37:31.371+0000] {logging_mixin.py:190} INFO - [2026-08-12T04:37:31.371+0000] {dag.py:4138} INFO - Setting next_dagrun for example_external_task_marker_parent to None, run_after=None
[2026-08-12T04:37:31.397+0000] {processor.py:208} INFO - Processing /home/airflow/.local/lib/python3.12/site-packages/airflow/example_dags/example_external_task_marker_dag.py took 0.095 seconds
[2026-08-12T04:38:02.247+0000] {processor.py:186} INFO - Started process (PID=716) to work on /home/airflow/.local/lib/python3.12/site-packages/airflow/example_dags/example_external_task_marker_dag.py
[2026-08-12T04:38:02.249+0000] {processor.py:914} INFO - Processing file /home/airflow/.local/lib/python3.12/site-packages/airflow/example_dags/example_external_task_marker_dag.py for tasks to queue
[2026-08-12T04:38:02.252+0000] {logging_mixin.py:190} INFO - [2026-08-12T04:38:02.252+0000] {dagbag.py:587} INFO - Filling up the DagBag from /home/airflow/.local/lib/python3.12/site-packages/airflow/example_dags/example_external_task_marker_dag.py
[2026-08-12T04:38:02.260+0000] {processor.py:925} INFO - DAG(s) 'example_external_task_marker_child', 'example_external_task_marker_parent' retrieved from /home/airflow/.local/lib/python3.12/site-packages/airflow/example_dags/example_external_task_marker_dag.py
[2026-08-12T04:38:02.283+0000] {logging_mixin.py:190} INFO - [2026-08-12T04:38:02.282+0000] {dag.py:3211} INFO - Sync 2 DAGs
[2026-08-12T04:38:02.296+0000] {logging_mixin.py:190} INFO - [2026-08-12T04:38:02.296+0000] {dag.py:4138} INFO - Setting next_dagrun for example_external_task_marker_child to None, run_after=None
[2026-08-12T04:38:02.301+0000] {logging_mixin.py:190} INFO - [2026-08-12T04:38:02.300+0000] {dag.py:4138} INFO - Setting next_dagrun for example_external_task_marker_parent to None, run_after=None
[2026-08-12T04:38:02.323+0000] {processor.py:208} INFO - Processing /home/airflow/.local/lib/python3.12/site-packages/airflow/example_dags/example_external_task_marker_dag.py took 0.081 seconds
[2026-08-12T04:38:32.990+0000] {processor.py:186} INFO - Started process (PID=778) to work on /home/airflow/.local/lib/python3.12/site-packages/airflow/example_dags/example_external_task_marker_dag.py
[2026-08-12T04:38:32.991+0000] {processor.py:914} INFO - Processing file /home/airflow/.local/lib/python3.12/site-packages/airflow/example_dags/example_external_task_marker_dag.py for tasks to queue
[2026-08-12T04:38:32.995+0000] {logging_mixin.py:190} INFO - [2026-08-12T04:38:32.995+0000] {dagbag.py:587} INFO - Filling up the DagBag from /home/airflow/.local/lib/python3.12/site-packages/airflow/example_dags/example_external_task_marker_dag.py
[2026-08-12T04:38:33.005+0000] {processor.py:925} INFO - DAG(s) 'example_external_task_marker_child', 'example_external_task_marker_parent' retrieved from /home/airflow/.local/lib/python3.12/site-packages/airflow/example_dags/example_external_task_marker_dag.py
[2026-08-12T04:38:33.035+0000] {logging_mixin.py:190} INFO - [2026-08-12T04:38:33.035+0000] {dag.py:3211} INFO - Sync 2 DAGs
[2026-08-12T04:38:33.059+0000] {logging_mixin.py:190} INFO - [2026-08-12T04:38:33.058+0000] {dag.py:4138} INFO - Setting next_dagrun for example_external_task_marker_child to None, run_after=None
[2026-08-12T04:38:33.064+0000] {logging_mixin.py:190} INFO - [2026-08-12T04:38:33.064+0000] {dag.py:4138} INFO - Setting next_dagrun for example_external_task_marker_parent to None, run_after=None
[2026-08-12T04:38:33.094+0000] {processor.py:208} INFO - Processing /home/airflow/.local/lib/python3.12/site-packages/airflow/example_dags/example_external_task_marker_dag.py took 0.111 seconds
[2026-08-12T04:39:03.227+0000] {processor.py:186} INFO - Started process (PID=839) to work on /home/airflow/.local/lib/python3.12/site-packages/airflow/example_dags/example_external_task_marker_dag.py
[2026-08-12T04:39:03.229+0000] {processor.py:914} INFO - Processing file /home/airflow/.local/lib/python3.12/site-packages/airflow/example_dags/example_external_task_marker_dag.py for tasks to queue
[2026-08-12T04:39:03.233+0000] {logging_mixin.py:190} INFO - [2026-08-12T04:39:03.233+0000] {dagbag.py:587} INFO - Filling up the DagBag from /home/airflow/.local/lib/python3.12/site-packages/airflow/example_dags/example_external_task_marker_dag.py
[2026-08-12T04:39:03.243+0000] {processor.py:925} INFO - DAG(s) 'example_external_task_marker_child', 'example_external_task_marker_parent' retrieved from /home/airflow/.local/lib/python3.12/site-packages/airflow/example_dags/example_external_task_marker_dag.py
[2026-08-12T04:39:03.268+0000] {logging_mixin.py:190} INFO - [2026-08-12T04:39:03.267+0000] {dag.py:3211} INFO - Sync 2 DAGs
[2026-08-12T04:39:03.282+0000] {logging_mixin.py:190} INFO - [2026-08-12T04:39:03.282+0000] {dag.py:4138} INFO - Setting next_dagrun for example_external_task_marker_child to None, run_after=None
[2026-08-12T04:39:03.288+0000] {logging_mixin.py:190} INFO - [2026-08-12T04:39:03.288+0000] {dag.py:4138} INFO - Setting next_dagrun for example_external_task_marker_parent to None, run_after=None
[2026-08-12T04:39:03.308+0000] {processor.py:208} INFO - Processing /home/airflow/.local/lib/python3.12/site-packages/airflow/example_dags/example_external_task_marker_dag.py took 0.089 seconds
[2026-08-12T04:39:33.498+0000] {processor.py:186} INFO - Started process (PID=900) to work on /home/airflow/.local/lib/python3.12/site-packages/airflow/example_dags/example_external_task_marker_dag.py
[2026-08-12T04:39:33.499+0000] {processor.py:914} INFO - Processing file /home/airflow/.local/lib/python3.12/site-packages/airflow/example_dags/example_external_task_marker_dag.py for tasks to queue
[2026-08-12T04:39:33.502+0000] {logging_mixin.py:190} INFO - [2026-08-12T04:39:33.502+0000] {dagbag.py:587} INFO - Filling up the DagBag from /home/airflow/.local/lib/python3.12/site-packages/airflow/example_dags/example_external_task_marker_dag.py
[2026-08-12T04:39:33.513+0000] {processor.py:925} INFO - DAG(s) 'example_external_task_marker_parent', 'example_external_task_marker_child' retrieved from /home/airflow/.local/lib/python3.12/site-packages/airflow/example_dags/example_external_task_marker_dag.py
[2026-08-12T04:39:33.543+0000] {logging_mixin.py:190} INFO - [2026-08-12T04:39:33.542+0000] {dag.py:3211} INFO - Sync 2 DAGs
[2026-08-12T04:39:33.565+0000] {logging_mixin.py:190} INFO - [2026-08-12T04:39:33.564+0000] {dag.py:4138} INFO - Setting next_dagrun for example_external_task_marker_child to None, run_after=None
[2026-08-12T04:39:33.571+0000] {logging_mixin.py:190} INFO - [2026-08-12T04:39:33.571+0000] {dag.py:4138} INFO - Setting next_dagrun for example_external_task_marker_parent to None, run_after=None
[2026-08-12T04:39:33.599+0000] {processor.py:208} INFO - Processing /home/airflow/.local/lib/python3.12/site-packages/airflow/example_dags/example_external_task_marker_dag.py took 0.107 seconds
[2026-08-12T04:40:03.879+0000] {processor.py:186} INFO - Started process (PID=962) to work on /home/airflow/.local/lib/python3.12/site-packages/airflow/example_dags/example_external_task_marker_dag.py
[2026-08-12T04:40:03.881+0000] {processor.py:914} INFO - Processing file /home/airflow/.local/lib/python3.12/site-packages/airflow/example_dags/example_external_task_marker_dag.py for tasks to queue
[2026-08-12T04:40:03.884+0000] {logging_mixin.py:190} INFO - [2026-08-12T04:40:03.884+0000] {dagbag.py:587} INFO - Filling up the DagBag from /home/airflow/.local/lib/python3.12/site-packages/airflow/example_dags/example_external_task_marker_dag.py
[2026-08-12T04:40:03.892+0000] {processor.py:925} INFO - DAG(s) 'example_external_task_marker_child', 'example_external_task_marker_parent' retrieved from /home/airflow/.local/lib/python3.12/site-packages/airflow/example_dags/example_external_task_marker_dag.py
[2026-08-12T04:40:03.916+0000] {logging_mixin.py:190} INFO - [2026-08-12T04:40:03.916+0000] {dag.py:3211} INFO - Sync 2 DAGs
[2026-08-12T04:40:03.930+0000] {logging_mixin.py:190} INFO - [2026-08-12T04:40:03.930+0000] {dag.py:4138} INFO - Setting next_dagrun for example_external_task_marker_child to None, run_after=None
[2026-08-12T04:40:03.937+0000] {logging_mixin.py:190} INFO - [2026-08-12T04:40:03.936+0000] {dag.py:4138} INFO - Setting next_dagrun for example_external_task_marker_parent to None, run_after=None
[2026-08-12T04:40:03.964+0000] {processor.py:208} INFO - Processing /home/airflow/.local/lib/python3.12/site-packages/airflow/example_dags/example_external_task_marker_dag.py took 0.090 seconds
[2026-08-12T04:40:34.948+0000] {processor.py:186} INFO - Started process (PID=1026) to work on /home/airflow/.local/lib/python3.12/site-packages/airflow/example_dags/example_external_task_marker_dag.py
[2026-08-12T04:40:34.950+0000] {processor.py:914} INFO - Processing file /home/airflow/.local/lib/python3.12/site-packages/airflow/example_dags/example_external_task_marker_dag.py for tasks to queue
[2026-08-12T04:40:34.965+0000] {logging_mixin.py:190} INFO - [2026-08-12T04:40:34.965+0000] {dagbag.py:587} INFO - Filling up the DagBag from /home/airflow/.local/lib/python3.12/site-packages/airflow/example_dags/example_external_task_marker_dag.py
[2026-08-12T04:40:34.978+0000] {processor.py:925} INFO - DAG(s) 'example_external_task_marker_parent', 'example_external_task_marker_child' retrieved from /home/airflow/.local/lib/python3.12/site-packages/airflow/example_dags/example_external_task_marker_dag.py
[2026-08-12T04:40:35.011+0000] {logging_mixin.py:190} INFO - [2026-08-12T04:40:35.011+0000] {dag.py:3211} INFO - Sync 2 DAGs
[2026-08-12T04:40:35.043+0000] {logging_mixin.py:190} INFO - [2026-08-12T04:40:35.043+0000] {dag.py:4138} INFO - Setting next_dagrun for example_external_task_marker_child to None, run_after=None
[2026-08-12T04:40:35.052+0000] {logging_mixin.py:190} INFO - [2026-08-12T04:40:35.051+0000] {dag.py:4138} INFO - Setting next_dagrun for example_external_task_marker_parent to None, run_after=None
[2026-08-12T04:40:35.077+0000] {processor.py:208} INFO - Processing /home/airflow/.local/lib/python3.12/site-packages/airflow/example_dags/example_external_task_marker_dag.py took 0.134 seconds
[2026-08-12T04:41:05.530+0000] {processor.py:186} INFO - Started process (PID=1088) to work on /home/airflow/.local/lib/python3.12/site-packages/airflow/example_dags/example_external_task_marker_dag.py
[2026-08-12T04:41:05.532+0000] {processor.py:914} INFO - Processing file /home/airflow/.local/lib/python3.12/site-packages/airflow/example_dags/example_external_task_marker_dag.py for tasks to queue
[2026-08-12T04:41:05.537+0000] {logging_mixin.py:190} INFO - [2026-08-12T04:41:05.537+0000] {dagbag.py:587} INFO - Filling up the DagBag from /home/airflow/.local/lib/python3.12/site-packages/airflow/example_dags/example_external_task_marker_dag.py
[2026-08-12T04:41:05.551+0000] {processor.py:925} INFO - DAG(s) 'example_external_task_marker_child', 'example_external_task_marker_parent' retrieved from /home/airflow/.local/lib/python3.12/site-packages/airflow/example_dags/example_external_task_marker_dag.py
[2026-08-12T04:41:05.589+0000] {logging_mixin.py:190} INFO - [2026-08-12T04:41:05.588+0000] {dag.py:3211} INFO - Sync 2 DAGs
[2026-08-12T04:41:05.616+0000] {logging_mixin.py:190} INFO - [2026-08-12T04:41:05.616+0000] {dag.py:4138} INFO - Setting next_dagrun for example_external_task_marker_child to None, run_after=None
[2026-08-12T04:41:05.622+0000] {logging_mixin.py:190} INFO - [2026-08-12T04:41:05.621+0000] {dag.py:4138} INFO - Setting next_dagrun for example_external_task_marker_parent to None, run_after=None
[2026-08-12T04:41:05.642+0000] {processor.py:208} INFO - Processing /home/airflow/.local/lib/python3.12/site-packages/airflow/example_dags/example_external_task_marker_dag.py took 0.122 seconds
[2026-08-12T04:41:36.033+0000] {processor.py:186} INFO - Started process (PID=1150) to work on /home/airflow/.local/lib/python3.12/site-packages/airflow/example_dags/example_external_task_marker_dag.py
[2026-08-12T04:41:36.034+0000] {processor.py:914} INFO - Processing file /home/airflow/.local/lib/python3.12/site-packages/airflow/example_dags/example_external_task_marker_dag.py for tasks to queue
[2026-08-12T04:41:36.037+0000] {logging_mixin.py:190} INFO - [2026-08-12T04:41:36.037+0000] {dagbag.py:587} INFO - Filling up the DagBag from /home/airflow/.local/lib/python3.12/site-packages/airflow/example_dags/example_external_task_marker_dag.py
[2026-08-12T04:41:36.057+0000] {processor.py:925} INFO - DAG(s) 'example_external_task_marker_child', 'example_external_task_marker_parent' retrieved from /home/airflow/.local/lib/python3.12/site-packages/airflow/example_dags/example_external_task_marker_dag.py
[2026-08-12T04:41:36.089+0000] {logging_mixin.py:190} INFO - [2026-08-12T04:41:36.088+0000] {dag.py:3211} INFO - Sync 2 DAGs
[2026-08-12T04:41:36.113+0000] {logging_mixin.py:190} INFO - [2026-08-12T04:41:36.112+0000] {dag.py:4138} INFO - Setting next_dagrun for example_external_task_marker_child to None, run_after=None
[2026-08-12T04:41:36.120+0000] {logging_mixin.py:190} INFO - [2026-08-12T04:41:36.120+0000] {dag.py:4138} INFO - Setting next_dagrun for example_external_task_marker_parent to None, run_after=None
[2026-08-12T04:41:36.152+0000] {processor.py:208} INFO - Processing /home/airflow/.local/lib/python3.12/site-packages/airflow/example_dags/example_external_task_marker_dag.py took 0.125 seconds
[2026-08-12T04:42:06.828+0000] {processor.py:186} INFO - Started process (PID=1212) to work on /home/airflow/.local/lib/python3.12/site-packages/airflow/example_dags/example_external_task_marker_dag.py
[2026-08-12T04:42:06.830+0000] {processor.py:914} INFO - Processing file /home/airflow/.local/lib/python3.12/site-packages/airflow/example_dags/example_external_task_marker_dag.py for tasks to queue
[2026-08-12T04:42:06.834+0000] {logging_mixin.py:190} INFO - [2026-08-12T04:42:06.834+0000] {dagbag.py:587} INFO - Filling up the DagBag from /home/airflow/.local/lib/python3.12/site-packages/airflow/example_dags/example_external_task_marker_dag.py
[2026-08-12T04:42:06.845+0000] {processor.py:925} INFO - DAG(s) 'example_external_task_marker_parent', 'example_external_task_marker_child' retrieved from /home/airflow/.local/lib/python3.12/site-packages/airflow/example_dags/example_external_task_marker_dag.py
[2026-08-12T04:42:06.870+0000] {logging_mixin.py:190} INFO - [2026-08-12T04:42:06.869+0000] {dag.py:3211} INFO - Sync 2 DAGs
[2026-08-12T04:42:06.897+0000] {logging_mixin.py:190} INFO - [2026-08-12T04:42:06.897+0000] {dag.py:4138} INFO - Setting next_dagrun for example_external_task_marker_child to None, run_after=None
[2026-08-12T04:42:06.902+0000] {logging_mixin.py:190} INFO - [2026-08-12T04:42:06.902+0000] {dag.py:4138} INFO - Setting next_dagrun for example_external_task_marker_parent to None, run_after=None
[2026-08-12T04:42:06.924+0000] {processor.py:208} INFO - Processing /home/airflow/.local/lib/python3.12/site-packages/airflow/example_dags/example_external_task_marker_dag.py took 0.102 seconds
[2026-08-12T04:42:37.406+0000] {processor.py:186} INFO - Started process (PID=1274) to work on /home/airflow/.local/lib/python3.12/site-packages/airflow/example_dags/example_external_task_marker_dag.py
[2026-08-12T04:42:37.408+0000] {processor.py:914} INFO - Processing file /home/airflow/.local/lib/python3.12/site-packages/airflow/example_dags/example_external_task_marker_dag.py for tasks to queue
[2026-08-12T04:42:37.411+0000] {logging_mixin.py:190} INFO - [2026-08-12T04:42:37.410+0000] {dagbag.py:587} INFO - Filling up the DagBag from /home/airflow/.local/lib/python3.12/site-packages/airflow/example_dags/example_external_task_marker_dag.py
[2026-08-12T04:42:37.418+0000] {processor.py:925} INFO - DAG(s) 'example_external_task_marker_child', 'example_external_task_marker_parent' retrieved from /home/airflow/.local/lib/python3.12/site-packages/airflow/example_dags/example_external_task_marker_dag.py
[2026-08-12T04:42:37.441+0000] {logging_mixin.py:190} INFO - [2026-08-12T04:42:37.440+0000] {dag.py:3211} INFO - Sync 2 DAGs
[2026-08-12T04:42:37.454+0000] {logging_mixin.py:190} INFO - [2026-08-12T04:42:37.454+0000] {dag.py:4138} INFO - Setting next_dagrun for example_external_task_marker_child to None, run_after=None
[2026-08-12T04:42:37.459+0000] {logging_mixin.py:190} INFO - [2026-08-12T04:42:37.459+0000] {dag.py:4138} INFO - Setting next_dagrun for example_external_task_marker_parent to None, run_after=None
[2026-08-12T04:42:37.475+0000] {processor.py:208} INFO - Processing /home/airflow/.local/lib/python3.12/site-packages/airflow/example_dags/example_external_task_marker_dag.py took 0.075 seconds
[2026-08-12T04:43:08.253+0000] {processor.py:186} INFO - Started process (PID=1336) to work on /home/airflow/.local/lib/python3.12/site-packages/airflow/example_dags/example_external_task_marker_dag.py
[2026-08-12T04:43:08.254+0000] {processor.py:914} INFO - Processing file /home/airflow/.local/lib/python3.12/site-packages/airflow/example_dags/example_external_task_marker_dag.py for tasks to queue
[2026-08-12T04:43:08.258+0000] {logging_mixin.py:190} INFO - [2026-08-12T04:43:08.257+0000] {dagbag.py:587} INFO - Filling up the DagBag from /home/airflow/.local/lib/python3.12/site-packages/airflow/example_dags/example_external_task_marker_dag.py
[2026-08-12T04:43:08.266+0000] {processor.py:925} INFO - DAG(s) 'example_external_task_marker_parent', 'example_external_task_marker_child' retrieved from /home/airflow/.local/lib/python3.12/site-packages/airflow/example_dags/example_external_task_marker_dag.py
[2026-08-12T04:43:08.292+0000] {logging_mixin.py:190} INFO - [2026-08-12T04:43:08.292+0000] {dag.py:3211} INFO - Sync 2 DAGs
[2026-08-12T04:43:08.308+0000] {logging_mixin.py:190} INFO - [2026-08-12T04:43:08.308+0000] {dag.py:4138} INFO - Setting next_dagrun for example_external_task_marker_child to None, run_after=None
[2026-08-12T04:43:08.313+0000] {logging_mixin.py:190} INFO - [2026-08-12T04:43:08.313+0000] {dag.py:4138} INFO - Setting next_dagrun for example_external_task_marker_parent to None, run_after=None
[2026-08-12T04:43:08.330+0000] {processor.py:208} INFO - Processing /home/airflow/.local/lib/python3.12/site-packages/airflow/example_dags/example_external_task_marker_dag.py took 0.083 seconds
[2026-08-12T04:43:39.241+0000] {processor.py:186} INFO - Started process (PID=1398) to work on /home/airflow/.local/lib/python3.12/site-packages/airflow/example_dags/example_external_task_marker_dag.py
[2026-08-12T04:43:39.243+0000] {processor.py:914} INFO - Processing file /home/airflow/.local/lib/python3.12/site-packages/airflow/example_dags/example_external_task_marker_dag.py for tasks to queue
[2026-08-12T04:43:39.248+0000] {logging_mixin.py:190} INFO - [2026-08-12T04:43:39.247+0000] {dagbag.py:587} INFO - Filling up the DagBag from /home/airflow/.local/lib/python3.12/site-packages/airflow/example_dags/example_external_task_marker_dag.py
[2026-08-12T04:43:39.258+0000] {processor.py:925} INFO - DAG(s) 'example_external_task_marker_parent', 'example_external_task_marker_child' retrieved from /home/airflow/.local/lib/python3.12/site-packages/airflow/example_dags/example_external_task_marker_dag.py
[2026-08-12T04:43:39.300+0000] {logging_mixin.py:190} INFO - [2026-08-12T04:43:39.299+0000] {dag.py:3211} INFO - Sync 2 DAGs
[2026-08-12T04:43:39.317+0000] {logging_mixin.py:190} INFO - [2026-08-12T04:43:39.317+0000] {dag.py:4138} INFO - Setting next_dagrun for example_external_task_marker_child to None, run_after=None
[2026-08-12T04:43:39.323+0000] {logging_mixin.py:190} INFO - [2026-08-12T04:43:39.322+0000] {dag.py:4138} INFO - Setting next_dagrun for example_external_task_marker_parent to None, run_after=None
[2026-08-12T04:43:39.353+0000] {processor.py:208} INFO - Processing /home/airflow/.local/lib/python3.12/site-packages/airflow/example_dags/example_external_task_marker_dag.py took 0.121 seconds
[2026-08-12T04:44:10.028+0000] {processor.py:186} INFO - Started process (PID=1460) to work on /home/airflow/.local/lib/python3.12/site-packages/airflow/example_dags/example_external_task_marker_dag.py
[2026-08-12T04:44:10.030+0000] {processor.py:914} INFO - Processing file /home/airflow/.local/lib/python3.12/site-packages/airflow/example_dags/example_external_task_marker_dag.py for tasks to queue
[2026-08-12T04:44:10.033+0000] {logging_mixin.py:190} INFO - [2026-08-12T04:44:10.033+0000] {dagbag.py:587} INFO - Filling up the DagBag from /home/airflow/.local/lib/python3.12/site-packages/airflow/example_dags/example_external_task_marker_dag.py
[2026-08-12T04:44:10.044+0000] {processor.py:925} INFO - DAG(s) 'example_external_task_marker_child', 'example_external_task_marker_parent' retrieved from /home/airflow/.local/lib/python3.12/site-packages/airflow/example_dags/example_external_task_marker_dag.py
[2026-08-12T04:44:10.070+0000] {logging_mixin.py:190} INFO - [2026-08-12T04:44:10.070+0000] {dag.py:3211} INFO - Sync 2 DAGs
[2026-08-12T04:44:10.085+0000] {logging_mixin.py:190} INFO - [2026-08-12T04:44:10.084+0000] {dag.py:4138} INFO - Setting next_dagrun for example_external_task_marker_child to None, run_after=None
[2026-08-12T04:44:10.089+0000] {logging_mixin.py:190} INFO - [2026-08-12T04:44:10.089+0000] {dag.py:4138} INFO - Setting next_dagrun for example_external_task_marker_parent to None, run_after=None
[2026-08-12T04:44:10.109+0000] {processor.py:208} INFO - Processing /home/airflow/.local/lib/python3.12/site-packages/airflow/example_dags/example_external_task_marker_dag.py took 0.086 seconds
[2026-08-12T04:44:40.767+0000] {processor.py:186} INFO - Started process (PID=1522) to work on /home/airflow/.local/lib/python3.12/site-packages/airflow/example_dags/example_external_task_marker_dag.py
[2026-08-12T04:44:40.768+0000] {processor.py:914} INFO - Processing file /home/airflow/.local/lib/python3.12/site-packages/airflow/example_dags/example_external_task_marker_dag.py for tasks to queue
[2026-08-12T04:44:40.771+0000] {logging_mixin.py:190} INFO - [2026-08-12T04:44:40.771+0000] {dagbag.py:587} INFO - Filling up the DagBag from /home/airflow/.local/lib/python3.12/site-packages/airflow/example_dags/example_external_task_marker_dag.py
[2026-08-12T04:44:40.779+0000] {processor.py:925} INFO - DAG(s) 'example_external_task_marker_parent', 'example_external_task_marker_child' retrieved from /home/airflow/.local/lib/python3.12/site-packages/airflow/example_dags/example_external_task_marker_dag.py
[2026-08-12T04:44:40.805+0000] {logging_mixin.py:190} INFO - [2026-08-12T04:44:40.805+0000] {dag.py:3211} INFO - Sync 2 DAGs
[2026-08-12T04:44:40.822+0000] {logging_mixin.py:190} INFO - [2026-08-12T04:44:40.822+0000] {dag.py:4138} INFO - Setting next_dagrun for example_external_task_marker_child to None, run_after=None
[2026-08-12T04:44:40.828+0000] {logging_mixin.py:190} INFO - [2026-08-12T04:44:40.828+0000] {dag.py:4138} INFO - Setting next_dagrun for example_external_task_marker_parent to None, run_after=None
[2026-08-12T04:44:40.848+0000] {processor.py:208} INFO - Processing /home/airflow/.local/lib/python3.12/site-packages/airflow/example_dags/example_external_task_marker_dag.py took 0.086 seconds
[2026-08-12T04:45:11.492+0000] {processor.py:186} INFO - Started process (PID=1584) to work on /home/airflow/.local/lib/python3.12/site-packages/airflow/example_dags/example_external_task_marker_dag.py
[2026-08-12T04:45:11.494+0000] {processor.py:914} INFO - Processing file /home/airflow/.local/lib/python3.12/site-packages/airflow/example_dags/example_external_task_marker_dag.py for tasks to queue
[2026-08-12T04:45:11.497+0000] {logging_mixin.py:190} INFO - [2026-08-12T04:45:11.496+0000] {dagbag.py:587} INFO - Filling up the DagBag from /home/airflow/.local/lib/python3.12/site-packages/airflow/example_dags/example_external_task_marker_dag.py
[2026-08-12T04:45:11.506+0000] {processor.py:925} INFO - DAG(s) 'example_external_task_marker_parent', 'example_external_task_marker_child' retrieved from /home/airflow/.local/lib/python3.12/site-packages/airflow/example_dags/example_external_task_marker_dag.py
[2026-08-12T04:45:11.530+0000] {logging_mixin.py:190} INFO - [2026-08-12T04:45:11.529+0000] {dag.py:3211} INFO - Sync 2 DAGs
[2026-08-12T04:45:11.547+0000] {logging_mixin.py:190} INFO - [2026-08-12T04:45:11.546+0000] {dag.py:4138} INFO - Setting next_dagrun for example_external_task_marker_child to None, run_after=None
[2026-08-12T04:45:11.551+0000] {logging_mixin.py:190} INFO - [2026-08-12T04:45:11.550+0000] {dag.py:4138} INFO - Setting next_dagrun for example_external_task_marker_parent to None, run_after=None
[2026-08-12T04:45:11.570+0000] {processor.py:208} INFO - Processing /home/airflow/.local/lib/python3.12/site-packages/airflow/example_dags/example_external_task_marker_dag.py took 0.084 seconds
[2026-08-12T04:45:42.009+0000] {processor.py:186} INFO - Started process (PID=1646) to work on /home/airflow/.local/lib/python3.12/site-packages/airflow/example_dags/example_external_task_marker_dag.py
[2026-08-12T04:45:42.011+0000] {processor.py:914} INFO - Processing file /home/airflow/.local/lib/python3.12/site-packages/airflow/example_dags/example_external_task_marker_dag.py for tasks to queue
[2026-08-12T04:45:42.014+0000] {logging_mixin.py:190} INFO - [2026-08-12T04:45:42.014+0000] {dagbag.py:587} INFO - Filling up the DagBag from /home/airflow/.local/lib/python3.12/site-packages/airflow/example_dags/example_external_task_marker_dag.py
[2026-08-12T04:45:42.021+0000] {processor.py:925} INFO - DAG(s) 'example_external_task_marker_parent', 'example_external_task_marker_child' retrieved from /home/airflow/.local/lib/python3.12/site-packages/airflow/example_dags/example_external_task_marker_dag.py
[2026-08-12T04:45:42.051+0000] {logging_mixin.py:190} INFO - [2026-08-12T04:45:42.051+0000] {dag.py:3211} INFO - Sync 2 DAGs
[2026-08-12T04:45:42.065+0000] {logging_mixin.py:190} INFO - [2026-08-12T04:45:42.065+0000] {dag.py:4138} INFO - Setting next_dagrun for example_external_task_marker_child to None, run_after=None
[2026-08-12T04:45:42.070+0000] {logging_mixin.py:190} INFO - [2026-08-12T04:45:42.069+0000] {dag.py:4138} INFO - Setting next_dagrun for example_external_task_marker_parent to None, run_after=None
[2026-08-12T04:45:42.088+0000] {processor.py:208} INFO - Processing /home/airflow/.local/lib/python3.12/site-packages/airflow/example_dags/example_external_task_marker_dag.py took 0.084 seconds
[2026-08-12T04:46:12.454+0000] {processor.py:186} INFO - Started process (PID=1708) to work on /home/airflow/.local/lib/python3.12/site-packages/airflow/example_dags/example_external_task_marker_dag.py
[2026-08-12T04:46:12.456+0000] {processor.py:914} INFO - Processing file /home/airflow/.local/lib/python3.12/site-packages/airflow/example_dags/example_external_task_marker_dag.py for tasks to queue
[2026-08-12T04:46:12.470+0000] {logging_mixin.py:190} INFO - [2026-08-12T04:46:12.470+0000] {dagbag.py:587} INFO - Filling up the DagBag from /home/airflow/.local/lib/python3.12/site-packages/airflow/example_dags/example_external_task_marker_dag.py
[2026-08-12T04:46:12.478+0000] {processor.py:925} INFO - DAG(s) 'example_external_task_marker_parent', 'example_external_task_marker_child' retrieved from /home/airflow/.local/lib/python3.12/site-packages/airflow/example_dags/example_external_task_marker_dag.py
[2026-08-12T04:46:12.504+0000] {logging_mixin.py:190} INFO - [2026-08-12T04:46:12.504+0000] {dag.py:3211} INFO - Sync 2 DAGs
[2026-08-12T04:46:12.519+0000] {logging_mixin.py:190} INFO - [2026-08-12T04:46:12.518+0000] {dag.py:4138} INFO - Setting next_dagrun for example_external_task_marker_child to None, run_after=None
[2026-08-12T04:46:12.523+0000] {logging_mixin.py:190} INFO - [2026-08-12T04:46:12.523+0000] {dag.py:4138} INFO - Setting next_dagrun for example_external_task_marker_parent to None, run_after=None
[2026-08-12T04:46:12.544+0000] {processor.py:208} INFO - Processing /home/airflow/.local/lib/python3.12/site-packages/airflow/example_dags/example_external_task_marker_dag.py took 0.095 seconds
[2026-08-12T04:46:42.874+0000] {processor.py:186} INFO - Started process (PID=1769) to work on /home/airflow/.local/lib/python3.12/site-packages/airflow/example_dags/example_external_task_marker_dag.py
[2026-08-12T04:46:42.876+0000] {processor.py:914} INFO - Processing file /home/airflow/.local/lib/python3.12/site-packages/airflow/example_dags/example_external_task_marker_dag.py for tasks to queue
[2026-08-12T04:46:42.879+0000] {logging_mixin.py:190} INFO - [2026-08-12T04:46:42.879+0000] {dagbag.py:587} INFO - Filling up the DagBag from /home/airflow/.local/lib/python3.12/site-packages/airflow/example_dags/example_external_task_marker_dag.py
[2026-08-12T04:46:42.888+0000] {processor.py:925} INFO - DAG(s) 'example_external_task_marker_child', 'example_external_task_marker_parent' retrieved from /home/airflow/.local/lib/python3.12/site-packages/airflow/example_dags/example_external_task_marker_dag.py
[2026-08-12T04:46:42.925+0000] {logging_mixin.py:190} INFO - [2026-08-12T04:46:42.925+0000] {dag.py:3211} INFO - Sync 2 DAGs
[2026-08-12T04:46:42.941+0000] {logging_mixin.py:190} INFO - [2026-08-12T04:46:42.940+0000] {dag.py:4138} INFO - Setting next_dagrun for example_external_task_marker_child to None, run_after=None
[2026-08-12T04:46:42.946+0000] {logging_mixin.py:190} INFO - [2026-08-12T04:46:42.946+0000] {dag.py:4138} INFO - Setting next_dagrun for example_external_task_marker_parent to None, run_after=None
[2026-08-12T04:46:42.970+0000] {processor.py:208} INFO - Processing /home/airflow/.local/lib/python3.12/site-packages/airflow/example_dags/example_external_task_marker_dag.py took 0.101 seconds
[2026-08-12T04:47:13.265+0000] {processor.py:186} INFO - Started process (PID=1832) to work on /home/airflow/.local/lib/python3.12/site-packages/airflow/example_dags/example_external_task_marker_dag.py
[2026-08-12T04:47:13.267+0000] {processor.py:914} INFO - Processing file /home/airflow/.local/lib/python3.12/site-packages/airflow/example_dags/example_external_task_marker_dag.py for tasks to queue
[2026-08-12T04:47:13.270+0000] {logging_mixin.py:190} INFO - [2026-08-12T04:47:13.270+0000] {dagbag.py:587} INFO - Filling up the DagBag from /home/airflow/.local/lib/python3.12/site-packages/airflow/example_dags/example_external_task_marker_dag.py
[2026-08-12T04:47:13.280+0000] {processor.py:925} INFO - DAG(s) 'example_external_task_marker_parent', 'example_external_task_marker_child' retrieved from /home/airflow/.local/lib/python3.12/site-packages/airflow/example_dags/example_external_task_marker_dag.py
[2026-08-12T04:47:13.317+0000] {logging_mixin.py:190} INFO - [2026-08-12T04:47:13.317+0000] {dag.py:3211} INFO - Sync 2 DAGs
[2026-08-12T04:47:13.331+0000] {logging_mixin.py:190} INFO - [2026-08-12T04:47:13.331+0000] {dag.py:4138} INFO - Setting next_dagrun for example_external_task_marker_child to None, run_after=None
[2026-08-12T04:47:13.335+0000] {logging_mixin.py:190} INFO - [2026-08-12T04:47:13.335+0000] {dag.py:4138} INFO - Setting next_dagrun for example_external_task_marker_parent to None, run_after=None
[2026-08-12T04:47:13.353+0000] {processor.py:208} INFO - Processing /home/airflow/.local/lib/python3.12/site-packages/airflow/example_dags/example_external_task_marker_dag.py took 0.094 seconds
[2026-08-12T04:47:43.775+0000] {processor.py:186} INFO - Started process (PID=1894) to work on /home/airflow/.local/lib/python3.12/site-packages/airflow/example_dags/example_external_task_marker_dag.py
[2026-08-12T04:47:43.777+0000] {processor.py:914} INFO - Processing file /home/airflow/.local/lib/python3.12/site-packages/airflow/example_dags/example_external_task_marker_dag.py for tasks to queue
[2026-08-12T04:47:43.782+0000] {logging_mixin.py:190} INFO - [2026-08-12T04:47:43.781+0000] {dagbag.py:587} INFO - Filling up the DagBag from /home/airflow/.local/lib/python3.12/site-packages/airflow/example_dags/example_external_task_marker_dag.py
[2026-08-12T04:47:43.789+0000] {processor.py:925} INFO - DAG(s) 'example_external_task_marker_parent', 'example_external_task_marker_child' retrieved from /home/airflow/.local/lib/python3.12/site-packages/airflow/example_dags/example_external_task_marker_dag.py
[2026-08-12T04:47:43.814+0000] {logging_mixin.py:190} INFO - [2026-08-12T04:47:43.814+0000] {dag.py:3211} INFO - Sync 2 DAGs
[2026-08-12T04:47:43.829+0000] {logging_mixin.py:190} INFO - [2026-08-12T04:47:43.829+0000] {dag.py:4138} INFO - Setting next_dagrun for example_external_task_marker_child to None, run_after=None
[2026-08-12T04:47:43.834+0000] {logging_mixin.py:190} INFO - [2026-08-12T04:47:43.834+0000] {dag.py:4138} INFO - Setting next_dagrun for example_external_task_marker_parent to None, run_after=None
[2026-08-12T04:47:43.853+0000] {processor.py:208} INFO - Processing /home/airflow/.local/lib/python3.12/site-packages/airflow/example_dags/example_external_task_marker_dag.py took 0.084 seconds
[2026-08-12T04:48:14.743+0000] {processor.py:186} INFO - Started process (PID=1956) to work on /home/airflow/.local/lib/python3.12/site-packages/airflow/example_dags/example_external_task_marker_dag.py
[2026-08-12T04:48:14.745+0000] {processor.py:914} INFO - Processing file /home/airflow/.local/lib/python3.12/site-packages/airflow/example_dags/example_external_task_marker_dag.py for tasks to queue
[2026-08-12T04:48:14.748+0000] {logging_mixin.py:190} INFO - [2026-08-12T04:48:14.747+0000] {dagbag.py:587} INFO - Filling up the DagBag from /home/airflow/.local/lib/python3.12/site-packages/airflow/example_dags/example_external_task_marker_dag.py
[2026-08-12T04:48:14.756+0000] {processor.py:925} INFO - DAG(s) 'example_external_task_marker_child', 'example_external_task_marker_parent' retrieved from /home/airflow/.local/lib/python3.12/site-packages/airflow/example_dags/example_external_task_marker_dag.py
[2026-08-12T04:48:14.781+0000] {logging_mixin.py:190} INFO - [2026-08-12T04:48:14.781+0000] {dag.py:3211} INFO - Sync 2 DAGs
[2026-08-12T04:48:14.796+0000] {logging_mixin.py:190} INFO - [2026-08-12T04:48:14.795+0000] {dag.py:4138} INFO - Setting next_dagrun for example_external_task_marker_child to None, run_after=None
[2026-08-12T04:48:14.800+0000] {logging_mixin.py:190} INFO - [2026-08-12T04:48:14.800+0000] {dag.py:4138} INFO - Setting next_dagrun for example_external_task_marker_parent to None, run_after=None
[2026-08-12T04:48:14.818+0000] {processor.py:208} INFO - Processing /home/airflow/.local/lib/python3.12/site-packages/airflow/example_dags/example_external_task_marker_dag.py took 0.080 seconds
[2026-08-12T04:48:45.805+0000] {processor.py:186} INFO - Started process (PID=2018) to work on /home/airflow/.local/lib/python3.12/site-packages/airflow/example_dags/example_external_task_marker_dag.py
[2026-08-12T04:48:45.807+0000] {processor.py:914} INFO - Processing file /home/airflow/.local/lib/python3.12/site-packages/airflow/example_dags/example_external_task_marker_dag.py for tasks to queue
[2026-08-12T04:48:45.810+0000] {logging_mixin.py:190} INFO - [2026-08-12T04:48:45.810+0000] {dagbag.py:587} INFO - Filling up the DagBag from /home/airflow/.local/lib/python3.12/site-packages/airflow/example_dags/example_external_task_marker_dag.py
[2026-08-12T04:48:45.819+0000] {processor.py:925} INFO - DAG(s) 'example_external_task_marker_child', 'example_external_task_marker_parent' retrieved from /home/airflow/.local/lib/python3.12/site-packages/airflow/example_dags/example_external_task_marker_dag.py
[2026-08-12T04:48:45.846+0000] {logging_mixin.py:190} INFO - [2026-08-12T04:48:45.845+0000] {dag.py:3211} INFO - Sync 2 DAGs
[2026-08-12T04:48:45.863+0000] {logging_mixin.py:190} INFO - [2026-08-12T04:48:45.862+0000] {dag.py:4138} INFO - Setting next_dagrun for example_external_task_marker_child to None, run_after=None
[2026-08-12T04:48:45.868+0000] {logging_mixin.py:190} INFO - [2026-08-12T04:48:45.868+0000] {dag.py:4138} INFO - Setting next_dagrun for example_external_task_marker_parent to None, run_after=None
[2026-08-12T04:48:45.891+0000] {processor.py:208} INFO - Processing /home/airflow/.local/lib/python3.12/site-packages/airflow/example_dags/example_external_task_marker_dag.py took 0.091 seconds
[2026-08-12T04:49:15.949+0000] {processor.py:186} INFO - Started process (PID=2080) to work on /home/airflow/.local/lib/python3.12/site-packages/airflow/example_dags/example_external_task_marker_dag.py
[2026-08-12T04:49:15.951+0000] {processor.py:914} INFO - Processing file /home/airflow/.local/lib/python3.12/site-packages/airflow/example_dags/example_external_task_marker_dag.py for tasks to queue
[2026-08-12T04:49:15.955+0000] {logging_mixin.py:190} INFO - [2026-08-12T04:49:15.955+0000] {dagbag.py:587} INFO - Filling up the DagBag from /home/airflow/.local/lib/python3.12/site-packages/airflow/example_dags/example_external_task_marker_dag.py
[2026-08-12T04:49:15.968+0000] {processor.py:925} INFO - DAG(s) 'example_external_task_marker_child', 'example_external_task_marker_parent' retrieved from /home/airflow/.local/lib/python3.12/site-packages/airflow/example_dags/example_external_task_marker_dag.py
[2026-08-12T04:49:16.004+0000] {logging_mixin.py:190} INFO - [2026-08-12T04:49:16.003+0000] {dag.py:3211} INFO - Sync 2 DAGs
[2026-08-12T04:49:16.027+0000] {logging_mixin.py:190} INFO - [2026-08-12T04:49:16.027+0000] {dag.py:4138} INFO - Setting next_dagrun for example_external_task_marker_child to None, run_after=None
[2026-08-12T04:49:16.034+0000] {logging_mixin.py:190} INFO - [2026-08-12T04:49:16.033+0000] {dag.py:4138} INFO - Setting next_dagrun for example_external_task_marker_parent to None, run_after=None
[2026-08-12T04:49:16.059+0000] {processor.py:208} INFO - Processing /home/airflow/.local/lib/python3.12/site-packages/airflow/example_dags/example_external_task_marker_dag.py took 0.117 seconds
[2026-08-12T04:49:46.161+0000] {processor.py:186} INFO - Started process (PID=2141) to work on /home/airflow/.local/lib/python3.12/site-packages/airflow/example_dags/example_external_task_marker_dag.py
[2026-08-12T04:49:46.163+0000] {processor.py:914} INFO - Processing file /home/airflow/.local/lib/python3.12/site-packages/airflow/example_dags/example_external_task_marker_dag.py for tasks to queue
[2026-08-12T04:49:46.166+0000] {logging_mixin.py:190} INFO - [2026-08-12T04:49:46.165+0000] {dagbag.py:587} INFO - Filling up the DagBag from /home/airflow/.local/lib/python3.12/site-packages/airflow/example_dags/example_external_task_marker_dag.py
[2026-08-12T04:49:46.174+0000] {processor.py:925} INFO - DAG(s) 'example_external_task_marker_child', 'example_external_task_marker_parent' retrieved from /home/airflow/.local/lib/python3.12/site-packages/airflow/example_dags/example_external_task_marker_dag.py
[2026-08-12T04:49:46.200+0000] {logging_mixin.py:190} INFO - [2026-08-12T04:49:46.200+0000] {dag.py:3211} INFO - Sync 2 DAGs
[2026-08-12T04:49:46.215+0000] {logging_mixin.py:190} INFO - [2026-08-12T04:49:46.214+0000] {dag.py:4138} INFO - Setting next_dagrun for example_external_task_marker_child to None, run_after=None
[2026-08-12T04:49:46.219+0000] {logging_mixin.py:190} INFO - [2026-08-12T04:49:46.219+0000] {dag.py:4138} INFO - Setting next_dagrun for example_external_task_marker_parent to None, run_after=None
[2026-08-12T04:49:46.236+0000] {processor.py:208} INFO - Processing /home/airflow/.local/lib/python3.12/site-packages/airflow/example_dags/example_external_task_marker_dag.py took 0.081 seconds
