[2026-08-12T04:30:31.146+0000] {processor.py:186} INFO - Started process (PID=63) to work on /home/airflow/.local/lib/python3.12/site-packages/airflow/example_dags/example_python_operator.py
[2026-08-12T04:30:31.149+0000] {processor.py:914} INFO - Processing file /home/airflow/.local/lib/python3.12/site-packages/airflow/example_dags/example_python_operator.py for tasks to queue
[2026-08-12T04:30:31.154+0000] {logging_mixin.py:190} INFO - [2026-08-12T04:30:31.153+0000] {dagbag.py:587} INFO - Filling up the DagBag from /home/airflow/.local/lib/python3.12/site-packages/airflow/example_dags/example_python_operator.py
[2026-08-12T04:30:31.198+0000] {processor.py:925} INFO - DAG(s) 'example_python_operator' retrieved from /home/airflow/.local/lib/python3.12/site-packages/airflow/example_dags/example_python_operator.py
[2026-08-12T04:30:31.439+0000] {logging_mixin.py:190} INFO - [2026-08-12T04:30:31.437+0000] {override.py:1858} INFO - Created Permission View: can edit on DAG:example_python_operator
[2026-08-12T04:30:31.454+0000] {logging_mixin.py:190} INFO - [2026-08-12T04:30:31.453+0000] {override.py:1858} INFO - Created Permission View: can delete on DAG:example_python_operator
[2026-08-12T04:30:31.468+0000] {logging_mixin.py:190} INFO - [2026-08-12T04:30:31.467+0000] {override.py:1858} INFO - Created Permission View: can read on DAG:example_python_operator
[2026-08-12T04:30:31.470+0000] {logging_mixin.py:190} INFO - [2026-08-12T04:30:31.469+0000] {dag.py:3211} INFO - Sync 1 DAGs
[2026-08-12T04:30:31.487+0000] {logging_mixin.py:190} INFO - [2026-08-12T04:30:31.486+0000] {dag.py:3234} INFO - Creating ORM DAG for example_python_operator
[2026-08-12T04:30:31.489+0000] {logging_mixin.py:190} INFO - [2026-08-12T04:30:31.489+0000] {dag.py:4138} INFO - Setting next_dagrun for example_python_operator to None, run_after=None
[2026-08-12T04:30:31.518+0000] {processor.py:208} INFO - Processing /home/airflow/.local/lib/python3.12/site-packages/airflow/example_dags/example_python_operator.py took 0.381 seconds
[2026-08-12T04:31:01.955+0000] {processor.py:186} INFO - Started process (PID=125) to work on /home/airflow/.local/lib/python3.12/site-packages/airflow/example_dags/example_python_operator.py
[2026-08-12T04:31:01.957+0000] {processor.py:914} INFO - Processing file /home/airflow/.local/lib/python3.12/site-packages/airflow/example_dags/example_python_operator.py for tasks to queue
[2026-08-12T04:31:01.961+0000] {logging_mixin.py:190} INFO - [2026-08-12T04:31:01.960+0000] {dagbag.py:587} INFO - Filling up the DagBag from /home/airflow/.local/lib/python3.12/site-packages/airflow/example_dags/example_python_operator.py
[2026-08-12T04:31:01.975+0000] {processor.py:925} INFO - DAG(s) 'example_python_operator' retrieved from /home/airflow/.local/lib/python3.12/site-packages/airflow/example_dags/example_python_operator.py
[2026-08-12T04:31:02.006+0000] {logging_mixin.py:190} INFO - [2026-08-12T04:31:02.005+0000] {dag.py:3211} INFO - Sync 1 DAGs
[2026-08-12T04:31:02.021+0000] {logging_mixin.py:190} INFO - [2026-08-12T04:31:02.021+0000] {dag.py:4138} INFO - Setting next_dagrun for example_python_operator to None, run_after=None
[2026-08-12T04:31:02.041+0000] {processor.py:208} INFO - Processing /home/airflow/.local/lib/python3.12/site-packages/airflow/example_dags/example_python_operator.py took 0.092 seconds
[2026-08-12T04:31:32.719+0000] {processor.py:186} INFO - Started process (PID=187) to work on /home/airflow/.local/lib/python3.12/site-packages/airflow/example_dags/example_python_operator.py
[2026-08-12T04:31:32.721+0000] {processor.py:914} INFO - Processing file /home/airflow/.local/lib/python3.12/site-packages/airflow/example_dags/example_python_operator.py for tasks to queue
[2026-08-12T04:31:32.726+0000] {logging_mixin.py:190} INFO - [2026-08-12T04:31:32.726+0000] {dagbag.py:587} INFO - Filling up the DagBag from /home/airflow/.local/lib/python3.12/site-packages/airflow/example_dags/example_python_operator.py
[2026-08-12T04:31:32.762+0000] {processor.py:925} INFO - DAG(s) 'example_python_operator' retrieved from /home/airflow/.local/lib/python3.12/site-packages/airflow/example_dags/example_python_operator.py
[2026-08-12T04:31:32.810+0000] {logging_mixin.py:190} INFO - [2026-08-12T04:31:32.809+0000] {dag.py:3211} INFO - Sync 1 DAGs
[2026-08-12T04:31:32.839+0000] {logging_mixin.py:190} INFO - [2026-08-12T04:31:32.838+0000] {dag.py:4138} INFO - Setting next_dagrun for example_python_operator to None, run_after=None
[2026-08-12T04:31:32.876+0000] {processor.py:208} INFO - Processing /home/airflow/.local/lib/python3.12/site-packages/airflow/example_dags/example_python_operator.py took 0.167 seconds
[2026-08-12T04:32:03.406+0000] {processor.py:186} INFO - Started process (PID=256) to work on /home/airflow/.local/lib/python3.12/site-packages/airflow/example_dags/example_python_operator.py
[2026-08-12T04:32:03.408+0000] {processor.py:914} INFO - Processing file /home/airflow/.local/lib/python3.12/site-packages/airflow/example_dags/example_python_operator.py for tasks to queue
[2026-08-12T04:32:03.411+0000] {logging_mixin.py:190} INFO - [2026-08-12T04:32:03.411+0000] {dagbag.py:587} INFO - Filling up the DagBag from /home/airflow/.local/lib/python3.12/site-packages/airflow/example_dags/example_python_operator.py
[2026-08-12T04:32:03.422+0000] {processor.py:925} INFO - DAG(s) 'example_python_operator' retrieved from /home/airflow/.local/lib/python3.12/site-packages/airflow/example_dags/example_python_operator.py
[2026-08-12T04:32:03.451+0000] {logging_mixin.py:190} INFO - [2026-08-12T04:32:03.451+0000] {dag.py:3211} INFO - Sync 1 DAGs
[2026-08-12T04:32:03.483+0000] {logging_mixin.py:190} INFO - [2026-08-12T04:32:03.482+0000] {dag.py:4138} INFO - Setting next_dagrun for example_python_operator to None, run_after=None
[2026-08-12T04:32:03.504+0000] {processor.py:208} INFO - Processing /home/airflow/.local/lib/python3.12/site-packages/airflow/example_dags/example_python_operator.py took 0.103 seconds
[2026-08-12T04:32:51.927+0000] {processor.py:186} INFO - Started process (PID=53) to work on /home/airflow/.local/lib/python3.12/site-packages/airflow/example_dags/example_python_operator.py
[2026-08-12T04:32:51.931+0000] {processor.py:914} INFO - Processing file /home/airflow/.local/lib/python3.12/site-packages/airflow/example_dags/example_python_operator.py for tasks to queue
[2026-08-12T04:32:51.937+0000] {logging_mixin.py:190} INFO - [2026-08-12T04:32:51.937+0000] {dagbag.py:587} INFO - Filling up the DagBag from /home/airflow/.local/lib/python3.12/site-packages/airflow/example_dags/example_python_operator.py
[2026-08-12T04:32:51.967+0000] {processor.py:925} INFO - DAG(s) 'example_python_operator' retrieved from /home/airflow/.local/lib/python3.12/site-packages/airflow/example_dags/example_python_operator.py
[2026-08-12T04:32:52.137+0000] {logging_mixin.py:190} INFO - [2026-08-12T04:32:52.137+0000] {dag.py:3211} INFO - Sync 1 DAGs
[2026-08-12T04:32:52.154+0000] {logging_mixin.py:190} INFO - [2026-08-12T04:32:52.153+0000] {dag.py:4138} INFO - Setting next_dagrun for example_python_operator to None, run_after=None
[2026-08-12T04:32:52.197+0000] {processor.py:208} INFO - Processing /home/airflow/.local/lib/python3.12/site-packages/airflow/example_dags/example_python_operator.py took 0.281 seconds
[2026-08-12T04:33:23.067+0000] {processor.py:186} INFO - Started process (PID=116) to work on /home/airflow/.local/lib/python3.12/site-packages/airflow/example_dags/example_python_operator.py
[2026-08-12T04:33:23.069+0000] {processor.py:914} INFO - Processing file /home/airflow/.local/lib/python3.12/site-packages/airflow/example_dags/example_python_operator.py for tasks to queue
[2026-08-12T04:33:23.072+0000] {logging_mixin.py:190} INFO - [2026-08-12T04:33:23.072+0000] {dagbag.py:587} INFO - Filling up the DagBag from /home/airflow/.local/lib/python3.12/site-packages/airflow/example_dags/example_python_operator.py
[2026-08-12T04:33:23.085+0000] {processor.py:925} INFO - DAG(s) 'example_python_operator' retrieved from /home/airflow/.local/lib/python3.12/site-packages/airflow/example_dags/example_python_operator.py
[2026-08-12T04:33:23.107+0000] {logging_mixin.py:190} INFO - [2026-08-12T04:33:23.107+0000] {dag.py:3211} INFO - Sync 1 DAGs
[2026-08-12T04:33:23.120+0000] {logging_mixin.py:190} INFO - [2026-08-12T04:33:23.120+0000] {dag.py:4138} INFO - Setting next_dagrun for example_python_operator to None, run_after=None
[2026-08-12T04:33:23.140+0000] {processor.py:208} INFO - Processing /home/airflow/.local/lib/python3.12/site-packages/airflow/example_dags/example_python_operator.py took 0.081 seconds
[2026-08-12T04:33:53.914+0000] {processor.py:186} INFO - Started process (PID=178) to work on /home/airflow/.local/lib/python3.12/site-packages/airflow/example_dags/example_python_operator.py
[2026-08-12T04:33:53.916+0000] {processor.py:914} INFO - Processing file /home/airflow/.local/lib/python3.12/site-packages/airflow/example_dags/example_python_operator.py for tasks to queue
[2026-08-12T04:33:53.919+0000] {logging_mixin.py:190} INFO - [2026-08-12T04:33:53.919+0000] {dagbag.py:587} INFO - Filling up the DagBag from /home/airflow/.local/lib/python3.12/site-packages/airflow/example_dags/example_python_operator.py
[2026-08-12T04:33:53.933+0000] {processor.py:925} INFO - DAG(s) 'example_python_operator' retrieved from /home/airflow/.local/lib/python3.12/site-packages/airflow/example_dags/example_python_operator.py
[2026-08-12T04:33:53.954+0000] {logging_mixin.py:190} INFO - [2026-08-12T04:33:53.954+0000] {dag.py:3211} INFO - Sync 1 DAGs
[2026-08-12T04:33:53.971+0000] {logging_mixin.py:190} INFO - [2026-08-12T04:33:53.970+0000] {dag.py:4138} INFO - Setting next_dagrun for example_python_operator to None, run_after=None
[2026-08-12T04:33:53.994+0000] {processor.py:208} INFO - Processing /home/airflow/.local/lib/python3.12/site-packages/airflow/example_dags/example_python_operator.py took 0.088 seconds
[2026-08-12T04:34:24.319+0000] {processor.py:186} INFO - Started process (PID=246) to work on /home/airflow/.local/lib/python3.12/site-packages/airflow/example_dags/example_python_operator.py
[2026-08-12T04:34:24.321+0000] {processor.py:914} INFO - Processing file /home/airflow/.local/lib/python3.12/site-packages/airflow/example_dags/example_python_operator.py for tasks to queue
[2026-08-12T04:34:24.324+0000] {logging_mixin.py:190} INFO - [2026-08-12T04:34:24.323+0000] {dagbag.py:587} INFO - Filling up the DagBag from /home/airflow/.local/lib/python3.12/site-packages/airflow/example_dags/example_python_operator.py
[2026-08-12T04:34:24.336+0000] {processor.py:925} INFO - DAG(s) 'example_python_operator' retrieved from /home/airflow/.local/lib/python3.12/site-packages/airflow/example_dags/example_python_operator.py
[2026-08-12T04:34:24.363+0000] {logging_mixin.py:190} INFO - [2026-08-12T04:34:24.363+0000] {dag.py:3211} INFO - Sync 1 DAGs
[2026-08-12T04:34:24.377+0000] {logging_mixin.py:190} INFO - [2026-08-12T04:34:24.377+0000] {dag.py:4138} INFO - Setting next_dagrun for example_python_operator to None, run_after=None
[2026-08-12T04:34:24.401+0000] {processor.py:208} INFO - Processing /home/airflow/.local/lib/python3.12/site-packages/airflow/example_dags/example_python_operator.py took 0.088 seconds
[2026-08-12T04:34:55.004+0000] {processor.py:186} INFO - Started process (PID=308) to work on /home/airflow/.local/lib/python3.12/site-packages/airflow/example_dags/example_python_operator.py
[2026-08-12T04:34:55.006+0000] {processor.py:914} INFO - Processing file /home/airflow/.local/lib/python3.12/site-packages/airflow/example_dags/example_python_operator.py for tasks to queue
[2026-08-12T04:34:55.011+0000] {logging_mixin.py:190} INFO - [2026-08-12T04:34:55.010+0000] {dagbag.py:587} INFO - Filling up the DagBag from /home/airflow/.local/lib/python3.12/site-packages/airflow/example_dags/example_python_operator.py
[2026-08-12T04:34:55.025+0000] {processor.py:925} INFO - DAG(s) 'example_python_operator' retrieved from /home/airflow/.local/lib/python3.12/site-packages/airflow/example_dags/example_python_operator.py
[2026-08-12T04:34:55.066+0000] {logging_mixin.py:190} INFO - [2026-08-12T04:34:55.066+0000] {dag.py:3211} INFO - Sync 1 DAGs
[2026-08-12T04:34:55.087+0000] {logging_mixin.py:190} INFO - [2026-08-12T04:34:55.087+0000] {dag.py:4138} INFO - Setting next_dagrun for example_python_operator to None, run_after=None
[2026-08-12T04:34:55.116+0000] {processor.py:208} INFO - Processing /home/airflow/.local/lib/python3.12/site-packages/airflow/example_dags/example_python_operator.py took 0.121 seconds
[2026-08-12T04:35:25.441+0000] {processor.py:186} INFO - Started process (PID=370) to work on /home/airflow/.local/lib/python3.12/site-packages/airflow/example_dags/example_python_operator.py
[2026-08-12T04:35:25.443+0000] {processor.py:914} INFO - Processing file /home/airflow/.local/lib/python3.12/site-packages/airflow/example_dags/example_python_operator.py for tasks to queue
[2026-08-12T04:35:25.448+0000] {logging_mixin.py:190} INFO - [2026-08-12T04:35:25.447+0000] {dagbag.py:587} INFO - Filling up the DagBag from /home/airflow/.local/lib/python3.12/site-packages/airflow/example_dags/example_python_operator.py
[2026-08-12T04:35:25.463+0000] {processor.py:925} INFO - DAG(s) 'example_python_operator' retrieved from /home/airflow/.local/lib/python3.12/site-packages/airflow/example_dags/example_python_operator.py
[2026-08-12T04:35:25.488+0000] {logging_mixin.py:190} INFO - [2026-08-12T04:35:25.487+0000] {dag.py:3211} INFO - Sync 1 DAGs
[2026-08-12T04:35:25.502+0000] {logging_mixin.py:190} INFO - [2026-08-12T04:35:25.502+0000] {dag.py:4138} INFO - Setting next_dagrun for example_python_operator to None, run_after=None
[2026-08-12T04:35:25.537+0000] {processor.py:208} INFO - Processing /home/airflow/.local/lib/python3.12/site-packages/airflow/example_dags/example_python_operator.py took 0.105 seconds
[2026-08-12T04:35:55.741+0000] {processor.py:186} INFO - Started process (PID=432) to work on /home/airflow/.local/lib/python3.12/site-packages/airflow/example_dags/example_python_operator.py
[2026-08-12T04:35:55.743+0000] {processor.py:914} INFO - Processing file /home/airflow/.local/lib/python3.12/site-packages/airflow/example_dags/example_python_operator.py for tasks to queue
[2026-08-12T04:35:55.746+0000] {logging_mixin.py:190} INFO - [2026-08-12T04:35:55.746+0000] {dagbag.py:587} INFO - Filling up the DagBag from /home/airflow/.local/lib/python3.12/site-packages/airflow/example_dags/example_python_operator.py
[2026-08-12T04:35:55.760+0000] {processor.py:925} INFO - DAG(s) 'example_python_operator' retrieved from /home/airflow/.local/lib/python3.12/site-packages/airflow/example_dags/example_python_operator.py
[2026-08-12T04:35:55.782+0000] {logging_mixin.py:190} INFO - [2026-08-12T04:35:55.782+0000] {dag.py:3211} INFO - Sync 1 DAGs
[2026-08-12T04:35:55.798+0000] {logging_mixin.py:190} INFO - [2026-08-12T04:35:55.797+0000] {dag.py:4138} INFO - Setting next_dagrun for example_python_operator to None, run_after=None
[2026-08-12T04:35:55.819+0000] {processor.py:208} INFO - Processing /home/airflow/.local/lib/python3.12/site-packages/airflow/example_dags/example_python_operator.py took 0.085 seconds
[2026-08-12T04:36:26.633+0000] {processor.py:186} INFO - Started process (PID=494) to work on /home/airflow/.local/lib/python3.12/site-packages/airflow/example_dags/example_python_operator.py
[2026-08-12T04:36:26.635+0000] {processor.py:914} INFO - Processing file /home/airflow/.local/lib/python3.12/site-packages/airflow/example_dags/example_python_operator.py for tasks to queue
[2026-08-12T04:36:26.638+0000] {logging_mixin.py:190} INFO - [2026-08-12T04:36:26.638+0000] {dagbag.py:587} INFO - Filling up the DagBag from /home/airflow/.local/lib/python3.12/site-packages/airflow/example_dags/example_python_operator.py
[2026-08-12T04:36:26.651+0000] {processor.py:925} INFO - DAG(s) 'example_python_operator' retrieved from /home/airflow/.local/lib/python3.12/site-packages/airflow/example_dags/example_python_operator.py
[2026-08-12T04:36:26.672+0000] {logging_mixin.py:190} INFO - [2026-08-12T04:36:26.671+0000] {dag.py:3211} INFO - Sync 1 DAGs
[2026-08-12T04:36:26.685+0000] {logging_mixin.py:190} INFO - [2026-08-12T04:36:26.685+0000] {dag.py:4138} INFO - Setting next_dagrun for example_python_operator to None, run_after=None
[2026-08-12T04:36:26.722+0000] {processor.py:208} INFO - Processing /home/airflow/.local/lib/python3.12/site-packages/airflow/example_dags/example_python_operator.py took 0.096 seconds
[2026-08-12T04:36:57.086+0000] {processor.py:186} INFO - Started process (PID=556) to work on /home/airflow/.local/lib/python3.12/site-packages/airflow/example_dags/example_python_operator.py
[2026-08-12T04:36:57.088+0000] {processor.py:914} INFO - Processing file /home/airflow/.local/lib/python3.12/site-packages/airflow/example_dags/example_python_operator.py for tasks to queue
[2026-08-12T04:36:57.092+0000] {logging_mixin.py:190} INFO - [2026-08-12T04:36:57.092+0000] {dagbag.py:587} INFO - Filling up the DagBag from /home/airflow/.local/lib/python3.12/site-packages/airflow/example_dags/example_python_operator.py
[2026-08-12T04:36:57.110+0000] {processor.py:925} INFO - DAG(s) 'example_python_operator' retrieved from /home/airflow/.local/lib/python3.12/site-packages/airflow/example_dags/example_python_operator.py
[2026-08-12T04:36:57.137+0000] {logging_mixin.py:190} INFO - [2026-08-12T04:36:57.137+0000] {dag.py:3211} INFO - Sync 1 DAGs
[2026-08-12T04:36:57.153+0000] {logging_mixin.py:190} INFO - [2026-08-12T04:36:57.153+0000] {dag.py:4138} INFO - Setting next_dagrun for example_python_operator to None, run_after=None
[2026-08-12T04:36:57.177+0000] {processor.py:208} INFO - Processing /home/airflow/.local/lib/python3.12/site-packages/airflow/example_dags/example_python_operator.py took 0.101 seconds
[2026-08-12T04:37:27.901+0000] {processor.py:186} INFO - Started process (PID=618) to work on /home/airflow/.local/lib/python3.12/site-packages/airflow/example_dags/example_python_operator.py
[2026-08-12T04:37:27.903+0000] {processor.py:914} INFO - Processing file /home/airflow/.local/lib/python3.12/site-packages/airflow/example_dags/example_python_operator.py for tasks to queue
[2026-08-12T04:37:27.906+0000] {logging_mixin.py:190} INFO - [2026-08-12T04:37:27.906+0000] {dagbag.py:587} INFO - Filling up the DagBag from /home/airflow/.local/lib/python3.12/site-packages/airflow/example_dags/example_python_operator.py
[2026-08-12T04:37:27.917+0000] {processor.py:925} INFO - DAG(s) 'example_python_operator' retrieved from /home/airflow/.local/lib/python3.12/site-packages/airflow/example_dags/example_python_operator.py
[2026-08-12T04:37:27.937+0000] {logging_mixin.py:190} INFO - [2026-08-12T04:37:27.936+0000] {dag.py:3211} INFO - Sync 1 DAGs
[2026-08-12T04:37:27.950+0000] {logging_mixin.py:190} INFO - [2026-08-12T04:37:27.949+0000] {dag.py:4138} INFO - Setting next_dagrun for example_python_operator to None, run_after=None
[2026-08-12T04:37:27.985+0000] {processor.py:208} INFO - Processing /home/airflow/.local/lib/python3.12/site-packages/airflow/example_dags/example_python_operator.py took 0.089 seconds
[2026-08-12T04:37:58.522+0000] {processor.py:186} INFO - Started process (PID=680) to work on /home/airflow/.local/lib/python3.12/site-packages/airflow/example_dags/example_python_operator.py
[2026-08-12T04:37:58.524+0000] {processor.py:914} INFO - Processing file /home/airflow/.local/lib/python3.12/site-packages/airflow/example_dags/example_python_operator.py for tasks to queue
[2026-08-12T04:37:58.527+0000] {logging_mixin.py:190} INFO - [2026-08-12T04:37:58.527+0000] {dagbag.py:587} INFO - Filling up the DagBag from /home/airflow/.local/lib/python3.12/site-packages/airflow/example_dags/example_python_operator.py
[2026-08-12T04:37:58.541+0000] {processor.py:925} INFO - DAG(s) 'example_python_operator' retrieved from /home/airflow/.local/lib/python3.12/site-packages/airflow/example_dags/example_python_operator.py
[2026-08-12T04:37:58.566+0000] {logging_mixin.py:190} INFO - [2026-08-12T04:37:58.566+0000] {dag.py:3211} INFO - Sync 1 DAGs
[2026-08-12T04:37:58.583+0000] {logging_mixin.py:190} INFO - [2026-08-12T04:37:58.582+0000] {dag.py:4138} INFO - Setting next_dagrun for example_python_operator to None, run_after=None
[2026-08-12T04:37:58.622+0000] {processor.py:208} INFO - Processing /home/airflow/.local/lib/python3.12/site-packages/airflow/example_dags/example_python_operator.py took 0.107 seconds
[2026-08-12T04:38:29.275+0000] {processor.py:186} INFO - Started process (PID=742) to work on /home/airflow/.local/lib/python3.12/site-packages/airflow/example_dags/example_python_operator.py
[2026-08-12T04:38:29.277+0000] {processor.py:914} INFO - Processing file /home/airflow/.local/lib/python3.12/site-packages/airflow/example_dags/example_python_operator.py for tasks to queue
[2026-08-12T04:38:29.281+0000] {logging_mixin.py:190} INFO - [2026-08-12T04:38:29.280+0000] {dagbag.py:587} INFO - Filling up the DagBag from /home/airflow/.local/lib/python3.12/site-packages/airflow/example_dags/example_python_operator.py
[2026-08-12T04:38:29.308+0000] {processor.py:925} INFO - DAG(s) 'example_python_operator' retrieved from /home/airflow/.local/lib/python3.12/site-packages/airflow/example_dags/example_python_operator.py
[2026-08-12T04:38:29.346+0000] {logging_mixin.py:190} INFO - [2026-08-12T04:38:29.345+0000] {dag.py:3211} INFO - Sync 1 DAGs
[2026-08-12T04:38:29.363+0000] {logging_mixin.py:190} INFO - [2026-08-12T04:38:29.362+0000] {dag.py:4138} INFO - Setting next_dagrun for example_python_operator to None, run_after=None
[2026-08-12T04:38:29.387+0000] {processor.py:208} INFO - Processing /home/airflow/.local/lib/python3.12/site-packages/airflow/example_dags/example_python_operator.py took 0.119 seconds
[2026-08-12T04:38:59.731+0000] {processor.py:186} INFO - Started process (PID=804) to work on /home/airflow/.local/lib/python3.12/site-packages/airflow/example_dags/example_python_operator.py
[2026-08-12T04:38:59.734+0000] {processor.py:914} INFO - Processing file /home/airflow/.local/lib/python3.12/site-packages/airflow/example_dags/example_python_operator.py for tasks to queue
[2026-08-12T04:38:59.739+0000] {logging_mixin.py:190} INFO - [2026-08-12T04:38:59.738+0000] {dagbag.py:587} INFO - Filling up the DagBag from /home/airflow/.local/lib/python3.12/site-packages/airflow/example_dags/example_python_operator.py
[2026-08-12T04:38:59.757+0000] {processor.py:925} INFO - DAG(s) 'example_python_operator' retrieved from /home/airflow/.local/lib/python3.12/site-packages/airflow/example_dags/example_python_operator.py
[2026-08-12T04:38:59.791+0000] {logging_mixin.py:190} INFO - [2026-08-12T04:38:59.790+0000] {dag.py:3211} INFO - Sync 1 DAGs
[2026-08-12T04:38:59.807+0000] {logging_mixin.py:190} INFO - [2026-08-12T04:38:59.806+0000] {dag.py:4138} INFO - Setting next_dagrun for example_python_operator to None, run_after=None
[2026-08-12T04:38:59.839+0000] {processor.py:208} INFO - Processing /home/airflow/.local/lib/python3.12/site-packages/airflow/example_dags/example_python_operator.py took 0.116 seconds
[2026-08-12T04:39:30.019+0000] {processor.py:186} INFO - Started process (PID=866) to work on /home/airflow/.local/lib/python3.12/site-packages/airflow/example_dags/example_python_operator.py
[2026-08-12T04:39:30.021+0000] {processor.py:914} INFO - Processing file /home/airflow/.local/lib/python3.12/site-packages/airflow/example_dags/example_python_operator.py for tasks to queue
[2026-08-12T04:39:30.024+0000] {logging_mixin.py:190} INFO - [2026-08-12T04:39:30.024+0000] {dagbag.py:587} INFO - Filling up the DagBag from /home/airflow/.local/lib/python3.12/site-packages/airflow/example_dags/example_python_operator.py
[2026-08-12T04:39:30.037+0000] {processor.py:925} INFO - DAG(s) 'example_python_operator' retrieved from /home/airflow/.local/lib/python3.12/site-packages/airflow/example_dags/example_python_operator.py
[2026-08-12T04:39:30.066+0000] {logging_mixin.py:190} INFO - [2026-08-12T04:39:30.066+0000] {dag.py:3211} INFO - Sync 1 DAGs
[2026-08-12T04:39:30.080+0000] {logging_mixin.py:190} INFO - [2026-08-12T04:39:30.079+0000] {dag.py:4138} INFO - Setting next_dagrun for example_python_operator to None, run_after=None
[2026-08-12T04:39:30.130+0000] {processor.py:208} INFO - Processing /home/airflow/.local/lib/python3.12/site-packages/airflow/example_dags/example_python_operator.py took 0.117 seconds
[2026-08-12T04:40:00.393+0000] {processor.py:186} INFO - Started process (PID=928) to work on /home/airflow/.local/lib/python3.12/site-packages/airflow/example_dags/example_python_operator.py
[2026-08-12T04:40:00.395+0000] {processor.py:914} INFO - Processing file /home/airflow/.local/lib/python3.12/site-packages/airflow/example_dags/example_python_operator.py for tasks to queue
[2026-08-12T04:40:00.399+0000] {logging_mixin.py:190} INFO - [2026-08-12T04:40:00.399+0000] {dagbag.py:587} INFO - Filling up the DagBag from /home/airflow/.local/lib/python3.12/site-packages/airflow/example_dags/example_python_operator.py
[2026-08-12T04:40:00.412+0000] {processor.py:925} INFO - DAG(s) 'example_python_operator' retrieved from /home/airflow/.local/lib/python3.12/site-packages/airflow/example_dags/example_python_operator.py
[2026-08-12T04:40:00.437+0000] {logging_mixin.py:190} INFO - [2026-08-12T04:40:00.437+0000] {dag.py:3211} INFO - Sync 1 DAGs
[2026-08-12T04:40:00.452+0000] {logging_mixin.py:190} INFO - [2026-08-12T04:40:00.452+0000] {dag.py:4138} INFO - Setting next_dagrun for example_python_operator to None, run_after=None
[2026-08-12T04:40:00.473+0000] {processor.py:208} INFO - Processing /home/airflow/.local/lib/python3.12/site-packages/airflow/example_dags/example_python_operator.py took 0.087 seconds
[2026-08-12T04:40:31.020+0000] {processor.py:186} INFO - Started process (PID=990) to work on /home/airflow/.local/lib/python3.12/site-packages/airflow/example_dags/example_python_operator.py
[2026-08-12T04:40:31.022+0000] {processor.py:914} INFO - Processing file /home/airflow/.local/lib/python3.12/site-packages/airflow/example_dags/example_python_operator.py for tasks to queue
[2026-08-12T04:40:31.025+0000] {logging_mixin.py:190} INFO - [2026-08-12T04:40:31.024+0000] {dagbag.py:587} INFO - Filling up the DagBag from /home/airflow/.local/lib/python3.12/site-packages/airflow/example_dags/example_python_operator.py
[2026-08-12T04:40:31.039+0000] {processor.py:925} INFO - DAG(s) 'example_python_operator' retrieved from /home/airflow/.local/lib/python3.12/site-packages/airflow/example_dags/example_python_operator.py
[2026-08-12T04:40:31.060+0000] {logging_mixin.py:190} INFO - [2026-08-12T04:40:31.060+0000] {dag.py:3211} INFO - Sync 1 DAGs
[2026-08-12T04:40:31.073+0000] {logging_mixin.py:190} INFO - [2026-08-12T04:40:31.073+0000] {dag.py:4138} INFO - Setting next_dagrun for example_python_operator to None, run_after=None
[2026-08-12T04:40:31.098+0000] {processor.py:208} INFO - Processing /home/airflow/.local/lib/python3.12/site-packages/airflow/example_dags/example_python_operator.py took 0.083 seconds
[2026-08-12T04:41:01.685+0000] {processor.py:186} INFO - Started process (PID=1052) to work on /home/airflow/.local/lib/python3.12/site-packages/airflow/example_dags/example_python_operator.py
[2026-08-12T04:41:01.687+0000] {processor.py:914} INFO - Processing file /home/airflow/.local/lib/python3.12/site-packages/airflow/example_dags/example_python_operator.py for tasks to queue
[2026-08-12T04:41:01.690+0000] {logging_mixin.py:190} INFO - [2026-08-12T04:41:01.690+0000] {dagbag.py:587} INFO - Filling up the DagBag from /home/airflow/.local/lib/python3.12/site-packages/airflow/example_dags/example_python_operator.py
[2026-08-12T04:41:01.701+0000] {processor.py:925} INFO - DAG(s) 'example_python_operator' retrieved from /home/airflow/.local/lib/python3.12/site-packages/airflow/example_dags/example_python_operator.py
[2026-08-12T04:41:01.724+0000] {logging_mixin.py:190} INFO - [2026-08-12T04:41:01.723+0000] {dag.py:3211} INFO - Sync 1 DAGs
[2026-08-12T04:41:01.737+0000] {logging_mixin.py:190} INFO - [2026-08-12T04:41:01.737+0000] {dag.py:4138} INFO - Setting next_dagrun for example_python_operator to None, run_after=None
[2026-08-12T04:41:01.776+0000] {processor.py:208} INFO - Processing /home/airflow/.local/lib/python3.12/site-packages/airflow/example_dags/example_python_operator.py took 0.095 seconds
[2026-08-12T04:41:32.265+0000] {processor.py:186} INFO - Started process (PID=1114) to work on /home/airflow/.local/lib/python3.12/site-packages/airflow/example_dags/example_python_operator.py
[2026-08-12T04:41:32.267+0000] {processor.py:914} INFO - Processing file /home/airflow/.local/lib/python3.12/site-packages/airflow/example_dags/example_python_operator.py for tasks to queue
[2026-08-12T04:41:32.270+0000] {logging_mixin.py:190} INFO - [2026-08-12T04:41:32.270+0000] {dagbag.py:587} INFO - Filling up the DagBag from /home/airflow/.local/lib/python3.12/site-packages/airflow/example_dags/example_python_operator.py
[2026-08-12T04:41:32.284+0000] {processor.py:925} INFO - DAG(s) 'example_python_operator' retrieved from /home/airflow/.local/lib/python3.12/site-packages/airflow/example_dags/example_python_operator.py
[2026-08-12T04:41:32.308+0000] {logging_mixin.py:190} INFO - [2026-08-12T04:41:32.308+0000] {dag.py:3211} INFO - Sync 1 DAGs
[2026-08-12T04:41:32.323+0000] {logging_mixin.py:190} INFO - [2026-08-12T04:41:32.322+0000] {dag.py:4138} INFO - Setting next_dagrun for example_python_operator to None, run_after=None
[2026-08-12T04:41:32.346+0000] {processor.py:208} INFO - Processing /home/airflow/.local/lib/python3.12/site-packages/airflow/example_dags/example_python_operator.py took 0.087 seconds
[2026-08-12T04:42:02.824+0000] {processor.py:186} INFO - Started process (PID=1176) to work on /home/airflow/.local/lib/python3.12/site-packages/airflow/example_dags/example_python_operator.py
[2026-08-12T04:42:02.826+0000] {processor.py:914} INFO - Processing file /home/airflow/.local/lib/python3.12/site-packages/airflow/example_dags/example_python_operator.py for tasks to queue
[2026-08-12T04:42:02.829+0000] {logging_mixin.py:190} INFO - [2026-08-12T04:42:02.829+0000] {dagbag.py:587} INFO - Filling up the DagBag from /home/airflow/.local/lib/python3.12/site-packages/airflow/example_dags/example_python_operator.py
[2026-08-12T04:42:02.841+0000] {processor.py:925} INFO - DAG(s) 'example_python_operator' retrieved from /home/airflow/.local/lib/python3.12/site-packages/airflow/example_dags/example_python_operator.py
[2026-08-12T04:42:02.863+0000] {logging_mixin.py:190} INFO - [2026-08-12T04:42:02.863+0000] {dag.py:3211} INFO - Sync 1 DAGs
[2026-08-12T04:42:02.876+0000] {logging_mixin.py:190} INFO - [2026-08-12T04:42:02.876+0000] {dag.py:4138} INFO - Setting next_dagrun for example_python_operator to None, run_after=None
[2026-08-12T04:42:02.915+0000] {processor.py:208} INFO - Processing /home/airflow/.local/lib/python3.12/site-packages/airflow/example_dags/example_python_operator.py took 0.096 seconds
[2026-08-12T04:42:33.690+0000] {processor.py:186} INFO - Started process (PID=1238) to work on /home/airflow/.local/lib/python3.12/site-packages/airflow/example_dags/example_python_operator.py
[2026-08-12T04:42:33.692+0000] {processor.py:914} INFO - Processing file /home/airflow/.local/lib/python3.12/site-packages/airflow/example_dags/example_python_operator.py for tasks to queue
[2026-08-12T04:42:33.698+0000] {logging_mixin.py:190} INFO - [2026-08-12T04:42:33.697+0000] {dagbag.py:587} INFO - Filling up the DagBag from /home/airflow/.local/lib/python3.12/site-packages/airflow/example_dags/example_python_operator.py
[2026-08-12T04:42:33.717+0000] {processor.py:925} INFO - DAG(s) 'example_python_operator' retrieved from /home/airflow/.local/lib/python3.12/site-packages/airflow/example_dags/example_python_operator.py
[2026-08-12T04:42:33.756+0000] {logging_mixin.py:190} INFO - [2026-08-12T04:42:33.756+0000] {dag.py:3211} INFO - Sync 1 DAGs
[2026-08-12T04:42:33.775+0000] {logging_mixin.py:190} INFO - [2026-08-12T04:42:33.774+0000] {dag.py:4138} INFO - Setting next_dagrun for example_python_operator to None, run_after=None
[2026-08-12T04:42:33.796+0000] {processor.py:208} INFO - Processing /home/airflow/.local/lib/python3.12/site-packages/airflow/example_dags/example_python_operator.py took 0.115 seconds
[2026-08-12T04:43:04.275+0000] {processor.py:186} INFO - Started process (PID=1300) to work on /home/airflow/.local/lib/python3.12/site-packages/airflow/example_dags/example_python_operator.py
[2026-08-12T04:43:04.277+0000] {processor.py:914} INFO - Processing file /home/airflow/.local/lib/python3.12/site-packages/airflow/example_dags/example_python_operator.py for tasks to queue
[2026-08-12T04:43:04.280+0000] {logging_mixin.py:190} INFO - [2026-08-12T04:43:04.280+0000] {dagbag.py:587} INFO - Filling up the DagBag from /home/airflow/.local/lib/python3.12/site-packages/airflow/example_dags/example_python_operator.py
[2026-08-12T04:43:04.296+0000] {processor.py:925} INFO - DAG(s) 'example_python_operator' retrieved from /home/airflow/.local/lib/python3.12/site-packages/airflow/example_dags/example_python_operator.py
[2026-08-12T04:43:04.324+0000] {logging_mixin.py:190} INFO - [2026-08-12T04:43:04.324+0000] {dag.py:3211} INFO - Sync 1 DAGs
[2026-08-12T04:43:04.342+0000] {logging_mixin.py:190} INFO - [2026-08-12T04:43:04.342+0000] {dag.py:4138} INFO - Setting next_dagrun for example_python_operator to None, run_after=None
[2026-08-12T04:43:04.368+0000] {processor.py:208} INFO - Processing /home/airflow/.local/lib/python3.12/site-packages/airflow/example_dags/example_python_operator.py took 0.099 seconds
[2026-08-12T04:43:34.922+0000] {processor.py:186} INFO - Started process (PID=1362) to work on /home/airflow/.local/lib/python3.12/site-packages/airflow/example_dags/example_python_operator.py
[2026-08-12T04:43:34.924+0000] {processor.py:914} INFO - Processing file /home/airflow/.local/lib/python3.12/site-packages/airflow/example_dags/example_python_operator.py for tasks to queue
[2026-08-12T04:43:34.927+0000] {logging_mixin.py:190} INFO - [2026-08-12T04:43:34.927+0000] {dagbag.py:587} INFO - Filling up the DagBag from /home/airflow/.local/lib/python3.12/site-packages/airflow/example_dags/example_python_operator.py
[2026-08-12T04:43:34.940+0000] {processor.py:925} INFO - DAG(s) 'example_python_operator' retrieved from /home/airflow/.local/lib/python3.12/site-packages/airflow/example_dags/example_python_operator.py
[2026-08-12T04:43:34.969+0000] {logging_mixin.py:190} INFO - [2026-08-12T04:43:34.969+0000] {dag.py:3211} INFO - Sync 1 DAGs
[2026-08-12T04:43:34.986+0000] {logging_mixin.py:190} INFO - [2026-08-12T04:43:34.986+0000] {dag.py:4138} INFO - Setting next_dagrun for example_python_operator to None, run_after=None
[2026-08-12T04:43:35.031+0000] {processor.py:208} INFO - Processing /home/airflow/.local/lib/python3.12/site-packages/airflow/example_dags/example_python_operator.py took 0.115 seconds
[2026-08-12T04:44:05.174+0000] {processor.py:186} INFO - Started process (PID=1424) to work on /home/airflow/.local/lib/python3.12/site-packages/airflow/example_dags/example_python_operator.py
[2026-08-12T04:44:05.176+0000] {processor.py:914} INFO - Processing file /home/airflow/.local/lib/python3.12/site-packages/airflow/example_dags/example_python_operator.py for tasks to queue
[2026-08-12T04:44:05.180+0000] {logging_mixin.py:190} INFO - [2026-08-12T04:44:05.180+0000] {dagbag.py:587} INFO - Filling up the DagBag from /home/airflow/.local/lib/python3.12/site-packages/airflow/example_dags/example_python_operator.py
[2026-08-12T04:44:05.198+0000] {processor.py:925} INFO - DAG(s) 'example_python_operator' retrieved from /home/airflow/.local/lib/python3.12/site-packages/airflow/example_dags/example_python_operator.py
[2026-08-12T04:44:05.236+0000] {logging_mixin.py:190} INFO - [2026-08-12T04:44:05.235+0000] {dag.py:3211} INFO - Sync 1 DAGs
[2026-08-12T04:44:05.252+0000] {logging_mixin.py:190} INFO - [2026-08-12T04:44:05.251+0000] {dag.py:4138} INFO - Setting next_dagrun for example_python_operator to None, run_after=None
[2026-08-12T04:44:05.273+0000] {processor.py:208} INFO - Processing /home/airflow/.local/lib/python3.12/site-packages/airflow/example_dags/example_python_operator.py took 0.107 seconds
[2026-08-12T04:44:35.832+0000] {processor.py:186} INFO - Started process (PID=1486) to work on /home/airflow/.local/lib/python3.12/site-packages/airflow/example_dags/example_python_operator.py
[2026-08-12T04:44:35.834+0000] {processor.py:914} INFO - Processing file /home/airflow/.local/lib/python3.12/site-packages/airflow/example_dags/example_python_operator.py for tasks to queue
[2026-08-12T04:44:35.837+0000] {logging_mixin.py:190} INFO - [2026-08-12T04:44:35.837+0000] {dagbag.py:587} INFO - Filling up the DagBag from /home/airflow/.local/lib/python3.12/site-packages/airflow/example_dags/example_python_operator.py
[2026-08-12T04:44:35.853+0000] {processor.py:925} INFO - DAG(s) 'example_python_operator' retrieved from /home/airflow/.local/lib/python3.12/site-packages/airflow/example_dags/example_python_operator.py
[2026-08-12T04:44:35.878+0000] {logging_mixin.py:190} INFO - [2026-08-12T04:44:35.878+0000] {dag.py:3211} INFO - Sync 1 DAGs
[2026-08-12T04:44:35.891+0000] {logging_mixin.py:190} INFO - [2026-08-12T04:44:35.891+0000] {dag.py:4138} INFO - Setting next_dagrun for example_python_operator to None, run_after=None
[2026-08-12T04:44:35.923+0000] {processor.py:208} INFO - Processing /home/airflow/.local/lib/python3.12/site-packages/airflow/example_dags/example_python_operator.py took 0.099 seconds
[2026-08-12T04:45:06.321+0000] {processor.py:186} INFO - Started process (PID=1548) to work on /home/airflow/.local/lib/python3.12/site-packages/airflow/example_dags/example_python_operator.py
[2026-08-12T04:45:06.323+0000] {processor.py:914} INFO - Processing file /home/airflow/.local/lib/python3.12/site-packages/airflow/example_dags/example_python_operator.py for tasks to queue
[2026-08-12T04:45:06.326+0000] {logging_mixin.py:190} INFO - [2026-08-12T04:45:06.326+0000] {dagbag.py:587} INFO - Filling up the DagBag from /home/airflow/.local/lib/python3.12/site-packages/airflow/example_dags/example_python_operator.py
[2026-08-12T04:45:06.338+0000] {processor.py:925} INFO - DAG(s) 'example_python_operator' retrieved from /home/airflow/.local/lib/python3.12/site-packages/airflow/example_dags/example_python_operator.py
[2026-08-12T04:45:06.359+0000] {logging_mixin.py:190} INFO - [2026-08-12T04:45:06.359+0000] {dag.py:3211} INFO - Sync 1 DAGs
[2026-08-12T04:45:06.371+0000] {logging_mixin.py:190} INFO - [2026-08-12T04:45:06.371+0000] {dag.py:4138} INFO - Setting next_dagrun for example_python_operator to None, run_after=None
[2026-08-12T04:45:06.406+0000] {processor.py:208} INFO - Processing /home/airflow/.local/lib/python3.12/site-packages/airflow/example_dags/example_python_operator.py took 0.090 seconds
[2026-08-12T04:45:37.233+0000] {processor.py:186} INFO - Started process (PID=1610) to work on /home/airflow/.local/lib/python3.12/site-packages/airflow/example_dags/example_python_operator.py
[2026-08-12T04:45:37.234+0000] {processor.py:914} INFO - Processing file /home/airflow/.local/lib/python3.12/site-packages/airflow/example_dags/example_python_operator.py for tasks to queue
[2026-08-12T04:45:37.237+0000] {logging_mixin.py:190} INFO - [2026-08-12T04:45:37.237+0000] {dagbag.py:587} INFO - Filling up the DagBag from /home/airflow/.local/lib/python3.12/site-packages/airflow/example_dags/example_python_operator.py
[2026-08-12T04:45:37.251+0000] {processor.py:925} INFO - DAG(s) 'example_python_operator' retrieved from /home/airflow/.local/lib/python3.12/site-packages/airflow/example_dags/example_python_operator.py
[2026-08-12T04:45:37.275+0000] {logging_mixin.py:190} INFO - [2026-08-12T04:45:37.275+0000] {dag.py:3211} INFO - Sync 1 DAGs
[2026-08-12T04:45:37.298+0000] {logging_mixin.py:190} INFO - [2026-08-12T04:45:37.294+0000] {dag.py:4138} INFO - Setting next_dagrun for example_python_operator to None, run_after=None
[2026-08-12T04:45:37.336+0000] {processor.py:208} INFO - Processing /home/airflow/.local/lib/python3.12/site-packages/airflow/example_dags/example_python_operator.py took 0.109 seconds
[2026-08-12T04:46:07.621+0000] {processor.py:186} INFO - Started process (PID=1672) to work on /home/airflow/.local/lib/python3.12/site-packages/airflow/example_dags/example_python_operator.py
[2026-08-12T04:46:07.623+0000] {processor.py:914} INFO - Processing file /home/airflow/.local/lib/python3.12/site-packages/airflow/example_dags/example_python_operator.py for tasks to queue
[2026-08-12T04:46:07.626+0000] {logging_mixin.py:190} INFO - [2026-08-12T04:46:07.625+0000] {dagbag.py:587} INFO - Filling up the DagBag from /home/airflow/.local/lib/python3.12/site-packages/airflow/example_dags/example_python_operator.py
[2026-08-12T04:46:07.637+0000] {processor.py:925} INFO - DAG(s) 'example_python_operator' retrieved from /home/airflow/.local/lib/python3.12/site-packages/airflow/example_dags/example_python_operator.py
[2026-08-12T04:46:07.657+0000] {logging_mixin.py:190} INFO - [2026-08-12T04:46:07.657+0000] {dag.py:3211} INFO - Sync 1 DAGs
[2026-08-12T04:46:07.670+0000] {logging_mixin.py:190} INFO - [2026-08-12T04:46:07.669+0000] {dag.py:4138} INFO - Setting next_dagrun for example_python_operator to None, run_after=None
[2026-08-12T04:46:07.708+0000] {processor.py:208} INFO - Processing /home/airflow/.local/lib/python3.12/site-packages/airflow/example_dags/example_python_operator.py took 0.092 seconds
[2026-08-12T04:46:38.106+0000] {processor.py:186} INFO - Started process (PID=1734) to work on /home/airflow/.local/lib/python3.12/site-packages/airflow/example_dags/example_python_operator.py
[2026-08-12T04:46:38.108+0000] {processor.py:914} INFO - Processing file /home/airflow/.local/lib/python3.12/site-packages/airflow/example_dags/example_python_operator.py for tasks to queue
[2026-08-12T04:46:38.111+0000] {logging_mixin.py:190} INFO - [2026-08-12T04:46:38.111+0000] {dagbag.py:587} INFO - Filling up the DagBag from /home/airflow/.local/lib/python3.12/site-packages/airflow/example_dags/example_python_operator.py
[2026-08-12T04:46:38.125+0000] {processor.py:925} INFO - DAG(s) 'example_python_operator' retrieved from /home/airflow/.local/lib/python3.12/site-packages/airflow/example_dags/example_python_operator.py
[2026-08-12T04:46:38.154+0000] {logging_mixin.py:190} INFO - [2026-08-12T04:46:38.153+0000] {dag.py:3211} INFO - Sync 1 DAGs
[2026-08-12T04:46:38.185+0000] {logging_mixin.py:190} INFO - [2026-08-12T04:46:38.185+0000] {dag.py:4138} INFO - Setting next_dagrun for example_python_operator to None, run_after=None
[2026-08-12T04:46:38.222+0000] {processor.py:208} INFO - Processing /home/airflow/.local/lib/python3.12/site-packages/airflow/example_dags/example_python_operator.py took 0.123 seconds
[2026-08-12T04:47:08.625+0000] {processor.py:186} INFO - Started process (PID=1796) to work on /home/airflow/.local/lib/python3.12/site-packages/airflow/example_dags/example_python_operator.py
[2026-08-12T04:47:08.627+0000] {processor.py:914} INFO - Processing file /home/airflow/.local/lib/python3.12/site-packages/airflow/example_dags/example_python_operator.py for tasks to queue
[2026-08-12T04:47:08.631+0000] {logging_mixin.py:190} INFO - [2026-08-12T04:47:08.630+0000] {dagbag.py:587} INFO - Filling up the DagBag from /home/airflow/.local/lib/python3.12/site-packages/airflow/example_dags/example_python_operator.py
[2026-08-12T04:47:08.659+0000] {processor.py:925} INFO - DAG(s) 'example_python_operator' retrieved from /home/airflow/.local/lib/python3.12/site-packages/airflow/example_dags/example_python_operator.py
[2026-08-12T04:47:08.689+0000] {logging_mixin.py:190} INFO - [2026-08-12T04:47:08.689+0000] {dag.py:3211} INFO - Sync 1 DAGs
[2026-08-12T04:47:08.722+0000] {logging_mixin.py:190} INFO - [2026-08-12T04:47:08.721+0000] {dag.py:4138} INFO - Setting next_dagrun for example_python_operator to None, run_after=None
[2026-08-12T04:47:08.759+0000] {processor.py:208} INFO - Processing /home/airflow/.local/lib/python3.12/site-packages/airflow/example_dags/example_python_operator.py took 0.140 seconds
[2026-08-12T04:47:38.979+0000] {processor.py:186} INFO - Started process (PID=1858) to work on /home/airflow/.local/lib/python3.12/site-packages/airflow/example_dags/example_python_operator.py
[2026-08-12T04:47:38.980+0000] {processor.py:914} INFO - Processing file /home/airflow/.local/lib/python3.12/site-packages/airflow/example_dags/example_python_operator.py for tasks to queue
[2026-08-12T04:47:38.985+0000] {logging_mixin.py:190} INFO - [2026-08-12T04:47:38.984+0000] {dagbag.py:587} INFO - Filling up the DagBag from /home/airflow/.local/lib/python3.12/site-packages/airflow/example_dags/example_python_operator.py
[2026-08-12T04:47:39.014+0000] {processor.py:925} INFO - DAG(s) 'example_python_operator' retrieved from /home/airflow/.local/lib/python3.12/site-packages/airflow/example_dags/example_python_operator.py
[2026-08-12T04:47:39.048+0000] {logging_mixin.py:190} INFO - [2026-08-12T04:47:39.048+0000] {dag.py:3211} INFO - Sync 1 DAGs
[2026-08-12T04:47:39.064+0000] {logging_mixin.py:190} INFO - [2026-08-12T04:47:39.064+0000] {dag.py:4138} INFO - Setting next_dagrun for example_python_operator to None, run_after=None
[2026-08-12T04:47:39.085+0000] {processor.py:208} INFO - Processing /home/airflow/.local/lib/python3.12/site-packages/airflow/example_dags/example_python_operator.py took 0.114 seconds
[2026-08-12T04:48:09.635+0000] {processor.py:186} INFO - Started process (PID=1920) to work on /home/airflow/.local/lib/python3.12/site-packages/airflow/example_dags/example_python_operator.py
[2026-08-12T04:48:09.638+0000] {processor.py:914} INFO - Processing file /home/airflow/.local/lib/python3.12/site-packages/airflow/example_dags/example_python_operator.py for tasks to queue
[2026-08-12T04:48:09.643+0000] {logging_mixin.py:190} INFO - [2026-08-12T04:48:09.642+0000] {dagbag.py:587} INFO - Filling up the DagBag from /home/airflow/.local/lib/python3.12/site-packages/airflow/example_dags/example_python_operator.py
[2026-08-12T04:48:09.666+0000] {processor.py:925} INFO - DAG(s) 'example_python_operator' retrieved from /home/airflow/.local/lib/python3.12/site-packages/airflow/example_dags/example_python_operator.py
[2026-08-12T04:48:09.706+0000] {logging_mixin.py:190} INFO - [2026-08-12T04:48:09.705+0000] {dag.py:3211} INFO - Sync 1 DAGs
[2026-08-12T04:48:09.732+0000] {logging_mixin.py:190} INFO - [2026-08-12T04:48:09.731+0000] {dag.py:4138} INFO - Setting next_dagrun for example_python_operator to None, run_after=None
[2026-08-12T04:48:09.781+0000] {processor.py:208} INFO - Processing /home/airflow/.local/lib/python3.12/site-packages/airflow/example_dags/example_python_operator.py took 0.156 seconds
[2026-08-12T04:48:40.232+0000] {processor.py:186} INFO - Started process (PID=1982) to work on /home/airflow/.local/lib/python3.12/site-packages/airflow/example_dags/example_python_operator.py
[2026-08-12T04:48:40.234+0000] {processor.py:914} INFO - Processing file /home/airflow/.local/lib/python3.12/site-packages/airflow/example_dags/example_python_operator.py for tasks to queue
[2026-08-12T04:48:40.238+0000] {logging_mixin.py:190} INFO - [2026-08-12T04:48:40.237+0000] {dagbag.py:587} INFO - Filling up the DagBag from /home/airflow/.local/lib/python3.12/site-packages/airflow/example_dags/example_python_operator.py
[2026-08-12T04:48:40.252+0000] {processor.py:925} INFO - DAG(s) 'example_python_operator' retrieved from /home/airflow/.local/lib/python3.12/site-packages/airflow/example_dags/example_python_operator.py
[2026-08-12T04:48:40.275+0000] {logging_mixin.py:190} INFO - [2026-08-12T04:48:40.275+0000] {dag.py:3211} INFO - Sync 1 DAGs
[2026-08-12T04:48:40.290+0000] {logging_mixin.py:190} INFO - [2026-08-12T04:48:40.289+0000] {dag.py:4138} INFO - Setting next_dagrun for example_python_operator to None, run_after=None
[2026-08-12T04:48:40.326+0000] {processor.py:208} INFO - Processing /home/airflow/.local/lib/python3.12/site-packages/airflow/example_dags/example_python_operator.py took 0.101 seconds
[2026-08-12T04:49:10.743+0000] {processor.py:186} INFO - Started process (PID=2044) to work on /home/airflow/.local/lib/python3.12/site-packages/airflow/example_dags/example_python_operator.py
[2026-08-12T04:49:10.745+0000] {processor.py:914} INFO - Processing file /home/airflow/.local/lib/python3.12/site-packages/airflow/example_dags/example_python_operator.py for tasks to queue
[2026-08-12T04:49:10.750+0000] {logging_mixin.py:190} INFO - [2026-08-12T04:49:10.750+0000] {dagbag.py:587} INFO - Filling up the DagBag from /home/airflow/.local/lib/python3.12/site-packages/airflow/example_dags/example_python_operator.py
[2026-08-12T04:49:10.765+0000] {processor.py:925} INFO - DAG(s) 'example_python_operator' retrieved from /home/airflow/.local/lib/python3.12/site-packages/airflow/example_dags/example_python_operator.py
[2026-08-12T04:49:10.792+0000] {logging_mixin.py:190} INFO - [2026-08-12T04:49:10.792+0000] {dag.py:3211} INFO - Sync 1 DAGs
[2026-08-12T04:49:10.807+0000] {logging_mixin.py:190} INFO - [2026-08-12T04:49:10.807+0000] {dag.py:4138} INFO - Setting next_dagrun for example_python_operator to None, run_after=None
[2026-08-12T04:49:10.844+0000] {processor.py:208} INFO - Processing /home/airflow/.local/lib/python3.12/site-packages/airflow/example_dags/example_python_operator.py took 0.108 seconds
[2026-08-12T04:49:41.095+0000] {processor.py:186} INFO - Started process (PID=2106) to work on /home/airflow/.local/lib/python3.12/site-packages/airflow/example_dags/example_python_operator.py
[2026-08-12T04:49:41.098+0000] {processor.py:914} INFO - Processing file /home/airflow/.local/lib/python3.12/site-packages/airflow/example_dags/example_python_operator.py for tasks to queue
[2026-08-12T04:49:41.103+0000] {logging_mixin.py:190} INFO - [2026-08-12T04:49:41.102+0000] {dagbag.py:587} INFO - Filling up the DagBag from /home/airflow/.local/lib/python3.12/site-packages/airflow/example_dags/example_python_operator.py
[2026-08-12T04:49:41.124+0000] {processor.py:925} INFO - DAG(s) 'example_python_operator' retrieved from /home/airflow/.local/lib/python3.12/site-packages/airflow/example_dags/example_python_operator.py
[2026-08-12T04:49:41.150+0000] {logging_mixin.py:190} INFO - [2026-08-12T04:49:41.149+0000] {dag.py:3211} INFO - Sync 1 DAGs
[2026-08-12T04:49:41.165+0000] {logging_mixin.py:190} INFO - [2026-08-12T04:49:41.165+0000] {dag.py:4138} INFO - Setting next_dagrun for example_python_operator to None, run_after=None
[2026-08-12T04:49:41.200+0000] {processor.py:208} INFO - Processing /home/airflow/.local/lib/python3.12/site-packages/airflow/example_dags/example_python_operator.py took 0.115 seconds
