[2026-08-12T04:30:39.067+0000] {processor.py:186} INFO - Started process (PID=107) to work on /home/airflow/.local/lib/python3.12/site-packages/airflow/example_dags/example_sensors.py
[2026-08-12T04:30:39.069+0000] {processor.py:914} INFO - Processing file /home/airflow/.local/lib/python3.12/site-packages/airflow/example_dags/example_sensors.py for tasks to queue
[2026-08-12T04:30:39.073+0000] {logging_mixin.py:190} INFO - [2026-08-12T04:30:39.073+0000] {dagbag.py:587} INFO - Filling up the DagBag from /home/airflow/.local/lib/python3.12/site-packages/airflow/example_dags/example_sensors.py
[2026-08-12T04:30:39.087+0000] {processor.py:925} INFO - DAG(s) 'example_sensors' retrieved from /home/airflow/.local/lib/python3.12/site-packages/airflow/example_dags/example_sensors.py
[2026-08-12T04:30:39.241+0000] {logging_mixin.py:190} INFO - [2026-08-12T04:30:39.241+0000] {override.py:1858} INFO - Created Permission View: can edit on DAG:example_sensors
[2026-08-12T04:30:39.254+0000] {logging_mixin.py:190} INFO - [2026-08-12T04:30:39.253+0000] {override.py:1858} INFO - Created Permission View: can delete on DAG:example_sensors
[2026-08-12T04:30:39.265+0000] {logging_mixin.py:190} INFO - [2026-08-12T04:30:39.264+0000] {override.py:1858} INFO - Created Permission View: can read on DAG:example_sensors
[2026-08-12T04:30:39.266+0000] {logging_mixin.py:190} INFO - [2026-08-12T04:30:39.266+0000] {dag.py:3211} INFO - Sync 1 DAGs
[2026-08-12T04:30:39.282+0000] {logging_mixin.py:190} INFO - [2026-08-12T04:30:39.281+0000] {dag.py:3234} INFO - Creating ORM DAG for example_sensors
[2026-08-12T04:30:39.284+0000] {logging_mixin.py:190} INFO - [2026-08-12T04:30:39.283+0000] {dag.py:4138} INFO - Setting next_dagrun for example_sensors to None, run_after=None
[2026-08-12T04:30:39.302+0000] {processor.py:208} INFO - Processing /home/airflow/.local/lib/python3.12/site-packages/airflow/example_dags/example_sensors.py took 0.241 seconds
[2026-08-12T04:31:10.252+0000] {processor.py:186} INFO - Started process (PID=169) to work on /home/airflow/.local/lib/python3.12/site-packages/airflow/example_dags/example_sensors.py
[2026-08-12T04:31:10.254+0000] {processor.py:914} INFO - Processing file /home/airflow/.local/lib/python3.12/site-packages/airflow/example_dags/example_sensors.py for tasks to queue
[2026-08-12T04:31:10.257+0000] {logging_mixin.py:190} INFO - [2026-08-12T04:31:10.257+0000] {dagbag.py:587} INFO - Filling up the DagBag from /home/airflow/.local/lib/python3.12/site-packages/airflow/example_dags/example_sensors.py
[2026-08-12T04:31:10.268+0000] {processor.py:925} INFO - DAG(s) 'example_sensors' retrieved from /home/airflow/.local/lib/python3.12/site-packages/airflow/example_dags/example_sensors.py
[2026-08-12T04:31:10.299+0000] {logging_mixin.py:190} INFO - [2026-08-12T04:31:10.299+0000] {dag.py:3211} INFO - Sync 1 DAGs
[2026-08-12T04:31:10.315+0000] {logging_mixin.py:190} INFO - [2026-08-12T04:31:10.315+0000] {dag.py:4138} INFO - Setting next_dagrun for example_sensors to None, run_after=None
[2026-08-12T04:31:10.339+0000] {processor.py:208} INFO - Processing /home/airflow/.local/lib/python3.12/site-packages/airflow/example_dags/example_sensors.py took 0.092 seconds
[2026-08-12T04:31:40.900+0000] {processor.py:186} INFO - Started process (PID=232) to work on /home/airflow/.local/lib/python3.12/site-packages/airflow/example_dags/example_sensors.py
[2026-08-12T04:31:40.902+0000] {processor.py:914} INFO - Processing file /home/airflow/.local/lib/python3.12/site-packages/airflow/example_dags/example_sensors.py for tasks to queue
[2026-08-12T04:31:40.904+0000] {logging_mixin.py:190} INFO - [2026-08-12T04:31:40.904+0000] {dagbag.py:587} INFO - Filling up the DagBag from /home/airflow/.local/lib/python3.12/site-packages/airflow/example_dags/example_sensors.py
[2026-08-12T04:31:40.916+0000] {processor.py:925} INFO - DAG(s) 'example_sensors' retrieved from /home/airflow/.local/lib/python3.12/site-packages/airflow/example_dags/example_sensors.py
[2026-08-12T04:31:40.959+0000] {logging_mixin.py:190} INFO - [2026-08-12T04:31:40.959+0000] {dag.py:3211} INFO - Sync 1 DAGs
[2026-08-12T04:31:40.974+0000] {logging_mixin.py:190} INFO - [2026-08-12T04:31:40.974+0000] {dag.py:4138} INFO - Setting next_dagrun for example_sensors to None, run_after=None
[2026-08-12T04:31:41.012+0000] {processor.py:208} INFO - Processing /home/airflow/.local/lib/python3.12/site-packages/airflow/example_dags/example_sensors.py took 0.118 seconds
[2026-08-12T04:32:57.119+0000] {processor.py:186} INFO - Started process (PID=98) to work on /home/airflow/.local/lib/python3.12/site-packages/airflow/example_dags/example_sensors.py
[2026-08-12T04:32:57.121+0000] {processor.py:914} INFO - Processing file /home/airflow/.local/lib/python3.12/site-packages/airflow/example_dags/example_sensors.py for tasks to queue
[2026-08-12T04:32:57.126+0000] {logging_mixin.py:190} INFO - [2026-08-12T04:32:57.125+0000] {dagbag.py:587} INFO - Filling up the DagBag from /home/airflow/.local/lib/python3.12/site-packages/airflow/example_dags/example_sensors.py
[2026-08-12T04:32:57.141+0000] {processor.py:925} INFO - DAG(s) 'example_sensors' retrieved from /home/airflow/.local/lib/python3.12/site-packages/airflow/example_dags/example_sensors.py
[2026-08-12T04:32:57.177+0000] {logging_mixin.py:190} INFO - [2026-08-12T04:32:57.177+0000] {dag.py:3211} INFO - Sync 1 DAGs
[2026-08-12T04:32:57.195+0000] {logging_mixin.py:190} INFO - [2026-08-12T04:32:57.195+0000] {dag.py:4138} INFO - Setting next_dagrun for example_sensors to None, run_after=None
[2026-08-12T04:32:57.218+0000] {processor.py:208} INFO - Processing /home/airflow/.local/lib/python3.12/site-packages/airflow/example_dags/example_sensors.py took 0.108 seconds
[2026-08-12T04:33:27.379+0000] {processor.py:186} INFO - Started process (PID=160) to work on /home/airflow/.local/lib/python3.12/site-packages/airflow/example_dags/example_sensors.py
[2026-08-12T04:33:27.381+0000] {processor.py:914} INFO - Processing file /home/airflow/.local/lib/python3.12/site-packages/airflow/example_dags/example_sensors.py for tasks to queue
[2026-08-12T04:33:27.384+0000] {logging_mixin.py:190} INFO - [2026-08-12T04:33:27.384+0000] {dagbag.py:587} INFO - Filling up the DagBag from /home/airflow/.local/lib/python3.12/site-packages/airflow/example_dags/example_sensors.py
[2026-08-12T04:33:27.395+0000] {processor.py:925} INFO - DAG(s) 'example_sensors' retrieved from /home/airflow/.local/lib/python3.12/site-packages/airflow/example_dags/example_sensors.py
[2026-08-12T04:33:27.421+0000] {logging_mixin.py:190} INFO - [2026-08-12T04:33:27.420+0000] {dag.py:3211} INFO - Sync 1 DAGs
[2026-08-12T04:33:27.435+0000] {logging_mixin.py:190} INFO - [2026-08-12T04:33:27.435+0000] {dag.py:4138} INFO - Setting next_dagrun for example_sensors to None, run_after=None
[2026-08-12T04:33:27.457+0000] {processor.py:208} INFO - Processing /home/airflow/.local/lib/python3.12/site-packages/airflow/example_dags/example_sensors.py took 0.085 seconds
[2026-08-12T04:33:57.654+0000] {processor.py:186} INFO - Started process (PID=222) to work on /home/airflow/.local/lib/python3.12/site-packages/airflow/example_dags/example_sensors.py
[2026-08-12T04:33:57.656+0000] {processor.py:914} INFO - Processing file /home/airflow/.local/lib/python3.12/site-packages/airflow/example_dags/example_sensors.py for tasks to queue
[2026-08-12T04:33:57.660+0000] {logging_mixin.py:190} INFO - [2026-08-12T04:33:57.660+0000] {dagbag.py:587} INFO - Filling up the DagBag from /home/airflow/.local/lib/python3.12/site-packages/airflow/example_dags/example_sensors.py
[2026-08-12T04:33:57.672+0000] {processor.py:925} INFO - DAG(s) 'example_sensors' retrieved from /home/airflow/.local/lib/python3.12/site-packages/airflow/example_dags/example_sensors.py
[2026-08-12T04:33:57.701+0000] {logging_mixin.py:190} INFO - [2026-08-12T04:33:57.701+0000] {dag.py:3211} INFO - Sync 1 DAGs
[2026-08-12T04:33:57.717+0000] {logging_mixin.py:190} INFO - [2026-08-12T04:33:57.717+0000] {dag.py:4138} INFO - Setting next_dagrun for example_sensors to None, run_after=None
[2026-08-12T04:33:57.737+0000] {processor.py:208} INFO - Processing /home/airflow/.local/lib/python3.12/site-packages/airflow/example_dags/example_sensors.py took 0.089 seconds
[2026-08-12T04:34:28.457+0000] {processor.py:186} INFO - Started process (PID=284) to work on /home/airflow/.local/lib/python3.12/site-packages/airflow/example_dags/example_sensors.py
[2026-08-12T04:34:28.459+0000] {processor.py:914} INFO - Processing file /home/airflow/.local/lib/python3.12/site-packages/airflow/example_dags/example_sensors.py for tasks to queue
[2026-08-12T04:34:28.462+0000] {logging_mixin.py:190} INFO - [2026-08-12T04:34:28.462+0000] {dagbag.py:587} INFO - Filling up the DagBag from /home/airflow/.local/lib/python3.12/site-packages/airflow/example_dags/example_sensors.py
[2026-08-12T04:34:28.475+0000] {processor.py:925} INFO - DAG(s) 'example_sensors' retrieved from /home/airflow/.local/lib/python3.12/site-packages/airflow/example_dags/example_sensors.py
[2026-08-12T04:34:28.501+0000] {logging_mixin.py:190} INFO - [2026-08-12T04:34:28.501+0000] {dag.py:3211} INFO - Sync 1 DAGs
[2026-08-12T04:34:28.516+0000] {logging_mixin.py:190} INFO - [2026-08-12T04:34:28.515+0000] {dag.py:4138} INFO - Setting next_dagrun for example_sensors to None, run_after=None
[2026-08-12T04:34:28.537+0000] {processor.py:208} INFO - Processing /home/airflow/.local/lib/python3.12/site-packages/airflow/example_dags/example_sensors.py took 0.086 seconds
[2026-08-12T04:34:58.722+0000] {processor.py:186} INFO - Started process (PID=346) to work on /home/airflow/.local/lib/python3.12/site-packages/airflow/example_dags/example_sensors.py
[2026-08-12T04:34:58.724+0000] {processor.py:914} INFO - Processing file /home/airflow/.local/lib/python3.12/site-packages/airflow/example_dags/example_sensors.py for tasks to queue
[2026-08-12T04:34:58.727+0000] {logging_mixin.py:190} INFO - [2026-08-12T04:34:58.726+0000] {dagbag.py:587} INFO - Filling up the DagBag from /home/airflow/.local/lib/python3.12/site-packages/airflow/example_dags/example_sensors.py
[2026-08-12T04:34:58.737+0000] {processor.py:925} INFO - DAG(s) 'example_sensors' retrieved from /home/airflow/.local/lib/python3.12/site-packages/airflow/example_dags/example_sensors.py
[2026-08-12T04:34:58.764+0000] {logging_mixin.py:190} INFO - [2026-08-12T04:34:58.764+0000] {dag.py:3211} INFO - Sync 1 DAGs
[2026-08-12T04:34:58.778+0000] {logging_mixin.py:190} INFO - [2026-08-12T04:34:58.778+0000] {dag.py:4138} INFO - Setting next_dagrun for example_sensors to None, run_after=None
[2026-08-12T04:34:58.797+0000] {processor.py:208} INFO - Processing /home/airflow/.local/lib/python3.12/site-packages/airflow/example_dags/example_sensors.py took 0.080 seconds
[2026-08-12T04:35:29.301+0000] {processor.py:186} INFO - Started process (PID=408) to work on /home/airflow/.local/lib/python3.12/site-packages/airflow/example_dags/example_sensors.py
[2026-08-12T04:35:29.304+0000] {processor.py:914} INFO - Processing file /home/airflow/.local/lib/python3.12/site-packages/airflow/example_dags/example_sensors.py for tasks to queue
[2026-08-12T04:35:29.308+0000] {logging_mixin.py:190} INFO - [2026-08-12T04:35:29.307+0000] {dagbag.py:587} INFO - Filling up the DagBag from /home/airflow/.local/lib/python3.12/site-packages/airflow/example_dags/example_sensors.py
[2026-08-12T04:35:29.322+0000] {processor.py:925} INFO - DAG(s) 'example_sensors' retrieved from /home/airflow/.local/lib/python3.12/site-packages/airflow/example_dags/example_sensors.py
[2026-08-12T04:35:29.350+0000] {logging_mixin.py:190} INFO - [2026-08-12T04:35:29.350+0000] {dag.py:3211} INFO - Sync 1 DAGs
[2026-08-12T04:35:29.365+0000] {logging_mixin.py:190} INFO - [2026-08-12T04:35:29.364+0000] {dag.py:4138} INFO - Setting next_dagrun for example_sensors to None, run_after=None
[2026-08-12T04:35:29.384+0000] {processor.py:208} INFO - Processing /home/airflow/.local/lib/python3.12/site-packages/airflow/example_dags/example_sensors.py took 0.089 seconds
[2026-08-12T04:36:00.173+0000] {processor.py:186} INFO - Started process (PID=470) to work on /home/airflow/.local/lib/python3.12/site-packages/airflow/example_dags/example_sensors.py
[2026-08-12T04:36:00.175+0000] {processor.py:914} INFO - Processing file /home/airflow/.local/lib/python3.12/site-packages/airflow/example_dags/example_sensors.py for tasks to queue
[2026-08-12T04:36:00.178+0000] {logging_mixin.py:190} INFO - [2026-08-12T04:36:00.178+0000] {dagbag.py:587} INFO - Filling up the DagBag from /home/airflow/.local/lib/python3.12/site-packages/airflow/example_dags/example_sensors.py
[2026-08-12T04:36:00.189+0000] {processor.py:925} INFO - DAG(s) 'example_sensors' retrieved from /home/airflow/.local/lib/python3.12/site-packages/airflow/example_dags/example_sensors.py
[2026-08-12T04:36:00.214+0000] {logging_mixin.py:190} INFO - [2026-08-12T04:36:00.214+0000] {dag.py:3211} INFO - Sync 1 DAGs
[2026-08-12T04:36:00.228+0000] {logging_mixin.py:190} INFO - [2026-08-12T04:36:00.228+0000] {dag.py:4138} INFO - Setting next_dagrun for example_sensors to None, run_after=None
[2026-08-12T04:36:00.251+0000] {processor.py:208} INFO - Processing /home/airflow/.local/lib/python3.12/site-packages/airflow/example_dags/example_sensors.py took 0.083 seconds
[2026-08-12T04:36:30.404+0000] {processor.py:186} INFO - Started process (PID=532) to work on /home/airflow/.local/lib/python3.12/site-packages/airflow/example_dags/example_sensors.py
[2026-08-12T04:36:30.406+0000] {processor.py:914} INFO - Processing file /home/airflow/.local/lib/python3.12/site-packages/airflow/example_dags/example_sensors.py for tasks to queue
[2026-08-12T04:36:30.410+0000] {logging_mixin.py:190} INFO - [2026-08-12T04:36:30.409+0000] {dagbag.py:587} INFO - Filling up the DagBag from /home/airflow/.local/lib/python3.12/site-packages/airflow/example_dags/example_sensors.py
[2026-08-12T04:36:30.425+0000] {processor.py:925} INFO - DAG(s) 'example_sensors' retrieved from /home/airflow/.local/lib/python3.12/site-packages/airflow/example_dags/example_sensors.py
[2026-08-12T04:36:30.465+0000] {logging_mixin.py:190} INFO - [2026-08-12T04:36:30.465+0000] {dag.py:3211} INFO - Sync 1 DAGs
[2026-08-12T04:36:30.482+0000] {logging_mixin.py:190} INFO - [2026-08-12T04:36:30.481+0000] {dag.py:4138} INFO - Setting next_dagrun for example_sensors to None, run_after=None
[2026-08-12T04:36:30.508+0000] {processor.py:208} INFO - Processing /home/airflow/.local/lib/python3.12/site-packages/airflow/example_dags/example_sensors.py took 0.111 seconds
[2026-08-12T04:37:01.346+0000] {processor.py:186} INFO - Started process (PID=594) to work on /home/airflow/.local/lib/python3.12/site-packages/airflow/example_dags/example_sensors.py
[2026-08-12T04:37:01.347+0000] {processor.py:914} INFO - Processing file /home/airflow/.local/lib/python3.12/site-packages/airflow/example_dags/example_sensors.py for tasks to queue
[2026-08-12T04:37:01.351+0000] {logging_mixin.py:190} INFO - [2026-08-12T04:37:01.351+0000] {dagbag.py:587} INFO - Filling up the DagBag from /home/airflow/.local/lib/python3.12/site-packages/airflow/example_dags/example_sensors.py
[2026-08-12T04:37:01.364+0000] {processor.py:925} INFO - DAG(s) 'example_sensors' retrieved from /home/airflow/.local/lib/python3.12/site-packages/airflow/example_dags/example_sensors.py
[2026-08-12T04:37:01.390+0000] {logging_mixin.py:190} INFO - [2026-08-12T04:37:01.390+0000] {dag.py:3211} INFO - Sync 1 DAGs
[2026-08-12T04:37:01.404+0000] {logging_mixin.py:190} INFO - [2026-08-12T04:37:01.404+0000] {dag.py:4138} INFO - Setting next_dagrun for example_sensors to None, run_after=None
[2026-08-12T04:37:01.424+0000] {processor.py:208} INFO - Processing /home/airflow/.local/lib/python3.12/site-packages/airflow/example_dags/example_sensors.py took 0.083 seconds
[2026-08-12T04:37:31.578+0000] {processor.py:186} INFO - Started process (PID=656) to work on /home/airflow/.local/lib/python3.12/site-packages/airflow/example_dags/example_sensors.py
[2026-08-12T04:37:31.579+0000] {processor.py:914} INFO - Processing file /home/airflow/.local/lib/python3.12/site-packages/airflow/example_dags/example_sensors.py for tasks to queue
[2026-08-12T04:37:31.582+0000] {logging_mixin.py:190} INFO - [2026-08-12T04:37:31.582+0000] {dagbag.py:587} INFO - Filling up the DagBag from /home/airflow/.local/lib/python3.12/site-packages/airflow/example_dags/example_sensors.py
[2026-08-12T04:37:31.595+0000] {processor.py:925} INFO - DAG(s) 'example_sensors' retrieved from /home/airflow/.local/lib/python3.12/site-packages/airflow/example_dags/example_sensors.py
[2026-08-12T04:37:31.630+0000] {logging_mixin.py:190} INFO - [2026-08-12T04:37:31.630+0000] {dag.py:3211} INFO - Sync 1 DAGs
[2026-08-12T04:37:31.645+0000] {logging_mixin.py:190} INFO - [2026-08-12T04:37:31.644+0000] {dag.py:4138} INFO - Setting next_dagrun for example_sensors to None, run_after=None
[2026-08-12T04:37:31.681+0000] {processor.py:208} INFO - Processing /home/airflow/.local/lib/python3.12/site-packages/airflow/example_dags/example_sensors.py took 0.109 seconds
[2026-08-12T04:38:02.481+0000] {processor.py:186} INFO - Started process (PID=718) to work on /home/airflow/.local/lib/python3.12/site-packages/airflow/example_dags/example_sensors.py
[2026-08-12T04:38:02.483+0000] {processor.py:914} INFO - Processing file /home/airflow/.local/lib/python3.12/site-packages/airflow/example_dags/example_sensors.py for tasks to queue
[2026-08-12T04:38:02.486+0000] {logging_mixin.py:190} INFO - [2026-08-12T04:38:02.486+0000] {dagbag.py:587} INFO - Filling up the DagBag from /home/airflow/.local/lib/python3.12/site-packages/airflow/example_dags/example_sensors.py
[2026-08-12T04:38:02.496+0000] {processor.py:925} INFO - DAG(s) 'example_sensors' retrieved from /home/airflow/.local/lib/python3.12/site-packages/airflow/example_dags/example_sensors.py
[2026-08-12T04:38:02.519+0000] {logging_mixin.py:190} INFO - [2026-08-12T04:38:02.519+0000] {dag.py:3211} INFO - Sync 1 DAGs
[2026-08-12T04:38:02.534+0000] {logging_mixin.py:190} INFO - [2026-08-12T04:38:02.534+0000] {dag.py:4138} INFO - Setting next_dagrun for example_sensors to None, run_after=None
[2026-08-12T04:38:02.554+0000] {processor.py:208} INFO - Processing /home/airflow/.local/lib/python3.12/site-packages/airflow/example_dags/example_sensors.py took 0.078 seconds
[2026-08-12T04:38:33.249+0000] {processor.py:186} INFO - Started process (PID=780) to work on /home/airflow/.local/lib/python3.12/site-packages/airflow/example_dags/example_sensors.py
[2026-08-12T04:38:33.251+0000] {processor.py:914} INFO - Processing file /home/airflow/.local/lib/python3.12/site-packages/airflow/example_dags/example_sensors.py for tasks to queue
[2026-08-12T04:38:33.254+0000] {logging_mixin.py:190} INFO - [2026-08-12T04:38:33.254+0000] {dagbag.py:587} INFO - Filling up the DagBag from /home/airflow/.local/lib/python3.12/site-packages/airflow/example_dags/example_sensors.py
[2026-08-12T04:38:33.269+0000] {processor.py:925} INFO - DAG(s) 'example_sensors' retrieved from /home/airflow/.local/lib/python3.12/site-packages/airflow/example_dags/example_sensors.py
[2026-08-12T04:38:33.295+0000] {logging_mixin.py:190} INFO - [2026-08-12T04:38:33.295+0000] {dag.py:3211} INFO - Sync 1 DAGs
[2026-08-12T04:38:33.311+0000] {logging_mixin.py:190} INFO - [2026-08-12T04:38:33.311+0000] {dag.py:4138} INFO - Setting next_dagrun for example_sensors to None, run_after=None
[2026-08-12T04:38:33.331+0000] {processor.py:208} INFO - Processing /home/airflow/.local/lib/python3.12/site-packages/airflow/example_dags/example_sensors.py took 0.090 seconds
[2026-08-12T04:39:03.478+0000] {processor.py:186} INFO - Started process (PID=842) to work on /home/airflow/.local/lib/python3.12/site-packages/airflow/example_dags/example_sensors.py
[2026-08-12T04:39:03.480+0000] {processor.py:914} INFO - Processing file /home/airflow/.local/lib/python3.12/site-packages/airflow/example_dags/example_sensors.py for tasks to queue
[2026-08-12T04:39:03.483+0000] {logging_mixin.py:190} INFO - [2026-08-12T04:39:03.483+0000] {dagbag.py:587} INFO - Filling up the DagBag from /home/airflow/.local/lib/python3.12/site-packages/airflow/example_dags/example_sensors.py
[2026-08-12T04:39:03.496+0000] {processor.py:925} INFO - DAG(s) 'example_sensors' retrieved from /home/airflow/.local/lib/python3.12/site-packages/airflow/example_dags/example_sensors.py
[2026-08-12T04:39:03.522+0000] {logging_mixin.py:190} INFO - [2026-08-12T04:39:03.521+0000] {dag.py:3211} INFO - Sync 1 DAGs
[2026-08-12T04:39:03.537+0000] {logging_mixin.py:190} INFO - [2026-08-12T04:39:03.537+0000] {dag.py:4138} INFO - Setting next_dagrun for example_sensors to None, run_after=None
[2026-08-12T04:39:03.559+0000] {processor.py:208} INFO - Processing /home/airflow/.local/lib/python3.12/site-packages/airflow/example_dags/example_sensors.py took 0.086 seconds
[2026-08-12T04:39:33.920+0000] {processor.py:186} INFO - Started process (PID=904) to work on /home/airflow/.local/lib/python3.12/site-packages/airflow/example_dags/example_sensors.py
[2026-08-12T04:39:33.924+0000] {processor.py:914} INFO - Processing file /home/airflow/.local/lib/python3.12/site-packages/airflow/example_dags/example_sensors.py for tasks to queue
[2026-08-12T04:39:33.929+0000] {logging_mixin.py:190} INFO - [2026-08-12T04:39:33.929+0000] {dagbag.py:587} INFO - Filling up the DagBag from /home/airflow/.local/lib/python3.12/site-packages/airflow/example_dags/example_sensors.py
[2026-08-12T04:39:33.948+0000] {processor.py:925} INFO - DAG(s) 'example_sensors' retrieved from /home/airflow/.local/lib/python3.12/site-packages/airflow/example_dags/example_sensors.py
[2026-08-12T04:39:33.986+0000] {logging_mixin.py:190} INFO - [2026-08-12T04:39:33.985+0000] {dag.py:3211} INFO - Sync 1 DAGs
[2026-08-12T04:39:34.005+0000] {logging_mixin.py:190} INFO - [2026-08-12T04:39:34.005+0000] {dag.py:4138} INFO - Setting next_dagrun for example_sensors to None, run_after=None
[2026-08-12T04:39:34.025+0000] {processor.py:208} INFO - Processing /home/airflow/.local/lib/python3.12/site-packages/airflow/example_dags/example_sensors.py took 0.114 seconds
[2026-08-12T04:40:04.318+0000] {processor.py:186} INFO - Started process (PID=966) to work on /home/airflow/.local/lib/python3.12/site-packages/airflow/example_dags/example_sensors.py
[2026-08-12T04:40:04.321+0000] {processor.py:914} INFO - Processing file /home/airflow/.local/lib/python3.12/site-packages/airflow/example_dags/example_sensors.py for tasks to queue
[2026-08-12T04:40:04.326+0000] {logging_mixin.py:190} INFO - [2026-08-12T04:40:04.326+0000] {dagbag.py:587} INFO - Filling up the DagBag from /home/airflow/.local/lib/python3.12/site-packages/airflow/example_dags/example_sensors.py
[2026-08-12T04:40:04.341+0000] {processor.py:925} INFO - DAG(s) 'example_sensors' retrieved from /home/airflow/.local/lib/python3.12/site-packages/airflow/example_dags/example_sensors.py
[2026-08-12T04:40:04.371+0000] {logging_mixin.py:190} INFO - [2026-08-12T04:40:04.370+0000] {dag.py:3211} INFO - Sync 1 DAGs
[2026-08-12T04:40:04.385+0000] {logging_mixin.py:190} INFO - [2026-08-12T04:40:04.385+0000] {dag.py:4138} INFO - Setting next_dagrun for example_sensors to None, run_after=None
[2026-08-12T04:40:04.405+0000] {processor.py:208} INFO - Processing /home/airflow/.local/lib/python3.12/site-packages/airflow/example_dags/example_sensors.py took 0.095 seconds
[2026-08-12T04:40:35.251+0000] {processor.py:186} INFO - Started process (PID=1028) to work on /home/airflow/.local/lib/python3.12/site-packages/airflow/example_dags/example_sensors.py
[2026-08-12T04:40:35.253+0000] {processor.py:914} INFO - Processing file /home/airflow/.local/lib/python3.12/site-packages/airflow/example_dags/example_sensors.py for tasks to queue
[2026-08-12T04:40:35.257+0000] {logging_mixin.py:190} INFO - [2026-08-12T04:40:35.256+0000] {dagbag.py:587} INFO - Filling up the DagBag from /home/airflow/.local/lib/python3.12/site-packages/airflow/example_dags/example_sensors.py
[2026-08-12T04:40:35.273+0000] {processor.py:925} INFO - DAG(s) 'example_sensors' retrieved from /home/airflow/.local/lib/python3.12/site-packages/airflow/example_dags/example_sensors.py
[2026-08-12T04:40:35.324+0000] {logging_mixin.py:190} INFO - [2026-08-12T04:40:35.324+0000] {dag.py:3211} INFO - Sync 1 DAGs
[2026-08-12T04:40:35.357+0000] {logging_mixin.py:190} INFO - [2026-08-12T04:40:35.357+0000] {dag.py:4138} INFO - Setting next_dagrun for example_sensors to None, run_after=None
[2026-08-12T04:40:35.383+0000] {processor.py:208} INFO - Processing /home/airflow/.local/lib/python3.12/site-packages/airflow/example_dags/example_sensors.py took 0.139 seconds
[2026-08-12T04:41:05.824+0000] {processor.py:186} INFO - Started process (PID=1090) to work on /home/airflow/.local/lib/python3.12/site-packages/airflow/example_dags/example_sensors.py
[2026-08-12T04:41:05.826+0000] {processor.py:914} INFO - Processing file /home/airflow/.local/lib/python3.12/site-packages/airflow/example_dags/example_sensors.py for tasks to queue
[2026-08-12T04:41:05.829+0000] {logging_mixin.py:190} INFO - [2026-08-12T04:41:05.829+0000] {dagbag.py:587} INFO - Filling up the DagBag from /home/airflow/.local/lib/python3.12/site-packages/airflow/example_dags/example_sensors.py
[2026-08-12T04:41:05.843+0000] {processor.py:925} INFO - DAG(s) 'example_sensors' retrieved from /home/airflow/.local/lib/python3.12/site-packages/airflow/example_dags/example_sensors.py
[2026-08-12T04:41:05.871+0000] {logging_mixin.py:190} INFO - [2026-08-12T04:41:05.871+0000] {dag.py:3211} INFO - Sync 1 DAGs
[2026-08-12T04:41:05.892+0000] {logging_mixin.py:190} INFO - [2026-08-12T04:41:05.892+0000] {dag.py:4138} INFO - Setting next_dagrun for example_sensors to None, run_after=None
[2026-08-12T04:41:05.918+0000] {processor.py:208} INFO - Processing /home/airflow/.local/lib/python3.12/site-packages/airflow/example_dags/example_sensors.py took 0.102 seconds
[2026-08-12T04:41:36.336+0000] {processor.py:186} INFO - Started process (PID=1152) to work on /home/airflow/.local/lib/python3.12/site-packages/airflow/example_dags/example_sensors.py
[2026-08-12T04:41:36.337+0000] {processor.py:914} INFO - Processing file /home/airflow/.local/lib/python3.12/site-packages/airflow/example_dags/example_sensors.py for tasks to queue
[2026-08-12T04:41:36.340+0000] {logging_mixin.py:190} INFO - [2026-08-12T04:41:36.340+0000] {dagbag.py:587} INFO - Filling up the DagBag from /home/airflow/.local/lib/python3.12/site-packages/airflow/example_dags/example_sensors.py
[2026-08-12T04:41:36.350+0000] {processor.py:925} INFO - DAG(s) 'example_sensors' retrieved from /home/airflow/.local/lib/python3.12/site-packages/airflow/example_dags/example_sensors.py
[2026-08-12T04:41:36.375+0000] {logging_mixin.py:190} INFO - [2026-08-12T04:41:36.375+0000] {dag.py:3211} INFO - Sync 1 DAGs
[2026-08-12T04:41:36.389+0000] {logging_mixin.py:190} INFO - [2026-08-12T04:41:36.389+0000] {dag.py:4138} INFO - Setting next_dagrun for example_sensors to None, run_after=None
[2026-08-12T04:41:36.408+0000] {processor.py:208} INFO - Processing /home/airflow/.local/lib/python3.12/site-packages/airflow/example_dags/example_sensors.py took 0.077 seconds
[2026-08-12T04:42:07.089+0000] {processor.py:186} INFO - Started process (PID=1214) to work on /home/airflow/.local/lib/python3.12/site-packages/airflow/example_dags/example_sensors.py
[2026-08-12T04:42:07.091+0000] {processor.py:914} INFO - Processing file /home/airflow/.local/lib/python3.12/site-packages/airflow/example_dags/example_sensors.py for tasks to queue
[2026-08-12T04:42:07.094+0000] {logging_mixin.py:190} INFO - [2026-08-12T04:42:07.094+0000] {dagbag.py:587} INFO - Filling up the DagBag from /home/airflow/.local/lib/python3.12/site-packages/airflow/example_dags/example_sensors.py
[2026-08-12T04:42:07.105+0000] {processor.py:925} INFO - DAG(s) 'example_sensors' retrieved from /home/airflow/.local/lib/python3.12/site-packages/airflow/example_dags/example_sensors.py
[2026-08-12T04:42:07.134+0000] {logging_mixin.py:190} INFO - [2026-08-12T04:42:07.133+0000] {dag.py:3211} INFO - Sync 1 DAGs
[2026-08-12T04:42:07.148+0000] {logging_mixin.py:190} INFO - [2026-08-12T04:42:07.147+0000] {dag.py:4138} INFO - Setting next_dagrun for example_sensors to None, run_after=None
[2026-08-12T04:42:07.170+0000] {processor.py:208} INFO - Processing /home/airflow/.local/lib/python3.12/site-packages/airflow/example_dags/example_sensors.py took 0.087 seconds
[2026-08-12T04:42:37.664+0000] {processor.py:186} INFO - Started process (PID=1276) to work on /home/airflow/.local/lib/python3.12/site-packages/airflow/example_dags/example_sensors.py
[2026-08-12T04:42:37.665+0000] {processor.py:914} INFO - Processing file /home/airflow/.local/lib/python3.12/site-packages/airflow/example_dags/example_sensors.py for tasks to queue
[2026-08-12T04:42:37.668+0000] {logging_mixin.py:190} INFO - [2026-08-12T04:42:37.668+0000] {dagbag.py:587} INFO - Filling up the DagBag from /home/airflow/.local/lib/python3.12/site-packages/airflow/example_dags/example_sensors.py
[2026-08-12T04:42:37.680+0000] {processor.py:925} INFO - DAG(s) 'example_sensors' retrieved from /home/airflow/.local/lib/python3.12/site-packages/airflow/example_dags/example_sensors.py
[2026-08-12T04:42:37.707+0000] {logging_mixin.py:190} INFO - [2026-08-12T04:42:37.707+0000] {dag.py:3211} INFO - Sync 1 DAGs
[2026-08-12T04:42:37.722+0000] {logging_mixin.py:190} INFO - [2026-08-12T04:42:37.722+0000] {dag.py:4138} INFO - Setting next_dagrun for example_sensors to None, run_after=None
[2026-08-12T04:42:37.743+0000] {processor.py:208} INFO - Processing /home/airflow/.local/lib/python3.12/site-packages/airflow/example_dags/example_sensors.py took 0.084 seconds
[2026-08-12T04:43:08.385+0000] {processor.py:186} INFO - Started process (PID=1338) to work on /home/airflow/.local/lib/python3.12/site-packages/airflow/example_dags/example_sensors.py
[2026-08-12T04:43:08.387+0000] {processor.py:914} INFO - Processing file /home/airflow/.local/lib/python3.12/site-packages/airflow/example_dags/example_sensors.py for tasks to queue
[2026-08-12T04:43:08.391+0000] {logging_mixin.py:190} INFO - [2026-08-12T04:43:08.391+0000] {dagbag.py:587} INFO - Filling up the DagBag from /home/airflow/.local/lib/python3.12/site-packages/airflow/example_dags/example_sensors.py
[2026-08-12T04:43:08.412+0000] {processor.py:925} INFO - DAG(s) 'example_sensors' retrieved from /home/airflow/.local/lib/python3.12/site-packages/airflow/example_dags/example_sensors.py
[2026-08-12T04:43:08.442+0000] {logging_mixin.py:190} INFO - [2026-08-12T04:43:08.442+0000] {dag.py:3211} INFO - Sync 1 DAGs
[2026-08-12T04:43:08.462+0000] {logging_mixin.py:190} INFO - [2026-08-12T04:43:08.462+0000] {dag.py:4138} INFO - Setting next_dagrun for example_sensors to None, run_after=None
[2026-08-12T04:43:08.485+0000] {processor.py:208} INFO - Processing /home/airflow/.local/lib/python3.12/site-packages/airflow/example_dags/example_sensors.py took 0.107 seconds
[2026-08-12T04:43:39.497+0000] {processor.py:186} INFO - Started process (PID=1400) to work on /home/airflow/.local/lib/python3.12/site-packages/airflow/example_dags/example_sensors.py
[2026-08-12T04:43:39.498+0000] {processor.py:914} INFO - Processing file /home/airflow/.local/lib/python3.12/site-packages/airflow/example_dags/example_sensors.py for tasks to queue
[2026-08-12T04:43:39.502+0000] {logging_mixin.py:190} INFO - [2026-08-12T04:43:39.502+0000] {dagbag.py:587} INFO - Filling up the DagBag from /home/airflow/.local/lib/python3.12/site-packages/airflow/example_dags/example_sensors.py
[2026-08-12T04:43:39.525+0000] {processor.py:925} INFO - DAG(s) 'example_sensors' retrieved from /home/airflow/.local/lib/python3.12/site-packages/airflow/example_dags/example_sensors.py
[2026-08-12T04:43:39.566+0000] {logging_mixin.py:190} INFO - [2026-08-12T04:43:39.566+0000] {dag.py:3211} INFO - Sync 1 DAGs
[2026-08-12T04:43:39.585+0000] {logging_mixin.py:190} INFO - [2026-08-12T04:43:39.585+0000] {dag.py:4138} INFO - Setting next_dagrun for example_sensors to None, run_after=None
[2026-08-12T04:43:39.609+0000] {processor.py:208} INFO - Processing /home/airflow/.local/lib/python3.12/site-packages/airflow/example_dags/example_sensors.py took 0.119 seconds
[2026-08-12T04:44:10.263+0000] {processor.py:186} INFO - Started process (PID=1462) to work on /home/airflow/.local/lib/python3.12/site-packages/airflow/example_dags/example_sensors.py
[2026-08-12T04:44:10.265+0000] {processor.py:914} INFO - Processing file /home/airflow/.local/lib/python3.12/site-packages/airflow/example_dags/example_sensors.py for tasks to queue
[2026-08-12T04:44:10.267+0000] {logging_mixin.py:190} INFO - [2026-08-12T04:44:10.267+0000] {dagbag.py:587} INFO - Filling up the DagBag from /home/airflow/.local/lib/python3.12/site-packages/airflow/example_dags/example_sensors.py
[2026-08-12T04:44:10.277+0000] {processor.py:925} INFO - DAG(s) 'example_sensors' retrieved from /home/airflow/.local/lib/python3.12/site-packages/airflow/example_dags/example_sensors.py
[2026-08-12T04:44:10.304+0000] {logging_mixin.py:190} INFO - [2026-08-12T04:44:10.303+0000] {dag.py:3211} INFO - Sync 1 DAGs
[2026-08-12T04:44:10.320+0000] {logging_mixin.py:190} INFO - [2026-08-12T04:44:10.320+0000] {dag.py:4138} INFO - Setting next_dagrun for example_sensors to None, run_after=None
[2026-08-12T04:44:10.343+0000] {processor.py:208} INFO - Processing /home/airflow/.local/lib/python3.12/site-packages/airflow/example_dags/example_sensors.py took 0.085 seconds
[2026-08-12T04:44:40.981+0000] {processor.py:186} INFO - Started process (PID=1524) to work on /home/airflow/.local/lib/python3.12/site-packages/airflow/example_dags/example_sensors.py
[2026-08-12T04:44:40.983+0000] {processor.py:914} INFO - Processing file /home/airflow/.local/lib/python3.12/site-packages/airflow/example_dags/example_sensors.py for tasks to queue
[2026-08-12T04:44:40.987+0000] {logging_mixin.py:190} INFO - [2026-08-12T04:44:40.987+0000] {dagbag.py:587} INFO - Filling up the DagBag from /home/airflow/.local/lib/python3.12/site-packages/airflow/example_dags/example_sensors.py
[2026-08-12T04:44:41.000+0000] {processor.py:925} INFO - DAG(s) 'example_sensors' retrieved from /home/airflow/.local/lib/python3.12/site-packages/airflow/example_dags/example_sensors.py
[2026-08-12T04:44:41.038+0000] {logging_mixin.py:190} INFO - [2026-08-12T04:44:41.038+0000] {dag.py:3211} INFO - Sync 1 DAGs
[2026-08-12T04:44:41.066+0000] {logging_mixin.py:190} INFO - [2026-08-12T04:44:41.065+0000] {dag.py:4138} INFO - Setting next_dagrun for example_sensors to None, run_after=None
[2026-08-12T04:44:41.096+0000] {processor.py:208} INFO - Processing /home/airflow/.local/lib/python3.12/site-packages/airflow/example_dags/example_sensors.py took 0.121 seconds
[2026-08-12T04:45:11.732+0000] {processor.py:186} INFO - Started process (PID=1586) to work on /home/airflow/.local/lib/python3.12/site-packages/airflow/example_dags/example_sensors.py
[2026-08-12T04:45:11.734+0000] {processor.py:914} INFO - Processing file /home/airflow/.local/lib/python3.12/site-packages/airflow/example_dags/example_sensors.py for tasks to queue
[2026-08-12T04:45:11.737+0000] {logging_mixin.py:190} INFO - [2026-08-12T04:45:11.736+0000] {dagbag.py:587} INFO - Filling up the DagBag from /home/airflow/.local/lib/python3.12/site-packages/airflow/example_dags/example_sensors.py
[2026-08-12T04:45:11.750+0000] {processor.py:925} INFO - DAG(s) 'example_sensors' retrieved from /home/airflow/.local/lib/python3.12/site-packages/airflow/example_dags/example_sensors.py
[2026-08-12T04:45:11.777+0000] {logging_mixin.py:190} INFO - [2026-08-12T04:45:11.776+0000] {dag.py:3211} INFO - Sync 1 DAGs
[2026-08-12T04:45:11.790+0000] {logging_mixin.py:190} INFO - [2026-08-12T04:45:11.790+0000] {dag.py:4138} INFO - Setting next_dagrun for example_sensors to None, run_after=None
[2026-08-12T04:45:11.830+0000] {processor.py:208} INFO - Processing /home/airflow/.local/lib/python3.12/site-packages/airflow/example_dags/example_sensors.py took 0.103 seconds
[2026-08-12T04:45:42.145+0000] {processor.py:186} INFO - Started process (PID=1648) to work on /home/airflow/.local/lib/python3.12/site-packages/airflow/example_dags/example_sensors.py
[2026-08-12T04:45:42.147+0000] {processor.py:914} INFO - Processing file /home/airflow/.local/lib/python3.12/site-packages/airflow/example_dags/example_sensors.py for tasks to queue
[2026-08-12T04:45:42.151+0000] {logging_mixin.py:190} INFO - [2026-08-12T04:45:42.151+0000] {dagbag.py:587} INFO - Filling up the DagBag from /home/airflow/.local/lib/python3.12/site-packages/airflow/example_dags/example_sensors.py
[2026-08-12T04:45:42.163+0000] {processor.py:925} INFO - DAG(s) 'example_sensors' retrieved from /home/airflow/.local/lib/python3.12/site-packages/airflow/example_dags/example_sensors.py
[2026-08-12T04:45:42.190+0000] {logging_mixin.py:190} INFO - [2026-08-12T04:45:42.189+0000] {dag.py:3211} INFO - Sync 1 DAGs
[2026-08-12T04:45:42.204+0000] {logging_mixin.py:190} INFO - [2026-08-12T04:45:42.204+0000] {dag.py:4138} INFO - Setting next_dagrun for example_sensors to None, run_after=None
[2026-08-12T04:45:42.226+0000] {processor.py:208} INFO - Processing /home/airflow/.local/lib/python3.12/site-packages/airflow/example_dags/example_sensors.py took 0.088 seconds
[2026-08-12T04:46:12.706+0000] {processor.py:186} INFO - Started process (PID=1710) to work on /home/airflow/.local/lib/python3.12/site-packages/airflow/example_dags/example_sensors.py
[2026-08-12T04:46:12.708+0000] {processor.py:914} INFO - Processing file /home/airflow/.local/lib/python3.12/site-packages/airflow/example_dags/example_sensors.py for tasks to queue
[2026-08-12T04:46:12.712+0000] {logging_mixin.py:190} INFO - [2026-08-12T04:46:12.711+0000] {dagbag.py:587} INFO - Filling up the DagBag from /home/airflow/.local/lib/python3.12/site-packages/airflow/example_dags/example_sensors.py
[2026-08-12T04:46:12.727+0000] {processor.py:925} INFO - DAG(s) 'example_sensors' retrieved from /home/airflow/.local/lib/python3.12/site-packages/airflow/example_dags/example_sensors.py
[2026-08-12T04:46:12.757+0000] {logging_mixin.py:190} INFO - [2026-08-12T04:46:12.757+0000] {dag.py:3211} INFO - Sync 1 DAGs
[2026-08-12T04:46:12.773+0000] {logging_mixin.py:190} INFO - [2026-08-12T04:46:12.773+0000] {dag.py:4138} INFO - Setting next_dagrun for example_sensors to None, run_after=None
[2026-08-12T04:46:12.795+0000] {processor.py:208} INFO - Processing /home/airflow/.local/lib/python3.12/site-packages/airflow/example_dags/example_sensors.py took 0.096 seconds
[2026-08-12T04:46:43.117+0000] {processor.py:186} INFO - Started process (PID=1772) to work on /home/airflow/.local/lib/python3.12/site-packages/airflow/example_dags/example_sensors.py
[2026-08-12T04:46:43.119+0000] {processor.py:914} INFO - Processing file /home/airflow/.local/lib/python3.12/site-packages/airflow/example_dags/example_sensors.py for tasks to queue
[2026-08-12T04:46:43.122+0000] {logging_mixin.py:190} INFO - [2026-08-12T04:46:43.122+0000] {dagbag.py:587} INFO - Filling up the DagBag from /home/airflow/.local/lib/python3.12/site-packages/airflow/example_dags/example_sensors.py
[2026-08-12T04:46:43.135+0000] {processor.py:925} INFO - DAG(s) 'example_sensors' retrieved from /home/airflow/.local/lib/python3.12/site-packages/airflow/example_dags/example_sensors.py
[2026-08-12T04:46:43.170+0000] {logging_mixin.py:190} INFO - [2026-08-12T04:46:43.169+0000] {dag.py:3211} INFO - Sync 1 DAGs
[2026-08-12T04:46:43.188+0000] {logging_mixin.py:190} INFO - [2026-08-12T04:46:43.187+0000] {dag.py:4138} INFO - Setting next_dagrun for example_sensors to None, run_after=None
[2026-08-12T04:46:43.212+0000] {processor.py:208} INFO - Processing /home/airflow/.local/lib/python3.12/site-packages/airflow/example_dags/example_sensors.py took 0.100 seconds
[2026-08-12T04:47:13.533+0000] {processor.py:186} INFO - Started process (PID=1834) to work on /home/airflow/.local/lib/python3.12/site-packages/airflow/example_dags/example_sensors.py
[2026-08-12T04:47:13.535+0000] {processor.py:914} INFO - Processing file /home/airflow/.local/lib/python3.12/site-packages/airflow/example_dags/example_sensors.py for tasks to queue
[2026-08-12T04:47:13.538+0000] {logging_mixin.py:190} INFO - [2026-08-12T04:47:13.537+0000] {dagbag.py:587} INFO - Filling up the DagBag from /home/airflow/.local/lib/python3.12/site-packages/airflow/example_dags/example_sensors.py
[2026-08-12T04:47:13.549+0000] {processor.py:925} INFO - DAG(s) 'example_sensors' retrieved from /home/airflow/.local/lib/python3.12/site-packages/airflow/example_dags/example_sensors.py
[2026-08-12T04:47:13.582+0000] {logging_mixin.py:190} INFO - [2026-08-12T04:47:13.582+0000] {dag.py:3211} INFO - Sync 1 DAGs
[2026-08-12T04:47:13.600+0000] {logging_mixin.py:190} INFO - [2026-08-12T04:47:13.600+0000] {dag.py:4138} INFO - Setting next_dagrun for example_sensors to None, run_after=None
[2026-08-12T04:47:13.620+0000] {processor.py:208} INFO - Processing /home/airflow/.local/lib/python3.12/site-packages/airflow/example_dags/example_sensors.py took 0.093 seconds
[2026-08-12T04:47:44.025+0000] {processor.py:186} INFO - Started process (PID=1896) to work on /home/airflow/.local/lib/python3.12/site-packages/airflow/example_dags/example_sensors.py
[2026-08-12T04:47:44.026+0000] {processor.py:914} INFO - Processing file /home/airflow/.local/lib/python3.12/site-packages/airflow/example_dags/example_sensors.py for tasks to queue
[2026-08-12T04:47:44.030+0000] {logging_mixin.py:190} INFO - [2026-08-12T04:47:44.029+0000] {dagbag.py:587} INFO - Filling up the DagBag from /home/airflow/.local/lib/python3.12/site-packages/airflow/example_dags/example_sensors.py
[2026-08-12T04:47:44.040+0000] {processor.py:925} INFO - DAG(s) 'example_sensors' retrieved from /home/airflow/.local/lib/python3.12/site-packages/airflow/example_dags/example_sensors.py
[2026-08-12T04:47:44.066+0000] {logging_mixin.py:190} INFO - [2026-08-12T04:47:44.066+0000] {dag.py:3211} INFO - Sync 1 DAGs
[2026-08-12T04:47:44.081+0000] {logging_mixin.py:190} INFO - [2026-08-12T04:47:44.081+0000] {dag.py:4138} INFO - Setting next_dagrun for example_sensors to None, run_after=None
[2026-08-12T04:47:44.120+0000] {processor.py:208} INFO - Processing /home/airflow/.local/lib/python3.12/site-packages/airflow/example_dags/example_sensors.py took 0.101 seconds
[2026-08-12T04:48:15.004+0000] {processor.py:186} INFO - Started process (PID=1958) to work on /home/airflow/.local/lib/python3.12/site-packages/airflow/example_dags/example_sensors.py
[2026-08-12T04:48:15.006+0000] {processor.py:914} INFO - Processing file /home/airflow/.local/lib/python3.12/site-packages/airflow/example_dags/example_sensors.py for tasks to queue
[2026-08-12T04:48:15.009+0000] {logging_mixin.py:190} INFO - [2026-08-12T04:48:15.009+0000] {dagbag.py:587} INFO - Filling up the DagBag from /home/airflow/.local/lib/python3.12/site-packages/airflow/example_dags/example_sensors.py
[2026-08-12T04:48:15.021+0000] {processor.py:925} INFO - DAG(s) 'example_sensors' retrieved from /home/airflow/.local/lib/python3.12/site-packages/airflow/example_dags/example_sensors.py
[2026-08-12T04:48:15.048+0000] {logging_mixin.py:190} INFO - [2026-08-12T04:48:15.047+0000] {dag.py:3211} INFO - Sync 1 DAGs
[2026-08-12T04:48:15.065+0000] {logging_mixin.py:190} INFO - [2026-08-12T04:48:15.065+0000] {dag.py:4138} INFO - Setting next_dagrun for example_sensors to None, run_after=None
[2026-08-12T04:48:15.088+0000] {processor.py:208} INFO - Processing /home/airflow/.local/lib/python3.12/site-packages/airflow/example_dags/example_sensors.py took 0.089 seconds
[2026-08-12T04:48:45.939+0000] {processor.py:186} INFO - Started process (PID=2020) to work on /home/airflow/.local/lib/python3.12/site-packages/airflow/example_dags/example_sensors.py
[2026-08-12T04:48:45.941+0000] {processor.py:914} INFO - Processing file /home/airflow/.local/lib/python3.12/site-packages/airflow/example_dags/example_sensors.py for tasks to queue
[2026-08-12T04:48:45.944+0000] {logging_mixin.py:190} INFO - [2026-08-12T04:48:45.944+0000] {dagbag.py:587} INFO - Filling up the DagBag from /home/airflow/.local/lib/python3.12/site-packages/airflow/example_dags/example_sensors.py
[2026-08-12T04:48:45.960+0000] {processor.py:925} INFO - DAG(s) 'example_sensors' retrieved from /home/airflow/.local/lib/python3.12/site-packages/airflow/example_dags/example_sensors.py
[2026-08-12T04:48:45.988+0000] {logging_mixin.py:190} INFO - [2026-08-12T04:48:45.988+0000] {dag.py:3211} INFO - Sync 1 DAGs
[2026-08-12T04:48:46.003+0000] {logging_mixin.py:190} INFO - [2026-08-12T04:48:46.003+0000] {dag.py:4138} INFO - Setting next_dagrun for example_sensors to None, run_after=None
[2026-08-12T04:48:46.032+0000] {processor.py:208} INFO - Processing /home/airflow/.local/lib/python3.12/site-packages/airflow/example_dags/example_sensors.py took 0.100 seconds
[2026-08-12T04:49:16.288+0000] {processor.py:186} INFO - Started process (PID=2082) to work on /home/airflow/.local/lib/python3.12/site-packages/airflow/example_dags/example_sensors.py
[2026-08-12T04:49:16.291+0000] {processor.py:914} INFO - Processing file /home/airflow/.local/lib/python3.12/site-packages/airflow/example_dags/example_sensors.py for tasks to queue
[2026-08-12T04:49:16.295+0000] {logging_mixin.py:190} INFO - [2026-08-12T04:49:16.294+0000] {dagbag.py:587} INFO - Filling up the DagBag from /home/airflow/.local/lib/python3.12/site-packages/airflow/example_dags/example_sensors.py
[2026-08-12T04:49:16.307+0000] {processor.py:925} INFO - DAG(s) 'example_sensors' retrieved from /home/airflow/.local/lib/python3.12/site-packages/airflow/example_dags/example_sensors.py
[2026-08-12T04:49:16.348+0000] {logging_mixin.py:190} INFO - [2026-08-12T04:49:16.348+0000] {dag.py:3211} INFO - Sync 1 DAGs
[2026-08-12T04:49:16.365+0000] {logging_mixin.py:190} INFO - [2026-08-12T04:49:16.365+0000] {dag.py:4138} INFO - Setting next_dagrun for example_sensors to None, run_after=None
[2026-08-12T04:49:16.387+0000] {processor.py:208} INFO - Processing /home/airflow/.local/lib/python3.12/site-packages/airflow/example_dags/example_sensors.py took 0.105 seconds
[2026-08-12T04:49:46.672+0000] {processor.py:186} INFO - Started process (PID=2144) to work on /home/airflow/.local/lib/python3.12/site-packages/airflow/example_dags/example_sensors.py
[2026-08-12T04:49:46.674+0000] {processor.py:914} INFO - Processing file /home/airflow/.local/lib/python3.12/site-packages/airflow/example_dags/example_sensors.py for tasks to queue
[2026-08-12T04:49:46.678+0000] {logging_mixin.py:190} INFO - [2026-08-12T04:49:46.677+0000] {dagbag.py:587} INFO - Filling up the DagBag from /home/airflow/.local/lib/python3.12/site-packages/airflow/example_dags/example_sensors.py
[2026-08-12T04:49:46.690+0000] {processor.py:925} INFO - DAG(s) 'example_sensors' retrieved from /home/airflow/.local/lib/python3.12/site-packages/airflow/example_dags/example_sensors.py
[2026-08-12T04:49:46.719+0000] {logging_mixin.py:190} INFO - [2026-08-12T04:49:46.719+0000] {dag.py:3211} INFO - Sync 1 DAGs
[2026-08-12T04:49:46.736+0000] {logging_mixin.py:190} INFO - [2026-08-12T04:49:46.735+0000] {dag.py:4138} INFO - Setting next_dagrun for example_sensors to None, run_after=None
[2026-08-12T04:49:46.758+0000] {processor.py:208} INFO - Processing /home/airflow/.local/lib/python3.12/site-packages/airflow/example_dags/example_sensors.py took 0.092 seconds
[2026-08-12T04:50:16.988+0000] {processor.py:186} INFO - Started process (PID=2206) to work on /home/airflow/.local/lib/python3.12/site-packages/airflow/example_dags/example_sensors.py
[2026-08-12T04:50:16.989+0000] {processor.py:914} INFO - Processing file /home/airflow/.local/lib/python3.12/site-packages/airflow/example_dags/example_sensors.py for tasks to queue
[2026-08-12T04:50:16.992+0000] {logging_mixin.py:190} INFO - [2026-08-12T04:50:16.992+0000] {dagbag.py:587} INFO - Filling up the DagBag from /home/airflow/.local/lib/python3.12/site-packages/airflow/example_dags/example_sensors.py
[2026-08-12T04:50:17.004+0000] {processor.py:925} INFO - DAG(s) 'example_sensors' retrieved from /home/airflow/.local/lib/python3.12/site-packages/airflow/example_dags/example_sensors.py
[2026-08-12T04:50:17.035+0000] {logging_mixin.py:190} INFO - [2026-08-12T04:50:17.034+0000] {dag.py:3211} INFO - Sync 1 DAGs
[2026-08-12T04:50:17.051+0000] {logging_mixin.py:190} INFO - [2026-08-12T04:50:17.051+0000] {dag.py:4138} INFO - Setting next_dagrun for example_sensors to None, run_after=None
[2026-08-12T04:50:17.074+0000] {processor.py:208} INFO - Processing /home/airflow/.local/lib/python3.12/site-packages/airflow/example_dags/example_sensors.py took 0.093 seconds
[2026-08-12T04:50:47.946+0000] {processor.py:186} INFO - Started process (PID=2267) to work on /home/airflow/.local/lib/python3.12/site-packages/airflow/example_dags/example_sensors.py
[2026-08-12T04:50:47.947+0000] {processor.py:914} INFO - Processing file /home/airflow/.local/lib/python3.12/site-packages/airflow/example_dags/example_sensors.py for tasks to queue
[2026-08-12T04:50:47.951+0000] {logging_mixin.py:190} INFO - [2026-08-12T04:50:47.950+0000] {dagbag.py:587} INFO - Filling up the DagBag from /home/airflow/.local/lib/python3.12/site-packages/airflow/example_dags/example_sensors.py
[2026-08-12T04:50:47.962+0000] {processor.py:925} INFO - DAG(s) 'example_sensors' retrieved from /home/airflow/.local/lib/python3.12/site-packages/airflow/example_dags/example_sensors.py
[2026-08-12T04:50:47.988+0000] {logging_mixin.py:190} INFO - [2026-08-12T04:50:47.988+0000] {dag.py:3211} INFO - Sync 1 DAGs
[2026-08-12T04:50:48.003+0000] {logging_mixin.py:190} INFO - [2026-08-12T04:50:48.002+0000] {dag.py:4138} INFO - Setting next_dagrun for example_sensors to None, run_after=None
[2026-08-12T04:50:48.037+0000] {processor.py:208} INFO - Processing /home/airflow/.local/lib/python3.12/site-packages/airflow/example_dags/example_sensors.py took 0.097 seconds
[2026-08-12T04:51:18.722+0000] {processor.py:186} INFO - Started process (PID=2329) to work on /home/airflow/.local/lib/python3.12/site-packages/airflow/example_dags/example_sensors.py
[2026-08-12T04:51:18.724+0000] {processor.py:914} INFO - Processing file /home/airflow/.local/lib/python3.12/site-packages/airflow/example_dags/example_sensors.py for tasks to queue
[2026-08-12T04:51:18.728+0000] {logging_mixin.py:190} INFO - [2026-08-12T04:51:18.728+0000] {dagbag.py:587} INFO - Filling up the DagBag from /home/airflow/.local/lib/python3.12/site-packages/airflow/example_dags/example_sensors.py
[2026-08-12T04:51:18.745+0000] {processor.py:925} INFO - DAG(s) 'example_sensors' retrieved from /home/airflow/.local/lib/python3.12/site-packages/airflow/example_dags/example_sensors.py
[2026-08-12T04:51:18.776+0000] {logging_mixin.py:190} INFO - [2026-08-12T04:51:18.776+0000] {dag.py:3211} INFO - Sync 1 DAGs
[2026-08-12T04:51:18.794+0000] {logging_mixin.py:190} INFO - [2026-08-12T04:51:18.793+0000] {dag.py:4138} INFO - Setting next_dagrun for example_sensors to None, run_after=None
[2026-08-12T04:51:18.818+0000] {processor.py:208} INFO - Processing /home/airflow/.local/lib/python3.12/site-packages/airflow/example_dags/example_sensors.py took 0.104 seconds
[2026-08-12T04:51:48.917+0000] {processor.py:186} INFO - Started process (PID=2391) to work on /home/airflow/.local/lib/python3.12/site-packages/airflow/example_dags/example_sensors.py
[2026-08-12T04:51:48.919+0000] {processor.py:914} INFO - Processing file /home/airflow/.local/lib/python3.12/site-packages/airflow/example_dags/example_sensors.py for tasks to queue
[2026-08-12T04:51:48.923+0000] {logging_mixin.py:190} INFO - [2026-08-12T04:51:48.922+0000] {dagbag.py:587} INFO - Filling up the DagBag from /home/airflow/.local/lib/python3.12/site-packages/airflow/example_dags/example_sensors.py
[2026-08-12T04:51:48.936+0000] {processor.py:925} INFO - DAG(s) 'example_sensors' retrieved from /home/airflow/.local/lib/python3.12/site-packages/airflow/example_dags/example_sensors.py
[2026-08-12T04:51:48.964+0000] {logging_mixin.py:190} INFO - [2026-08-12T04:51:48.964+0000] {dag.py:3211} INFO - Sync 1 DAGs
[2026-08-12T04:51:48.979+0000] {logging_mixin.py:190} INFO - [2026-08-12T04:51:48.979+0000] {dag.py:4138} INFO - Setting next_dagrun for example_sensors to None, run_after=None
[2026-08-12T04:51:48.999+0000] {processor.py:208} INFO - Processing /home/airflow/.local/lib/python3.12/site-packages/airflow/example_dags/example_sensors.py took 0.089 seconds
[2026-08-12T04:52:19.763+0000] {processor.py:186} INFO - Started process (PID=2453) to work on /home/airflow/.local/lib/python3.12/site-packages/airflow/example_dags/example_sensors.py
[2026-08-12T04:52:19.764+0000] {processor.py:914} INFO - Processing file /home/airflow/.local/lib/python3.12/site-packages/airflow/example_dags/example_sensors.py for tasks to queue
[2026-08-12T04:52:19.768+0000] {logging_mixin.py:190} INFO - [2026-08-12T04:52:19.768+0000] {dagbag.py:587} INFO - Filling up the DagBag from /home/airflow/.local/lib/python3.12/site-packages/airflow/example_dags/example_sensors.py
[2026-08-12T04:52:19.780+0000] {processor.py:925} INFO - DAG(s) 'example_sensors' retrieved from /home/airflow/.local/lib/python3.12/site-packages/airflow/example_dags/example_sensors.py
[2026-08-12T04:52:19.828+0000] {logging_mixin.py:190} INFO - [2026-08-12T04:52:19.828+0000] {dag.py:3211} INFO - Sync 1 DAGs
[2026-08-12T04:52:19.850+0000] {logging_mixin.py:190} INFO - [2026-08-12T04:52:19.850+0000] {dag.py:4138} INFO - Setting next_dagrun for example_sensors to None, run_after=None
[2026-08-12T04:52:19.894+0000] {processor.py:208} INFO - Processing /home/airflow/.local/lib/python3.12/site-packages/airflow/example_dags/example_sensors.py took 0.138 seconds
[2026-08-12T04:52:50.044+0000] {processor.py:186} INFO - Started process (PID=2515) to work on /home/airflow/.local/lib/python3.12/site-packages/airflow/example_dags/example_sensors.py
[2026-08-12T04:52:50.046+0000] {processor.py:914} INFO - Processing file /home/airflow/.local/lib/python3.12/site-packages/airflow/example_dags/example_sensors.py for tasks to queue
[2026-08-12T04:52:50.048+0000] {logging_mixin.py:190} INFO - [2026-08-12T04:52:50.048+0000] {dagbag.py:587} INFO - Filling up the DagBag from /home/airflow/.local/lib/python3.12/site-packages/airflow/example_dags/example_sensors.py
[2026-08-12T04:52:50.058+0000] {processor.py:925} INFO - DAG(s) 'example_sensors' retrieved from /home/airflow/.local/lib/python3.12/site-packages/airflow/example_dags/example_sensors.py
[2026-08-12T04:52:50.081+0000] {logging_mixin.py:190} INFO - [2026-08-12T04:52:50.080+0000] {dag.py:3211} INFO - Sync 1 DAGs
[2026-08-12T04:52:50.092+0000] {logging_mixin.py:190} INFO - [2026-08-12T04:52:50.092+0000] {dag.py:4138} INFO - Setting next_dagrun for example_sensors to None, run_after=None
[2026-08-12T04:52:50.111+0000] {processor.py:208} INFO - Processing /home/airflow/.local/lib/python3.12/site-packages/airflow/example_dags/example_sensors.py took 0.072 seconds
[2026-08-12T04:53:20.544+0000] {processor.py:186} INFO - Started process (PID=2578) to work on /home/airflow/.local/lib/python3.12/site-packages/airflow/example_dags/example_sensors.py
[2026-08-12T04:53:20.546+0000] {processor.py:914} INFO - Processing file /home/airflow/.local/lib/python3.12/site-packages/airflow/example_dags/example_sensors.py for tasks to queue
[2026-08-12T04:53:20.551+0000] {logging_mixin.py:190} INFO - [2026-08-12T04:53:20.550+0000] {dagbag.py:587} INFO - Filling up the DagBag from /home/airflow/.local/lib/python3.12/site-packages/airflow/example_dags/example_sensors.py
[2026-08-12T04:53:20.567+0000] {processor.py:925} INFO - DAG(s) 'example_sensors' retrieved from /home/airflow/.local/lib/python3.12/site-packages/airflow/example_dags/example_sensors.py
[2026-08-12T04:53:20.599+0000] {logging_mixin.py:190} INFO - [2026-08-12T04:53:20.599+0000] {dag.py:3211} INFO - Sync 1 DAGs
[2026-08-12T04:53:20.616+0000] {logging_mixin.py:190} INFO - [2026-08-12T04:53:20.616+0000] {dag.py:4138} INFO - Setting next_dagrun for example_sensors to None, run_after=None
[2026-08-12T04:53:20.642+0000] {processor.py:208} INFO - Processing /home/airflow/.local/lib/python3.12/site-packages/airflow/example_dags/example_sensors.py took 0.104 seconds
[2026-08-12T04:53:51.381+0000] {processor.py:186} INFO - Started process (PID=2641) to work on /home/airflow/.local/lib/python3.12/site-packages/airflow/example_dags/example_sensors.py
[2026-08-12T04:53:51.382+0000] {processor.py:914} INFO - Processing file /home/airflow/.local/lib/python3.12/site-packages/airflow/example_dags/example_sensors.py for tasks to queue
[2026-08-12T04:53:51.385+0000] {logging_mixin.py:190} INFO - [2026-08-12T04:53:51.385+0000] {dagbag.py:587} INFO - Filling up the DagBag from /home/airflow/.local/lib/python3.12/site-packages/airflow/example_dags/example_sensors.py
[2026-08-12T04:53:51.395+0000] {processor.py:925} INFO - DAG(s) 'example_sensors' retrieved from /home/airflow/.local/lib/python3.12/site-packages/airflow/example_dags/example_sensors.py
[2026-08-12T04:53:51.419+0000] {logging_mixin.py:190} INFO - [2026-08-12T04:53:51.418+0000] {dag.py:3211} INFO - Sync 1 DAGs
[2026-08-12T04:53:51.431+0000] {logging_mixin.py:190} INFO - [2026-08-12T04:53:51.431+0000] {dag.py:4138} INFO - Setting next_dagrun for example_sensors to None, run_after=None
[2026-08-12T04:53:51.449+0000] {processor.py:208} INFO - Processing /home/airflow/.local/lib/python3.12/site-packages/airflow/example_dags/example_sensors.py took 0.073 seconds
[2026-08-12T04:54:21.603+0000] {processor.py:186} INFO - Started process (PID=2704) to work on /home/airflow/.local/lib/python3.12/site-packages/airflow/example_dags/example_sensors.py
[2026-08-12T04:54:21.605+0000] {processor.py:914} INFO - Processing file /home/airflow/.local/lib/python3.12/site-packages/airflow/example_dags/example_sensors.py for tasks to queue
[2026-08-12T04:54:21.607+0000] {logging_mixin.py:190} INFO - [2026-08-12T04:54:21.607+0000] {dagbag.py:587} INFO - Filling up the DagBag from /home/airflow/.local/lib/python3.12/site-packages/airflow/example_dags/example_sensors.py
[2026-08-12T04:54:21.617+0000] {processor.py:925} INFO - DAG(s) 'example_sensors' retrieved from /home/airflow/.local/lib/python3.12/site-packages/airflow/example_dags/example_sensors.py
[2026-08-12T04:54:21.641+0000] {logging_mixin.py:190} INFO - [2026-08-12T04:54:21.641+0000] {dag.py:3211} INFO - Sync 1 DAGs
[2026-08-12T04:54:21.655+0000] {logging_mixin.py:190} INFO - [2026-08-12T04:54:21.655+0000] {dag.py:4138} INFO - Setting next_dagrun for example_sensors to None, run_after=None
[2026-08-12T04:54:21.674+0000] {processor.py:208} INFO - Processing /home/airflow/.local/lib/python3.12/site-packages/airflow/example_dags/example_sensors.py took 0.076 seconds
[2026-08-12T04:54:52.283+0000] {processor.py:186} INFO - Started process (PID=2767) to work on /home/airflow/.local/lib/python3.12/site-packages/airflow/example_dags/example_sensors.py
[2026-08-12T04:54:52.284+0000] {processor.py:914} INFO - Processing file /home/airflow/.local/lib/python3.12/site-packages/airflow/example_dags/example_sensors.py for tasks to queue
[2026-08-12T04:54:52.287+0000] {logging_mixin.py:190} INFO - [2026-08-12T04:54:52.287+0000] {dagbag.py:587} INFO - Filling up the DagBag from /home/airflow/.local/lib/python3.12/site-packages/airflow/example_dags/example_sensors.py
[2026-08-12T04:54:52.297+0000] {processor.py:925} INFO - DAG(s) 'example_sensors' retrieved from /home/airflow/.local/lib/python3.12/site-packages/airflow/example_dags/example_sensors.py
[2026-08-12T04:54:52.322+0000] {logging_mixin.py:190} INFO - [2026-08-12T04:54:52.322+0000] {dag.py:3211} INFO - Sync 1 DAGs
[2026-08-12T04:54:52.337+0000] {logging_mixin.py:190} INFO - [2026-08-12T04:54:52.337+0000] {dag.py:4138} INFO - Setting next_dagrun for example_sensors to None, run_after=None
[2026-08-12T04:54:52.359+0000] {processor.py:208} INFO - Processing /home/airflow/.local/lib/python3.12/site-packages/airflow/example_dags/example_sensors.py took 0.082 seconds
[2026-08-12T04:55:22.723+0000] {processor.py:186} INFO - Started process (PID=2830) to work on /home/airflow/.local/lib/python3.12/site-packages/airflow/example_dags/example_sensors.py
[2026-08-12T04:55:22.725+0000] {processor.py:914} INFO - Processing file /home/airflow/.local/lib/python3.12/site-packages/airflow/example_dags/example_sensors.py for tasks to queue
[2026-08-12T04:55:22.729+0000] {logging_mixin.py:190} INFO - [2026-08-12T04:55:22.728+0000] {dagbag.py:587} INFO - Filling up the DagBag from /home/airflow/.local/lib/python3.12/site-packages/airflow/example_dags/example_sensors.py
[2026-08-12T04:55:22.741+0000] {processor.py:925} INFO - DAG(s) 'example_sensors' retrieved from /home/airflow/.local/lib/python3.12/site-packages/airflow/example_dags/example_sensors.py
[2026-08-12T04:55:22.768+0000] {logging_mixin.py:190} INFO - [2026-08-12T04:55:22.768+0000] {dag.py:3211} INFO - Sync 1 DAGs
[2026-08-12T04:55:22.785+0000] {logging_mixin.py:190} INFO - [2026-08-12T04:55:22.785+0000] {dag.py:4138} INFO - Setting next_dagrun for example_sensors to None, run_after=None
[2026-08-12T04:55:22.808+0000] {processor.py:208} INFO - Processing /home/airflow/.local/lib/python3.12/site-packages/airflow/example_dags/example_sensors.py took 0.091 seconds
[2026-08-12T04:55:53.404+0000] {processor.py:186} INFO - Started process (PID=2893) to work on /home/airflow/.local/lib/python3.12/site-packages/airflow/example_dags/example_sensors.py
[2026-08-12T04:55:53.406+0000] {processor.py:914} INFO - Processing file /home/airflow/.local/lib/python3.12/site-packages/airflow/example_dags/example_sensors.py for tasks to queue
[2026-08-12T04:55:53.409+0000] {logging_mixin.py:190} INFO - [2026-08-12T04:55:53.409+0000] {dagbag.py:587} INFO - Filling up the DagBag from /home/airflow/.local/lib/python3.12/site-packages/airflow/example_dags/example_sensors.py
[2026-08-12T04:55:53.422+0000] {processor.py:925} INFO - DAG(s) 'example_sensors' retrieved from /home/airflow/.local/lib/python3.12/site-packages/airflow/example_dags/example_sensors.py
[2026-08-12T04:55:53.457+0000] {logging_mixin.py:190} INFO - [2026-08-12T04:55:53.456+0000] {dag.py:3211} INFO - Sync 1 DAGs
[2026-08-12T04:55:53.474+0000] {logging_mixin.py:190} INFO - [2026-08-12T04:55:53.474+0000] {dag.py:4138} INFO - Setting next_dagrun for example_sensors to None, run_after=None
[2026-08-12T04:55:53.501+0000] {processor.py:208} INFO - Processing /home/airflow/.local/lib/python3.12/site-packages/airflow/example_dags/example_sensors.py took 0.103 seconds
[2026-08-12T04:56:24.181+0000] {processor.py:186} INFO - Started process (PID=2956) to work on /home/airflow/.local/lib/python3.12/site-packages/airflow/example_dags/example_sensors.py
[2026-08-12T04:56:24.183+0000] {processor.py:914} INFO - Processing file /home/airflow/.local/lib/python3.12/site-packages/airflow/example_dags/example_sensors.py for tasks to queue
[2026-08-12T04:56:24.186+0000] {logging_mixin.py:190} INFO - [2026-08-12T04:56:24.186+0000] {dagbag.py:587} INFO - Filling up the DagBag from /home/airflow/.local/lib/python3.12/site-packages/airflow/example_dags/example_sensors.py
[2026-08-12T04:56:24.197+0000] {processor.py:925} INFO - DAG(s) 'example_sensors' retrieved from /home/airflow/.local/lib/python3.12/site-packages/airflow/example_dags/example_sensors.py
[2026-08-12T04:56:24.227+0000] {logging_mixin.py:190} INFO - [2026-08-12T04:56:24.227+0000] {dag.py:3211} INFO - Sync 1 DAGs
[2026-08-12T04:56:24.243+0000] {logging_mixin.py:190} INFO - [2026-08-12T04:56:24.242+0000] {dag.py:4138} INFO - Setting next_dagrun for example_sensors to None, run_after=None
[2026-08-12T04:56:24.264+0000] {processor.py:208} INFO - Processing /home/airflow/.local/lib/python3.12/site-packages/airflow/example_dags/example_sensors.py took 0.088 seconds
[2026-08-12T04:56:55.182+0000] {processor.py:186} INFO - Started process (PID=3019) to work on /home/airflow/.local/lib/python3.12/site-packages/airflow/example_dags/example_sensors.py
[2026-08-12T04:56:55.184+0000] {processor.py:914} INFO - Processing file /home/airflow/.local/lib/python3.12/site-packages/airflow/example_dags/example_sensors.py for tasks to queue
[2026-08-12T04:56:55.187+0000] {logging_mixin.py:190} INFO - [2026-08-12T04:56:55.186+0000] {dagbag.py:587} INFO - Filling up the DagBag from /home/airflow/.local/lib/python3.12/site-packages/airflow/example_dags/example_sensors.py
[2026-08-12T04:56:55.196+0000] {processor.py:925} INFO - DAG(s) 'example_sensors' retrieved from /home/airflow/.local/lib/python3.12/site-packages/airflow/example_dags/example_sensors.py
[2026-08-12T04:56:55.222+0000] {logging_mixin.py:190} INFO - [2026-08-12T04:56:55.221+0000] {dag.py:3211} INFO - Sync 1 DAGs
[2026-08-12T04:56:55.236+0000] {logging_mixin.py:190} INFO - [2026-08-12T04:56:55.236+0000] {dag.py:4138} INFO - Setting next_dagrun for example_sensors to None, run_after=None
[2026-08-12T04:56:55.258+0000] {processor.py:208} INFO - Processing /home/airflow/.local/lib/python3.12/site-packages/airflow/example_dags/example_sensors.py took 0.082 seconds
[2026-08-12T04:57:26.175+0000] {processor.py:186} INFO - Started process (PID=3082) to work on /home/airflow/.local/lib/python3.12/site-packages/airflow/example_dags/example_sensors.py
[2026-08-12T04:57:26.176+0000] {processor.py:914} INFO - Processing file /home/airflow/.local/lib/python3.12/site-packages/airflow/example_dags/example_sensors.py for tasks to queue
[2026-08-12T04:57:26.179+0000] {logging_mixin.py:190} INFO - [2026-08-12T04:57:26.179+0000] {dagbag.py:587} INFO - Filling up the DagBag from /home/airflow/.local/lib/python3.12/site-packages/airflow/example_dags/example_sensors.py
[2026-08-12T04:57:26.189+0000] {processor.py:925} INFO - DAG(s) 'example_sensors' retrieved from /home/airflow/.local/lib/python3.12/site-packages/airflow/example_dags/example_sensors.py
[2026-08-12T04:57:26.216+0000] {logging_mixin.py:190} INFO - [2026-08-12T04:57:26.215+0000] {dag.py:3211} INFO - Sync 1 DAGs
[2026-08-12T04:57:26.232+0000] {logging_mixin.py:190} INFO - [2026-08-12T04:57:26.232+0000] {dag.py:4138} INFO - Setting next_dagrun for example_sensors to None, run_after=None
[2026-08-12T04:57:26.253+0000] {processor.py:208} INFO - Processing /home/airflow/.local/lib/python3.12/site-packages/airflow/example_dags/example_sensors.py took 0.083 seconds
[2026-08-12T04:57:58.582+0000] {processor.py:186} INFO - Started process (PID=3151) to work on /home/airflow/.local/lib/python3.12/site-packages/airflow/example_dags/example_sensors.py
[2026-08-12T04:57:58.584+0000] {processor.py:914} INFO - Processing file /home/airflow/.local/lib/python3.12/site-packages/airflow/example_dags/example_sensors.py for tasks to queue
[2026-08-12T04:57:58.587+0000] {logging_mixin.py:190} INFO - [2026-08-12T04:57:58.586+0000] {dagbag.py:587} INFO - Filling up the DagBag from /home/airflow/.local/lib/python3.12/site-packages/airflow/example_dags/example_sensors.py
[2026-08-12T04:57:58.613+0000] {processor.py:925} INFO - DAG(s) 'example_sensors' retrieved from /home/airflow/.local/lib/python3.12/site-packages/airflow/example_dags/example_sensors.py
[2026-08-12T04:57:58.644+0000] {logging_mixin.py:190} INFO - [2026-08-12T04:57:58.644+0000] {dag.py:3211} INFO - Sync 1 DAGs
[2026-08-12T04:57:58.667+0000] {logging_mixin.py:190} INFO - [2026-08-12T04:57:58.666+0000] {dag.py:4138} INFO - Setting next_dagrun for example_sensors to None, run_after=None
[2026-08-12T04:57:58.880+0000] {processor.py:208} INFO - Processing /home/airflow/.local/lib/python3.12/site-packages/airflow/example_dags/example_sensors.py took 0.305 seconds
[2026-08-12T04:58:29.531+0000] {processor.py:186} INFO - Started process (PID=3214) to work on /home/airflow/.local/lib/python3.12/site-packages/airflow/example_dags/example_sensors.py
[2026-08-12T04:58:29.533+0000] {processor.py:914} INFO - Processing file /home/airflow/.local/lib/python3.12/site-packages/airflow/example_dags/example_sensors.py for tasks to queue
[2026-08-12T04:58:29.537+0000] {logging_mixin.py:190} INFO - [2026-08-12T04:58:29.536+0000] {dagbag.py:587} INFO - Filling up the DagBag from /home/airflow/.local/lib/python3.12/site-packages/airflow/example_dags/example_sensors.py
[2026-08-12T04:58:29.553+0000] {processor.py:925} INFO - DAG(s) 'example_sensors' retrieved from /home/airflow/.local/lib/python3.12/site-packages/airflow/example_dags/example_sensors.py
[2026-08-12T04:58:29.587+0000] {logging_mixin.py:190} INFO - [2026-08-12T04:58:29.586+0000] {dag.py:3211} INFO - Sync 1 DAGs
[2026-08-12T04:58:29.621+0000] {logging_mixin.py:190} INFO - [2026-08-12T04:58:29.621+0000] {dag.py:4138} INFO - Setting next_dagrun for example_sensors to None, run_after=None
[2026-08-12T04:58:29.645+0000] {processor.py:208} INFO - Processing /home/airflow/.local/lib/python3.12/site-packages/airflow/example_dags/example_sensors.py took 0.121 seconds
[2026-08-12T04:58:59.734+0000] {processor.py:186} INFO - Started process (PID=3277) to work on /home/airflow/.local/lib/python3.12/site-packages/airflow/example_dags/example_sensors.py
[2026-08-12T04:58:59.736+0000] {processor.py:914} INFO - Processing file /home/airflow/.local/lib/python3.12/site-packages/airflow/example_dags/example_sensors.py for tasks to queue
[2026-08-12T04:58:59.740+0000] {logging_mixin.py:190} INFO - [2026-08-12T04:58:59.739+0000] {dagbag.py:587} INFO - Filling up the DagBag from /home/airflow/.local/lib/python3.12/site-packages/airflow/example_dags/example_sensors.py
[2026-08-12T04:58:59.760+0000] {processor.py:925} INFO - DAG(s) 'example_sensors' retrieved from /home/airflow/.local/lib/python3.12/site-packages/airflow/example_dags/example_sensors.py
[2026-08-12T04:58:59.793+0000] {logging_mixin.py:190} INFO - [2026-08-12T04:58:59.793+0000] {dag.py:3211} INFO - Sync 1 DAGs
[2026-08-12T04:58:59.811+0000] {logging_mixin.py:190} INFO - [2026-08-12T04:58:59.810+0000] {dag.py:4138} INFO - Setting next_dagrun for example_sensors to None, run_after=None
[2026-08-12T04:58:59.833+0000] {processor.py:208} INFO - Processing /home/airflow/.local/lib/python3.12/site-packages/airflow/example_dags/example_sensors.py took 0.110 seconds
[2026-08-12T04:59:30.608+0000] {processor.py:186} INFO - Started process (PID=3342) to work on /home/airflow/.local/lib/python3.12/site-packages/airflow/example_dags/example_sensors.py
[2026-08-12T04:59:30.611+0000] {processor.py:914} INFO - Processing file /home/airflow/.local/lib/python3.12/site-packages/airflow/example_dags/example_sensors.py for tasks to queue
[2026-08-12T04:59:30.616+0000] {logging_mixin.py:190} INFO - [2026-08-12T04:59:30.615+0000] {dagbag.py:587} INFO - Filling up the DagBag from /home/airflow/.local/lib/python3.12/site-packages/airflow/example_dags/example_sensors.py
[2026-08-12T04:59:30.632+0000] {processor.py:925} INFO - DAG(s) 'example_sensors' retrieved from /home/airflow/.local/lib/python3.12/site-packages/airflow/example_dags/example_sensors.py
[2026-08-12T04:59:30.679+0000] {logging_mixin.py:190} INFO - [2026-08-12T04:59:30.678+0000] {dag.py:3211} INFO - Sync 1 DAGs
[2026-08-12T04:59:30.699+0000] {logging_mixin.py:190} INFO - [2026-08-12T04:59:30.698+0000] {dag.py:4138} INFO - Setting next_dagrun for example_sensors to None, run_after=None
[2026-08-12T04:59:30.719+0000] {processor.py:208} INFO - Processing /home/airflow/.local/lib/python3.12/site-packages/airflow/example_dags/example_sensors.py took 0.120 seconds
[2026-08-12T05:00:02.463+0000] {processor.py:186} INFO - Started process (PID=3405) to work on /home/airflow/.local/lib/python3.12/site-packages/airflow/example_dags/example_sensors.py
[2026-08-12T05:00:02.464+0000] {processor.py:914} INFO - Processing file /home/airflow/.local/lib/python3.12/site-packages/airflow/example_dags/example_sensors.py for tasks to queue
[2026-08-12T05:00:02.467+0000] {logging_mixin.py:190} INFO - [2026-08-12T05:00:02.467+0000] {dagbag.py:587} INFO - Filling up the DagBag from /home/airflow/.local/lib/python3.12/site-packages/airflow/example_dags/example_sensors.py
[2026-08-12T05:00:02.477+0000] {processor.py:925} INFO - DAG(s) 'example_sensors' retrieved from /home/airflow/.local/lib/python3.12/site-packages/airflow/example_dags/example_sensors.py
[2026-08-12T05:00:02.503+0000] {logging_mixin.py:190} INFO - [2026-08-12T05:00:02.502+0000] {dag.py:3211} INFO - Sync 1 DAGs
[2026-08-12T05:00:02.516+0000] {logging_mixin.py:190} INFO - [2026-08-12T05:00:02.516+0000] {dag.py:4138} INFO - Setting next_dagrun for example_sensors to None, run_after=None
[2026-08-12T05:00:02.536+0000] {processor.py:208} INFO - Processing /home/airflow/.local/lib/python3.12/site-packages/airflow/example_dags/example_sensors.py took 0.078 seconds
[2026-08-12T05:00:33.539+0000] {processor.py:186} INFO - Started process (PID=3468) to work on /home/airflow/.local/lib/python3.12/site-packages/airflow/example_dags/example_sensors.py
[2026-08-12T05:00:33.540+0000] {processor.py:914} INFO - Processing file /home/airflow/.local/lib/python3.12/site-packages/airflow/example_dags/example_sensors.py for tasks to queue
[2026-08-12T05:00:33.543+0000] {logging_mixin.py:190} INFO - [2026-08-12T05:00:33.542+0000] {dagbag.py:587} INFO - Filling up the DagBag from /home/airflow/.local/lib/python3.12/site-packages/airflow/example_dags/example_sensors.py
[2026-08-12T05:00:33.552+0000] {processor.py:925} INFO - DAG(s) 'example_sensors' retrieved from /home/airflow/.local/lib/python3.12/site-packages/airflow/example_dags/example_sensors.py
[2026-08-12T05:00:33.578+0000] {logging_mixin.py:190} INFO - [2026-08-12T05:00:33.577+0000] {dag.py:3211} INFO - Sync 1 DAGs
[2026-08-12T05:00:33.755+0000] {logging_mixin.py:190} INFO - [2026-08-12T05:00:33.755+0000] {dag.py:4138} INFO - Setting next_dagrun for example_sensors to None, run_after=None
[2026-08-12T05:00:33.787+0000] {processor.py:208} INFO - Processing /home/airflow/.local/lib/python3.12/site-packages/airflow/example_dags/example_sensors.py took 0.254 seconds
[2026-08-12T05:01:03.839+0000] {processor.py:186} INFO - Started process (PID=3531) to work on /home/airflow/.local/lib/python3.12/site-packages/airflow/example_dags/example_sensors.py
[2026-08-12T05:01:03.840+0000] {processor.py:914} INFO - Processing file /home/airflow/.local/lib/python3.12/site-packages/airflow/example_dags/example_sensors.py for tasks to queue
[2026-08-12T05:01:03.843+0000] {logging_mixin.py:190} INFO - [2026-08-12T05:01:03.843+0000] {dagbag.py:587} INFO - Filling up the DagBag from /home/airflow/.local/lib/python3.12/site-packages/airflow/example_dags/example_sensors.py
[2026-08-12T05:01:03.853+0000] {processor.py:925} INFO - DAG(s) 'example_sensors' retrieved from /home/airflow/.local/lib/python3.12/site-packages/airflow/example_dags/example_sensors.py
[2026-08-12T05:01:03.877+0000] {logging_mixin.py:190} INFO - [2026-08-12T05:01:03.877+0000] {dag.py:3211} INFO - Sync 1 DAGs
[2026-08-12T05:01:03.891+0000] {logging_mixin.py:190} INFO - [2026-08-12T05:01:03.891+0000] {dag.py:4138} INFO - Setting next_dagrun for example_sensors to None, run_after=None
[2026-08-12T05:01:03.911+0000] {processor.py:208} INFO - Processing /home/airflow/.local/lib/python3.12/site-packages/airflow/example_dags/example_sensors.py took 0.078 seconds
[2026-08-12T05:01:33.987+0000] {processor.py:186} INFO - Started process (PID=3594) to work on /home/airflow/.local/lib/python3.12/site-packages/airflow/example_dags/example_sensors.py
[2026-08-12T05:01:33.989+0000] {processor.py:914} INFO - Processing file /home/airflow/.local/lib/python3.12/site-packages/airflow/example_dags/example_sensors.py for tasks to queue
[2026-08-12T05:01:33.991+0000] {logging_mixin.py:190} INFO - [2026-08-12T05:01:33.991+0000] {dagbag.py:587} INFO - Filling up the DagBag from /home/airflow/.local/lib/python3.12/site-packages/airflow/example_dags/example_sensors.py
[2026-08-12T05:01:34.002+0000] {processor.py:925} INFO - DAG(s) 'example_sensors' retrieved from /home/airflow/.local/lib/python3.12/site-packages/airflow/example_dags/example_sensors.py
[2026-08-12T05:01:34.029+0000] {logging_mixin.py:190} INFO - [2026-08-12T05:01:34.029+0000] {dag.py:3211} INFO - Sync 1 DAGs
[2026-08-12T05:01:34.043+0000] {logging_mixin.py:190} INFO - [2026-08-12T05:01:34.043+0000] {dag.py:4138} INFO - Setting next_dagrun for example_sensors to None, run_after=None
[2026-08-12T05:01:34.064+0000] {processor.py:208} INFO - Processing /home/airflow/.local/lib/python3.12/site-packages/airflow/example_dags/example_sensors.py took 0.082 seconds
[2026-08-12T05:02:04.311+0000] {processor.py:186} INFO - Started process (PID=3658) to work on /home/airflow/.local/lib/python3.12/site-packages/airflow/example_dags/example_sensors.py
[2026-08-12T05:02:04.312+0000] {processor.py:914} INFO - Processing file /home/airflow/.local/lib/python3.12/site-packages/airflow/example_dags/example_sensors.py for tasks to queue
[2026-08-12T05:02:04.316+0000] {logging_mixin.py:190} INFO - [2026-08-12T05:02:04.315+0000] {dagbag.py:587} INFO - Filling up the DagBag from /home/airflow/.local/lib/python3.12/site-packages/airflow/example_dags/example_sensors.py
[2026-08-12T05:02:04.326+0000] {processor.py:925} INFO - DAG(s) 'example_sensors' retrieved from /home/airflow/.local/lib/python3.12/site-packages/airflow/example_dags/example_sensors.py
[2026-08-12T05:02:04.349+0000] {logging_mixin.py:190} INFO - [2026-08-12T05:02:04.348+0000] {dag.py:3211} INFO - Sync 1 DAGs
[2026-08-12T05:02:04.361+0000] {logging_mixin.py:190} INFO - [2026-08-12T05:02:04.360+0000] {dag.py:4138} INFO - Setting next_dagrun for example_sensors to None, run_after=None
[2026-08-12T05:02:04.379+0000] {processor.py:208} INFO - Processing /home/airflow/.local/lib/python3.12/site-packages/airflow/example_dags/example_sensors.py took 0.074 seconds
[2026-08-12T05:02:34.563+0000] {processor.py:186} INFO - Started process (PID=3721) to work on /home/airflow/.local/lib/python3.12/site-packages/airflow/example_dags/example_sensors.py
[2026-08-12T05:02:34.565+0000] {processor.py:914} INFO - Processing file /home/airflow/.local/lib/python3.12/site-packages/airflow/example_dags/example_sensors.py for tasks to queue
[2026-08-12T05:02:34.568+0000] {logging_mixin.py:190} INFO - [2026-08-12T05:02:34.568+0000] {dagbag.py:587} INFO - Filling up the DagBag from /home/airflow/.local/lib/python3.12/site-packages/airflow/example_dags/example_sensors.py
[2026-08-12T05:02:34.579+0000] {processor.py:925} INFO - DAG(s) 'example_sensors' retrieved from /home/airflow/.local/lib/python3.12/site-packages/airflow/example_dags/example_sensors.py
[2026-08-12T05:02:34.604+0000] {logging_mixin.py:190} INFO - [2026-08-12T05:02:34.604+0000] {dag.py:3211} INFO - Sync 1 DAGs
[2026-08-12T05:02:34.617+0000] {logging_mixin.py:190} INFO - [2026-08-12T05:02:34.617+0000] {dag.py:4138} INFO - Setting next_dagrun for example_sensors to None, run_after=None
[2026-08-12T05:02:34.636+0000] {processor.py:208} INFO - Processing /home/airflow/.local/lib/python3.12/site-packages/airflow/example_dags/example_sensors.py took 0.079 seconds
[2026-08-12T05:03:04.968+0000] {processor.py:186} INFO - Started process (PID=3784) to work on /home/airflow/.local/lib/python3.12/site-packages/airflow/example_dags/example_sensors.py
[2026-08-12T05:03:04.970+0000] {processor.py:914} INFO - Processing file /home/airflow/.local/lib/python3.12/site-packages/airflow/example_dags/example_sensors.py for tasks to queue
[2026-08-12T05:03:04.973+0000] {logging_mixin.py:190} INFO - [2026-08-12T05:03:04.973+0000] {dagbag.py:587} INFO - Filling up the DagBag from /home/airflow/.local/lib/python3.12/site-packages/airflow/example_dags/example_sensors.py
[2026-08-12T05:03:04.983+0000] {processor.py:925} INFO - DAG(s) 'example_sensors' retrieved from /home/airflow/.local/lib/python3.12/site-packages/airflow/example_dags/example_sensors.py
[2026-08-12T05:03:05.012+0000] {logging_mixin.py:190} INFO - [2026-08-12T05:03:05.012+0000] {dag.py:3211} INFO - Sync 1 DAGs
[2026-08-12T05:03:05.030+0000] {logging_mixin.py:190} INFO - [2026-08-12T05:03:05.030+0000] {dag.py:4138} INFO - Setting next_dagrun for example_sensors to None, run_after=None
[2026-08-12T05:03:05.057+0000] {processor.py:208} INFO - Processing /home/airflow/.local/lib/python3.12/site-packages/airflow/example_dags/example_sensors.py took 0.094 seconds
[2026-08-12T05:03:35.274+0000] {processor.py:186} INFO - Started process (PID=3847) to work on /home/airflow/.local/lib/python3.12/site-packages/airflow/example_dags/example_sensors.py
[2026-08-12T05:03:35.276+0000] {processor.py:914} INFO - Processing file /home/airflow/.local/lib/python3.12/site-packages/airflow/example_dags/example_sensors.py for tasks to queue
[2026-08-12T05:03:35.280+0000] {logging_mixin.py:190} INFO - [2026-08-12T05:03:35.280+0000] {dagbag.py:587} INFO - Filling up the DagBag from /home/airflow/.local/lib/python3.12/site-packages/airflow/example_dags/example_sensors.py
[2026-08-12T05:03:35.295+0000] {processor.py:925} INFO - DAG(s) 'example_sensors' retrieved from /home/airflow/.local/lib/python3.12/site-packages/airflow/example_dags/example_sensors.py
[2026-08-12T05:03:35.321+0000] {logging_mixin.py:190} INFO - [2026-08-12T05:03:35.321+0000] {dag.py:3211} INFO - Sync 1 DAGs
[2026-08-12T05:03:35.336+0000] {logging_mixin.py:190} INFO - [2026-08-12T05:03:35.336+0000] {dag.py:4138} INFO - Setting next_dagrun for example_sensors to None, run_after=None
[2026-08-12T05:03:35.357+0000] {processor.py:208} INFO - Processing /home/airflow/.local/lib/python3.12/site-packages/airflow/example_dags/example_sensors.py took 0.091 seconds
[2026-08-12T05:04:05.675+0000] {processor.py:186} INFO - Started process (PID=3910) to work on /home/airflow/.local/lib/python3.12/site-packages/airflow/example_dags/example_sensors.py
[2026-08-12T05:04:05.677+0000] {processor.py:914} INFO - Processing file /home/airflow/.local/lib/python3.12/site-packages/airflow/example_dags/example_sensors.py for tasks to queue
[2026-08-12T05:04:05.680+0000] {logging_mixin.py:190} INFO - [2026-08-12T05:04:05.680+0000] {dagbag.py:587} INFO - Filling up the DagBag from /home/airflow/.local/lib/python3.12/site-packages/airflow/example_dags/example_sensors.py
[2026-08-12T05:04:05.692+0000] {processor.py:925} INFO - DAG(s) 'example_sensors' retrieved from /home/airflow/.local/lib/python3.12/site-packages/airflow/example_dags/example_sensors.py
[2026-08-12T05:04:05.717+0000] {logging_mixin.py:190} INFO - [2026-08-12T05:04:05.717+0000] {dag.py:3211} INFO - Sync 1 DAGs
[2026-08-12T05:04:05.730+0000] {logging_mixin.py:190} INFO - [2026-08-12T05:04:05.730+0000] {dag.py:4138} INFO - Setting next_dagrun for example_sensors to None, run_after=None
[2026-08-12T05:04:05.752+0000] {processor.py:208} INFO - Processing /home/airflow/.local/lib/python3.12/site-packages/airflow/example_dags/example_sensors.py took 0.083 seconds
[2026-08-12T05:04:36.110+0000] {processor.py:186} INFO - Started process (PID=3973) to work on /home/airflow/.local/lib/python3.12/site-packages/airflow/example_dags/example_sensors.py
[2026-08-12T05:04:36.111+0000] {processor.py:914} INFO - Processing file /home/airflow/.local/lib/python3.12/site-packages/airflow/example_dags/example_sensors.py for tasks to queue
[2026-08-12T05:04:36.115+0000] {logging_mixin.py:190} INFO - [2026-08-12T05:04:36.114+0000] {dagbag.py:587} INFO - Filling up the DagBag from /home/airflow/.local/lib/python3.12/site-packages/airflow/example_dags/example_sensors.py
[2026-08-12T05:04:36.126+0000] {processor.py:925} INFO - DAG(s) 'example_sensors' retrieved from /home/airflow/.local/lib/python3.12/site-packages/airflow/example_dags/example_sensors.py
[2026-08-12T05:04:36.152+0000] {logging_mixin.py:190} INFO - [2026-08-12T05:04:36.152+0000] {dag.py:3211} INFO - Sync 1 DAGs
[2026-08-12T05:04:36.167+0000] {logging_mixin.py:190} INFO - [2026-08-12T05:04:36.166+0000] {dag.py:4138} INFO - Setting next_dagrun for example_sensors to None, run_after=None
[2026-08-12T05:04:36.188+0000] {processor.py:208} INFO - Processing /home/airflow/.local/lib/python3.12/site-packages/airflow/example_dags/example_sensors.py took 0.084 seconds
[2026-08-12T05:05:06.338+0000] {processor.py:186} INFO - Started process (PID=4036) to work on /home/airflow/.local/lib/python3.12/site-packages/airflow/example_dags/example_sensors.py
[2026-08-12T05:05:06.340+0000] {processor.py:914} INFO - Processing file /home/airflow/.local/lib/python3.12/site-packages/airflow/example_dags/example_sensors.py for tasks to queue
[2026-08-12T05:05:06.343+0000] {logging_mixin.py:190} INFO - [2026-08-12T05:05:06.343+0000] {dagbag.py:587} INFO - Filling up the DagBag from /home/airflow/.local/lib/python3.12/site-packages/airflow/example_dags/example_sensors.py
[2026-08-12T05:05:06.353+0000] {processor.py:925} INFO - DAG(s) 'example_sensors' retrieved from /home/airflow/.local/lib/python3.12/site-packages/airflow/example_dags/example_sensors.py
[2026-08-12T05:05:06.380+0000] {logging_mixin.py:190} INFO - [2026-08-12T05:05:06.380+0000] {dag.py:3211} INFO - Sync 1 DAGs
[2026-08-12T05:05:06.395+0000] {logging_mixin.py:190} INFO - [2026-08-12T05:05:06.395+0000] {dag.py:4138} INFO - Setting next_dagrun for example_sensors to None, run_after=None
[2026-08-12T05:05:06.418+0000] {processor.py:208} INFO - Processing /home/airflow/.local/lib/python3.12/site-packages/airflow/example_dags/example_sensors.py took 0.085 seconds
[2026-08-12T05:05:36.778+0000] {processor.py:186} INFO - Started process (PID=4099) to work on /home/airflow/.local/lib/python3.12/site-packages/airflow/example_dags/example_sensors.py
[2026-08-12T05:05:36.780+0000] {processor.py:914} INFO - Processing file /home/airflow/.local/lib/python3.12/site-packages/airflow/example_dags/example_sensors.py for tasks to queue
[2026-08-12T05:05:36.784+0000] {logging_mixin.py:190} INFO - [2026-08-12T05:05:36.783+0000] {dagbag.py:587} INFO - Filling up the DagBag from /home/airflow/.local/lib/python3.12/site-packages/airflow/example_dags/example_sensors.py
[2026-08-12T05:05:36.795+0000] {processor.py:925} INFO - DAG(s) 'example_sensors' retrieved from /home/airflow/.local/lib/python3.12/site-packages/airflow/example_dags/example_sensors.py
[2026-08-12T05:05:36.821+0000] {logging_mixin.py:190} INFO - [2026-08-12T05:05:36.821+0000] {dag.py:3211} INFO - Sync 1 DAGs
[2026-08-12T05:05:36.835+0000] {logging_mixin.py:190} INFO - [2026-08-12T05:05:36.835+0000] {dag.py:4138} INFO - Setting next_dagrun for example_sensors to None, run_after=None
[2026-08-12T05:05:36.857+0000] {processor.py:208} INFO - Processing /home/airflow/.local/lib/python3.12/site-packages/airflow/example_dags/example_sensors.py took 0.085 seconds
[2026-08-12T05:06:07.830+0000] {processor.py:186} INFO - Started process (PID=4162) to work on /home/airflow/.local/lib/python3.12/site-packages/airflow/example_dags/example_sensors.py
[2026-08-12T05:06:07.832+0000] {processor.py:914} INFO - Processing file /home/airflow/.local/lib/python3.12/site-packages/airflow/example_dags/example_sensors.py for tasks to queue
[2026-08-12T05:06:07.834+0000] {logging_mixin.py:190} INFO - [2026-08-12T05:06:07.834+0000] {dagbag.py:587} INFO - Filling up the DagBag from /home/airflow/.local/lib/python3.12/site-packages/airflow/example_dags/example_sensors.py
[2026-08-12T05:06:07.845+0000] {processor.py:925} INFO - DAG(s) 'example_sensors' retrieved from /home/airflow/.local/lib/python3.12/site-packages/airflow/example_dags/example_sensors.py
[2026-08-12T05:06:07.870+0000] {logging_mixin.py:190} INFO - [2026-08-12T05:06:07.870+0000] {dag.py:3211} INFO - Sync 1 DAGs
[2026-08-12T05:06:07.883+0000] {logging_mixin.py:190} INFO - [2026-08-12T05:06:07.883+0000] {dag.py:4138} INFO - Setting next_dagrun for example_sensors to None, run_after=None
[2026-08-12T05:06:07.903+0000] {processor.py:208} INFO - Processing /home/airflow/.local/lib/python3.12/site-packages/airflow/example_dags/example_sensors.py took 0.078 seconds
[2026-08-12T05:06:39.160+0000] {processor.py:186} INFO - Started process (PID=4225) to work on /home/airflow/.local/lib/python3.12/site-packages/airflow/example_dags/example_sensors.py
[2026-08-12T05:06:39.161+0000] {processor.py:914} INFO - Processing file /home/airflow/.local/lib/python3.12/site-packages/airflow/example_dags/example_sensors.py for tasks to queue
[2026-08-12T05:06:39.166+0000] {logging_mixin.py:190} INFO - [2026-08-12T05:06:39.166+0000] {dagbag.py:587} INFO - Filling up the DagBag from /home/airflow/.local/lib/python3.12/site-packages/airflow/example_dags/example_sensors.py
[2026-08-12T05:06:39.183+0000] {processor.py:925} INFO - DAG(s) 'example_sensors' retrieved from /home/airflow/.local/lib/python3.12/site-packages/airflow/example_dags/example_sensors.py
[2026-08-12T05:06:39.224+0000] {logging_mixin.py:190} INFO - [2026-08-12T05:06:39.224+0000] {dag.py:3211} INFO - Sync 1 DAGs
[2026-08-12T05:06:39.248+0000] {logging_mixin.py:190} INFO - [2026-08-12T05:06:39.247+0000] {dag.py:4138} INFO - Setting next_dagrun for example_sensors to None, run_after=None
[2026-08-12T05:06:39.285+0000] {processor.py:208} INFO - Processing /home/airflow/.local/lib/python3.12/site-packages/airflow/example_dags/example_sensors.py took 0.135 seconds
[2026-08-12T05:07:09.993+0000] {processor.py:186} INFO - Started process (PID=4288) to work on /home/airflow/.local/lib/python3.12/site-packages/airflow/example_dags/example_sensors.py
[2026-08-12T05:07:09.995+0000] {processor.py:914} INFO - Processing file /home/airflow/.local/lib/python3.12/site-packages/airflow/example_dags/example_sensors.py for tasks to queue
[2026-08-12T05:07:09.997+0000] {logging_mixin.py:190} INFO - [2026-08-12T05:07:09.997+0000] {dagbag.py:587} INFO - Filling up the DagBag from /home/airflow/.local/lib/python3.12/site-packages/airflow/example_dags/example_sensors.py
[2026-08-12T05:07:10.009+0000] {processor.py:925} INFO - DAG(s) 'example_sensors' retrieved from /home/airflow/.local/lib/python3.12/site-packages/airflow/example_dags/example_sensors.py
[2026-08-12T05:07:10.042+0000] {logging_mixin.py:190} INFO - [2026-08-12T05:07:10.042+0000] {dag.py:3211} INFO - Sync 1 DAGs
[2026-08-12T05:07:10.071+0000] {logging_mixin.py:190} INFO - [2026-08-12T05:07:10.070+0000] {dag.py:4138} INFO - Setting next_dagrun for example_sensors to None, run_after=None
[2026-08-12T05:07:10.091+0000] {processor.py:208} INFO - Processing /home/airflow/.local/lib/python3.12/site-packages/airflow/example_dags/example_sensors.py took 0.103 seconds
[2026-08-12T05:07:40.864+0000] {processor.py:186} INFO - Started process (PID=4351) to work on /home/airflow/.local/lib/python3.12/site-packages/airflow/example_dags/example_sensors.py
[2026-08-12T05:07:40.865+0000] {processor.py:914} INFO - Processing file /home/airflow/.local/lib/python3.12/site-packages/airflow/example_dags/example_sensors.py for tasks to queue
[2026-08-12T05:07:40.868+0000] {logging_mixin.py:190} INFO - [2026-08-12T05:07:40.868+0000] {dagbag.py:587} INFO - Filling up the DagBag from /home/airflow/.local/lib/python3.12/site-packages/airflow/example_dags/example_sensors.py
[2026-08-12T05:07:40.878+0000] {processor.py:925} INFO - DAG(s) 'example_sensors' retrieved from /home/airflow/.local/lib/python3.12/site-packages/airflow/example_dags/example_sensors.py
[2026-08-12T05:07:40.903+0000] {logging_mixin.py:190} INFO - [2026-08-12T05:07:40.903+0000] {dag.py:3211} INFO - Sync 1 DAGs
[2026-08-12T05:07:40.915+0000] {logging_mixin.py:190} INFO - [2026-08-12T05:07:40.915+0000] {dag.py:4138} INFO - Setting next_dagrun for example_sensors to None, run_after=None
[2026-08-12T05:07:40.933+0000] {processor.py:208} INFO - Processing /home/airflow/.local/lib/python3.12/site-packages/airflow/example_dags/example_sensors.py took 0.075 seconds
[2026-08-12T05:08:11.131+0000] {processor.py:186} INFO - Started process (PID=4414) to work on /home/airflow/.local/lib/python3.12/site-packages/airflow/example_dags/example_sensors.py
[2026-08-12T05:08:11.133+0000] {processor.py:914} INFO - Processing file /home/airflow/.local/lib/python3.12/site-packages/airflow/example_dags/example_sensors.py for tasks to queue
[2026-08-12T05:08:11.136+0000] {logging_mixin.py:190} INFO - [2026-08-12T05:08:11.136+0000] {dagbag.py:587} INFO - Filling up the DagBag from /home/airflow/.local/lib/python3.12/site-packages/airflow/example_dags/example_sensors.py
[2026-08-12T05:08:11.148+0000] {processor.py:925} INFO - DAG(s) 'example_sensors' retrieved from /home/airflow/.local/lib/python3.12/site-packages/airflow/example_dags/example_sensors.py
[2026-08-12T05:08:11.175+0000] {logging_mixin.py:190} INFO - [2026-08-12T05:08:11.175+0000] {dag.py:3211} INFO - Sync 1 DAGs
[2026-08-12T05:08:11.190+0000] {logging_mixin.py:190} INFO - [2026-08-12T05:08:11.189+0000] {dag.py:4138} INFO - Setting next_dagrun for example_sensors to None, run_after=None
[2026-08-12T05:08:11.213+0000] {processor.py:208} INFO - Processing /home/airflow/.local/lib/python3.12/site-packages/airflow/example_dags/example_sensors.py took 0.089 seconds
[2026-08-12T05:08:41.891+0000] {processor.py:186} INFO - Started process (PID=4477) to work on /home/airflow/.local/lib/python3.12/site-packages/airflow/example_dags/example_sensors.py
[2026-08-12T05:08:41.892+0000] {processor.py:914} INFO - Processing file /home/airflow/.local/lib/python3.12/site-packages/airflow/example_dags/example_sensors.py for tasks to queue
[2026-08-12T05:08:41.895+0000] {logging_mixin.py:190} INFO - [2026-08-12T05:08:41.895+0000] {dagbag.py:587} INFO - Filling up the DagBag from /home/airflow/.local/lib/python3.12/site-packages/airflow/example_dags/example_sensors.py
[2026-08-12T05:08:41.905+0000] {processor.py:925} INFO - DAG(s) 'example_sensors' retrieved from /home/airflow/.local/lib/python3.12/site-packages/airflow/example_dags/example_sensors.py
[2026-08-12T05:08:41.932+0000] {logging_mixin.py:190} INFO - [2026-08-12T05:08:41.932+0000] {dag.py:3211} INFO - Sync 1 DAGs
[2026-08-12T05:08:41.948+0000] {logging_mixin.py:190} INFO - [2026-08-12T05:08:41.948+0000] {dag.py:4138} INFO - Setting next_dagrun for example_sensors to None, run_after=None
[2026-08-12T05:08:41.970+0000] {processor.py:208} INFO - Processing /home/airflow/.local/lib/python3.12/site-packages/airflow/example_dags/example_sensors.py took 0.085 seconds
[2026-08-12T05:09:12.443+0000] {processor.py:186} INFO - Started process (PID=4540) to work on /home/airflow/.local/lib/python3.12/site-packages/airflow/example_dags/example_sensors.py
[2026-08-12T05:09:12.445+0000] {processor.py:914} INFO - Processing file /home/airflow/.local/lib/python3.12/site-packages/airflow/example_dags/example_sensors.py for tasks to queue
[2026-08-12T05:09:12.447+0000] {logging_mixin.py:190} INFO - [2026-08-12T05:09:12.447+0000] {dagbag.py:587} INFO - Filling up the DagBag from /home/airflow/.local/lib/python3.12/site-packages/airflow/example_dags/example_sensors.py
[2026-08-12T05:09:12.459+0000] {processor.py:925} INFO - DAG(s) 'example_sensors' retrieved from /home/airflow/.local/lib/python3.12/site-packages/airflow/example_dags/example_sensors.py
[2026-08-12T05:09:12.487+0000] {logging_mixin.py:190} INFO - [2026-08-12T05:09:12.487+0000] {dag.py:3211} INFO - Sync 1 DAGs
[2026-08-12T05:09:12.504+0000] {logging_mixin.py:190} INFO - [2026-08-12T05:09:12.503+0000] {dag.py:4138} INFO - Setting next_dagrun for example_sensors to None, run_after=None
[2026-08-12T05:09:12.537+0000] {processor.py:208} INFO - Processing /home/airflow/.local/lib/python3.12/site-packages/airflow/example_dags/example_sensors.py took 0.100 seconds
[2026-08-12T05:09:43.151+0000] {processor.py:186} INFO - Started process (PID=4603) to work on /home/airflow/.local/lib/python3.12/site-packages/airflow/example_dags/example_sensors.py
[2026-08-12T05:09:43.153+0000] {processor.py:914} INFO - Processing file /home/airflow/.local/lib/python3.12/site-packages/airflow/example_dags/example_sensors.py for tasks to queue
[2026-08-12T05:09:43.157+0000] {logging_mixin.py:190} INFO - [2026-08-12T05:09:43.156+0000] {dagbag.py:587} INFO - Filling up the DagBag from /home/airflow/.local/lib/python3.12/site-packages/airflow/example_dags/example_sensors.py
[2026-08-12T05:09:43.167+0000] {processor.py:925} INFO - DAG(s) 'example_sensors' retrieved from /home/airflow/.local/lib/python3.12/site-packages/airflow/example_dags/example_sensors.py
[2026-08-12T05:09:43.198+0000] {logging_mixin.py:190} INFO - [2026-08-12T05:09:43.197+0000] {dag.py:3211} INFO - Sync 1 DAGs
[2026-08-12T05:09:43.214+0000] {logging_mixin.py:190} INFO - [2026-08-12T05:09:43.214+0000] {dag.py:4138} INFO - Setting next_dagrun for example_sensors to None, run_after=None
[2026-08-12T05:09:43.235+0000] {processor.py:208} INFO - Processing /home/airflow/.local/lib/python3.12/site-packages/airflow/example_dags/example_sensors.py took 0.090 seconds
