[2026-08-12T04:30:39.937+0000] {processor.py:186} INFO - Started process (PID=112) to work on /home/airflow/.local/lib/python3.12/site-packages/airflow/example_dags/example_display_name.py
[2026-08-12T04:30:39.940+0000] {processor.py:914} INFO - Processing file /home/airflow/.local/lib/python3.12/site-packages/airflow/example_dags/example_display_name.py for tasks to queue
[2026-08-12T04:30:39.944+0000] {logging_mixin.py:190} INFO - [2026-08-12T04:30:39.944+0000] {dagbag.py:587} INFO - Filling up the DagBag from /home/airflow/.local/lib/python3.12/site-packages/airflow/example_dags/example_display_name.py
[2026-08-12T04:30:39.956+0000] {processor.py:925} INFO - DAG(s) 'example_display_name' retrieved from /home/airflow/.local/lib/python3.12/site-packages/airflow/example_dags/example_display_name.py
[2026-08-12T04:30:40.100+0000] {logging_mixin.py:190} INFO - [2026-08-12T04:30:40.099+0000] {override.py:1858} INFO - Created Permission View: can edit on DAG:example_display_name
[2026-08-12T04:30:40.115+0000] {logging_mixin.py:190} INFO - [2026-08-12T04:30:40.114+0000] {override.py:1858} INFO - Created Permission View: can delete on DAG:example_display_name
[2026-08-12T04:30:40.125+0000] {logging_mixin.py:190} INFO - [2026-08-12T04:30:40.124+0000] {override.py:1858} INFO - Created Permission View: can read on DAG:example_display_name
[2026-08-12T04:30:40.126+0000] {logging_mixin.py:190} INFO - [2026-08-12T04:30:40.126+0000] {dag.py:3211} INFO - Sync 1 DAGs
[2026-08-12T04:30:40.144+0000] {logging_mixin.py:190} INFO - [2026-08-12T04:30:40.144+0000] {dag.py:3234} INFO - Creating ORM DAG for example_display_name
[2026-08-12T04:30:40.146+0000] {logging_mixin.py:190} INFO - [2026-08-12T04:30:40.145+0000] {dag.py:4138} INFO - Setting next_dagrun for example_display_name to None, run_after=None
[2026-08-12T04:30:40.164+0000] {processor.py:208} INFO - Processing /home/airflow/.local/lib/python3.12/site-packages/airflow/example_dags/example_display_name.py took 0.236 seconds
[2026-08-12T04:31:10.631+0000] {processor.py:186} INFO - Started process (PID=174) to work on /home/airflow/.local/lib/python3.12/site-packages/airflow/example_dags/example_display_name.py
[2026-08-12T04:31:10.632+0000] {processor.py:914} INFO - Processing file /home/airflow/.local/lib/python3.12/site-packages/airflow/example_dags/example_display_name.py for tasks to queue
[2026-08-12T04:31:10.636+0000] {logging_mixin.py:190} INFO - [2026-08-12T04:31:10.635+0000] {dagbag.py:587} INFO - Filling up the DagBag from /home/airflow/.local/lib/python3.12/site-packages/airflow/example_dags/example_display_name.py
[2026-08-12T04:31:10.645+0000] {processor.py:925} INFO - DAG(s) 'example_display_name' retrieved from /home/airflow/.local/lib/python3.12/site-packages/airflow/example_dags/example_display_name.py
[2026-08-12T04:31:10.665+0000] {logging_mixin.py:190} INFO - [2026-08-12T04:31:10.665+0000] {dag.py:3211} INFO - Sync 1 DAGs
[2026-08-12T04:31:10.679+0000] {logging_mixin.py:190} INFO - [2026-08-12T04:31:10.678+0000] {dag.py:4138} INFO - Setting next_dagrun for example_display_name to None, run_after=None
[2026-08-12T04:31:10.699+0000] {processor.py:208} INFO - Processing /home/airflow/.local/lib/python3.12/site-packages/airflow/example_dags/example_display_name.py took 0.073 seconds
[2026-08-12T04:31:41.320+0000] {processor.py:186} INFO - Started process (PID=237) to work on /home/airflow/.local/lib/python3.12/site-packages/airflow/example_dags/example_display_name.py
[2026-08-12T04:31:41.322+0000] {processor.py:914} INFO - Processing file /home/airflow/.local/lib/python3.12/site-packages/airflow/example_dags/example_display_name.py for tasks to queue
[2026-08-12T04:31:41.325+0000] {logging_mixin.py:190} INFO - [2026-08-12T04:31:41.324+0000] {dagbag.py:587} INFO - Filling up the DagBag from /home/airflow/.local/lib/python3.12/site-packages/airflow/example_dags/example_display_name.py
[2026-08-12T04:31:41.333+0000] {processor.py:925} INFO - DAG(s) 'example_display_name' retrieved from /home/airflow/.local/lib/python3.12/site-packages/airflow/example_dags/example_display_name.py
[2026-08-12T04:31:41.352+0000] {logging_mixin.py:190} INFO - [2026-08-12T04:31:41.352+0000] {dag.py:3211} INFO - Sync 1 DAGs
[2026-08-12T04:31:41.365+0000] {logging_mixin.py:190} INFO - [2026-08-12T04:31:41.365+0000] {dag.py:4138} INFO - Setting next_dagrun for example_display_name to None, run_after=None
[2026-08-12T04:31:41.385+0000] {processor.py:208} INFO - Processing /home/airflow/.local/lib/python3.12/site-packages/airflow/example_dags/example_display_name.py took 0.070 seconds
[2026-08-12T04:32:57.544+0000] {processor.py:186} INFO - Started process (PID=103) to work on /home/airflow/.local/lib/python3.12/site-packages/airflow/example_dags/example_display_name.py
[2026-08-12T04:32:57.546+0000] {processor.py:914} INFO - Processing file /home/airflow/.local/lib/python3.12/site-packages/airflow/example_dags/example_display_name.py for tasks to queue
[2026-08-12T04:32:57.550+0000] {logging_mixin.py:190} INFO - [2026-08-12T04:32:57.549+0000] {dagbag.py:587} INFO - Filling up the DagBag from /home/airflow/.local/lib/python3.12/site-packages/airflow/example_dags/example_display_name.py
[2026-08-12T04:32:57.558+0000] {processor.py:925} INFO - DAG(s) 'example_display_name' retrieved from /home/airflow/.local/lib/python3.12/site-packages/airflow/example_dags/example_display_name.py
[2026-08-12T04:32:57.584+0000] {logging_mixin.py:190} INFO - [2026-08-12T04:32:57.584+0000] {dag.py:3211} INFO - Sync 1 DAGs
[2026-08-12T04:32:57.601+0000] {logging_mixin.py:190} INFO - [2026-08-12T04:32:57.601+0000] {dag.py:4138} INFO - Setting next_dagrun for example_display_name to None, run_after=None
[2026-08-12T04:32:57.626+0000] {processor.py:208} INFO - Processing /home/airflow/.local/lib/python3.12/site-packages/airflow/example_dags/example_display_name.py took 0.087 seconds
[2026-08-12T04:33:27.861+0000] {processor.py:186} INFO - Started process (PID=165) to work on /home/airflow/.local/lib/python3.12/site-packages/airflow/example_dags/example_display_name.py
[2026-08-12T04:33:27.863+0000] {processor.py:914} INFO - Processing file /home/airflow/.local/lib/python3.12/site-packages/airflow/example_dags/example_display_name.py for tasks to queue
[2026-08-12T04:33:27.866+0000] {logging_mixin.py:190} INFO - [2026-08-12T04:33:27.866+0000] {dagbag.py:587} INFO - Filling up the DagBag from /home/airflow/.local/lib/python3.12/site-packages/airflow/example_dags/example_display_name.py
[2026-08-12T04:33:27.875+0000] {processor.py:925} INFO - DAG(s) 'example_display_name' retrieved from /home/airflow/.local/lib/python3.12/site-packages/airflow/example_dags/example_display_name.py
[2026-08-12T04:33:27.910+0000] {logging_mixin.py:190} INFO - [2026-08-12T04:33:27.909+0000] {dag.py:3211} INFO - Sync 1 DAGs
[2026-08-12T04:33:27.926+0000] {logging_mixin.py:190} INFO - [2026-08-12T04:33:27.925+0000] {dag.py:4138} INFO - Setting next_dagrun for example_display_name to None, run_after=None
[2026-08-12T04:33:27.943+0000] {processor.py:208} INFO - Processing /home/airflow/.local/lib/python3.12/site-packages/airflow/example_dags/example_display_name.py took 0.088 seconds
[2026-08-12T04:33:57.998+0000] {processor.py:186} INFO - Started process (PID=227) to work on /home/airflow/.local/lib/python3.12/site-packages/airflow/example_dags/example_display_name.py
[2026-08-12T04:33:58.000+0000] {processor.py:914} INFO - Processing file /home/airflow/.local/lib/python3.12/site-packages/airflow/example_dags/example_display_name.py for tasks to queue
[2026-08-12T04:33:58.003+0000] {logging_mixin.py:190} INFO - [2026-08-12T04:33:58.002+0000] {dagbag.py:587} INFO - Filling up the DagBag from /home/airflow/.local/lib/python3.12/site-packages/airflow/example_dags/example_display_name.py
[2026-08-12T04:33:58.011+0000] {processor.py:925} INFO - DAG(s) 'example_display_name' retrieved from /home/airflow/.local/lib/python3.12/site-packages/airflow/example_dags/example_display_name.py
[2026-08-12T04:33:58.031+0000] {logging_mixin.py:190} INFO - [2026-08-12T04:33:58.031+0000] {dag.py:3211} INFO - Sync 1 DAGs
[2026-08-12T04:33:58.045+0000] {logging_mixin.py:190} INFO - [2026-08-12T04:33:58.045+0000] {dag.py:4138} INFO - Setting next_dagrun for example_display_name to None, run_after=None
[2026-08-12T04:33:58.067+0000] {processor.py:208} INFO - Processing /home/airflow/.local/lib/python3.12/site-packages/airflow/example_dags/example_display_name.py took 0.073 seconds
[2026-08-12T04:34:28.816+0000] {processor.py:186} INFO - Started process (PID=288) to work on /home/airflow/.local/lib/python3.12/site-packages/airflow/example_dags/example_display_name.py
[2026-08-12T04:34:28.818+0000] {processor.py:914} INFO - Processing file /home/airflow/.local/lib/python3.12/site-packages/airflow/example_dags/example_display_name.py for tasks to queue
[2026-08-12T04:34:28.821+0000] {logging_mixin.py:190} INFO - [2026-08-12T04:34:28.821+0000] {dagbag.py:587} INFO - Filling up the DagBag from /home/airflow/.local/lib/python3.12/site-packages/airflow/example_dags/example_display_name.py
[2026-08-12T04:34:28.831+0000] {processor.py:925} INFO - DAG(s) 'example_display_name' retrieved from /home/airflow/.local/lib/python3.12/site-packages/airflow/example_dags/example_display_name.py
[2026-08-12T04:34:28.853+0000] {logging_mixin.py:190} INFO - [2026-08-12T04:34:28.853+0000] {dag.py:3211} INFO - Sync 1 DAGs
[2026-08-12T04:34:28.869+0000] {logging_mixin.py:190} INFO - [2026-08-12T04:34:28.869+0000] {dag.py:4138} INFO - Setting next_dagrun for example_display_name to None, run_after=None
[2026-08-12T04:34:28.891+0000] {processor.py:208} INFO - Processing /home/airflow/.local/lib/python3.12/site-packages/airflow/example_dags/example_display_name.py took 0.081 seconds
[2026-08-12T04:34:58.941+0000] {processor.py:186} INFO - Started process (PID=350) to work on /home/airflow/.local/lib/python3.12/site-packages/airflow/example_dags/example_display_name.py
[2026-08-12T04:34:58.943+0000] {processor.py:914} INFO - Processing file /home/airflow/.local/lib/python3.12/site-packages/airflow/example_dags/example_display_name.py for tasks to queue
[2026-08-12T04:34:58.947+0000] {logging_mixin.py:190} INFO - [2026-08-12T04:34:58.946+0000] {dagbag.py:587} INFO - Filling up the DagBag from /home/airflow/.local/lib/python3.12/site-packages/airflow/example_dags/example_display_name.py
[2026-08-12T04:34:58.957+0000] {processor.py:925} INFO - DAG(s) 'example_display_name' retrieved from /home/airflow/.local/lib/python3.12/site-packages/airflow/example_dags/example_display_name.py
[2026-08-12T04:34:58.978+0000] {logging_mixin.py:190} INFO - [2026-08-12T04:34:58.978+0000] {dag.py:3211} INFO - Sync 1 DAGs
[2026-08-12T04:34:58.992+0000] {logging_mixin.py:190} INFO - [2026-08-12T04:34:58.992+0000] {dag.py:4138} INFO - Setting next_dagrun for example_display_name to None, run_after=None
[2026-08-12T04:34:59.029+0000] {processor.py:208} INFO - Processing /home/airflow/.local/lib/python3.12/site-packages/airflow/example_dags/example_display_name.py took 0.094 seconds
[2026-08-12T04:35:29.548+0000] {processor.py:186} INFO - Started process (PID=412) to work on /home/airflow/.local/lib/python3.12/site-packages/airflow/example_dags/example_display_name.py
[2026-08-12T04:35:29.550+0000] {processor.py:914} INFO - Processing file /home/airflow/.local/lib/python3.12/site-packages/airflow/example_dags/example_display_name.py for tasks to queue
[2026-08-12T04:35:29.553+0000] {logging_mixin.py:190} INFO - [2026-08-12T04:35:29.553+0000] {dagbag.py:587} INFO - Filling up the DagBag from /home/airflow/.local/lib/python3.12/site-packages/airflow/example_dags/example_display_name.py
[2026-08-12T04:35:29.561+0000] {processor.py:925} INFO - DAG(s) 'example_display_name' retrieved from /home/airflow/.local/lib/python3.12/site-packages/airflow/example_dags/example_display_name.py
[2026-08-12T04:35:29.582+0000] {logging_mixin.py:190} INFO - [2026-08-12T04:35:29.582+0000] {dag.py:3211} INFO - Sync 1 DAGs
[2026-08-12T04:35:29.597+0000] {logging_mixin.py:190} INFO - [2026-08-12T04:35:29.596+0000] {dag.py:4138} INFO - Setting next_dagrun for example_display_name to None, run_after=None
[2026-08-12T04:35:29.617+0000] {processor.py:208} INFO - Processing /home/airflow/.local/lib/python3.12/site-packages/airflow/example_dags/example_display_name.py took 0.074 seconds
[2026-08-12T04:36:00.472+0000] {processor.py:186} INFO - Started process (PID=474) to work on /home/airflow/.local/lib/python3.12/site-packages/airflow/example_dags/example_display_name.py
[2026-08-12T04:36:00.474+0000] {processor.py:914} INFO - Processing file /home/airflow/.local/lib/python3.12/site-packages/airflow/example_dags/example_display_name.py for tasks to queue
[2026-08-12T04:36:00.477+0000] {logging_mixin.py:190} INFO - [2026-08-12T04:36:00.476+0000] {dagbag.py:587} INFO - Filling up the DagBag from /home/airflow/.local/lib/python3.12/site-packages/airflow/example_dags/example_display_name.py
[2026-08-12T04:36:00.486+0000] {processor.py:925} INFO - DAG(s) 'example_display_name' retrieved from /home/airflow/.local/lib/python3.12/site-packages/airflow/example_dags/example_display_name.py
[2026-08-12T04:36:00.513+0000] {logging_mixin.py:190} INFO - [2026-08-12T04:36:00.513+0000] {dag.py:3211} INFO - Sync 1 DAGs
[2026-08-12T04:36:00.534+0000] {logging_mixin.py:190} INFO - [2026-08-12T04:36:00.534+0000] {dag.py:4138} INFO - Setting next_dagrun for example_display_name to None, run_after=None
[2026-08-12T04:36:00.563+0000] {processor.py:208} INFO - Processing /home/airflow/.local/lib/python3.12/site-packages/airflow/example_dags/example_display_name.py took 0.096 seconds
[2026-08-12T04:36:30.810+0000] {processor.py:186} INFO - Started process (PID=536) to work on /home/airflow/.local/lib/python3.12/site-packages/airflow/example_dags/example_display_name.py
[2026-08-12T04:36:30.811+0000] {processor.py:914} INFO - Processing file /home/airflow/.local/lib/python3.12/site-packages/airflow/example_dags/example_display_name.py for tasks to queue
[2026-08-12T04:36:30.814+0000] {logging_mixin.py:190} INFO - [2026-08-12T04:36:30.814+0000] {dagbag.py:587} INFO - Filling up the DagBag from /home/airflow/.local/lib/python3.12/site-packages/airflow/example_dags/example_display_name.py
[2026-08-12T04:36:30.822+0000] {processor.py:925} INFO - DAG(s) 'example_display_name' retrieved from /home/airflow/.local/lib/python3.12/site-packages/airflow/example_dags/example_display_name.py
[2026-08-12T04:36:30.843+0000] {logging_mixin.py:190} INFO - [2026-08-12T04:36:30.842+0000] {dag.py:3211} INFO - Sync 1 DAGs
[2026-08-12T04:36:30.857+0000] {logging_mixin.py:190} INFO - [2026-08-12T04:36:30.857+0000] {dag.py:4138} INFO - Setting next_dagrun for example_display_name to None, run_after=None
[2026-08-12T04:36:30.877+0000] {processor.py:208} INFO - Processing /home/airflow/.local/lib/python3.12/site-packages/airflow/example_dags/example_display_name.py took 0.073 seconds
[2026-08-12T04:37:01.608+0000] {processor.py:186} INFO - Started process (PID=598) to work on /home/airflow/.local/lib/python3.12/site-packages/airflow/example_dags/example_display_name.py
[2026-08-12T04:37:01.610+0000] {processor.py:914} INFO - Processing file /home/airflow/.local/lib/python3.12/site-packages/airflow/example_dags/example_display_name.py for tasks to queue
[2026-08-12T04:37:01.613+0000] {logging_mixin.py:190} INFO - [2026-08-12T04:37:01.613+0000] {dagbag.py:587} INFO - Filling up the DagBag from /home/airflow/.local/lib/python3.12/site-packages/airflow/example_dags/example_display_name.py
[2026-08-12T04:37:01.624+0000] {processor.py:925} INFO - DAG(s) 'example_display_name' retrieved from /home/airflow/.local/lib/python3.12/site-packages/airflow/example_dags/example_display_name.py
[2026-08-12T04:37:01.645+0000] {logging_mixin.py:190} INFO - [2026-08-12T04:37:01.645+0000] {dag.py:3211} INFO - Sync 1 DAGs
[2026-08-12T04:37:01.662+0000] {logging_mixin.py:190} INFO - [2026-08-12T04:37:01.661+0000] {dag.py:4138} INFO - Setting next_dagrun for example_display_name to None, run_after=None
[2026-08-12T04:37:01.685+0000] {processor.py:208} INFO - Processing /home/airflow/.local/lib/python3.12/site-packages/airflow/example_dags/example_display_name.py took 0.082 seconds
[2026-08-12T04:37:31.981+0000] {processor.py:186} INFO - Started process (PID=660) to work on /home/airflow/.local/lib/python3.12/site-packages/airflow/example_dags/example_display_name.py
[2026-08-12T04:37:31.983+0000] {processor.py:914} INFO - Processing file /home/airflow/.local/lib/python3.12/site-packages/airflow/example_dags/example_display_name.py for tasks to queue
[2026-08-12T04:37:31.986+0000] {logging_mixin.py:190} INFO - [2026-08-12T04:37:31.985+0000] {dagbag.py:587} INFO - Filling up the DagBag from /home/airflow/.local/lib/python3.12/site-packages/airflow/example_dags/example_display_name.py
[2026-08-12T04:37:31.993+0000] {processor.py:925} INFO - DAG(s) 'example_display_name' retrieved from /home/airflow/.local/lib/python3.12/site-packages/airflow/example_dags/example_display_name.py
[2026-08-12T04:37:32.011+0000] {logging_mixin.py:190} INFO - [2026-08-12T04:37:32.010+0000] {dag.py:3211} INFO - Sync 1 DAGs
[2026-08-12T04:37:32.023+0000] {logging_mixin.py:190} INFO - [2026-08-12T04:37:32.023+0000] {dag.py:4138} INFO - Setting next_dagrun for example_display_name to None, run_after=None
[2026-08-12T04:37:32.041+0000] {processor.py:208} INFO - Processing /home/airflow/.local/lib/python3.12/site-packages/airflow/example_dags/example_display_name.py took 0.066 seconds
[2026-08-12T04:38:02.932+0000] {processor.py:186} INFO - Started process (PID=722) to work on /home/airflow/.local/lib/python3.12/site-packages/airflow/example_dags/example_display_name.py
[2026-08-12T04:38:02.934+0000] {processor.py:914} INFO - Processing file /home/airflow/.local/lib/python3.12/site-packages/airflow/example_dags/example_display_name.py for tasks to queue
[2026-08-12T04:38:02.939+0000] {logging_mixin.py:190} INFO - [2026-08-12T04:38:02.938+0000] {dagbag.py:587} INFO - Filling up the DagBag from /home/airflow/.local/lib/python3.12/site-packages/airflow/example_dags/example_display_name.py
[2026-08-12T04:38:02.949+0000] {processor.py:925} INFO - DAG(s) 'example_display_name' retrieved from /home/airflow/.local/lib/python3.12/site-packages/airflow/example_dags/example_display_name.py
[2026-08-12T04:38:02.976+0000] {logging_mixin.py:190} INFO - [2026-08-12T04:38:02.976+0000] {dag.py:3211} INFO - Sync 1 DAGs
[2026-08-12T04:38:02.992+0000] {logging_mixin.py:190} INFO - [2026-08-12T04:38:02.991+0000] {dag.py:4138} INFO - Setting next_dagrun for example_display_name to None, run_after=None
[2026-08-12T04:38:03.009+0000] {processor.py:208} INFO - Processing /home/airflow/.local/lib/python3.12/site-packages/airflow/example_dags/example_display_name.py took 0.089 seconds
[2026-08-12T04:38:33.475+0000] {processor.py:186} INFO - Started process (PID=784) to work on /home/airflow/.local/lib/python3.12/site-packages/airflow/example_dags/example_display_name.py
[2026-08-12T04:38:33.477+0000] {processor.py:914} INFO - Processing file /home/airflow/.local/lib/python3.12/site-packages/airflow/example_dags/example_display_name.py for tasks to queue
[2026-08-12T04:38:33.481+0000] {logging_mixin.py:190} INFO - [2026-08-12T04:38:33.480+0000] {dagbag.py:587} INFO - Filling up the DagBag from /home/airflow/.local/lib/python3.12/site-packages/airflow/example_dags/example_display_name.py
[2026-08-12T04:38:33.491+0000] {processor.py:925} INFO - DAG(s) 'example_display_name' retrieved from /home/airflow/.local/lib/python3.12/site-packages/airflow/example_dags/example_display_name.py
[2026-08-12T04:38:33.510+0000] {logging_mixin.py:190} INFO - [2026-08-12T04:38:33.510+0000] {dag.py:3211} INFO - Sync 1 DAGs
[2026-08-12T04:38:33.523+0000] {logging_mixin.py:190} INFO - [2026-08-12T04:38:33.523+0000] {dag.py:4138} INFO - Setting next_dagrun for example_display_name to None, run_after=None
[2026-08-12T04:38:33.548+0000] {processor.py:208} INFO - Processing /home/airflow/.local/lib/python3.12/site-packages/airflow/example_dags/example_display_name.py took 0.080 seconds
[2026-08-12T04:39:03.838+0000] {processor.py:186} INFO - Started process (PID=846) to work on /home/airflow/.local/lib/python3.12/site-packages/airflow/example_dags/example_display_name.py
[2026-08-12T04:39:03.840+0000] {processor.py:914} INFO - Processing file /home/airflow/.local/lib/python3.12/site-packages/airflow/example_dags/example_display_name.py for tasks to queue
[2026-08-12T04:39:03.844+0000] {logging_mixin.py:190} INFO - [2026-08-12T04:39:03.844+0000] {dagbag.py:587} INFO - Filling up the DagBag from /home/airflow/.local/lib/python3.12/site-packages/airflow/example_dags/example_display_name.py
[2026-08-12T04:39:03.853+0000] {processor.py:925} INFO - DAG(s) 'example_display_name' retrieved from /home/airflow/.local/lib/python3.12/site-packages/airflow/example_dags/example_display_name.py
[2026-08-12T04:39:03.877+0000] {logging_mixin.py:190} INFO - [2026-08-12T04:39:03.877+0000] {dag.py:3211} INFO - Sync 1 DAGs
[2026-08-12T04:39:03.895+0000] {logging_mixin.py:190} INFO - [2026-08-12T04:39:03.895+0000] {dag.py:4138} INFO - Setting next_dagrun for example_display_name to None, run_after=None
[2026-08-12T04:39:03.917+0000] {processor.py:208} INFO - Processing /home/airflow/.local/lib/python3.12/site-packages/airflow/example_dags/example_display_name.py took 0.087 seconds
[2026-08-12T04:39:34.114+0000] {processor.py:186} INFO - Started process (PID=907) to work on /home/airflow/.local/lib/python3.12/site-packages/airflow/example_dags/example_display_name.py
[2026-08-12T04:39:34.116+0000] {processor.py:914} INFO - Processing file /home/airflow/.local/lib/python3.12/site-packages/airflow/example_dags/example_display_name.py for tasks to queue
[2026-08-12T04:39:34.120+0000] {logging_mixin.py:190} INFO - [2026-08-12T04:39:34.119+0000] {dagbag.py:587} INFO - Filling up the DagBag from /home/airflow/.local/lib/python3.12/site-packages/airflow/example_dags/example_display_name.py
[2026-08-12T04:39:34.129+0000] {processor.py:925} INFO - DAG(s) 'example_display_name' retrieved from /home/airflow/.local/lib/python3.12/site-packages/airflow/example_dags/example_display_name.py
[2026-08-12T04:39:34.151+0000] {logging_mixin.py:190} INFO - [2026-08-12T04:39:34.150+0000] {dag.py:3211} INFO - Sync 1 DAGs
[2026-08-12T04:39:34.168+0000] {logging_mixin.py:190} INFO - [2026-08-12T04:39:34.168+0000] {dag.py:4138} INFO - Setting next_dagrun for example_display_name to None, run_after=None
[2026-08-12T04:39:34.190+0000] {processor.py:208} INFO - Processing /home/airflow/.local/lib/python3.12/site-packages/airflow/example_dags/example_display_name.py took 0.083 seconds
[2026-08-12T04:40:04.593+0000] {processor.py:186} INFO - Started process (PID=969) to work on /home/airflow/.local/lib/python3.12/site-packages/airflow/example_dags/example_display_name.py
[2026-08-12T04:40:04.595+0000] {processor.py:914} INFO - Processing file /home/airflow/.local/lib/python3.12/site-packages/airflow/example_dags/example_display_name.py for tasks to queue
[2026-08-12T04:40:04.597+0000] {logging_mixin.py:190} INFO - [2026-08-12T04:40:04.597+0000] {dagbag.py:587} INFO - Filling up the DagBag from /home/airflow/.local/lib/python3.12/site-packages/airflow/example_dags/example_display_name.py
[2026-08-12T04:40:04.607+0000] {processor.py:925} INFO - DAG(s) 'example_display_name' retrieved from /home/airflow/.local/lib/python3.12/site-packages/airflow/example_dags/example_display_name.py
[2026-08-12T04:40:04.628+0000] {logging_mixin.py:190} INFO - [2026-08-12T04:40:04.628+0000] {dag.py:3211} INFO - Sync 1 DAGs
[2026-08-12T04:40:04.645+0000] {logging_mixin.py:190} INFO - [2026-08-12T04:40:04.644+0000] {dag.py:4138} INFO - Setting next_dagrun for example_display_name to None, run_after=None
[2026-08-12T04:40:04.665+0000] {processor.py:208} INFO - Processing /home/airflow/.local/lib/python3.12/site-packages/airflow/example_dags/example_display_name.py took 0.077 seconds
[2026-08-12T04:40:35.568+0000] {processor.py:186} INFO - Started process (PID=1032) to work on /home/airflow/.local/lib/python3.12/site-packages/airflow/example_dags/example_display_name.py
[2026-08-12T04:40:35.569+0000] {processor.py:914} INFO - Processing file /home/airflow/.local/lib/python3.12/site-packages/airflow/example_dags/example_display_name.py for tasks to queue
[2026-08-12T04:40:35.573+0000] {logging_mixin.py:190} INFO - [2026-08-12T04:40:35.572+0000] {dagbag.py:587} INFO - Filling up the DagBag from /home/airflow/.local/lib/python3.12/site-packages/airflow/example_dags/example_display_name.py
[2026-08-12T04:40:35.582+0000] {processor.py:925} INFO - DAG(s) 'example_display_name' retrieved from /home/airflow/.local/lib/python3.12/site-packages/airflow/example_dags/example_display_name.py
[2026-08-12T04:40:35.611+0000] {logging_mixin.py:190} INFO - [2026-08-12T04:40:35.610+0000] {dag.py:3211} INFO - Sync 1 DAGs
[2026-08-12T04:40:35.624+0000] {logging_mixin.py:190} INFO - [2026-08-12T04:40:35.623+0000] {dag.py:4138} INFO - Setting next_dagrun for example_display_name to None, run_after=None
[2026-08-12T04:40:35.655+0000] {processor.py:208} INFO - Processing /home/airflow/.local/lib/python3.12/site-packages/airflow/example_dags/example_display_name.py took 0.093 seconds
[2026-08-12T04:41:06.093+0000] {processor.py:186} INFO - Started process (PID=1094) to work on /home/airflow/.local/lib/python3.12/site-packages/airflow/example_dags/example_display_name.py
[2026-08-12T04:41:06.094+0000] {processor.py:914} INFO - Processing file /home/airflow/.local/lib/python3.12/site-packages/airflow/example_dags/example_display_name.py for tasks to queue
[2026-08-12T04:41:06.098+0000] {logging_mixin.py:190} INFO - [2026-08-12T04:41:06.097+0000] {dagbag.py:587} INFO - Filling up the DagBag from /home/airflow/.local/lib/python3.12/site-packages/airflow/example_dags/example_display_name.py
[2026-08-12T04:41:06.106+0000] {processor.py:925} INFO - DAG(s) 'example_display_name' retrieved from /home/airflow/.local/lib/python3.12/site-packages/airflow/example_dags/example_display_name.py
[2026-08-12T04:41:06.128+0000] {logging_mixin.py:190} INFO - [2026-08-12T04:41:06.128+0000] {dag.py:3211} INFO - Sync 1 DAGs
[2026-08-12T04:41:06.142+0000] {logging_mixin.py:190} INFO - [2026-08-12T04:41:06.142+0000] {dag.py:4138} INFO - Setting next_dagrun for example_display_name to None, run_after=None
[2026-08-12T04:41:06.162+0000] {processor.py:208} INFO - Processing /home/airflow/.local/lib/python3.12/site-packages/airflow/example_dags/example_display_name.py took 0.077 seconds
[2026-08-12T04:41:36.688+0000] {processor.py:186} INFO - Started process (PID=1156) to work on /home/airflow/.local/lib/python3.12/site-packages/airflow/example_dags/example_display_name.py
[2026-08-12T04:41:36.690+0000] {processor.py:914} INFO - Processing file /home/airflow/.local/lib/python3.12/site-packages/airflow/example_dags/example_display_name.py for tasks to queue
[2026-08-12T04:41:36.693+0000] {logging_mixin.py:190} INFO - [2026-08-12T04:41:36.693+0000] {dagbag.py:587} INFO - Filling up the DagBag from /home/airflow/.local/lib/python3.12/site-packages/airflow/example_dags/example_display_name.py
[2026-08-12T04:41:36.701+0000] {processor.py:925} INFO - DAG(s) 'example_display_name' retrieved from /home/airflow/.local/lib/python3.12/site-packages/airflow/example_dags/example_display_name.py
[2026-08-12T04:41:36.721+0000] {logging_mixin.py:190} INFO - [2026-08-12T04:41:36.721+0000] {dag.py:3211} INFO - Sync 1 DAGs
[2026-08-12T04:41:36.739+0000] {logging_mixin.py:190} INFO - [2026-08-12T04:41:36.739+0000] {dag.py:4138} INFO - Setting next_dagrun for example_display_name to None, run_after=None
[2026-08-12T04:41:36.766+0000] {processor.py:208} INFO - Processing /home/airflow/.local/lib/python3.12/site-packages/airflow/example_dags/example_display_name.py took 0.083 seconds
[2026-08-12T04:42:07.344+0000] {processor.py:186} INFO - Started process (PID=1218) to work on /home/airflow/.local/lib/python3.12/site-packages/airflow/example_dags/example_display_name.py
[2026-08-12T04:42:07.346+0000] {processor.py:914} INFO - Processing file /home/airflow/.local/lib/python3.12/site-packages/airflow/example_dags/example_display_name.py for tasks to queue
[2026-08-12T04:42:07.349+0000] {logging_mixin.py:190} INFO - [2026-08-12T04:42:07.349+0000] {dagbag.py:587} INFO - Filling up the DagBag from /home/airflow/.local/lib/python3.12/site-packages/airflow/example_dags/example_display_name.py
[2026-08-12T04:42:07.357+0000] {processor.py:925} INFO - DAG(s) 'example_display_name' retrieved from /home/airflow/.local/lib/python3.12/site-packages/airflow/example_dags/example_display_name.py
[2026-08-12T04:42:07.377+0000] {logging_mixin.py:190} INFO - [2026-08-12T04:42:07.376+0000] {dag.py:3211} INFO - Sync 1 DAGs
[2026-08-12T04:42:07.391+0000] {logging_mixin.py:190} INFO - [2026-08-12T04:42:07.391+0000] {dag.py:4138} INFO - Setting next_dagrun for example_display_name to None, run_after=None
[2026-08-12T04:42:07.416+0000] {processor.py:208} INFO - Processing /home/airflow/.local/lib/python3.12/site-packages/airflow/example_dags/example_display_name.py took 0.077 seconds
[2026-08-12T04:42:37.887+0000] {processor.py:186} INFO - Started process (PID=1280) to work on /home/airflow/.local/lib/python3.12/site-packages/airflow/example_dags/example_display_name.py
[2026-08-12T04:42:37.888+0000] {processor.py:914} INFO - Processing file /home/airflow/.local/lib/python3.12/site-packages/airflow/example_dags/example_display_name.py for tasks to queue
[2026-08-12T04:42:37.891+0000] {logging_mixin.py:190} INFO - [2026-08-12T04:42:37.891+0000] {dagbag.py:587} INFO - Filling up the DagBag from /home/airflow/.local/lib/python3.12/site-packages/airflow/example_dags/example_display_name.py
[2026-08-12T04:42:37.898+0000] {processor.py:925} INFO - DAG(s) 'example_display_name' retrieved from /home/airflow/.local/lib/python3.12/site-packages/airflow/example_dags/example_display_name.py
[2026-08-12T04:42:37.918+0000] {logging_mixin.py:190} INFO - [2026-08-12T04:42:37.918+0000] {dag.py:3211} INFO - Sync 1 DAGs
[2026-08-12T04:42:37.931+0000] {logging_mixin.py:190} INFO - [2026-08-12T04:42:37.931+0000] {dag.py:4138} INFO - Setting next_dagrun for example_display_name to None, run_after=None
[2026-08-12T04:42:37.951+0000] {processor.py:208} INFO - Processing /home/airflow/.local/lib/python3.12/site-packages/airflow/example_dags/example_display_name.py took 0.071 seconds
[2026-08-12T04:43:08.740+0000] {processor.py:186} INFO - Started process (PID=1342) to work on /home/airflow/.local/lib/python3.12/site-packages/airflow/example_dags/example_display_name.py
[2026-08-12T04:43:08.742+0000] {processor.py:914} INFO - Processing file /home/airflow/.local/lib/python3.12/site-packages/airflow/example_dags/example_display_name.py for tasks to queue
[2026-08-12T04:43:08.746+0000] {logging_mixin.py:190} INFO - [2026-08-12T04:43:08.746+0000] {dagbag.py:587} INFO - Filling up the DagBag from /home/airflow/.local/lib/python3.12/site-packages/airflow/example_dags/example_display_name.py
[2026-08-12T04:43:08.754+0000] {processor.py:925} INFO - DAG(s) 'example_display_name' retrieved from /home/airflow/.local/lib/python3.12/site-packages/airflow/example_dags/example_display_name.py
[2026-08-12T04:43:08.775+0000] {logging_mixin.py:190} INFO - [2026-08-12T04:43:08.775+0000] {dag.py:3211} INFO - Sync 1 DAGs
[2026-08-12T04:43:08.791+0000] {logging_mixin.py:190} INFO - [2026-08-12T04:43:08.790+0000] {dag.py:4138} INFO - Setting next_dagrun for example_display_name to None, run_after=None
[2026-08-12T04:43:08.810+0000] {processor.py:208} INFO - Processing /home/airflow/.local/lib/python3.12/site-packages/airflow/example_dags/example_display_name.py took 0.075 seconds
[2026-08-12T04:43:39.808+0000] {processor.py:186} INFO - Started process (PID=1404) to work on /home/airflow/.local/lib/python3.12/site-packages/airflow/example_dags/example_display_name.py
[2026-08-12T04:43:39.810+0000] {processor.py:914} INFO - Processing file /home/airflow/.local/lib/python3.12/site-packages/airflow/example_dags/example_display_name.py for tasks to queue
[2026-08-12T04:43:39.814+0000] {logging_mixin.py:190} INFO - [2026-08-12T04:43:39.813+0000] {dagbag.py:587} INFO - Filling up the DagBag from /home/airflow/.local/lib/python3.12/site-packages/airflow/example_dags/example_display_name.py
[2026-08-12T04:43:39.824+0000] {processor.py:925} INFO - DAG(s) 'example_display_name' retrieved from /home/airflow/.local/lib/python3.12/site-packages/airflow/example_dags/example_display_name.py
[2026-08-12T04:43:39.852+0000] {logging_mixin.py:190} INFO - [2026-08-12T04:43:39.851+0000] {dag.py:3211} INFO - Sync 1 DAGs
[2026-08-12T04:43:39.869+0000] {logging_mixin.py:190} INFO - [2026-08-12T04:43:39.869+0000] {dag.py:4138} INFO - Setting next_dagrun for example_display_name to None, run_after=None
[2026-08-12T04:43:39.894+0000] {processor.py:208} INFO - Processing /home/airflow/.local/lib/python3.12/site-packages/airflow/example_dags/example_display_name.py took 0.094 seconds
[2026-08-12T04:44:10.506+0000] {processor.py:186} INFO - Started process (PID=1466) to work on /home/airflow/.local/lib/python3.12/site-packages/airflow/example_dags/example_display_name.py
[2026-08-12T04:44:10.507+0000] {processor.py:914} INFO - Processing file /home/airflow/.local/lib/python3.12/site-packages/airflow/example_dags/example_display_name.py for tasks to queue
[2026-08-12T04:44:10.510+0000] {logging_mixin.py:190} INFO - [2026-08-12T04:44:10.509+0000] {dagbag.py:587} INFO - Filling up the DagBag from /home/airflow/.local/lib/python3.12/site-packages/airflow/example_dags/example_display_name.py
[2026-08-12T04:44:10.517+0000] {processor.py:925} INFO - DAG(s) 'example_display_name' retrieved from /home/airflow/.local/lib/python3.12/site-packages/airflow/example_dags/example_display_name.py
[2026-08-12T04:44:10.538+0000] {logging_mixin.py:190} INFO - [2026-08-12T04:44:10.537+0000] {dag.py:3211} INFO - Sync 1 DAGs
[2026-08-12T04:44:10.551+0000] {logging_mixin.py:190} INFO - [2026-08-12T04:44:10.551+0000] {dag.py:4138} INFO - Setting next_dagrun for example_display_name to None, run_after=None
[2026-08-12T04:44:10.574+0000] {processor.py:208} INFO - Processing /home/airflow/.local/lib/python3.12/site-packages/airflow/example_dags/example_display_name.py took 0.074 seconds
[2026-08-12T04:44:41.268+0000] {processor.py:186} INFO - Started process (PID=1528) to work on /home/airflow/.local/lib/python3.12/site-packages/airflow/example_dags/example_display_name.py
[2026-08-12T04:44:41.270+0000] {processor.py:914} INFO - Processing file /home/airflow/.local/lib/python3.12/site-packages/airflow/example_dags/example_display_name.py for tasks to queue
[2026-08-12T04:44:41.275+0000] {logging_mixin.py:190} INFO - [2026-08-12T04:44:41.274+0000] {dagbag.py:587} INFO - Filling up the DagBag from /home/airflow/.local/lib/python3.12/site-packages/airflow/example_dags/example_display_name.py
[2026-08-12T04:44:41.285+0000] {processor.py:925} INFO - DAG(s) 'example_display_name' retrieved from /home/airflow/.local/lib/python3.12/site-packages/airflow/example_dags/example_display_name.py
[2026-08-12T04:44:41.314+0000] {logging_mixin.py:190} INFO - [2026-08-12T04:44:41.313+0000] {dag.py:3211} INFO - Sync 1 DAGs
[2026-08-12T04:44:41.329+0000] {logging_mixin.py:190} INFO - [2026-08-12T04:44:41.329+0000] {dag.py:4138} INFO - Setting next_dagrun for example_display_name to None, run_after=None
[2026-08-12T04:44:41.349+0000] {processor.py:208} INFO - Processing /home/airflow/.local/lib/python3.12/site-packages/airflow/example_dags/example_display_name.py took 0.090 seconds
[2026-08-12T04:45:11.991+0000] {processor.py:186} INFO - Started process (PID=1590) to work on /home/airflow/.local/lib/python3.12/site-packages/airflow/example_dags/example_display_name.py
[2026-08-12T04:45:11.993+0000] {processor.py:914} INFO - Processing file /home/airflow/.local/lib/python3.12/site-packages/airflow/example_dags/example_display_name.py for tasks to queue
[2026-08-12T04:45:11.997+0000] {logging_mixin.py:190} INFO - [2026-08-12T04:45:11.997+0000] {dagbag.py:587} INFO - Filling up the DagBag from /home/airflow/.local/lib/python3.12/site-packages/airflow/example_dags/example_display_name.py
[2026-08-12T04:45:12.007+0000] {processor.py:925} INFO - DAG(s) 'example_display_name' retrieved from /home/airflow/.local/lib/python3.12/site-packages/airflow/example_dags/example_display_name.py
[2026-08-12T04:45:12.033+0000] {logging_mixin.py:190} INFO - [2026-08-12T04:45:12.032+0000] {dag.py:3211} INFO - Sync 1 DAGs
[2026-08-12T04:45:12.053+0000] {logging_mixin.py:190} INFO - [2026-08-12T04:45:12.053+0000] {dag.py:4138} INFO - Setting next_dagrun for example_display_name to None, run_after=None
[2026-08-12T04:45:12.077+0000] {processor.py:208} INFO - Processing /home/airflow/.local/lib/python3.12/site-packages/airflow/example_dags/example_display_name.py took 0.094 seconds
[2026-08-12T04:45:42.401+0000] {processor.py:186} INFO - Started process (PID=1651) to work on /home/airflow/.local/lib/python3.12/site-packages/airflow/example_dags/example_display_name.py
[2026-08-12T04:45:42.402+0000] {processor.py:914} INFO - Processing file /home/airflow/.local/lib/python3.12/site-packages/airflow/example_dags/example_display_name.py for tasks to queue
[2026-08-12T04:45:42.406+0000] {logging_mixin.py:190} INFO - [2026-08-12T04:45:42.405+0000] {dagbag.py:587} INFO - Filling up the DagBag from /home/airflow/.local/lib/python3.12/site-packages/airflow/example_dags/example_display_name.py
[2026-08-12T04:45:42.414+0000] {processor.py:925} INFO - DAG(s) 'example_display_name' retrieved from /home/airflow/.local/lib/python3.12/site-packages/airflow/example_dags/example_display_name.py
[2026-08-12T04:45:42.435+0000] {logging_mixin.py:190} INFO - [2026-08-12T04:45:42.435+0000] {dag.py:3211} INFO - Sync 1 DAGs
[2026-08-12T04:45:42.450+0000] {logging_mixin.py:190} INFO - [2026-08-12T04:45:42.450+0000] {dag.py:4138} INFO - Setting next_dagrun for example_display_name to None, run_after=None
[2026-08-12T04:45:42.470+0000] {processor.py:208} INFO - Processing /home/airflow/.local/lib/python3.12/site-packages/airflow/example_dags/example_display_name.py took 0.076 seconds
[2026-08-12T04:46:12.947+0000] {processor.py:186} INFO - Started process (PID=1714) to work on /home/airflow/.local/lib/python3.12/site-packages/airflow/example_dags/example_display_name.py
[2026-08-12T04:46:12.949+0000] {processor.py:914} INFO - Processing file /home/airflow/.local/lib/python3.12/site-packages/airflow/example_dags/example_display_name.py for tasks to queue
[2026-08-12T04:46:12.953+0000] {logging_mixin.py:190} INFO - [2026-08-12T04:46:12.953+0000] {dagbag.py:587} INFO - Filling up the DagBag from /home/airflow/.local/lib/python3.12/site-packages/airflow/example_dags/example_display_name.py
[2026-08-12T04:46:12.963+0000] {processor.py:925} INFO - DAG(s) 'example_display_name' retrieved from /home/airflow/.local/lib/python3.12/site-packages/airflow/example_dags/example_display_name.py
[2026-08-12T04:46:12.983+0000] {logging_mixin.py:190} INFO - [2026-08-12T04:46:12.983+0000] {dag.py:3211} INFO - Sync 1 DAGs
[2026-08-12T04:46:12.998+0000] {logging_mixin.py:190} INFO - [2026-08-12T04:46:12.998+0000] {dag.py:4138} INFO - Setting next_dagrun for example_display_name to None, run_after=None
[2026-08-12T04:46:13.025+0000] {processor.py:208} INFO - Processing /home/airflow/.local/lib/python3.12/site-packages/airflow/example_dags/example_display_name.py took 0.084 seconds
[2026-08-12T04:46:43.462+0000] {processor.py:186} INFO - Started process (PID=1776) to work on /home/airflow/.local/lib/python3.12/site-packages/airflow/example_dags/example_display_name.py
[2026-08-12T04:46:43.463+0000] {processor.py:914} INFO - Processing file /home/airflow/.local/lib/python3.12/site-packages/airflow/example_dags/example_display_name.py for tasks to queue
[2026-08-12T04:46:43.466+0000] {logging_mixin.py:190} INFO - [2026-08-12T04:46:43.466+0000] {dagbag.py:587} INFO - Filling up the DagBag from /home/airflow/.local/lib/python3.12/site-packages/airflow/example_dags/example_display_name.py
[2026-08-12T04:46:43.475+0000] {processor.py:925} INFO - DAG(s) 'example_display_name' retrieved from /home/airflow/.local/lib/python3.12/site-packages/airflow/example_dags/example_display_name.py
[2026-08-12T04:46:43.496+0000] {logging_mixin.py:190} INFO - [2026-08-12T04:46:43.496+0000] {dag.py:3211} INFO - Sync 1 DAGs
[2026-08-12T04:46:43.510+0000] {logging_mixin.py:190} INFO - [2026-08-12T04:46:43.510+0000] {dag.py:4138} INFO - Setting next_dagrun for example_display_name to None, run_after=None
[2026-08-12T04:46:43.529+0000] {processor.py:208} INFO - Processing /home/airflow/.local/lib/python3.12/site-packages/airflow/example_dags/example_display_name.py took 0.075 seconds
[2026-08-12T04:47:13.839+0000] {processor.py:186} INFO - Started process (PID=1838) to work on /home/airflow/.local/lib/python3.12/site-packages/airflow/example_dags/example_display_name.py
[2026-08-12T04:47:13.840+0000] {processor.py:914} INFO - Processing file /home/airflow/.local/lib/python3.12/site-packages/airflow/example_dags/example_display_name.py for tasks to queue
[2026-08-12T04:47:13.843+0000] {logging_mixin.py:190} INFO - [2026-08-12T04:47:13.843+0000] {dagbag.py:587} INFO - Filling up the DagBag from /home/airflow/.local/lib/python3.12/site-packages/airflow/example_dags/example_display_name.py
[2026-08-12T04:47:13.851+0000] {processor.py:925} INFO - DAG(s) 'example_display_name' retrieved from /home/airflow/.local/lib/python3.12/site-packages/airflow/example_dags/example_display_name.py
[2026-08-12T04:47:13.871+0000] {logging_mixin.py:190} INFO - [2026-08-12T04:47:13.871+0000] {dag.py:3211} INFO - Sync 1 DAGs
[2026-08-12T04:47:13.886+0000] {logging_mixin.py:190} INFO - [2026-08-12T04:47:13.886+0000] {dag.py:4138} INFO - Setting next_dagrun for example_display_name to None, run_after=None
[2026-08-12T04:47:13.909+0000] {processor.py:208} INFO - Processing /home/airflow/.local/lib/python3.12/site-packages/airflow/example_dags/example_display_name.py took 0.076 seconds
[2026-08-12T04:47:44.429+0000] {processor.py:186} INFO - Started process (PID=1900) to work on /home/airflow/.local/lib/python3.12/site-packages/airflow/example_dags/example_display_name.py
[2026-08-12T04:47:44.432+0000] {processor.py:914} INFO - Processing file /home/airflow/.local/lib/python3.12/site-packages/airflow/example_dags/example_display_name.py for tasks to queue
[2026-08-12T04:47:44.436+0000] {logging_mixin.py:190} INFO - [2026-08-12T04:47:44.436+0000] {dagbag.py:587} INFO - Filling up the DagBag from /home/airflow/.local/lib/python3.12/site-packages/airflow/example_dags/example_display_name.py
[2026-08-12T04:47:44.449+0000] {processor.py:925} INFO - DAG(s) 'example_display_name' retrieved from /home/airflow/.local/lib/python3.12/site-packages/airflow/example_dags/example_display_name.py
[2026-08-12T04:47:44.470+0000] {logging_mixin.py:190} INFO - [2026-08-12T04:47:44.470+0000] {dag.py:3211} INFO - Sync 1 DAGs
[2026-08-12T04:47:44.486+0000] {logging_mixin.py:190} INFO - [2026-08-12T04:47:44.486+0000] {dag.py:4138} INFO - Setting next_dagrun for example_display_name to None, run_after=None
[2026-08-12T04:47:44.505+0000] {processor.py:208} INFO - Processing /home/airflow/.local/lib/python3.12/site-packages/airflow/example_dags/example_display_name.py took 0.086 seconds
[2026-08-12T04:48:15.246+0000] {processor.py:186} INFO - Started process (PID=1962) to work on /home/airflow/.local/lib/python3.12/site-packages/airflow/example_dags/example_display_name.py
[2026-08-12T04:48:15.248+0000] {processor.py:914} INFO - Processing file /home/airflow/.local/lib/python3.12/site-packages/airflow/example_dags/example_display_name.py for tasks to queue
[2026-08-12T04:48:15.250+0000] {logging_mixin.py:190} INFO - [2026-08-12T04:48:15.250+0000] {dagbag.py:587} INFO - Filling up the DagBag from /home/airflow/.local/lib/python3.12/site-packages/airflow/example_dags/example_display_name.py
[2026-08-12T04:48:15.258+0000] {processor.py:925} INFO - DAG(s) 'example_display_name' retrieved from /home/airflow/.local/lib/python3.12/site-packages/airflow/example_dags/example_display_name.py
[2026-08-12T04:48:15.281+0000] {logging_mixin.py:190} INFO - [2026-08-12T04:48:15.281+0000] {dag.py:3211} INFO - Sync 1 DAGs
[2026-08-12T04:48:15.295+0000] {logging_mixin.py:190} INFO - [2026-08-12T04:48:15.295+0000] {dag.py:4138} INFO - Setting next_dagrun for example_display_name to None, run_after=None
[2026-08-12T04:48:15.312+0000] {processor.py:208} INFO - Processing /home/airflow/.local/lib/python3.12/site-packages/airflow/example_dags/example_display_name.py took 0.074 seconds
[2026-08-12T04:48:46.176+0000] {processor.py:186} INFO - Started process (PID=2024) to work on /home/airflow/.local/lib/python3.12/site-packages/airflow/example_dags/example_display_name.py
[2026-08-12T04:48:46.178+0000] {processor.py:914} INFO - Processing file /home/airflow/.local/lib/python3.12/site-packages/airflow/example_dags/example_display_name.py for tasks to queue
[2026-08-12T04:48:46.182+0000] {logging_mixin.py:190} INFO - [2026-08-12T04:48:46.181+0000] {dagbag.py:587} INFO - Filling up the DagBag from /home/airflow/.local/lib/python3.12/site-packages/airflow/example_dags/example_display_name.py
[2026-08-12T04:48:46.191+0000] {processor.py:925} INFO - DAG(s) 'example_display_name' retrieved from /home/airflow/.local/lib/python3.12/site-packages/airflow/example_dags/example_display_name.py
[2026-08-12T04:48:46.210+0000] {logging_mixin.py:190} INFO - [2026-08-12T04:48:46.210+0000] {dag.py:3211} INFO - Sync 1 DAGs
[2026-08-12T04:48:46.223+0000] {logging_mixin.py:190} INFO - [2026-08-12T04:48:46.223+0000] {dag.py:4138} INFO - Setting next_dagrun for example_display_name to None, run_after=None
[2026-08-12T04:48:46.240+0000] {processor.py:208} INFO - Processing /home/airflow/.local/lib/python3.12/site-packages/airflow/example_dags/example_display_name.py took 0.070 seconds
[2026-08-12T04:49:16.690+0000] {processor.py:186} INFO - Started process (PID=2086) to work on /home/airflow/.local/lib/python3.12/site-packages/airflow/example_dags/example_display_name.py
[2026-08-12T04:49:16.692+0000] {processor.py:914} INFO - Processing file /home/airflow/.local/lib/python3.12/site-packages/airflow/example_dags/example_display_name.py for tasks to queue
[2026-08-12T04:49:16.694+0000] {logging_mixin.py:190} INFO - [2026-08-12T04:49:16.694+0000] {dagbag.py:587} INFO - Filling up the DagBag from /home/airflow/.local/lib/python3.12/site-packages/airflow/example_dags/example_display_name.py
[2026-08-12T04:49:16.702+0000] {processor.py:925} INFO - DAG(s) 'example_display_name' retrieved from /home/airflow/.local/lib/python3.12/site-packages/airflow/example_dags/example_display_name.py
[2026-08-12T04:49:16.724+0000] {logging_mixin.py:190} INFO - [2026-08-12T04:49:16.724+0000] {dag.py:3211} INFO - Sync 1 DAGs
[2026-08-12T04:49:16.744+0000] {logging_mixin.py:190} INFO - [2026-08-12T04:49:16.743+0000] {dag.py:4138} INFO - Setting next_dagrun for example_display_name to None, run_after=None
[2026-08-12T04:49:16.766+0000] {processor.py:208} INFO - Processing /home/airflow/.local/lib/python3.12/site-packages/airflow/example_dags/example_display_name.py took 0.082 seconds
[2026-08-12T04:49:47.059+0000] {processor.py:186} INFO - Started process (PID=2148) to work on /home/airflow/.local/lib/python3.12/site-packages/airflow/example_dags/example_display_name.py
[2026-08-12T04:49:47.061+0000] {processor.py:914} INFO - Processing file /home/airflow/.local/lib/python3.12/site-packages/airflow/example_dags/example_display_name.py for tasks to queue
[2026-08-12T04:49:47.065+0000] {logging_mixin.py:190} INFO - [2026-08-12T04:49:47.064+0000] {dagbag.py:587} INFO - Filling up the DagBag from /home/airflow/.local/lib/python3.12/site-packages/airflow/example_dags/example_display_name.py
[2026-08-12T04:49:47.072+0000] {processor.py:925} INFO - DAG(s) 'example_display_name' retrieved from /home/airflow/.local/lib/python3.12/site-packages/airflow/example_dags/example_display_name.py
[2026-08-12T04:49:47.094+0000] {logging_mixin.py:190} INFO - [2026-08-12T04:49:47.094+0000] {dag.py:3211} INFO - Sync 1 DAGs
[2026-08-12T04:49:47.110+0000] {logging_mixin.py:190} INFO - [2026-08-12T04:49:47.110+0000] {dag.py:4138} INFO - Setting next_dagrun for example_display_name to None, run_after=None
[2026-08-12T04:49:47.131+0000] {processor.py:208} INFO - Processing /home/airflow/.local/lib/python3.12/site-packages/airflow/example_dags/example_display_name.py took 0.078 seconds
