[2026-08-12T04:30:41.059+0000] {processor.py:186} INFO - Started process (PID=117) to work on /home/airflow/.local/lib/python3.12/site-packages/airflow/example_dags/example_branch_datetime_operator.py
[2026-08-12T04:30:41.061+0000] {processor.py:914} INFO - Processing file /home/airflow/.local/lib/python3.12/site-packages/airflow/example_dags/example_branch_datetime_operator.py for tasks to queue
[2026-08-12T04:30:41.064+0000] {logging_mixin.py:190} INFO - [2026-08-12T04:30:41.063+0000] {dagbag.py:587} INFO - Filling up the DagBag from /home/airflow/.local/lib/python3.12/site-packages/airflow/example_dags/example_branch_datetime_operator.py
[2026-08-12T04:30:41.078+0000] {processor.py:925} INFO - DAG(s) 'example_branch_datetime_operator_2', 'example_branch_datetime_operator_3', 'example_branch_datetime_operator' retrieved from /home/airflow/.local/lib/python3.12/site-packages/airflow/example_dags/example_branch_datetime_operator.py
[2026-08-12T04:30:41.186+0000] {logging_mixin.py:190} INFO - [2026-08-12T04:30:41.185+0000] {override.py:1858} INFO - Created Permission View: can edit on DAG:example_branch_datetime_operator_2
[2026-08-12T04:30:41.199+0000] {logging_mixin.py:190} INFO - [2026-08-12T04:30:41.199+0000] {override.py:1858} INFO - Created Permission View: can delete on DAG:example_branch_datetime_operator_2
[2026-08-12T04:30:41.208+0000] {logging_mixin.py:190} INFO - [2026-08-12T04:30:41.208+0000] {override.py:1858} INFO - Created Permission View: can read on DAG:example_branch_datetime_operator_2
[2026-08-12T04:30:41.224+0000] {logging_mixin.py:190} INFO - [2026-08-12T04:30:41.224+0000] {override.py:1858} INFO - Created Permission View: can edit on DAG:example_branch_datetime_operator_3
[2026-08-12T04:30:41.233+0000] {logging_mixin.py:190} INFO - [2026-08-12T04:30:41.233+0000] {override.py:1858} INFO - Created Permission View: can delete on DAG:example_branch_datetime_operator_3
[2026-08-12T04:30:41.242+0000] {logging_mixin.py:190} INFO - [2026-08-12T04:30:41.242+0000] {override.py:1858} INFO - Created Permission View: can read on DAG:example_branch_datetime_operator_3
[2026-08-12T04:30:41.260+0000] {logging_mixin.py:190} INFO - [2026-08-12T04:30:41.259+0000] {override.py:1858} INFO - Created Permission View: can edit on DAG:example_branch_datetime_operator
[2026-08-12T04:30:41.270+0000] {logging_mixin.py:190} INFO - [2026-08-12T04:30:41.270+0000] {override.py:1858} INFO - Created Permission View: can delete on DAG:example_branch_datetime_operator
[2026-08-12T04:30:41.280+0000] {logging_mixin.py:190} INFO - [2026-08-12T04:30:41.279+0000] {override.py:1858} INFO - Created Permission View: can read on DAG:example_branch_datetime_operator
[2026-08-12T04:30:41.281+0000] {logging_mixin.py:190} INFO - [2026-08-12T04:30:41.281+0000] {dag.py:3211} INFO - Sync 3 DAGs
[2026-08-12T04:30:41.298+0000] {logging_mixin.py:190} INFO - [2026-08-12T04:30:41.298+0000] {dag.py:3234} INFO - Creating ORM DAG for example_branch_datetime_operator_2
[2026-08-12T04:30:41.300+0000] {logging_mixin.py:190} INFO - [2026-08-12T04:30:41.300+0000] {dag.py:3234} INFO - Creating ORM DAG for example_branch_datetime_operator
[2026-08-12T04:30:41.302+0000] {logging_mixin.py:190} INFO - [2026-08-12T04:30:41.301+0000] {dag.py:3234} INFO - Creating ORM DAG for example_branch_datetime_operator_3
[2026-08-12T04:30:41.314+0000] {logging_mixin.py:190} INFO - [2026-08-12T04:30:41.314+0000] {dag.py:4138} INFO - Setting next_dagrun for example_branch_datetime_operator to 2026-08-11 00:00:00+00:00, run_after=2026-08-12 00:00:00+00:00
[2026-08-12T04:30:41.317+0000] {logging_mixin.py:190} INFO - [2026-08-12T04:30:41.316+0000] {dag.py:4138} INFO - Setting next_dagrun for example_branch_datetime_operator_2 to 2026-08-11 00:00:00+00:00, run_after=2026-08-12 00:00:00+00:00
[2026-08-12T04:30:41.319+0000] {logging_mixin.py:190} INFO - [2026-08-12T04:30:41.319+0000] {dag.py:4138} INFO - Setting next_dagrun for example_branch_datetime_operator_3 to 2026-08-11 00:00:00+00:00, run_after=2026-08-12 00:00:00+00:00
[2026-08-12T04:30:41.340+0000] {processor.py:208} INFO - Processing /home/airflow/.local/lib/python3.12/site-packages/airflow/example_dags/example_branch_datetime_operator.py took 0.287 seconds
[2026-08-12T04:31:12.069+0000] {processor.py:186} INFO - Started process (PID=179) to work on /home/airflow/.local/lib/python3.12/site-packages/airflow/example_dags/example_branch_datetime_operator.py
[2026-08-12T04:31:12.071+0000] {processor.py:914} INFO - Processing file /home/airflow/.local/lib/python3.12/site-packages/airflow/example_dags/example_branch_datetime_operator.py for tasks to queue
[2026-08-12T04:31:12.074+0000] {logging_mixin.py:190} INFO - [2026-08-12T04:31:12.073+0000] {dagbag.py:587} INFO - Filling up the DagBag from /home/airflow/.local/lib/python3.12/site-packages/airflow/example_dags/example_branch_datetime_operator.py
[2026-08-12T04:31:12.086+0000] {processor.py:925} INFO - DAG(s) 'example_branch_datetime_operator', 'example_branch_datetime_operator_3', 'example_branch_datetime_operator_2' retrieved from /home/airflow/.local/lib/python3.12/site-packages/airflow/example_dags/example_branch_datetime_operator.py
[2026-08-12T04:31:12.115+0000] {logging_mixin.py:190} INFO - [2026-08-12T04:31:12.115+0000] {dag.py:3211} INFO - Sync 3 DAGs
[2026-08-12T04:31:12.141+0000] {logging_mixin.py:190} INFO - [2026-08-12T04:31:12.141+0000] {dag.py:4138} INFO - Setting next_dagrun for example_branch_datetime_operator to 2026-08-11 00:00:00+00:00, run_after=2026-08-12 00:00:00+00:00
[2026-08-12T04:31:12.147+0000] {logging_mixin.py:190} INFO - [2026-08-12T04:31:12.147+0000] {dag.py:4138} INFO - Setting next_dagrun for example_branch_datetime_operator_2 to 2026-08-11 00:00:00+00:00, run_after=2026-08-12 00:00:00+00:00
[2026-08-12T04:31:12.150+0000] {logging_mixin.py:190} INFO - [2026-08-12T04:31:12.150+0000] {dag.py:4138} INFO - Setting next_dagrun for example_branch_datetime_operator_3 to 2026-08-11 00:00:00+00:00, run_after=2026-08-12 00:00:00+00:00
[2026-08-12T04:31:12.170+0000] {processor.py:208} INFO - Processing /home/airflow/.local/lib/python3.12/site-packages/airflow/example_dags/example_branch_datetime_operator.py took 0.106 seconds
[2026-08-12T04:31:42.823+0000] {processor.py:186} INFO - Started process (PID=242) to work on /home/airflow/.local/lib/python3.12/site-packages/airflow/example_dags/example_branch_datetime_operator.py
[2026-08-12T04:31:42.826+0000] {processor.py:914} INFO - Processing file /home/airflow/.local/lib/python3.12/site-packages/airflow/example_dags/example_branch_datetime_operator.py for tasks to queue
[2026-08-12T04:31:42.829+0000] {logging_mixin.py:190} INFO - [2026-08-12T04:31:42.829+0000] {dagbag.py:587} INFO - Filling up the DagBag from /home/airflow/.local/lib/python3.12/site-packages/airflow/example_dags/example_branch_datetime_operator.py
[2026-08-12T04:31:42.842+0000] {processor.py:925} INFO - DAG(s) 'example_branch_datetime_operator_3', 'example_branch_datetime_operator_2', 'example_branch_datetime_operator' retrieved from /home/airflow/.local/lib/python3.12/site-packages/airflow/example_dags/example_branch_datetime_operator.py
[2026-08-12T04:31:42.871+0000] {logging_mixin.py:190} INFO - [2026-08-12T04:31:42.870+0000] {dag.py:3211} INFO - Sync 3 DAGs
[2026-08-12T04:31:42.898+0000] {logging_mixin.py:190} INFO - [2026-08-12T04:31:42.898+0000] {dag.py:4138} INFO - Setting next_dagrun for example_branch_datetime_operator to 2026-08-11 00:00:00+00:00, run_after=2026-08-12 00:00:00+00:00
[2026-08-12T04:31:42.905+0000] {logging_mixin.py:190} INFO - [2026-08-12T04:31:42.904+0000] {dag.py:4138} INFO - Setting next_dagrun for example_branch_datetime_operator_2 to 2026-08-11 00:00:00+00:00, run_after=2026-08-12 00:00:00+00:00
[2026-08-12T04:31:42.908+0000] {logging_mixin.py:190} INFO - [2026-08-12T04:31:42.908+0000] {dag.py:4138} INFO - Setting next_dagrun for example_branch_datetime_operator_3 to 2026-08-11 00:00:00+00:00, run_after=2026-08-12 00:00:00+00:00
[2026-08-12T04:31:42.930+0000] {processor.py:208} INFO - Processing /home/airflow/.local/lib/python3.12/site-packages/airflow/example_dags/example_branch_datetime_operator.py took 0.112 seconds
[2026-08-12T04:32:58.376+0000] {processor.py:186} INFO - Started process (PID=108) to work on /home/airflow/.local/lib/python3.12/site-packages/airflow/example_dags/example_branch_datetime_operator.py
[2026-08-12T04:32:58.378+0000] {processor.py:914} INFO - Processing file /home/airflow/.local/lib/python3.12/site-packages/airflow/example_dags/example_branch_datetime_operator.py for tasks to queue
[2026-08-12T04:32:58.382+0000] {logging_mixin.py:190} INFO - [2026-08-12T04:32:58.381+0000] {dagbag.py:587} INFO - Filling up the DagBag from /home/airflow/.local/lib/python3.12/site-packages/airflow/example_dags/example_branch_datetime_operator.py
[2026-08-12T04:32:58.396+0000] {processor.py:925} INFO - DAG(s) 'example_branch_datetime_operator', 'example_branch_datetime_operator_3', 'example_branch_datetime_operator_2' retrieved from /home/airflow/.local/lib/python3.12/site-packages/airflow/example_dags/example_branch_datetime_operator.py
[2026-08-12T04:32:58.433+0000] {logging_mixin.py:190} INFO - [2026-08-12T04:32:58.426+0000] {dag.py:3211} INFO - Sync 3 DAGs
[2026-08-12T04:32:58.466+0000] {logging_mixin.py:190} INFO - [2026-08-12T04:32:58.465+0000] {dag.py:4138} INFO - Setting next_dagrun for example_branch_datetime_operator to 2026-08-11 00:00:00+00:00, run_after=2026-08-12 00:00:00+00:00
[2026-08-12T04:32:58.471+0000] {logging_mixin.py:190} INFO - [2026-08-12T04:32:58.471+0000] {dag.py:4138} INFO - Setting next_dagrun for example_branch_datetime_operator_2 to 2026-08-11 00:00:00+00:00, run_after=2026-08-12 00:00:00+00:00
[2026-08-12T04:32:58.486+0000] {logging_mixin.py:190} INFO - [2026-08-12T04:32:58.486+0000] {dag.py:4138} INFO - Setting next_dagrun for example_branch_datetime_operator_3 to 2026-08-11 00:00:00+00:00, run_after=2026-08-12 00:00:00+00:00
[2026-08-12T04:32:58.506+0000] {processor.py:208} INFO - Processing /home/airflow/.local/lib/python3.12/site-packages/airflow/example_dags/example_branch_datetime_operator.py took 0.136 seconds
[2026-08-12T04:33:29.261+0000] {processor.py:186} INFO - Started process (PID=170) to work on /home/airflow/.local/lib/python3.12/site-packages/airflow/example_dags/example_branch_datetime_operator.py
[2026-08-12T04:33:29.262+0000] {processor.py:914} INFO - Processing file /home/airflow/.local/lib/python3.12/site-packages/airflow/example_dags/example_branch_datetime_operator.py for tasks to queue
[2026-08-12T04:33:29.266+0000] {logging_mixin.py:190} INFO - [2026-08-12T04:33:29.265+0000] {dagbag.py:587} INFO - Filling up the DagBag from /home/airflow/.local/lib/python3.12/site-packages/airflow/example_dags/example_branch_datetime_operator.py
[2026-08-12T04:33:29.282+0000] {processor.py:925} INFO - DAG(s) 'example_branch_datetime_operator_3', 'example_branch_datetime_operator_2', 'example_branch_datetime_operator' retrieved from /home/airflow/.local/lib/python3.12/site-packages/airflow/example_dags/example_branch_datetime_operator.py
[2026-08-12T04:33:29.313+0000] {logging_mixin.py:190} INFO - [2026-08-12T04:33:29.313+0000] {dag.py:3211} INFO - Sync 3 DAGs
[2026-08-12T04:33:29.339+0000] {logging_mixin.py:190} INFO - [2026-08-12T04:33:29.338+0000] {dag.py:4138} INFO - Setting next_dagrun for example_branch_datetime_operator to 2026-08-11 00:00:00+00:00, run_after=2026-08-12 00:00:00+00:00
[2026-08-12T04:33:29.344+0000] {logging_mixin.py:190} INFO - [2026-08-12T04:33:29.344+0000] {dag.py:4138} INFO - Setting next_dagrun for example_branch_datetime_operator_2 to 2026-08-11 00:00:00+00:00, run_after=2026-08-12 00:00:00+00:00
[2026-08-12T04:33:29.347+0000] {logging_mixin.py:190} INFO - [2026-08-12T04:33:29.347+0000] {dag.py:4138} INFO - Setting next_dagrun for example_branch_datetime_operator_3 to 2026-08-11 00:00:00+00:00, run_after=2026-08-12 00:00:00+00:00
[2026-08-12T04:33:29.366+0000] {processor.py:208} INFO - Processing /home/airflow/.local/lib/python3.12/site-packages/airflow/example_dags/example_branch_datetime_operator.py took 0.111 seconds
[2026-08-12T04:33:59.625+0000] {processor.py:186} INFO - Started process (PID=232) to work on /home/airflow/.local/lib/python3.12/site-packages/airflow/example_dags/example_branch_datetime_operator.py
[2026-08-12T04:33:59.627+0000] {processor.py:914} INFO - Processing file /home/airflow/.local/lib/python3.12/site-packages/airflow/example_dags/example_branch_datetime_operator.py for tasks to queue
[2026-08-12T04:33:59.630+0000] {logging_mixin.py:190} INFO - [2026-08-12T04:33:59.630+0000] {dagbag.py:587} INFO - Filling up the DagBag from /home/airflow/.local/lib/python3.12/site-packages/airflow/example_dags/example_branch_datetime_operator.py
[2026-08-12T04:33:59.642+0000] {processor.py:925} INFO - DAG(s) 'example_branch_datetime_operator', 'example_branch_datetime_operator_2', 'example_branch_datetime_operator_3' retrieved from /home/airflow/.local/lib/python3.12/site-packages/airflow/example_dags/example_branch_datetime_operator.py
[2026-08-12T04:33:59.674+0000] {logging_mixin.py:190} INFO - [2026-08-12T04:33:59.674+0000] {dag.py:3211} INFO - Sync 3 DAGs
[2026-08-12T04:33:59.698+0000] {logging_mixin.py:190} INFO - [2026-08-12T04:33:59.698+0000] {dag.py:4138} INFO - Setting next_dagrun for example_branch_datetime_operator to 2026-08-11 00:00:00+00:00, run_after=2026-08-12 00:00:00+00:00
[2026-08-12T04:33:59.703+0000] {logging_mixin.py:190} INFO - [2026-08-12T04:33:59.703+0000] {dag.py:4138} INFO - Setting next_dagrun for example_branch_datetime_operator_2 to 2026-08-11 00:00:00+00:00, run_after=2026-08-12 00:00:00+00:00
[2026-08-12T04:33:59.706+0000] {logging_mixin.py:190} INFO - [2026-08-12T04:33:59.706+0000] {dag.py:4138} INFO - Setting next_dagrun for example_branch_datetime_operator_3 to 2026-08-11 00:00:00+00:00, run_after=2026-08-12 00:00:00+00:00
[2026-08-12T04:33:59.724+0000] {processor.py:208} INFO - Processing /home/airflow/.local/lib/python3.12/site-packages/airflow/example_dags/example_branch_datetime_operator.py took 0.105 seconds
[2026-08-12T04:34:30.286+0000] {processor.py:186} INFO - Started process (PID=294) to work on /home/airflow/.local/lib/python3.12/site-packages/airflow/example_dags/example_branch_datetime_operator.py
[2026-08-12T04:34:30.288+0000] {processor.py:914} INFO - Processing file /home/airflow/.local/lib/python3.12/site-packages/airflow/example_dags/example_branch_datetime_operator.py for tasks to queue
[2026-08-12T04:34:30.291+0000] {logging_mixin.py:190} INFO - [2026-08-12T04:34:30.291+0000] {dagbag.py:587} INFO - Filling up the DagBag from /home/airflow/.local/lib/python3.12/site-packages/airflow/example_dags/example_branch_datetime_operator.py
[2026-08-12T04:34:30.303+0000] {processor.py:925} INFO - DAG(s) 'example_branch_datetime_operator_2', 'example_branch_datetime_operator', 'example_branch_datetime_operator_3' retrieved from /home/airflow/.local/lib/python3.12/site-packages/airflow/example_dags/example_branch_datetime_operator.py
[2026-08-12T04:34:30.356+0000] {logging_mixin.py:190} INFO - [2026-08-12T04:34:30.355+0000] {dag.py:3211} INFO - Sync 3 DAGs
[2026-08-12T04:34:30.387+0000] {logging_mixin.py:190} INFO - [2026-08-12T04:34:30.387+0000] {dag.py:4138} INFO - Setting next_dagrun for example_branch_datetime_operator to 2026-08-11 00:00:00+00:00, run_after=2026-08-12 00:00:00+00:00
[2026-08-12T04:34:30.393+0000] {logging_mixin.py:190} INFO - [2026-08-12T04:34:30.393+0000] {dag.py:4138} INFO - Setting next_dagrun for example_branch_datetime_operator_2 to 2026-08-11 00:00:00+00:00, run_after=2026-08-12 00:00:00+00:00
[2026-08-12T04:34:30.397+0000] {logging_mixin.py:190} INFO - [2026-08-12T04:34:30.397+0000] {dag.py:4138} INFO - Setting next_dagrun for example_branch_datetime_operator_3 to 2026-08-11 00:00:00+00:00, run_after=2026-08-12 00:00:00+00:00
[2026-08-12T04:34:30.420+0000] {processor.py:208} INFO - Processing /home/airflow/.local/lib/python3.12/site-packages/airflow/example_dags/example_branch_datetime_operator.py took 0.140 seconds
[2026-08-12T04:35:00.715+0000] {processor.py:186} INFO - Started process (PID=356) to work on /home/airflow/.local/lib/python3.12/site-packages/airflow/example_dags/example_branch_datetime_operator.py
[2026-08-12T04:35:00.716+0000] {processor.py:914} INFO - Processing file /home/airflow/.local/lib/python3.12/site-packages/airflow/example_dags/example_branch_datetime_operator.py for tasks to queue
[2026-08-12T04:35:00.720+0000] {logging_mixin.py:190} INFO - [2026-08-12T04:35:00.719+0000] {dagbag.py:587} INFO - Filling up the DagBag from /home/airflow/.local/lib/python3.12/site-packages/airflow/example_dags/example_branch_datetime_operator.py
[2026-08-12T04:35:00.733+0000] {processor.py:925} INFO - DAG(s) 'example_branch_datetime_operator_2', 'example_branch_datetime_operator_3', 'example_branch_datetime_operator' retrieved from /home/airflow/.local/lib/python3.12/site-packages/airflow/example_dags/example_branch_datetime_operator.py
[2026-08-12T04:35:00.777+0000] {logging_mixin.py:190} INFO - [2026-08-12T04:35:00.776+0000] {dag.py:3211} INFO - Sync 3 DAGs
[2026-08-12T04:35:00.801+0000] {logging_mixin.py:190} INFO - [2026-08-12T04:35:00.801+0000] {dag.py:4138} INFO - Setting next_dagrun for example_branch_datetime_operator to 2026-08-11 00:00:00+00:00, run_after=2026-08-12 00:00:00+00:00
[2026-08-12T04:35:00.807+0000] {logging_mixin.py:190} INFO - [2026-08-12T04:35:00.807+0000] {dag.py:4138} INFO - Setting next_dagrun for example_branch_datetime_operator_2 to 2026-08-11 00:00:00+00:00, run_after=2026-08-12 00:00:00+00:00
[2026-08-12T04:35:00.810+0000] {logging_mixin.py:190} INFO - [2026-08-12T04:35:00.810+0000] {dag.py:4138} INFO - Setting next_dagrun for example_branch_datetime_operator_3 to 2026-08-11 00:00:00+00:00, run_after=2026-08-12 00:00:00+00:00
[2026-08-12T04:35:00.833+0000] {processor.py:208} INFO - Processing /home/airflow/.local/lib/python3.12/site-packages/airflow/example_dags/example_branch_datetime_operator.py took 0.124 seconds
[2026-08-12T04:35:30.942+0000] {processor.py:186} INFO - Started process (PID=417) to work on /home/airflow/.local/lib/python3.12/site-packages/airflow/example_dags/example_branch_datetime_operator.py
[2026-08-12T04:35:30.943+0000] {processor.py:914} INFO - Processing file /home/airflow/.local/lib/python3.12/site-packages/airflow/example_dags/example_branch_datetime_operator.py for tasks to queue
[2026-08-12T04:35:30.947+0000] {logging_mixin.py:190} INFO - [2026-08-12T04:35:30.946+0000] {dagbag.py:587} INFO - Filling up the DagBag from /home/airflow/.local/lib/python3.12/site-packages/airflow/example_dags/example_branch_datetime_operator.py
[2026-08-12T04:35:30.957+0000] {processor.py:925} INFO - DAG(s) 'example_branch_datetime_operator_2', 'example_branch_datetime_operator', 'example_branch_datetime_operator_3' retrieved from /home/airflow/.local/lib/python3.12/site-packages/airflow/example_dags/example_branch_datetime_operator.py
[2026-08-12T04:35:30.997+0000] {logging_mixin.py:190} INFO - [2026-08-12T04:35:30.997+0000] {dag.py:3211} INFO - Sync 3 DAGs
[2026-08-12T04:35:31.020+0000] {logging_mixin.py:190} INFO - [2026-08-12T04:35:31.020+0000] {dag.py:4138} INFO - Setting next_dagrun for example_branch_datetime_operator to 2026-08-11 00:00:00+00:00, run_after=2026-08-12 00:00:00+00:00
[2026-08-12T04:35:31.025+0000] {logging_mixin.py:190} INFO - [2026-08-12T04:35:31.025+0000] {dag.py:4138} INFO - Setting next_dagrun for example_branch_datetime_operator_2 to 2026-08-11 00:00:00+00:00, run_after=2026-08-12 00:00:00+00:00
[2026-08-12T04:35:31.029+0000] {logging_mixin.py:190} INFO - [2026-08-12T04:35:31.028+0000] {dag.py:4138} INFO - Setting next_dagrun for example_branch_datetime_operator_3 to 2026-08-11 00:00:00+00:00, run_after=2026-08-12 00:00:00+00:00
[2026-08-12T04:35:31.045+0000] {processor.py:208} INFO - Processing /home/airflow/.local/lib/python3.12/site-packages/airflow/example_dags/example_branch_datetime_operator.py took 0.109 seconds
[2026-08-12T04:36:01.965+0000] {processor.py:186} INFO - Started process (PID=480) to work on /home/airflow/.local/lib/python3.12/site-packages/airflow/example_dags/example_branch_datetime_operator.py
[2026-08-12T04:36:01.967+0000] {processor.py:914} INFO - Processing file /home/airflow/.local/lib/python3.12/site-packages/airflow/example_dags/example_branch_datetime_operator.py for tasks to queue
[2026-08-12T04:36:01.971+0000] {logging_mixin.py:190} INFO - [2026-08-12T04:36:01.970+0000] {dagbag.py:587} INFO - Filling up the DagBag from /home/airflow/.local/lib/python3.12/site-packages/airflow/example_dags/example_branch_datetime_operator.py
[2026-08-12T04:36:01.984+0000] {processor.py:925} INFO - DAG(s) 'example_branch_datetime_operator_2', 'example_branch_datetime_operator', 'example_branch_datetime_operator_3' retrieved from /home/airflow/.local/lib/python3.12/site-packages/airflow/example_dags/example_branch_datetime_operator.py
[2026-08-12T04:36:02.012+0000] {logging_mixin.py:190} INFO - [2026-08-12T04:36:02.012+0000] {dag.py:3211} INFO - Sync 3 DAGs
[2026-08-12T04:36:02.038+0000] {logging_mixin.py:190} INFO - [2026-08-12T04:36:02.037+0000] {dag.py:4138} INFO - Setting next_dagrun for example_branch_datetime_operator to 2026-08-11 00:00:00+00:00, run_after=2026-08-12 00:00:00+00:00
[2026-08-12T04:36:02.043+0000] {logging_mixin.py:190} INFO - [2026-08-12T04:36:02.043+0000] {dag.py:4138} INFO - Setting next_dagrun for example_branch_datetime_operator_2 to 2026-08-11 00:00:00+00:00, run_after=2026-08-12 00:00:00+00:00
[2026-08-12T04:36:02.047+0000] {logging_mixin.py:190} INFO - [2026-08-12T04:36:02.047+0000] {dag.py:4138} INFO - Setting next_dagrun for example_branch_datetime_operator_3 to 2026-08-11 00:00:00+00:00, run_after=2026-08-12 00:00:00+00:00
[2026-08-12T04:36:02.066+0000] {processor.py:208} INFO - Processing /home/airflow/.local/lib/python3.12/site-packages/airflow/example_dags/example_branch_datetime_operator.py took 0.106 seconds
[2026-08-12T04:36:32.397+0000] {processor.py:186} INFO - Started process (PID=542) to work on /home/airflow/.local/lib/python3.12/site-packages/airflow/example_dags/example_branch_datetime_operator.py
[2026-08-12T04:36:32.399+0000] {processor.py:914} INFO - Processing file /home/airflow/.local/lib/python3.12/site-packages/airflow/example_dags/example_branch_datetime_operator.py for tasks to queue
[2026-08-12T04:36:32.402+0000] {logging_mixin.py:190} INFO - [2026-08-12T04:36:32.401+0000] {dagbag.py:587} INFO - Filling up the DagBag from /home/airflow/.local/lib/python3.12/site-packages/airflow/example_dags/example_branch_datetime_operator.py
[2026-08-12T04:36:32.414+0000] {processor.py:925} INFO - DAG(s) 'example_branch_datetime_operator_2', 'example_branch_datetime_operator', 'example_branch_datetime_operator_3' retrieved from /home/airflow/.local/lib/python3.12/site-packages/airflow/example_dags/example_branch_datetime_operator.py
[2026-08-12T04:36:32.443+0000] {logging_mixin.py:190} INFO - [2026-08-12T04:36:32.443+0000] {dag.py:3211} INFO - Sync 3 DAGs
[2026-08-12T04:36:32.466+0000] {logging_mixin.py:190} INFO - [2026-08-12T04:36:32.466+0000] {dag.py:4138} INFO - Setting next_dagrun for example_branch_datetime_operator to 2026-08-11 00:00:00+00:00, run_after=2026-08-12 00:00:00+00:00
[2026-08-12T04:36:32.471+0000] {logging_mixin.py:190} INFO - [2026-08-12T04:36:32.471+0000] {dag.py:4138} INFO - Setting next_dagrun for example_branch_datetime_operator_2 to 2026-08-11 00:00:00+00:00, run_after=2026-08-12 00:00:00+00:00
[2026-08-12T04:36:32.474+0000] {logging_mixin.py:190} INFO - [2026-08-12T04:36:32.474+0000] {dag.py:4138} INFO - Setting next_dagrun for example_branch_datetime_operator_3 to 2026-08-11 00:00:00+00:00, run_after=2026-08-12 00:00:00+00:00
[2026-08-12T04:36:32.492+0000] {processor.py:208} INFO - Processing /home/airflow/.local/lib/python3.12/site-packages/airflow/example_dags/example_branch_datetime_operator.py took 0.101 seconds
[2026-08-12T04:37:03.304+0000] {processor.py:186} INFO - Started process (PID=604) to work on /home/airflow/.local/lib/python3.12/site-packages/airflow/example_dags/example_branch_datetime_operator.py
[2026-08-12T04:37:03.306+0000] {processor.py:914} INFO - Processing file /home/airflow/.local/lib/python3.12/site-packages/airflow/example_dags/example_branch_datetime_operator.py for tasks to queue
[2026-08-12T04:37:03.310+0000] {logging_mixin.py:190} INFO - [2026-08-12T04:37:03.310+0000] {dagbag.py:587} INFO - Filling up the DagBag from /home/airflow/.local/lib/python3.12/site-packages/airflow/example_dags/example_branch_datetime_operator.py
[2026-08-12T04:37:03.324+0000] {processor.py:925} INFO - DAG(s) 'example_branch_datetime_operator_3', 'example_branch_datetime_operator_2', 'example_branch_datetime_operator' retrieved from /home/airflow/.local/lib/python3.12/site-packages/airflow/example_dags/example_branch_datetime_operator.py
[2026-08-12T04:37:03.354+0000] {logging_mixin.py:190} INFO - [2026-08-12T04:37:03.353+0000] {dag.py:3211} INFO - Sync 3 DAGs
[2026-08-12T04:37:03.377+0000] {logging_mixin.py:190} INFO - [2026-08-12T04:37:03.377+0000] {dag.py:4138} INFO - Setting next_dagrun for example_branch_datetime_operator to 2026-08-11 00:00:00+00:00, run_after=2026-08-12 00:00:00+00:00
[2026-08-12T04:37:03.383+0000] {logging_mixin.py:190} INFO - [2026-08-12T04:37:03.382+0000] {dag.py:4138} INFO - Setting next_dagrun for example_branch_datetime_operator_2 to 2026-08-11 00:00:00+00:00, run_after=2026-08-12 00:00:00+00:00
[2026-08-12T04:37:03.386+0000] {logging_mixin.py:190} INFO - [2026-08-12T04:37:03.386+0000] {dag.py:4138} INFO - Setting next_dagrun for example_branch_datetime_operator_3 to 2026-08-11 00:00:00+00:00, run_after=2026-08-12 00:00:00+00:00
[2026-08-12T04:37:03.404+0000] {processor.py:208} INFO - Processing /home/airflow/.local/lib/python3.12/site-packages/airflow/example_dags/example_branch_datetime_operator.py took 0.109 seconds
[2026-08-12T04:37:34.663+0000] {processor.py:186} INFO - Started process (PID=666) to work on /home/airflow/.local/lib/python3.12/site-packages/airflow/example_dags/example_branch_datetime_operator.py
[2026-08-12T04:37:34.664+0000] {processor.py:914} INFO - Processing file /home/airflow/.local/lib/python3.12/site-packages/airflow/example_dags/example_branch_datetime_operator.py for tasks to queue
[2026-08-12T04:37:34.681+0000] {logging_mixin.py:190} INFO - [2026-08-12T04:37:34.680+0000] {dagbag.py:587} INFO - Filling up the DagBag from /home/airflow/.local/lib/python3.12/site-packages/airflow/example_dags/example_branch_datetime_operator.py
[2026-08-12T04:37:34.695+0000] {processor.py:925} INFO - DAG(s) 'example_branch_datetime_operator_3', 'example_branch_datetime_operator', 'example_branch_datetime_operator_2' retrieved from /home/airflow/.local/lib/python3.12/site-packages/airflow/example_dags/example_branch_datetime_operator.py
[2026-08-12T04:37:34.736+0000] {logging_mixin.py:190} INFO - [2026-08-12T04:37:34.736+0000] {dag.py:3211} INFO - Sync 3 DAGs
[2026-08-12T04:37:34.793+0000] {logging_mixin.py:190} INFO - [2026-08-12T04:37:34.793+0000] {dag.py:4138} INFO - Setting next_dagrun for example_branch_datetime_operator to 2026-08-11 00:00:00+00:00, run_after=2026-08-12 00:00:00+00:00
[2026-08-12T04:37:34.803+0000] {logging_mixin.py:190} INFO - [2026-08-12T04:37:34.803+0000] {dag.py:4138} INFO - Setting next_dagrun for example_branch_datetime_operator_2 to 2026-08-11 00:00:00+00:00, run_after=2026-08-12 00:00:00+00:00
[2026-08-12T04:37:34.807+0000] {logging_mixin.py:190} INFO - [2026-08-12T04:37:34.807+0000] {dag.py:4138} INFO - Setting next_dagrun for example_branch_datetime_operator_3 to 2026-08-11 00:00:00+00:00, run_after=2026-08-12 00:00:00+00:00
[2026-08-12T04:37:34.827+0000] {processor.py:208} INFO - Processing /home/airflow/.local/lib/python3.12/site-packages/airflow/example_dags/example_branch_datetime_operator.py took 0.170 seconds
[2026-08-12T04:38:05.443+0000] {processor.py:186} INFO - Started process (PID=727) to work on /home/airflow/.local/lib/python3.12/site-packages/airflow/example_dags/example_branch_datetime_operator.py
[2026-08-12T04:38:05.445+0000] {processor.py:914} INFO - Processing file /home/airflow/.local/lib/python3.12/site-packages/airflow/example_dags/example_branch_datetime_operator.py for tasks to queue
[2026-08-12T04:38:05.448+0000] {logging_mixin.py:190} INFO - [2026-08-12T04:38:05.448+0000] {dagbag.py:587} INFO - Filling up the DagBag from /home/airflow/.local/lib/python3.12/site-packages/airflow/example_dags/example_branch_datetime_operator.py
[2026-08-12T04:38:05.465+0000] {processor.py:925} INFO - DAG(s) 'example_branch_datetime_operator', 'example_branch_datetime_operator_2', 'example_branch_datetime_operator_3' retrieved from /home/airflow/.local/lib/python3.12/site-packages/airflow/example_dags/example_branch_datetime_operator.py
[2026-08-12T04:38:05.498+0000] {logging_mixin.py:190} INFO - [2026-08-12T04:38:05.498+0000] {dag.py:3211} INFO - Sync 3 DAGs
[2026-08-12T04:38:05.531+0000] {logging_mixin.py:190} INFO - [2026-08-12T04:38:05.531+0000] {dag.py:4138} INFO - Setting next_dagrun for example_branch_datetime_operator to 2026-08-11 00:00:00+00:00, run_after=2026-08-12 00:00:00+00:00
[2026-08-12T04:38:05.541+0000] {logging_mixin.py:190} INFO - [2026-08-12T04:38:05.541+0000] {dag.py:4138} INFO - Setting next_dagrun for example_branch_datetime_operator_2 to 2026-08-11 00:00:00+00:00, run_after=2026-08-12 00:00:00+00:00
[2026-08-12T04:38:05.578+0000] {logging_mixin.py:190} INFO - [2026-08-12T04:38:05.578+0000] {dag.py:4138} INFO - Setting next_dagrun for example_branch_datetime_operator_3 to 2026-08-11 00:00:00+00:00, run_after=2026-08-12 00:00:00+00:00
[2026-08-12T04:38:05.622+0000] {processor.py:208} INFO - Processing /home/airflow/.local/lib/python3.12/site-packages/airflow/example_dags/example_branch_datetime_operator.py took 0.186 seconds
[2026-08-12T04:38:36.055+0000] {processor.py:186} INFO - Started process (PID=790) to work on /home/airflow/.local/lib/python3.12/site-packages/airflow/example_dags/example_branch_datetime_operator.py
[2026-08-12T04:38:36.058+0000] {processor.py:914} INFO - Processing file /home/airflow/.local/lib/python3.12/site-packages/airflow/example_dags/example_branch_datetime_operator.py for tasks to queue
[2026-08-12T04:38:36.063+0000] {logging_mixin.py:190} INFO - [2026-08-12T04:38:36.062+0000] {dagbag.py:587} INFO - Filling up the DagBag from /home/airflow/.local/lib/python3.12/site-packages/airflow/example_dags/example_branch_datetime_operator.py
[2026-08-12T04:38:36.076+0000] {processor.py:925} INFO - DAG(s) 'example_branch_datetime_operator', 'example_branch_datetime_operator_2', 'example_branch_datetime_operator_3' retrieved from /home/airflow/.local/lib/python3.12/site-packages/airflow/example_dags/example_branch_datetime_operator.py
[2026-08-12T04:38:36.105+0000] {logging_mixin.py:190} INFO - [2026-08-12T04:38:36.105+0000] {dag.py:3211} INFO - Sync 3 DAGs
[2026-08-12T04:38:36.130+0000] {logging_mixin.py:190} INFO - [2026-08-12T04:38:36.130+0000] {dag.py:4138} INFO - Setting next_dagrun for example_branch_datetime_operator to 2026-08-11 00:00:00+00:00, run_after=2026-08-12 00:00:00+00:00
[2026-08-12T04:38:36.136+0000] {logging_mixin.py:190} INFO - [2026-08-12T04:38:36.136+0000] {dag.py:4138} INFO - Setting next_dagrun for example_branch_datetime_operator_2 to 2026-08-11 00:00:00+00:00, run_after=2026-08-12 00:00:00+00:00
[2026-08-12T04:38:36.139+0000] {logging_mixin.py:190} INFO - [2026-08-12T04:38:36.139+0000] {dag.py:4138} INFO - Setting next_dagrun for example_branch_datetime_operator_3 to 2026-08-11 00:00:00+00:00, run_after=2026-08-12 00:00:00+00:00
[2026-08-12T04:38:36.157+0000] {processor.py:208} INFO - Processing /home/airflow/.local/lib/python3.12/site-packages/airflow/example_dags/example_branch_datetime_operator.py took 0.108 seconds
[2026-08-12T04:39:06.456+0000] {processor.py:186} INFO - Started process (PID=852) to work on /home/airflow/.local/lib/python3.12/site-packages/airflow/example_dags/example_branch_datetime_operator.py
[2026-08-12T04:39:06.458+0000] {processor.py:914} INFO - Processing file /home/airflow/.local/lib/python3.12/site-packages/airflow/example_dags/example_branch_datetime_operator.py for tasks to queue
[2026-08-12T04:39:06.460+0000] {logging_mixin.py:190} INFO - [2026-08-12T04:39:06.460+0000] {dagbag.py:587} INFO - Filling up the DagBag from /home/airflow/.local/lib/python3.12/site-packages/airflow/example_dags/example_branch_datetime_operator.py
[2026-08-12T04:39:06.472+0000] {processor.py:925} INFO - DAG(s) 'example_branch_datetime_operator_2', 'example_branch_datetime_operator', 'example_branch_datetime_operator_3' retrieved from /home/airflow/.local/lib/python3.12/site-packages/airflow/example_dags/example_branch_datetime_operator.py
[2026-08-12T04:39:06.502+0000] {logging_mixin.py:190} INFO - [2026-08-12T04:39:06.502+0000] {dag.py:3211} INFO - Sync 3 DAGs
[2026-08-12T04:39:06.536+0000] {logging_mixin.py:190} INFO - [2026-08-12T04:39:06.535+0000] {dag.py:4138} INFO - Setting next_dagrun for example_branch_datetime_operator to 2026-08-11 00:00:00+00:00, run_after=2026-08-12 00:00:00+00:00
[2026-08-12T04:39:06.542+0000] {logging_mixin.py:190} INFO - [2026-08-12T04:39:06.542+0000] {dag.py:4138} INFO - Setting next_dagrun for example_branch_datetime_operator_2 to 2026-08-11 00:00:00+00:00, run_after=2026-08-12 00:00:00+00:00
[2026-08-12T04:39:06.546+0000] {logging_mixin.py:190} INFO - [2026-08-12T04:39:06.545+0000] {dag.py:4138} INFO - Setting next_dagrun for example_branch_datetime_operator_3 to 2026-08-11 00:00:00+00:00, run_after=2026-08-12 00:00:00+00:00
[2026-08-12T04:39:06.564+0000] {processor.py:208} INFO - Processing /home/airflow/.local/lib/python3.12/site-packages/airflow/example_dags/example_branch_datetime_operator.py took 0.113 seconds
[2026-08-12T04:39:36.714+0000] {processor.py:186} INFO - Started process (PID=913) to work on /home/airflow/.local/lib/python3.12/site-packages/airflow/example_dags/example_branch_datetime_operator.py
[2026-08-12T04:39:36.716+0000] {processor.py:914} INFO - Processing file /home/airflow/.local/lib/python3.12/site-packages/airflow/example_dags/example_branch_datetime_operator.py for tasks to queue
[2026-08-12T04:39:36.719+0000] {logging_mixin.py:190} INFO - [2026-08-12T04:39:36.719+0000] {dagbag.py:587} INFO - Filling up the DagBag from /home/airflow/.local/lib/python3.12/site-packages/airflow/example_dags/example_branch_datetime_operator.py
[2026-08-12T04:39:36.732+0000] {processor.py:925} INFO - DAG(s) 'example_branch_datetime_operator_3', 'example_branch_datetime_operator', 'example_branch_datetime_operator_2' retrieved from /home/airflow/.local/lib/python3.12/site-packages/airflow/example_dags/example_branch_datetime_operator.py
[2026-08-12T04:39:36.765+0000] {logging_mixin.py:190} INFO - [2026-08-12T04:39:36.765+0000] {dag.py:3211} INFO - Sync 3 DAGs
[2026-08-12T04:39:36.794+0000] {logging_mixin.py:190} INFO - [2026-08-12T04:39:36.794+0000] {dag.py:4138} INFO - Setting next_dagrun for example_branch_datetime_operator to 2026-08-11 00:00:00+00:00, run_after=2026-08-12 00:00:00+00:00
[2026-08-12T04:39:36.799+0000] {logging_mixin.py:190} INFO - [2026-08-12T04:39:36.799+0000] {dag.py:4138} INFO - Setting next_dagrun for example_branch_datetime_operator_2 to 2026-08-11 00:00:00+00:00, run_after=2026-08-12 00:00:00+00:00
[2026-08-12T04:39:36.803+0000] {logging_mixin.py:190} INFO - [2026-08-12T04:39:36.803+0000] {dag.py:4138} INFO - Setting next_dagrun for example_branch_datetime_operator_3 to 2026-08-11 00:00:00+00:00, run_after=2026-08-12 00:00:00+00:00
[2026-08-12T04:39:36.824+0000] {processor.py:208} INFO - Processing /home/airflow/.local/lib/python3.12/site-packages/airflow/example_dags/example_branch_datetime_operator.py took 0.117 seconds
[2026-08-12T04:40:07.184+0000] {processor.py:186} INFO - Started process (PID=975) to work on /home/airflow/.local/lib/python3.12/site-packages/airflow/example_dags/example_branch_datetime_operator.py
[2026-08-12T04:40:07.187+0000] {processor.py:914} INFO - Processing file /home/airflow/.local/lib/python3.12/site-packages/airflow/example_dags/example_branch_datetime_operator.py for tasks to queue
[2026-08-12T04:40:07.192+0000] {logging_mixin.py:190} INFO - [2026-08-12T04:40:07.191+0000] {dagbag.py:587} INFO - Filling up the DagBag from /home/airflow/.local/lib/python3.12/site-packages/airflow/example_dags/example_branch_datetime_operator.py
[2026-08-12T04:40:07.213+0000] {processor.py:925} INFO - DAG(s) 'example_branch_datetime_operator_3', 'example_branch_datetime_operator_2', 'example_branch_datetime_operator' retrieved from /home/airflow/.local/lib/python3.12/site-packages/airflow/example_dags/example_branch_datetime_operator.py
[2026-08-12T04:40:07.255+0000] {logging_mixin.py:190} INFO - [2026-08-12T04:40:07.255+0000] {dag.py:3211} INFO - Sync 3 DAGs
[2026-08-12T04:40:07.292+0000] {logging_mixin.py:190} INFO - [2026-08-12T04:40:07.291+0000] {dag.py:4138} INFO - Setting next_dagrun for example_branch_datetime_operator to 2026-08-11 00:00:00+00:00, run_after=2026-08-12 00:00:00+00:00
[2026-08-12T04:40:07.298+0000] {logging_mixin.py:190} INFO - [2026-08-12T04:40:07.297+0000] {dag.py:4138} INFO - Setting next_dagrun for example_branch_datetime_operator_2 to 2026-08-11 00:00:00+00:00, run_after=2026-08-12 00:00:00+00:00
[2026-08-12T04:40:07.301+0000] {logging_mixin.py:190} INFO - [2026-08-12T04:40:07.301+0000] {dag.py:4138} INFO - Setting next_dagrun for example_branch_datetime_operator_3 to 2026-08-11 00:00:00+00:00, run_after=2026-08-12 00:00:00+00:00
[2026-08-12T04:40:07.326+0000] {processor.py:208} INFO - Processing /home/airflow/.local/lib/python3.12/site-packages/airflow/example_dags/example_branch_datetime_operator.py took 0.151 seconds
[2026-08-12T04:40:38.000+0000] {processor.py:186} INFO - Started process (PID=1037) to work on /home/airflow/.local/lib/python3.12/site-packages/airflow/example_dags/example_branch_datetime_operator.py
[2026-08-12T04:40:38.002+0000] {processor.py:914} INFO - Processing file /home/airflow/.local/lib/python3.12/site-packages/airflow/example_dags/example_branch_datetime_operator.py for tasks to queue
[2026-08-12T04:40:38.005+0000] {logging_mixin.py:190} INFO - [2026-08-12T04:40:38.005+0000] {dagbag.py:587} INFO - Filling up the DagBag from /home/airflow/.local/lib/python3.12/site-packages/airflow/example_dags/example_branch_datetime_operator.py
[2026-08-12T04:40:38.017+0000] {processor.py:925} INFO - DAG(s) 'example_branch_datetime_operator_2', 'example_branch_datetime_operator', 'example_branch_datetime_operator_3' retrieved from /home/airflow/.local/lib/python3.12/site-packages/airflow/example_dags/example_branch_datetime_operator.py
[2026-08-12T04:40:38.044+0000] {logging_mixin.py:190} INFO - [2026-08-12T04:40:38.043+0000] {dag.py:3211} INFO - Sync 3 DAGs
[2026-08-12T04:40:38.067+0000] {logging_mixin.py:190} INFO - [2026-08-12T04:40:38.067+0000] {dag.py:4138} INFO - Setting next_dagrun for example_branch_datetime_operator to 2026-08-11 00:00:00+00:00, run_after=2026-08-12 00:00:00+00:00
[2026-08-12T04:40:38.072+0000] {logging_mixin.py:190} INFO - [2026-08-12T04:40:38.072+0000] {dag.py:4138} INFO - Setting next_dagrun for example_branch_datetime_operator_2 to 2026-08-11 00:00:00+00:00, run_after=2026-08-12 00:00:00+00:00
[2026-08-12T04:40:38.075+0000] {logging_mixin.py:190} INFO - [2026-08-12T04:40:38.075+0000] {dag.py:4138} INFO - Setting next_dagrun for example_branch_datetime_operator_3 to 2026-08-11 00:00:00+00:00, run_after=2026-08-12 00:00:00+00:00
[2026-08-12T04:40:38.093+0000] {processor.py:208} INFO - Processing /home/airflow/.local/lib/python3.12/site-packages/airflow/example_dags/example_branch_datetime_operator.py took 0.098 seconds
[2026-08-12T04:41:08.630+0000] {processor.py:186} INFO - Started process (PID=1099) to work on /home/airflow/.local/lib/python3.12/site-packages/airflow/example_dags/example_branch_datetime_operator.py
[2026-08-12T04:41:08.632+0000] {processor.py:914} INFO - Processing file /home/airflow/.local/lib/python3.12/site-packages/airflow/example_dags/example_branch_datetime_operator.py for tasks to queue
[2026-08-12T04:41:08.635+0000] {logging_mixin.py:190} INFO - [2026-08-12T04:41:08.635+0000] {dagbag.py:587} INFO - Filling up the DagBag from /home/airflow/.local/lib/python3.12/site-packages/airflow/example_dags/example_branch_datetime_operator.py
[2026-08-12T04:41:08.648+0000] {processor.py:925} INFO - DAG(s) 'example_branch_datetime_operator', 'example_branch_datetime_operator_3', 'example_branch_datetime_operator_2' retrieved from /home/airflow/.local/lib/python3.12/site-packages/airflow/example_dags/example_branch_datetime_operator.py
[2026-08-12T04:41:08.681+0000] {logging_mixin.py:190} INFO - [2026-08-12T04:41:08.681+0000] {dag.py:3211} INFO - Sync 3 DAGs
[2026-08-12T04:41:08.712+0000] {logging_mixin.py:190} INFO - [2026-08-12T04:41:08.711+0000] {dag.py:4138} INFO - Setting next_dagrun for example_branch_datetime_operator to 2026-08-11 00:00:00+00:00, run_after=2026-08-12 00:00:00+00:00
[2026-08-12T04:41:08.720+0000] {logging_mixin.py:190} INFO - [2026-08-12T04:41:08.720+0000] {dag.py:4138} INFO - Setting next_dagrun for example_branch_datetime_operator_2 to 2026-08-11 00:00:00+00:00, run_after=2026-08-12 00:00:00+00:00
[2026-08-12T04:41:08.725+0000] {logging_mixin.py:190} INFO - [2026-08-12T04:41:08.724+0000] {dag.py:4138} INFO - Setting next_dagrun for example_branch_datetime_operator_3 to 2026-08-11 00:00:00+00:00, run_after=2026-08-12 00:00:00+00:00
[2026-08-12T04:41:08.749+0000] {processor.py:208} INFO - Processing /home/airflow/.local/lib/python3.12/site-packages/airflow/example_dags/example_branch_datetime_operator.py took 0.125 seconds
[2026-08-12T04:41:39.223+0000] {processor.py:186} INFO - Started process (PID=1162) to work on /home/airflow/.local/lib/python3.12/site-packages/airflow/example_dags/example_branch_datetime_operator.py
[2026-08-12T04:41:39.224+0000] {processor.py:914} INFO - Processing file /home/airflow/.local/lib/python3.12/site-packages/airflow/example_dags/example_branch_datetime_operator.py for tasks to queue
[2026-08-12T04:41:39.227+0000] {logging_mixin.py:190} INFO - [2026-08-12T04:41:39.227+0000] {dagbag.py:587} INFO - Filling up the DagBag from /home/airflow/.local/lib/python3.12/site-packages/airflow/example_dags/example_branch_datetime_operator.py
[2026-08-12T04:41:39.239+0000] {processor.py:925} INFO - DAG(s) 'example_branch_datetime_operator_3', 'example_branch_datetime_operator_2', 'example_branch_datetime_operator' retrieved from /home/airflow/.local/lib/python3.12/site-packages/airflow/example_dags/example_branch_datetime_operator.py
[2026-08-12T04:41:39.268+0000] {logging_mixin.py:190} INFO - [2026-08-12T04:41:39.267+0000] {dag.py:3211} INFO - Sync 3 DAGs
[2026-08-12T04:41:39.310+0000] {logging_mixin.py:190} INFO - [2026-08-12T04:41:39.310+0000] {dag.py:4138} INFO - Setting next_dagrun for example_branch_datetime_operator to 2026-08-11 00:00:00+00:00, run_after=2026-08-12 00:00:00+00:00
[2026-08-12T04:41:39.317+0000] {logging_mixin.py:190} INFO - [2026-08-12T04:41:39.317+0000] {dag.py:4138} INFO - Setting next_dagrun for example_branch_datetime_operator_2 to 2026-08-11 00:00:00+00:00, run_after=2026-08-12 00:00:00+00:00
[2026-08-12T04:41:39.321+0000] {logging_mixin.py:190} INFO - [2026-08-12T04:41:39.320+0000] {dag.py:4138} INFO - Setting next_dagrun for example_branch_datetime_operator_3 to 2026-08-11 00:00:00+00:00, run_after=2026-08-12 00:00:00+00:00
[2026-08-12T04:41:39.362+0000] {processor.py:208} INFO - Processing /home/airflow/.local/lib/python3.12/site-packages/airflow/example_dags/example_branch_datetime_operator.py took 0.144 seconds
[2026-08-12T04:42:09.871+0000] {processor.py:186} INFO - Started process (PID=1223) to work on /home/airflow/.local/lib/python3.12/site-packages/airflow/example_dags/example_branch_datetime_operator.py
[2026-08-12T04:42:09.873+0000] {processor.py:914} INFO - Processing file /home/airflow/.local/lib/python3.12/site-packages/airflow/example_dags/example_branch_datetime_operator.py for tasks to queue
[2026-08-12T04:42:09.876+0000] {logging_mixin.py:190} INFO - [2026-08-12T04:42:09.876+0000] {dagbag.py:587} INFO - Filling up the DagBag from /home/airflow/.local/lib/python3.12/site-packages/airflow/example_dags/example_branch_datetime_operator.py
[2026-08-12T04:42:09.889+0000] {processor.py:925} INFO - DAG(s) 'example_branch_datetime_operator_3', 'example_branch_datetime_operator_2', 'example_branch_datetime_operator' retrieved from /home/airflow/.local/lib/python3.12/site-packages/airflow/example_dags/example_branch_datetime_operator.py
[2026-08-12T04:42:09.923+0000] {logging_mixin.py:190} INFO - [2026-08-12T04:42:09.922+0000] {dag.py:3211} INFO - Sync 3 DAGs
[2026-08-12T04:42:09.954+0000] {logging_mixin.py:190} INFO - [2026-08-12T04:42:09.954+0000] {dag.py:4138} INFO - Setting next_dagrun for example_branch_datetime_operator to 2026-08-11 00:00:00+00:00, run_after=2026-08-12 00:00:00+00:00
[2026-08-12T04:42:09.960+0000] {logging_mixin.py:190} INFO - [2026-08-12T04:42:09.960+0000] {dag.py:4138} INFO - Setting next_dagrun for example_branch_datetime_operator_2 to 2026-08-11 00:00:00+00:00, run_after=2026-08-12 00:00:00+00:00
[2026-08-12T04:42:09.965+0000] {logging_mixin.py:190} INFO - [2026-08-12T04:42:09.964+0000] {dag.py:4138} INFO - Setting next_dagrun for example_branch_datetime_operator_3 to 2026-08-11 00:00:00+00:00, run_after=2026-08-12 00:00:00+00:00
[2026-08-12T04:42:09.993+0000] {processor.py:208} INFO - Processing /home/airflow/.local/lib/python3.12/site-packages/airflow/example_dags/example_branch_datetime_operator.py took 0.128 seconds
[2026-08-12T04:42:40.496+0000] {processor.py:186} INFO - Started process (PID=1286) to work on /home/airflow/.local/lib/python3.12/site-packages/airflow/example_dags/example_branch_datetime_operator.py
[2026-08-12T04:42:40.498+0000] {processor.py:914} INFO - Processing file /home/airflow/.local/lib/python3.12/site-packages/airflow/example_dags/example_branch_datetime_operator.py for tasks to queue
[2026-08-12T04:42:40.500+0000] {logging_mixin.py:190} INFO - [2026-08-12T04:42:40.500+0000] {dagbag.py:587} INFO - Filling up the DagBag from /home/airflow/.local/lib/python3.12/site-packages/airflow/example_dags/example_branch_datetime_operator.py
[2026-08-12T04:42:40.512+0000] {processor.py:925} INFO - DAG(s) 'example_branch_datetime_operator', 'example_branch_datetime_operator_2', 'example_branch_datetime_operator_3' retrieved from /home/airflow/.local/lib/python3.12/site-packages/airflow/example_dags/example_branch_datetime_operator.py
[2026-08-12T04:42:40.542+0000] {logging_mixin.py:190} INFO - [2026-08-12T04:42:40.541+0000] {dag.py:3211} INFO - Sync 3 DAGs
[2026-08-12T04:42:40.569+0000] {logging_mixin.py:190} INFO - [2026-08-12T04:42:40.568+0000] {dag.py:4138} INFO - Setting next_dagrun for example_branch_datetime_operator to 2026-08-11 00:00:00+00:00, run_after=2026-08-12 00:00:00+00:00
[2026-08-12T04:42:40.577+0000] {logging_mixin.py:190} INFO - [2026-08-12T04:42:40.577+0000] {dag.py:4138} INFO - Setting next_dagrun for example_branch_datetime_operator_2 to 2026-08-11 00:00:00+00:00, run_after=2026-08-12 00:00:00+00:00
[2026-08-12T04:42:40.582+0000] {logging_mixin.py:190} INFO - [2026-08-12T04:42:40.582+0000] {dag.py:4138} INFO - Setting next_dagrun for example_branch_datetime_operator_3 to 2026-08-11 00:00:00+00:00, run_after=2026-08-12 00:00:00+00:00
[2026-08-12T04:42:40.602+0000] {processor.py:208} INFO - Processing /home/airflow/.local/lib/python3.12/site-packages/airflow/example_dags/example_branch_datetime_operator.py took 0.111 seconds
[2026-08-12T04:43:11.263+0000] {processor.py:186} INFO - Started process (PID=1348) to work on /home/airflow/.local/lib/python3.12/site-packages/airflow/example_dags/example_branch_datetime_operator.py
[2026-08-12T04:43:11.268+0000] {processor.py:914} INFO - Processing file /home/airflow/.local/lib/python3.12/site-packages/airflow/example_dags/example_branch_datetime_operator.py for tasks to queue
[2026-08-12T04:43:11.281+0000] {logging_mixin.py:190} INFO - [2026-08-12T04:43:11.281+0000] {dagbag.py:587} INFO - Filling up the DagBag from /home/airflow/.local/lib/python3.12/site-packages/airflow/example_dags/example_branch_datetime_operator.py
[2026-08-12T04:43:11.294+0000] {processor.py:925} INFO - DAG(s) 'example_branch_datetime_operator_2', 'example_branch_datetime_operator_3', 'example_branch_datetime_operator' retrieved from /home/airflow/.local/lib/python3.12/site-packages/airflow/example_dags/example_branch_datetime_operator.py
[2026-08-12T04:43:11.321+0000] {logging_mixin.py:190} INFO - [2026-08-12T04:43:11.321+0000] {dag.py:3211} INFO - Sync 3 DAGs
[2026-08-12T04:43:11.344+0000] {logging_mixin.py:190} INFO - [2026-08-12T04:43:11.343+0000] {dag.py:4138} INFO - Setting next_dagrun for example_branch_datetime_operator to 2026-08-11 00:00:00+00:00, run_after=2026-08-12 00:00:00+00:00
[2026-08-12T04:43:11.349+0000] {logging_mixin.py:190} INFO - [2026-08-12T04:43:11.349+0000] {dag.py:4138} INFO - Setting next_dagrun for example_branch_datetime_operator_2 to 2026-08-11 00:00:00+00:00, run_after=2026-08-12 00:00:00+00:00
[2026-08-12T04:43:11.352+0000] {logging_mixin.py:190} INFO - [2026-08-12T04:43:11.352+0000] {dag.py:4138} INFO - Setting next_dagrun for example_branch_datetime_operator_3 to 2026-08-11 00:00:00+00:00, run_after=2026-08-12 00:00:00+00:00
[2026-08-12T04:43:11.369+0000] {processor.py:208} INFO - Processing /home/airflow/.local/lib/python3.12/site-packages/airflow/example_dags/example_branch_datetime_operator.py took 0.113 seconds
[2026-08-12T04:43:42.430+0000] {processor.py:186} INFO - Started process (PID=1410) to work on /home/airflow/.local/lib/python3.12/site-packages/airflow/example_dags/example_branch_datetime_operator.py
[2026-08-12T04:43:42.432+0000] {processor.py:914} INFO - Processing file /home/airflow/.local/lib/python3.12/site-packages/airflow/example_dags/example_branch_datetime_operator.py for tasks to queue
[2026-08-12T04:43:42.434+0000] {logging_mixin.py:190} INFO - [2026-08-12T04:43:42.434+0000] {dagbag.py:587} INFO - Filling up the DagBag from /home/airflow/.local/lib/python3.12/site-packages/airflow/example_dags/example_branch_datetime_operator.py
[2026-08-12T04:43:42.460+0000] {processor.py:925} INFO - DAG(s) 'example_branch_datetime_operator', 'example_branch_datetime_operator_3', 'example_branch_datetime_operator_2' retrieved from /home/airflow/.local/lib/python3.12/site-packages/airflow/example_dags/example_branch_datetime_operator.py
[2026-08-12T04:43:42.494+0000] {logging_mixin.py:190} INFO - [2026-08-12T04:43:42.493+0000] {dag.py:3211} INFO - Sync 3 DAGs
[2026-08-12T04:43:42.520+0000] {logging_mixin.py:190} INFO - [2026-08-12T04:43:42.520+0000] {dag.py:4138} INFO - Setting next_dagrun for example_branch_datetime_operator to 2026-08-11 00:00:00+00:00, run_after=2026-08-12 00:00:00+00:00
[2026-08-12T04:43:42.526+0000] {logging_mixin.py:190} INFO - [2026-08-12T04:43:42.526+0000] {dag.py:4138} INFO - Setting next_dagrun for example_branch_datetime_operator_2 to 2026-08-11 00:00:00+00:00, run_after=2026-08-12 00:00:00+00:00
[2026-08-12T04:43:42.529+0000] {logging_mixin.py:190} INFO - [2026-08-12T04:43:42.529+0000] {dag.py:4138} INFO - Setting next_dagrun for example_branch_datetime_operator_3 to 2026-08-11 00:00:00+00:00, run_after=2026-08-12 00:00:00+00:00
[2026-08-12T04:43:42.548+0000] {processor.py:208} INFO - Processing /home/airflow/.local/lib/python3.12/site-packages/airflow/example_dags/example_branch_datetime_operator.py took 0.124 seconds
[2026-08-12T04:44:13.101+0000] {processor.py:186} INFO - Started process (PID=1471) to work on /home/airflow/.local/lib/python3.12/site-packages/airflow/example_dags/example_branch_datetime_operator.py
[2026-08-12T04:44:13.105+0000] {processor.py:914} INFO - Processing file /home/airflow/.local/lib/python3.12/site-packages/airflow/example_dags/example_branch_datetime_operator.py for tasks to queue
[2026-08-12T04:44:13.109+0000] {logging_mixin.py:190} INFO - [2026-08-12T04:44:13.109+0000] {dagbag.py:587} INFO - Filling up the DagBag from /home/airflow/.local/lib/python3.12/site-packages/airflow/example_dags/example_branch_datetime_operator.py
[2026-08-12T04:44:13.125+0000] {processor.py:925} INFO - DAG(s) 'example_branch_datetime_operator', 'example_branch_datetime_operator_2', 'example_branch_datetime_operator_3' retrieved from /home/airflow/.local/lib/python3.12/site-packages/airflow/example_dags/example_branch_datetime_operator.py
[2026-08-12T04:44:13.159+0000] {logging_mixin.py:190} INFO - [2026-08-12T04:44:13.159+0000] {dag.py:3211} INFO - Sync 3 DAGs
[2026-08-12T04:44:13.189+0000] {logging_mixin.py:190} INFO - [2026-08-12T04:44:13.189+0000] {dag.py:4138} INFO - Setting next_dagrun for example_branch_datetime_operator to 2026-08-11 00:00:00+00:00, run_after=2026-08-12 00:00:00+00:00
[2026-08-12T04:44:13.195+0000] {logging_mixin.py:190} INFO - [2026-08-12T04:44:13.195+0000] {dag.py:4138} INFO - Setting next_dagrun for example_branch_datetime_operator_2 to 2026-08-11 00:00:00+00:00, run_after=2026-08-12 00:00:00+00:00
[2026-08-12T04:44:13.198+0000] {logging_mixin.py:190} INFO - [2026-08-12T04:44:13.198+0000] {dag.py:4138} INFO - Setting next_dagrun for example_branch_datetime_operator_3 to 2026-08-11 00:00:00+00:00, run_after=2026-08-12 00:00:00+00:00
[2026-08-12T04:44:13.216+0000] {processor.py:208} INFO - Processing /home/airflow/.local/lib/python3.12/site-packages/airflow/example_dags/example_branch_datetime_operator.py took 0.123 seconds
[2026-08-12T04:44:43.741+0000] {processor.py:186} INFO - Started process (PID=1533) to work on /home/airflow/.local/lib/python3.12/site-packages/airflow/example_dags/example_branch_datetime_operator.py
[2026-08-12T04:44:43.743+0000] {processor.py:914} INFO - Processing file /home/airflow/.local/lib/python3.12/site-packages/airflow/example_dags/example_branch_datetime_operator.py for tasks to queue
[2026-08-12T04:44:43.748+0000] {logging_mixin.py:190} INFO - [2026-08-12T04:44:43.747+0000] {dagbag.py:587} INFO - Filling up the DagBag from /home/airflow/.local/lib/python3.12/site-packages/airflow/example_dags/example_branch_datetime_operator.py
[2026-08-12T04:44:43.761+0000] {processor.py:925} INFO - DAG(s) 'example_branch_datetime_operator', 'example_branch_datetime_operator_3', 'example_branch_datetime_operator_2' retrieved from /home/airflow/.local/lib/python3.12/site-packages/airflow/example_dags/example_branch_datetime_operator.py
[2026-08-12T04:44:43.793+0000] {logging_mixin.py:190} INFO - [2026-08-12T04:44:43.793+0000] {dag.py:3211} INFO - Sync 3 DAGs
[2026-08-12T04:44:43.822+0000] {logging_mixin.py:190} INFO - [2026-08-12T04:44:43.822+0000] {dag.py:4138} INFO - Setting next_dagrun for example_branch_datetime_operator to 2026-08-11 00:00:00+00:00, run_after=2026-08-12 00:00:00+00:00
[2026-08-12T04:44:43.828+0000] {logging_mixin.py:190} INFO - [2026-08-12T04:44:43.828+0000] {dag.py:4138} INFO - Setting next_dagrun for example_branch_datetime_operator_2 to 2026-08-11 00:00:00+00:00, run_after=2026-08-12 00:00:00+00:00
[2026-08-12T04:44:43.832+0000] {logging_mixin.py:190} INFO - [2026-08-12T04:44:43.831+0000] {dag.py:4138} INFO - Setting next_dagrun for example_branch_datetime_operator_3 to 2026-08-11 00:00:00+00:00, run_after=2026-08-12 00:00:00+00:00
[2026-08-12T04:44:43.851+0000] {processor.py:208} INFO - Processing /home/airflow/.local/lib/python3.12/site-packages/airflow/example_dags/example_branch_datetime_operator.py took 0.115 seconds
[2026-08-12T04:45:14.608+0000] {processor.py:186} INFO - Started process (PID=1595) to work on /home/airflow/.local/lib/python3.12/site-packages/airflow/example_dags/example_branch_datetime_operator.py
[2026-08-12T04:45:14.610+0000] {processor.py:914} INFO - Processing file /home/airflow/.local/lib/python3.12/site-packages/airflow/example_dags/example_branch_datetime_operator.py for tasks to queue
[2026-08-12T04:45:14.615+0000] {logging_mixin.py:190} INFO - [2026-08-12T04:45:14.615+0000] {dagbag.py:587} INFO - Filling up the DagBag from /home/airflow/.local/lib/python3.12/site-packages/airflow/example_dags/example_branch_datetime_operator.py
[2026-08-12T04:45:14.634+0000] {processor.py:925} INFO - DAG(s) 'example_branch_datetime_operator_3', 'example_branch_datetime_operator', 'example_branch_datetime_operator_2' retrieved from /home/airflow/.local/lib/python3.12/site-packages/airflow/example_dags/example_branch_datetime_operator.py
[2026-08-12T04:45:14.671+0000] {logging_mixin.py:190} INFO - [2026-08-12T04:45:14.671+0000] {dag.py:3211} INFO - Sync 3 DAGs
[2026-08-12T04:45:14.697+0000] {logging_mixin.py:190} INFO - [2026-08-12T04:45:14.697+0000] {dag.py:4138} INFO - Setting next_dagrun for example_branch_datetime_operator to 2026-08-11 00:00:00+00:00, run_after=2026-08-12 00:00:00+00:00
[2026-08-12T04:45:14.702+0000] {logging_mixin.py:190} INFO - [2026-08-12T04:45:14.702+0000] {dag.py:4138} INFO - Setting next_dagrun for example_branch_datetime_operator_2 to 2026-08-11 00:00:00+00:00, run_after=2026-08-12 00:00:00+00:00
[2026-08-12T04:45:14.706+0000] {logging_mixin.py:190} INFO - [2026-08-12T04:45:14.706+0000] {dag.py:4138} INFO - Setting next_dagrun for example_branch_datetime_operator_3 to 2026-08-11 00:00:00+00:00, run_after=2026-08-12 00:00:00+00:00
[2026-08-12T04:45:14.726+0000] {processor.py:208} INFO - Processing /home/airflow/.local/lib/python3.12/site-packages/airflow/example_dags/example_branch_datetime_operator.py took 0.130 seconds
[2026-08-12T04:45:44.997+0000] {processor.py:186} INFO - Started process (PID=1657) to work on /home/airflow/.local/lib/python3.12/site-packages/airflow/example_dags/example_branch_datetime_operator.py
[2026-08-12T04:45:44.999+0000] {processor.py:914} INFO - Processing file /home/airflow/.local/lib/python3.12/site-packages/airflow/example_dags/example_branch_datetime_operator.py for tasks to queue
[2026-08-12T04:45:45.002+0000] {logging_mixin.py:190} INFO - [2026-08-12T04:45:45.002+0000] {dagbag.py:587} INFO - Filling up the DagBag from /home/airflow/.local/lib/python3.12/site-packages/airflow/example_dags/example_branch_datetime_operator.py
[2026-08-12T04:45:45.014+0000] {processor.py:925} INFO - DAG(s) 'example_branch_datetime_operator', 'example_branch_datetime_operator_3', 'example_branch_datetime_operator_2' retrieved from /home/airflow/.local/lib/python3.12/site-packages/airflow/example_dags/example_branch_datetime_operator.py
[2026-08-12T04:45:45.045+0000] {logging_mixin.py:190} INFO - [2026-08-12T04:45:45.045+0000] {dag.py:3211} INFO - Sync 3 DAGs
[2026-08-12T04:45:45.070+0000] {logging_mixin.py:190} INFO - [2026-08-12T04:45:45.070+0000] {dag.py:4138} INFO - Setting next_dagrun for example_branch_datetime_operator to 2026-08-11 00:00:00+00:00, run_after=2026-08-12 00:00:00+00:00
[2026-08-12T04:45:45.076+0000] {logging_mixin.py:190} INFO - [2026-08-12T04:45:45.076+0000] {dag.py:4138} INFO - Setting next_dagrun for example_branch_datetime_operator_2 to 2026-08-11 00:00:00+00:00, run_after=2026-08-12 00:00:00+00:00
[2026-08-12T04:45:45.079+0000] {logging_mixin.py:190} INFO - [2026-08-12T04:45:45.079+0000] {dag.py:4138} INFO - Setting next_dagrun for example_branch_datetime_operator_3 to 2026-08-11 00:00:00+00:00, run_after=2026-08-12 00:00:00+00:00
[2026-08-12T04:45:45.099+0000] {processor.py:208} INFO - Processing /home/airflow/.local/lib/python3.12/site-packages/airflow/example_dags/example_branch_datetime_operator.py took 0.107 seconds
[2026-08-12T04:46:15.560+0000] {processor.py:186} INFO - Started process (PID=1720) to work on /home/airflow/.local/lib/python3.12/site-packages/airflow/example_dags/example_branch_datetime_operator.py
[2026-08-12T04:46:15.562+0000] {processor.py:914} INFO - Processing file /home/airflow/.local/lib/python3.12/site-packages/airflow/example_dags/example_branch_datetime_operator.py for tasks to queue
[2026-08-12T04:46:15.565+0000] {logging_mixin.py:190} INFO - [2026-08-12T04:46:15.565+0000] {dagbag.py:587} INFO - Filling up the DagBag from /home/airflow/.local/lib/python3.12/site-packages/airflow/example_dags/example_branch_datetime_operator.py
[2026-08-12T04:46:15.576+0000] {processor.py:925} INFO - DAG(s) 'example_branch_datetime_operator_2', 'example_branch_datetime_operator', 'example_branch_datetime_operator_3' retrieved from /home/airflow/.local/lib/python3.12/site-packages/airflow/example_dags/example_branch_datetime_operator.py
[2026-08-12T04:46:15.604+0000] {logging_mixin.py:190} INFO - [2026-08-12T04:46:15.604+0000] {dag.py:3211} INFO - Sync 3 DAGs
[2026-08-12T04:46:15.628+0000] {logging_mixin.py:190} INFO - [2026-08-12T04:46:15.628+0000] {dag.py:4138} INFO - Setting next_dagrun for example_branch_datetime_operator to 2026-08-11 00:00:00+00:00, run_after=2026-08-12 00:00:00+00:00
[2026-08-12T04:46:15.633+0000] {logging_mixin.py:190} INFO - [2026-08-12T04:46:15.633+0000] {dag.py:4138} INFO - Setting next_dagrun for example_branch_datetime_operator_2 to 2026-08-11 00:00:00+00:00, run_after=2026-08-12 00:00:00+00:00
[2026-08-12T04:46:15.637+0000] {logging_mixin.py:190} INFO - [2026-08-12T04:46:15.637+0000] {dag.py:4138} INFO - Setting next_dagrun for example_branch_datetime_operator_3 to 2026-08-11 00:00:00+00:00, run_after=2026-08-12 00:00:00+00:00
[2026-08-12T04:46:15.655+0000] {processor.py:208} INFO - Processing /home/airflow/.local/lib/python3.12/site-packages/airflow/example_dags/example_branch_datetime_operator.py took 0.100 seconds
[2026-08-12T04:46:46.047+0000] {processor.py:186} INFO - Started process (PID=1782) to work on /home/airflow/.local/lib/python3.12/site-packages/airflow/example_dags/example_branch_datetime_operator.py
[2026-08-12T04:46:46.049+0000] {processor.py:914} INFO - Processing file /home/airflow/.local/lib/python3.12/site-packages/airflow/example_dags/example_branch_datetime_operator.py for tasks to queue
[2026-08-12T04:46:46.052+0000] {logging_mixin.py:190} INFO - [2026-08-12T04:46:46.052+0000] {dagbag.py:587} INFO - Filling up the DagBag from /home/airflow/.local/lib/python3.12/site-packages/airflow/example_dags/example_branch_datetime_operator.py
[2026-08-12T04:46:46.065+0000] {processor.py:925} INFO - DAG(s) 'example_branch_datetime_operator_2', 'example_branch_datetime_operator', 'example_branch_datetime_operator_3' retrieved from /home/airflow/.local/lib/python3.12/site-packages/airflow/example_dags/example_branch_datetime_operator.py
[2026-08-12T04:46:46.093+0000] {logging_mixin.py:190} INFO - [2026-08-12T04:46:46.093+0000] {dag.py:3211} INFO - Sync 3 DAGs
[2026-08-12T04:46:46.117+0000] {logging_mixin.py:190} INFO - [2026-08-12T04:46:46.117+0000] {dag.py:4138} INFO - Setting next_dagrun for example_branch_datetime_operator to 2026-08-11 00:00:00+00:00, run_after=2026-08-12 00:00:00+00:00
[2026-08-12T04:46:46.123+0000] {logging_mixin.py:190} INFO - [2026-08-12T04:46:46.122+0000] {dag.py:4138} INFO - Setting next_dagrun for example_branch_datetime_operator_2 to 2026-08-11 00:00:00+00:00, run_after=2026-08-12 00:00:00+00:00
[2026-08-12T04:46:46.126+0000] {logging_mixin.py:190} INFO - [2026-08-12T04:46:46.126+0000] {dag.py:4138} INFO - Setting next_dagrun for example_branch_datetime_operator_3 to 2026-08-11 00:00:00+00:00, run_after=2026-08-12 00:00:00+00:00
[2026-08-12T04:46:46.149+0000] {processor.py:208} INFO - Processing /home/airflow/.local/lib/python3.12/site-packages/airflow/example_dags/example_branch_datetime_operator.py took 0.108 seconds
[2026-08-12T04:47:16.356+0000] {processor.py:186} INFO - Started process (PID=1843) to work on /home/airflow/.local/lib/python3.12/site-packages/airflow/example_dags/example_branch_datetime_operator.py
[2026-08-12T04:47:16.358+0000] {processor.py:914} INFO - Processing file /home/airflow/.local/lib/python3.12/site-packages/airflow/example_dags/example_branch_datetime_operator.py for tasks to queue
[2026-08-12T04:47:16.361+0000] {logging_mixin.py:190} INFO - [2026-08-12T04:47:16.360+0000] {dagbag.py:587} INFO - Filling up the DagBag from /home/airflow/.local/lib/python3.12/site-packages/airflow/example_dags/example_branch_datetime_operator.py
[2026-08-12T04:47:16.372+0000] {processor.py:925} INFO - DAG(s) 'example_branch_datetime_operator', 'example_branch_datetime_operator_2', 'example_branch_datetime_operator_3' retrieved from /home/airflow/.local/lib/python3.12/site-packages/airflow/example_dags/example_branch_datetime_operator.py
[2026-08-12T04:47:16.399+0000] {logging_mixin.py:190} INFO - [2026-08-12T04:47:16.399+0000] {dag.py:3211} INFO - Sync 3 DAGs
[2026-08-12T04:47:16.424+0000] {logging_mixin.py:190} INFO - [2026-08-12T04:47:16.423+0000] {dag.py:4138} INFO - Setting next_dagrun for example_branch_datetime_operator to 2026-08-11 00:00:00+00:00, run_after=2026-08-12 00:00:00+00:00
[2026-08-12T04:47:16.429+0000] {logging_mixin.py:190} INFO - [2026-08-12T04:47:16.429+0000] {dag.py:4138} INFO - Setting next_dagrun for example_branch_datetime_operator_2 to 2026-08-11 00:00:00+00:00, run_after=2026-08-12 00:00:00+00:00
[2026-08-12T04:47:16.433+0000] {logging_mixin.py:190} INFO - [2026-08-12T04:47:16.432+0000] {dag.py:4138} INFO - Setting next_dagrun for example_branch_datetime_operator_3 to 2026-08-11 00:00:00+00:00, run_after=2026-08-12 00:00:00+00:00
[2026-08-12T04:47:16.454+0000] {processor.py:208} INFO - Processing /home/airflow/.local/lib/python3.12/site-packages/airflow/example_dags/example_branch_datetime_operator.py took 0.103 seconds
[2026-08-12T04:47:46.989+0000] {processor.py:186} INFO - Started process (PID=1905) to work on /home/airflow/.local/lib/python3.12/site-packages/airflow/example_dags/example_branch_datetime_operator.py
[2026-08-12T04:47:46.991+0000] {processor.py:914} INFO - Processing file /home/airflow/.local/lib/python3.12/site-packages/airflow/example_dags/example_branch_datetime_operator.py for tasks to queue
[2026-08-12T04:47:46.994+0000] {logging_mixin.py:190} INFO - [2026-08-12T04:47:46.994+0000] {dagbag.py:587} INFO - Filling up the DagBag from /home/airflow/.local/lib/python3.12/site-packages/airflow/example_dags/example_branch_datetime_operator.py
[2026-08-12T04:47:47.006+0000] {processor.py:925} INFO - DAG(s) 'example_branch_datetime_operator_3', 'example_branch_datetime_operator_2', 'example_branch_datetime_operator' retrieved from /home/airflow/.local/lib/python3.12/site-packages/airflow/example_dags/example_branch_datetime_operator.py
[2026-08-12T04:47:47.033+0000] {logging_mixin.py:190} INFO - [2026-08-12T04:47:47.033+0000] {dag.py:3211} INFO - Sync 3 DAGs
[2026-08-12T04:47:47.059+0000] {logging_mixin.py:190} INFO - [2026-08-12T04:47:47.059+0000] {dag.py:4138} INFO - Setting next_dagrun for example_branch_datetime_operator to 2026-08-11 00:00:00+00:00, run_after=2026-08-12 00:00:00+00:00
[2026-08-12T04:47:47.065+0000] {logging_mixin.py:190} INFO - [2026-08-12T04:47:47.065+0000] {dag.py:4138} INFO - Setting next_dagrun for example_branch_datetime_operator_2 to 2026-08-11 00:00:00+00:00, run_after=2026-08-12 00:00:00+00:00
[2026-08-12T04:47:47.070+0000] {logging_mixin.py:190} INFO - [2026-08-12T04:47:47.069+0000] {dag.py:4138} INFO - Setting next_dagrun for example_branch_datetime_operator_3 to 2026-08-11 00:00:00+00:00, run_after=2026-08-12 00:00:00+00:00
[2026-08-12T04:47:47.089+0000] {processor.py:208} INFO - Processing /home/airflow/.local/lib/python3.12/site-packages/airflow/example_dags/example_branch_datetime_operator.py took 0.105 seconds
[2026-08-12T04:48:18.087+0000] {processor.py:186} INFO - Started process (PID=1967) to work on /home/airflow/.local/lib/python3.12/site-packages/airflow/example_dags/example_branch_datetime_operator.py
[2026-08-12T04:48:18.089+0000] {processor.py:914} INFO - Processing file /home/airflow/.local/lib/python3.12/site-packages/airflow/example_dags/example_branch_datetime_operator.py for tasks to queue
[2026-08-12T04:48:18.092+0000] {logging_mixin.py:190} INFO - [2026-08-12T04:48:18.091+0000] {dagbag.py:587} INFO - Filling up the DagBag from /home/airflow/.local/lib/python3.12/site-packages/airflow/example_dags/example_branch_datetime_operator.py
[2026-08-12T04:48:18.105+0000] {processor.py:925} INFO - DAG(s) 'example_branch_datetime_operator', 'example_branch_datetime_operator_3', 'example_branch_datetime_operator_2' retrieved from /home/airflow/.local/lib/python3.12/site-packages/airflow/example_dags/example_branch_datetime_operator.py
[2026-08-12T04:48:18.137+0000] {logging_mixin.py:190} INFO - [2026-08-12T04:48:18.137+0000] {dag.py:3211} INFO - Sync 3 DAGs
[2026-08-12T04:48:18.176+0000] {logging_mixin.py:190} INFO - [2026-08-12T04:48:18.176+0000] {dag.py:4138} INFO - Setting next_dagrun for example_branch_datetime_operator to 2026-08-11 00:00:00+00:00, run_after=2026-08-12 00:00:00+00:00
[2026-08-12T04:48:18.182+0000] {logging_mixin.py:190} INFO - [2026-08-12T04:48:18.182+0000] {dag.py:4138} INFO - Setting next_dagrun for example_branch_datetime_operator_2 to 2026-08-11 00:00:00+00:00, run_after=2026-08-12 00:00:00+00:00
[2026-08-12T04:48:18.186+0000] {logging_mixin.py:190} INFO - [2026-08-12T04:48:18.186+0000] {dag.py:4138} INFO - Setting next_dagrun for example_branch_datetime_operator_3 to 2026-08-11 00:00:00+00:00, run_after=2026-08-12 00:00:00+00:00
[2026-08-12T04:48:18.218+0000] {processor.py:208} INFO - Processing /home/airflow/.local/lib/python3.12/site-packages/airflow/example_dags/example_branch_datetime_operator.py took 0.136 seconds
[2026-08-12T04:48:48.976+0000] {processor.py:186} INFO - Started process (PID=2030) to work on /home/airflow/.local/lib/python3.12/site-packages/airflow/example_dags/example_branch_datetime_operator.py
[2026-08-12T04:48:48.977+0000] {processor.py:914} INFO - Processing file /home/airflow/.local/lib/python3.12/site-packages/airflow/example_dags/example_branch_datetime_operator.py for tasks to queue
[2026-08-12T04:48:48.980+0000] {logging_mixin.py:190} INFO - [2026-08-12T04:48:48.979+0000] {dagbag.py:587} INFO - Filling up the DagBag from /home/airflow/.local/lib/python3.12/site-packages/airflow/example_dags/example_branch_datetime_operator.py
[2026-08-12T04:48:48.991+0000] {processor.py:925} INFO - DAG(s) 'example_branch_datetime_operator_3', 'example_branch_datetime_operator_2', 'example_branch_datetime_operator' retrieved from /home/airflow/.local/lib/python3.12/site-packages/airflow/example_dags/example_branch_datetime_operator.py
[2026-08-12T04:48:49.019+0000] {logging_mixin.py:190} INFO - [2026-08-12T04:48:49.019+0000] {dag.py:3211} INFO - Sync 3 DAGs
[2026-08-12T04:48:49.041+0000] {logging_mixin.py:190} INFO - [2026-08-12T04:48:49.041+0000] {dag.py:4138} INFO - Setting next_dagrun for example_branch_datetime_operator to 2026-08-11 00:00:00+00:00, run_after=2026-08-12 00:00:00+00:00
[2026-08-12T04:48:49.046+0000] {logging_mixin.py:190} INFO - [2026-08-12T04:48:49.046+0000] {dag.py:4138} INFO - Setting next_dagrun for example_branch_datetime_operator_2 to 2026-08-11 00:00:00+00:00, run_after=2026-08-12 00:00:00+00:00
[2026-08-12T04:48:49.050+0000] {logging_mixin.py:190} INFO - [2026-08-12T04:48:49.050+0000] {dag.py:4138} INFO - Setting next_dagrun for example_branch_datetime_operator_3 to 2026-08-11 00:00:00+00:00, run_after=2026-08-12 00:00:00+00:00
[2026-08-12T04:48:49.069+0000] {processor.py:208} INFO - Processing /home/airflow/.local/lib/python3.12/site-packages/airflow/example_dags/example_branch_datetime_operator.py took 0.098 seconds
[2026-08-12T04:49:19.461+0000] {processor.py:186} INFO - Started process (PID=2091) to work on /home/airflow/.local/lib/python3.12/site-packages/airflow/example_dags/example_branch_datetime_operator.py
[2026-08-12T04:49:19.463+0000] {processor.py:914} INFO - Processing file /home/airflow/.local/lib/python3.12/site-packages/airflow/example_dags/example_branch_datetime_operator.py for tasks to queue
[2026-08-12T04:49:19.467+0000] {logging_mixin.py:190} INFO - [2026-08-12T04:49:19.466+0000] {dagbag.py:587} INFO - Filling up the DagBag from /home/airflow/.local/lib/python3.12/site-packages/airflow/example_dags/example_branch_datetime_operator.py
[2026-08-12T04:49:19.479+0000] {processor.py:925} INFO - DAG(s) 'example_branch_datetime_operator', 'example_branch_datetime_operator_2', 'example_branch_datetime_operator_3' retrieved from /home/airflow/.local/lib/python3.12/site-packages/airflow/example_dags/example_branch_datetime_operator.py
[2026-08-12T04:49:19.508+0000] {logging_mixin.py:190} INFO - [2026-08-12T04:49:19.508+0000] {dag.py:3211} INFO - Sync 3 DAGs
[2026-08-12T04:49:19.533+0000] {logging_mixin.py:190} INFO - [2026-08-12T04:49:19.533+0000] {dag.py:4138} INFO - Setting next_dagrun for example_branch_datetime_operator to 2026-08-11 00:00:00+00:00, run_after=2026-08-12 00:00:00+00:00
[2026-08-12T04:49:19.539+0000] {logging_mixin.py:190} INFO - [2026-08-12T04:49:19.539+0000] {dag.py:4138} INFO - Setting next_dagrun for example_branch_datetime_operator_2 to 2026-08-11 00:00:00+00:00, run_after=2026-08-12 00:00:00+00:00
[2026-08-12T04:49:19.543+0000] {logging_mixin.py:190} INFO - [2026-08-12T04:49:19.543+0000] {dag.py:4138} INFO - Setting next_dagrun for example_branch_datetime_operator_3 to 2026-08-11 00:00:00+00:00, run_after=2026-08-12 00:00:00+00:00
[2026-08-12T04:49:19.575+0000] {processor.py:208} INFO - Processing /home/airflow/.local/lib/python3.12/site-packages/airflow/example_dags/example_branch_datetime_operator.py took 0.120 seconds
[2026-08-12T04:49:50.669+0000] {processor.py:186} INFO - Started process (PID=2153) to work on /home/airflow/.local/lib/python3.12/site-packages/airflow/example_dags/example_branch_datetime_operator.py
[2026-08-12T04:49:50.671+0000] {processor.py:914} INFO - Processing file /home/airflow/.local/lib/python3.12/site-packages/airflow/example_dags/example_branch_datetime_operator.py for tasks to queue
[2026-08-12T04:49:50.674+0000] {logging_mixin.py:190} INFO - [2026-08-12T04:49:50.674+0000] {dagbag.py:587} INFO - Filling up the DagBag from /home/airflow/.local/lib/python3.12/site-packages/airflow/example_dags/example_branch_datetime_operator.py
[2026-08-12T04:49:50.686+0000] {processor.py:925} INFO - DAG(s) 'example_branch_datetime_operator_3', 'example_branch_datetime_operator', 'example_branch_datetime_operator_2' retrieved from /home/airflow/.local/lib/python3.12/site-packages/airflow/example_dags/example_branch_datetime_operator.py
[2026-08-12T04:49:50.721+0000] {logging_mixin.py:190} INFO - [2026-08-12T04:49:50.720+0000] {dag.py:3211} INFO - Sync 3 DAGs
[2026-08-12T04:49:50.749+0000] {logging_mixin.py:190} INFO - [2026-08-12T04:49:50.749+0000] {dag.py:4138} INFO - Setting next_dagrun for example_branch_datetime_operator to 2026-08-11 00:00:00+00:00, run_after=2026-08-12 00:00:00+00:00
[2026-08-12T04:49:50.756+0000] {logging_mixin.py:190} INFO - [2026-08-12T04:49:50.755+0000] {dag.py:4138} INFO - Setting next_dagrun for example_branch_datetime_operator_2 to 2026-08-11 00:00:00+00:00, run_after=2026-08-12 00:00:00+00:00
[2026-08-12T04:49:50.760+0000] {logging_mixin.py:190} INFO - [2026-08-12T04:49:50.759+0000] {dag.py:4138} INFO - Setting next_dagrun for example_branch_datetime_operator_3 to 2026-08-11 00:00:00+00:00, run_after=2026-08-12 00:00:00+00:00
[2026-08-12T04:49:50.780+0000] {processor.py:208} INFO - Processing /home/airflow/.local/lib/python3.12/site-packages/airflow/example_dags/example_branch_datetime_operator.py took 0.117 seconds
