[2026-08-12T04:30:31.514+0000] {processor.py:186} INFO - Started process (PID=64) to work on /home/airflow/.local/lib/python3.12/site-packages/airflow/example_dags/example_branch_python_dop_operator_3.py
[2026-08-12T04:30:31.517+0000] {processor.py:914} INFO - Processing file /home/airflow/.local/lib/python3.12/site-packages/airflow/example_dags/example_branch_python_dop_operator_3.py for tasks to queue
[2026-08-12T04:30:31.522+0000] {logging_mixin.py:190} INFO - [2026-08-12T04:30:31.521+0000] {dagbag.py:587} INFO - Filling up the DagBag from /home/airflow/.local/lib/python3.12/site-packages/airflow/example_dags/example_branch_python_dop_operator_3.py
[2026-08-12T04:30:31.551+0000] {processor.py:925} INFO - DAG(s) 'example_branch_dop_operator_v3' retrieved from /home/airflow/.local/lib/python3.12/site-packages/airflow/example_dags/example_branch_python_dop_operator_3.py
[2026-08-12T04:30:31.863+0000] {logging_mixin.py:190} INFO - [2026-08-12T04:30:31.862+0000] {override.py:1858} INFO - Created Permission View: can edit on DAG:example_branch_dop_operator_v3
[2026-08-12T04:30:31.879+0000] {logging_mixin.py:190} INFO - [2026-08-12T04:30:31.879+0000] {override.py:1858} INFO - Created Permission View: can delete on DAG:example_branch_dop_operator_v3
[2026-08-12T04:30:31.891+0000] {logging_mixin.py:190} INFO - [2026-08-12T04:30:31.891+0000] {override.py:1858} INFO - Created Permission View: can read on DAG:example_branch_dop_operator_v3
[2026-08-12T04:30:31.893+0000] {logging_mixin.py:190} INFO - [2026-08-12T04:30:31.893+0000] {dag.py:3211} INFO - Sync 1 DAGs
[2026-08-12T04:30:31.914+0000] {logging_mixin.py:190} INFO - [2026-08-12T04:30:31.914+0000] {dag.py:3234} INFO - Creating ORM DAG for example_branch_dop_operator_v3
[2026-08-12T04:30:31.932+0000] {logging_mixin.py:190} INFO - [2026-08-12T04:30:31.932+0000] {dag.py:4138} INFO - Setting next_dagrun for example_branch_dop_operator_v3 to 2026-08-12 04:29:00+00:00, run_after=2026-08-12 04:30:00+00:00
[2026-08-12T04:30:31.955+0000] {processor.py:208} INFO - Processing /home/airflow/.local/lib/python3.12/site-packages/airflow/example_dags/example_branch_python_dop_operator_3.py took 0.453 seconds
[2026-08-12T04:31:02.077+0000] {processor.py:186} INFO - Started process (PID=126) to work on /home/airflow/.local/lib/python3.12/site-packages/airflow/example_dags/example_branch_python_dop_operator_3.py
[2026-08-12T04:31:02.079+0000] {processor.py:914} INFO - Processing file /home/airflow/.local/lib/python3.12/site-packages/airflow/example_dags/example_branch_python_dop_operator_3.py for tasks to queue
[2026-08-12T04:31:02.083+0000] {logging_mixin.py:190} INFO - [2026-08-12T04:31:02.083+0000] {dagbag.py:587} INFO - Filling up the DagBag from /home/airflow/.local/lib/python3.12/site-packages/airflow/example_dags/example_branch_python_dop_operator_3.py
[2026-08-12T04:31:02.093+0000] {processor.py:925} INFO - DAG(s) 'example_branch_dop_operator_v3' retrieved from /home/airflow/.local/lib/python3.12/site-packages/airflow/example_dags/example_branch_python_dop_operator_3.py
[2026-08-12T04:31:02.125+0000] {logging_mixin.py:190} INFO - [2026-08-12T04:31:02.125+0000] {dag.py:3211} INFO - Sync 1 DAGs
[2026-08-12T04:31:02.157+0000] {logging_mixin.py:190} INFO - [2026-08-12T04:31:02.157+0000] {dag.py:4138} INFO - Setting next_dagrun for example_branch_dop_operator_v3 to 2026-08-12 04:30:00+00:00, run_after=2026-08-12 04:31:00+00:00
[2026-08-12T04:31:02.179+0000] {processor.py:208} INFO - Processing /home/airflow/.local/lib/python3.12/site-packages/airflow/example_dags/example_branch_python_dop_operator_3.py took 0.107 seconds
[2026-08-12T04:31:32.751+0000] {processor.py:186} INFO - Started process (PID=188) to work on /home/airflow/.local/lib/python3.12/site-packages/airflow/example_dags/example_branch_python_dop_operator_3.py
[2026-08-12T04:31:32.754+0000] {processor.py:914} INFO - Processing file /home/airflow/.local/lib/python3.12/site-packages/airflow/example_dags/example_branch_python_dop_operator_3.py for tasks to queue
[2026-08-12T04:31:32.760+0000] {logging_mixin.py:190} INFO - [2026-08-12T04:31:32.759+0000] {dagbag.py:587} INFO - Filling up the DagBag from /home/airflow/.local/lib/python3.12/site-packages/airflow/example_dags/example_branch_python_dop_operator_3.py
[2026-08-12T04:31:32.787+0000] {processor.py:925} INFO - DAG(s) 'example_branch_dop_operator_v3' retrieved from /home/airflow/.local/lib/python3.12/site-packages/airflow/example_dags/example_branch_python_dop_operator_3.py
[2026-08-12T04:31:32.830+0000] {logging_mixin.py:190} INFO - [2026-08-12T04:31:32.830+0000] {dag.py:3211} INFO - Sync 1 DAGs
[2026-08-12T04:31:32.879+0000] {logging_mixin.py:190} INFO - [2026-08-12T04:31:32.879+0000] {dag.py:4138} INFO - Setting next_dagrun for example_branch_dop_operator_v3 to 2026-08-12 04:30:00+00:00, run_after=2026-08-12 04:31:00+00:00
[2026-08-12T04:31:32.912+0000] {processor.py:208} INFO - Processing /home/airflow/.local/lib/python3.12/site-packages/airflow/example_dags/example_branch_python_dop_operator_3.py took 0.176 seconds
[2026-08-12T04:32:03.406+0000] {processor.py:186} INFO - Started process (PID=257) to work on /home/airflow/.local/lib/python3.12/site-packages/airflow/example_dags/example_branch_python_dop_operator_3.py
[2026-08-12T04:32:03.408+0000] {processor.py:914} INFO - Processing file /home/airflow/.local/lib/python3.12/site-packages/airflow/example_dags/example_branch_python_dop_operator_3.py for tasks to queue
[2026-08-12T04:32:03.411+0000] {logging_mixin.py:190} INFO - [2026-08-12T04:32:03.411+0000] {dagbag.py:587} INFO - Filling up the DagBag from /home/airflow/.local/lib/python3.12/site-packages/airflow/example_dags/example_branch_python_dop_operator_3.py
[2026-08-12T04:32:03.420+0000] {processor.py:925} INFO - DAG(s) 'example_branch_dop_operator_v3' retrieved from /home/airflow/.local/lib/python3.12/site-packages/airflow/example_dags/example_branch_python_dop_operator_3.py
[2026-08-12T04:32:03.447+0000] {logging_mixin.py:190} INFO - [2026-08-12T04:32:03.447+0000] {dag.py:3211} INFO - Sync 1 DAGs
[2026-08-12T04:32:03.489+0000] {logging_mixin.py:190} INFO - [2026-08-12T04:32:03.489+0000] {dag.py:4138} INFO - Setting next_dagrun for example_branch_dop_operator_v3 to 2026-08-12 04:31:00+00:00, run_after=2026-08-12 04:32:00+00:00
[2026-08-12T04:32:03.512+0000] {processor.py:208} INFO - Processing /home/airflow/.local/lib/python3.12/site-packages/airflow/example_dags/example_branch_python_dop_operator_3.py took 0.111 seconds
[2026-08-12T04:32:52.277+0000] {processor.py:186} INFO - Started process (PID=54) to work on /home/airflow/.local/lib/python3.12/site-packages/airflow/example_dags/example_branch_python_dop_operator_3.py
[2026-08-12T04:32:52.279+0000] {processor.py:914} INFO - Processing file /home/airflow/.local/lib/python3.12/site-packages/airflow/example_dags/example_branch_python_dop_operator_3.py for tasks to queue
[2026-08-12T04:32:52.283+0000] {logging_mixin.py:190} INFO - [2026-08-12T04:32:52.283+0000] {dagbag.py:587} INFO - Filling up the DagBag from /home/airflow/.local/lib/python3.12/site-packages/airflow/example_dags/example_branch_python_dop_operator_3.py
[2026-08-12T04:32:52.301+0000] {processor.py:925} INFO - DAG(s) 'example_branch_dop_operator_v3' retrieved from /home/airflow/.local/lib/python3.12/site-packages/airflow/example_dags/example_branch_python_dop_operator_3.py
[2026-08-12T04:32:52.360+0000] {logging_mixin.py:190} INFO - [2026-08-12T04:32:52.359+0000] {dag.py:3211} INFO - Sync 1 DAGs
[2026-08-12T04:32:52.407+0000] {logging_mixin.py:190} INFO - [2026-08-12T04:32:52.407+0000] {dag.py:4138} INFO - Setting next_dagrun for example_branch_dop_operator_v3 to 2026-08-12 04:31:00+00:00, run_after=2026-08-12 04:32:00+00:00
[2026-08-12T04:32:52.453+0000] {processor.py:208} INFO - Processing /home/airflow/.local/lib/python3.12/site-packages/airflow/example_dags/example_branch_python_dop_operator_3.py took 0.186 seconds
[2026-08-12T04:33:23.066+0000] {processor.py:186} INFO - Started process (PID=117) to work on /home/airflow/.local/lib/python3.12/site-packages/airflow/example_dags/example_branch_python_dop_operator_3.py
[2026-08-12T04:33:23.068+0000] {processor.py:914} INFO - Processing file /home/airflow/.local/lib/python3.12/site-packages/airflow/example_dags/example_branch_python_dop_operator_3.py for tasks to queue
[2026-08-12T04:33:23.072+0000] {logging_mixin.py:190} INFO - [2026-08-12T04:33:23.072+0000] {dagbag.py:587} INFO - Filling up the DagBag from /home/airflow/.local/lib/python3.12/site-packages/airflow/example_dags/example_branch_python_dop_operator_3.py
[2026-08-12T04:33:23.083+0000] {processor.py:925} INFO - DAG(s) 'example_branch_dop_operator_v3' retrieved from /home/airflow/.local/lib/python3.12/site-packages/airflow/example_dags/example_branch_python_dop_operator_3.py
[2026-08-12T04:33:23.107+0000] {logging_mixin.py:190} INFO - [2026-08-12T04:33:23.106+0000] {dag.py:3211} INFO - Sync 1 DAGs
[2026-08-12T04:33:23.131+0000] {logging_mixin.py:190} INFO - [2026-08-12T04:33:23.131+0000] {dag.py:4138} INFO - Setting next_dagrun for example_branch_dop_operator_v3 to 2026-08-12 04:32:00+00:00, run_after=2026-08-12 04:33:00+00:00
[2026-08-12T04:33:23.152+0000] {processor.py:208} INFO - Processing /home/airflow/.local/lib/python3.12/site-packages/airflow/example_dags/example_branch_python_dop_operator_3.py took 0.092 seconds
[2026-08-12T04:33:53.914+0000] {processor.py:186} INFO - Started process (PID=179) to work on /home/airflow/.local/lib/python3.12/site-packages/airflow/example_dags/example_branch_python_dop_operator_3.py
[2026-08-12T04:33:53.916+0000] {processor.py:914} INFO - Processing file /home/airflow/.local/lib/python3.12/site-packages/airflow/example_dags/example_branch_python_dop_operator_3.py for tasks to queue
[2026-08-12T04:33:53.919+0000] {logging_mixin.py:190} INFO - [2026-08-12T04:33:53.919+0000] {dagbag.py:587} INFO - Filling up the DagBag from /home/airflow/.local/lib/python3.12/site-packages/airflow/example_dags/example_branch_python_dop_operator_3.py
[2026-08-12T04:33:53.930+0000] {processor.py:925} INFO - DAG(s) 'example_branch_dop_operator_v3' retrieved from /home/airflow/.local/lib/python3.12/site-packages/airflow/example_dags/example_branch_python_dop_operator_3.py
[2026-08-12T04:33:53.951+0000] {logging_mixin.py:190} INFO - [2026-08-12T04:33:53.951+0000] {dag.py:3211} INFO - Sync 1 DAGs
[2026-08-12T04:33:53.979+0000] {logging_mixin.py:190} INFO - [2026-08-12T04:33:53.978+0000] {dag.py:4138} INFO - Setting next_dagrun for example_branch_dop_operator_v3 to 2026-08-12 04:32:00+00:00, run_after=2026-08-12 04:33:00+00:00
[2026-08-12T04:33:54.003+0000] {processor.py:208} INFO - Processing /home/airflow/.local/lib/python3.12/site-packages/airflow/example_dags/example_branch_python_dop_operator_3.py took 0.095 seconds
[2026-08-12T04:34:24.320+0000] {processor.py:186} INFO - Started process (PID=247) to work on /home/airflow/.local/lib/python3.12/site-packages/airflow/example_dags/example_branch_python_dop_operator_3.py
[2026-08-12T04:34:24.321+0000] {processor.py:914} INFO - Processing file /home/airflow/.local/lib/python3.12/site-packages/airflow/example_dags/example_branch_python_dop_operator_3.py for tasks to queue
[2026-08-12T04:34:24.323+0000] {logging_mixin.py:190} INFO - [2026-08-12T04:34:24.323+0000] {dagbag.py:587} INFO - Filling up the DagBag from /home/airflow/.local/lib/python3.12/site-packages/airflow/example_dags/example_branch_python_dop_operator_3.py
[2026-08-12T04:34:24.335+0000] {processor.py:925} INFO - DAG(s) 'example_branch_dop_operator_v3' retrieved from /home/airflow/.local/lib/python3.12/site-packages/airflow/example_dags/example_branch_python_dop_operator_3.py
[2026-08-12T04:34:24.361+0000] {logging_mixin.py:190} INFO - [2026-08-12T04:34:24.361+0000] {dag.py:3211} INFO - Sync 1 DAGs
[2026-08-12T04:34:24.388+0000] {logging_mixin.py:190} INFO - [2026-08-12T04:34:24.388+0000] {dag.py:4138} INFO - Setting next_dagrun for example_branch_dop_operator_v3 to 2026-08-12 04:33:00+00:00, run_after=2026-08-12 04:34:00+00:00
[2026-08-12T04:34:24.411+0000] {processor.py:208} INFO - Processing /home/airflow/.local/lib/python3.12/site-packages/airflow/example_dags/example_branch_python_dop_operator_3.py took 0.096 seconds
[2026-08-12T04:34:55.008+0000] {processor.py:186} INFO - Started process (PID=309) to work on /home/airflow/.local/lib/python3.12/site-packages/airflow/example_dags/example_branch_python_dop_operator_3.py
[2026-08-12T04:34:55.009+0000] {processor.py:914} INFO - Processing file /home/airflow/.local/lib/python3.12/site-packages/airflow/example_dags/example_branch_python_dop_operator_3.py for tasks to queue
[2026-08-12T04:34:55.013+0000] {logging_mixin.py:190} INFO - [2026-08-12T04:34:55.013+0000] {dagbag.py:587} INFO - Filling up the DagBag from /home/airflow/.local/lib/python3.12/site-packages/airflow/example_dags/example_branch_python_dop_operator_3.py
[2026-08-12T04:34:55.027+0000] {processor.py:925} INFO - DAG(s) 'example_branch_dop_operator_v3' retrieved from /home/airflow/.local/lib/python3.12/site-packages/airflow/example_dags/example_branch_python_dop_operator_3.py
[2026-08-12T04:34:55.059+0000] {logging_mixin.py:190} INFO - [2026-08-12T04:34:55.058+0000] {dag.py:3211} INFO - Sync 1 DAGs
[2026-08-12T04:34:55.095+0000] {logging_mixin.py:190} INFO - [2026-08-12T04:34:55.095+0000] {dag.py:4138} INFO - Setting next_dagrun for example_branch_dop_operator_v3 to 2026-08-12 04:33:00+00:00, run_after=2026-08-12 04:34:00+00:00
[2026-08-12T04:34:55.128+0000] {processor.py:208} INFO - Processing /home/airflow/.local/lib/python3.12/site-packages/airflow/example_dags/example_branch_python_dop_operator_3.py took 0.127 seconds
[2026-08-12T04:35:25.441+0000] {processor.py:186} INFO - Started process (PID=371) to work on /home/airflow/.local/lib/python3.12/site-packages/airflow/example_dags/example_branch_python_dop_operator_3.py
[2026-08-12T04:35:25.443+0000] {processor.py:914} INFO - Processing file /home/airflow/.local/lib/python3.12/site-packages/airflow/example_dags/example_branch_python_dop_operator_3.py for tasks to queue
[2026-08-12T04:35:25.448+0000] {logging_mixin.py:190} INFO - [2026-08-12T04:35:25.447+0000] {dagbag.py:587} INFO - Filling up the DagBag from /home/airflow/.local/lib/python3.12/site-packages/airflow/example_dags/example_branch_python_dop_operator_3.py
[2026-08-12T04:35:25.462+0000] {processor.py:925} INFO - DAG(s) 'example_branch_dop_operator_v3' retrieved from /home/airflow/.local/lib/python3.12/site-packages/airflow/example_dags/example_branch_python_dop_operator_3.py
[2026-08-12T04:35:25.486+0000] {logging_mixin.py:190} INFO - [2026-08-12T04:35:25.485+0000] {dag.py:3211} INFO - Sync 1 DAGs
[2026-08-12T04:35:25.512+0000] {logging_mixin.py:190} INFO - [2026-08-12T04:35:25.512+0000] {dag.py:4138} INFO - Setting next_dagrun for example_branch_dop_operator_v3 to 2026-08-12 04:34:00+00:00, run_after=2026-08-12 04:35:00+00:00
[2026-08-12T04:35:25.538+0000] {processor.py:208} INFO - Processing /home/airflow/.local/lib/python3.12/site-packages/airflow/example_dags/example_branch_python_dop_operator_3.py took 0.105 seconds
[2026-08-12T04:35:55.742+0000] {processor.py:186} INFO - Started process (PID=433) to work on /home/airflow/.local/lib/python3.12/site-packages/airflow/example_dags/example_branch_python_dop_operator_3.py
[2026-08-12T04:35:55.743+0000] {processor.py:914} INFO - Processing file /home/airflow/.local/lib/python3.12/site-packages/airflow/example_dags/example_branch_python_dop_operator_3.py for tasks to queue
[2026-08-12T04:35:55.747+0000] {logging_mixin.py:190} INFO - [2026-08-12T04:35:55.746+0000] {dagbag.py:587} INFO - Filling up the DagBag from /home/airflow/.local/lib/python3.12/site-packages/airflow/example_dags/example_branch_python_dop_operator_3.py
[2026-08-12T04:35:55.758+0000] {processor.py:925} INFO - DAG(s) 'example_branch_dop_operator_v3' retrieved from /home/airflow/.local/lib/python3.12/site-packages/airflow/example_dags/example_branch_python_dop_operator_3.py
[2026-08-12T04:35:55.782+0000] {logging_mixin.py:190} INFO - [2026-08-12T04:35:55.782+0000] {dag.py:3211} INFO - Sync 1 DAGs
[2026-08-12T04:35:55.810+0000] {logging_mixin.py:190} INFO - [2026-08-12T04:35:55.810+0000] {dag.py:4138} INFO - Setting next_dagrun for example_branch_dop_operator_v3 to 2026-08-12 04:34:00+00:00, run_after=2026-08-12 04:35:00+00:00
[2026-08-12T04:35:55.831+0000] {processor.py:208} INFO - Processing /home/airflow/.local/lib/python3.12/site-packages/airflow/example_dags/example_branch_python_dop_operator_3.py took 0.096 seconds
[2026-08-12T04:36:26.633+0000] {processor.py:186} INFO - Started process (PID=495) to work on /home/airflow/.local/lib/python3.12/site-packages/airflow/example_dags/example_branch_python_dop_operator_3.py
[2026-08-12T04:36:26.635+0000] {processor.py:914} INFO - Processing file /home/airflow/.local/lib/python3.12/site-packages/airflow/example_dags/example_branch_python_dop_operator_3.py for tasks to queue
[2026-08-12T04:36:26.638+0000] {logging_mixin.py:190} INFO - [2026-08-12T04:36:26.638+0000] {dagbag.py:587} INFO - Filling up the DagBag from /home/airflow/.local/lib/python3.12/site-packages/airflow/example_dags/example_branch_python_dop_operator_3.py
[2026-08-12T04:36:26.649+0000] {processor.py:925} INFO - DAG(s) 'example_branch_dop_operator_v3' retrieved from /home/airflow/.local/lib/python3.12/site-packages/airflow/example_dags/example_branch_python_dop_operator_3.py
[2026-08-12T04:36:26.670+0000] {logging_mixin.py:190} INFO - [2026-08-12T04:36:26.670+0000] {dag.py:3211} INFO - Sync 1 DAGs
[2026-08-12T04:36:26.698+0000] {logging_mixin.py:190} INFO - [2026-08-12T04:36:26.698+0000] {dag.py:4138} INFO - Setting next_dagrun for example_branch_dop_operator_v3 to 2026-08-12 04:35:00+00:00, run_after=2026-08-12 04:36:00+00:00
[2026-08-12T04:36:26.727+0000] {processor.py:208} INFO - Processing /home/airflow/.local/lib/python3.12/site-packages/airflow/example_dags/example_branch_python_dop_operator_3.py took 0.100 seconds
[2026-08-12T04:36:57.086+0000] {processor.py:186} INFO - Started process (PID=557) to work on /home/airflow/.local/lib/python3.12/site-packages/airflow/example_dags/example_branch_python_dop_operator_3.py
[2026-08-12T04:36:57.088+0000] {processor.py:914} INFO - Processing file /home/airflow/.local/lib/python3.12/site-packages/airflow/example_dags/example_branch_python_dop_operator_3.py for tasks to queue
[2026-08-12T04:36:57.092+0000] {logging_mixin.py:190} INFO - [2026-08-12T04:36:57.092+0000] {dagbag.py:587} INFO - Filling up the DagBag from /home/airflow/.local/lib/python3.12/site-packages/airflow/example_dags/example_branch_python_dop_operator_3.py
[2026-08-12T04:36:57.106+0000] {processor.py:925} INFO - DAG(s) 'example_branch_dop_operator_v3' retrieved from /home/airflow/.local/lib/python3.12/site-packages/airflow/example_dags/example_branch_python_dop_operator_3.py
[2026-08-12T04:36:57.132+0000] {logging_mixin.py:190} INFO - [2026-08-12T04:36:57.132+0000] {dag.py:3211} INFO - Sync 1 DAGs
[2026-08-12T04:36:57.164+0000] {logging_mixin.py:190} INFO - [2026-08-12T04:36:57.163+0000] {dag.py:4138} INFO - Setting next_dagrun for example_branch_dop_operator_v3 to 2026-08-12 04:35:00+00:00, run_after=2026-08-12 04:36:00+00:00
[2026-08-12T04:36:57.187+0000] {processor.py:208} INFO - Processing /home/airflow/.local/lib/python3.12/site-packages/airflow/example_dags/example_branch_python_dop_operator_3.py took 0.111 seconds
[2026-08-12T04:37:27.901+0000] {processor.py:186} INFO - Started process (PID=619) to work on /home/airflow/.local/lib/python3.12/site-packages/airflow/example_dags/example_branch_python_dop_operator_3.py
[2026-08-12T04:37:27.903+0000] {processor.py:914} INFO - Processing file /home/airflow/.local/lib/python3.12/site-packages/airflow/example_dags/example_branch_python_dop_operator_3.py for tasks to queue
[2026-08-12T04:37:27.906+0000] {logging_mixin.py:190} INFO - [2026-08-12T04:37:27.906+0000] {dagbag.py:587} INFO - Filling up the DagBag from /home/airflow/.local/lib/python3.12/site-packages/airflow/example_dags/example_branch_python_dop_operator_3.py
[2026-08-12T04:37:27.915+0000] {processor.py:925} INFO - DAG(s) 'example_branch_dop_operator_v3' retrieved from /home/airflow/.local/lib/python3.12/site-packages/airflow/example_dags/example_branch_python_dop_operator_3.py
[2026-08-12T04:37:27.936+0000] {logging_mixin.py:190} INFO - [2026-08-12T04:37:27.936+0000] {dag.py:3211} INFO - Sync 1 DAGs
[2026-08-12T04:37:27.974+0000] {logging_mixin.py:190} INFO - [2026-08-12T04:37:27.974+0000] {dag.py:4138} INFO - Setting next_dagrun for example_branch_dop_operator_v3 to 2026-08-12 04:36:00+00:00, run_after=2026-08-12 04:37:00+00:00
[2026-08-12T04:37:27.998+0000] {processor.py:208} INFO - Processing /home/airflow/.local/lib/python3.12/site-packages/airflow/example_dags/example_branch_python_dop_operator_3.py took 0.102 seconds
[2026-08-12T04:37:58.523+0000] {processor.py:186} INFO - Started process (PID=681) to work on /home/airflow/.local/lib/python3.12/site-packages/airflow/example_dags/example_branch_python_dop_operator_3.py
[2026-08-12T04:37:58.524+0000] {processor.py:914} INFO - Processing file /home/airflow/.local/lib/python3.12/site-packages/airflow/example_dags/example_branch_python_dop_operator_3.py for tasks to queue
[2026-08-12T04:37:58.527+0000] {logging_mixin.py:190} INFO - [2026-08-12T04:37:58.527+0000] {dagbag.py:587} INFO - Filling up the DagBag from /home/airflow/.local/lib/python3.12/site-packages/airflow/example_dags/example_branch_python_dop_operator_3.py
[2026-08-12T04:37:58.538+0000] {processor.py:925} INFO - DAG(s) 'example_branch_dop_operator_v3' retrieved from /home/airflow/.local/lib/python3.12/site-packages/airflow/example_dags/example_branch_python_dop_operator_3.py
[2026-08-12T04:37:58.560+0000] {logging_mixin.py:190} INFO - [2026-08-12T04:37:58.560+0000] {dag.py:3211} INFO - Sync 1 DAGs
[2026-08-12T04:37:58.587+0000] {logging_mixin.py:190} INFO - [2026-08-12T04:37:58.587+0000] {dag.py:4138} INFO - Setting next_dagrun for example_branch_dop_operator_v3 to 2026-08-12 04:36:00+00:00, run_after=2026-08-12 04:37:00+00:00
[2026-08-12T04:37:58.622+0000] {processor.py:208} INFO - Processing /home/airflow/.local/lib/python3.12/site-packages/airflow/example_dags/example_branch_python_dop_operator_3.py took 0.104 seconds
[2026-08-12T04:38:29.276+0000] {processor.py:186} INFO - Started process (PID=743) to work on /home/airflow/.local/lib/python3.12/site-packages/airflow/example_dags/example_branch_python_dop_operator_3.py
[2026-08-12T04:38:29.278+0000] {processor.py:914} INFO - Processing file /home/airflow/.local/lib/python3.12/site-packages/airflow/example_dags/example_branch_python_dop_operator_3.py for tasks to queue
[2026-08-12T04:38:29.281+0000] {logging_mixin.py:190} INFO - [2026-08-12T04:38:29.280+0000] {dagbag.py:587} INFO - Filling up the DagBag from /home/airflow/.local/lib/python3.12/site-packages/airflow/example_dags/example_branch_python_dop_operator_3.py
[2026-08-12T04:38:29.306+0000] {processor.py:925} INFO - DAG(s) 'example_branch_dop_operator_v3' retrieved from /home/airflow/.local/lib/python3.12/site-packages/airflow/example_dags/example_branch_python_dop_operator_3.py
[2026-08-12T04:38:29.344+0000] {logging_mixin.py:190} INFO - [2026-08-12T04:38:29.343+0000] {dag.py:3211} INFO - Sync 1 DAGs
[2026-08-12T04:38:29.375+0000] {logging_mixin.py:190} INFO - [2026-08-12T04:38:29.375+0000] {dag.py:4138} INFO - Setting next_dagrun for example_branch_dop_operator_v3 to 2026-08-12 04:37:00+00:00, run_after=2026-08-12 04:38:00+00:00
[2026-08-12T04:38:29.396+0000] {processor.py:208} INFO - Processing /home/airflow/.local/lib/python3.12/site-packages/airflow/example_dags/example_branch_python_dop_operator_3.py took 0.125 seconds
[2026-08-12T04:38:59.737+0000] {processor.py:186} INFO - Started process (PID=805) to work on /home/airflow/.local/lib/python3.12/site-packages/airflow/example_dags/example_branch_python_dop_operator_3.py
[2026-08-12T04:38:59.739+0000] {processor.py:914} INFO - Processing file /home/airflow/.local/lib/python3.12/site-packages/airflow/example_dags/example_branch_python_dop_operator_3.py for tasks to queue
[2026-08-12T04:38:59.743+0000] {logging_mixin.py:190} INFO - [2026-08-12T04:38:59.742+0000] {dagbag.py:587} INFO - Filling up the DagBag from /home/airflow/.local/lib/python3.12/site-packages/airflow/example_dags/example_branch_python_dop_operator_3.py
[2026-08-12T04:38:59.760+0000] {processor.py:925} INFO - DAG(s) 'example_branch_dop_operator_v3' retrieved from /home/airflow/.local/lib/python3.12/site-packages/airflow/example_dags/example_branch_python_dop_operator_3.py
[2026-08-12T04:38:59.788+0000] {logging_mixin.py:190} INFO - [2026-08-12T04:38:59.787+0000] {dag.py:3211} INFO - Sync 1 DAGs
[2026-08-12T04:38:59.823+0000] {logging_mixin.py:190} INFO - [2026-08-12T04:38:59.823+0000] {dag.py:4138} INFO - Setting next_dagrun for example_branch_dop_operator_v3 to 2026-08-12 04:37:00+00:00, run_after=2026-08-12 04:38:00+00:00
[2026-08-12T04:38:59.849+0000] {processor.py:208} INFO - Processing /home/airflow/.local/lib/python3.12/site-packages/airflow/example_dags/example_branch_python_dop_operator_3.py took 0.120 seconds
[2026-08-12T04:39:30.024+0000] {processor.py:186} INFO - Started process (PID=867) to work on /home/airflow/.local/lib/python3.12/site-packages/airflow/example_dags/example_branch_python_dop_operator_3.py
[2026-08-12T04:39:30.026+0000] {processor.py:914} INFO - Processing file /home/airflow/.local/lib/python3.12/site-packages/airflow/example_dags/example_branch_python_dop_operator_3.py for tasks to queue
[2026-08-12T04:39:30.029+0000] {logging_mixin.py:190} INFO - [2026-08-12T04:39:30.028+0000] {dagbag.py:587} INFO - Filling up the DagBag from /home/airflow/.local/lib/python3.12/site-packages/airflow/example_dags/example_branch_python_dop_operator_3.py
[2026-08-12T04:39:30.040+0000] {processor.py:925} INFO - DAG(s) 'example_branch_dop_operator_v3' retrieved from /home/airflow/.local/lib/python3.12/site-packages/airflow/example_dags/example_branch_python_dop_operator_3.py
[2026-08-12T04:39:30.062+0000] {logging_mixin.py:190} INFO - [2026-08-12T04:39:30.062+0000] {dag.py:3211} INFO - Sync 1 DAGs
[2026-08-12T04:39:30.085+0000] {logging_mixin.py:190} INFO - [2026-08-12T04:39:30.085+0000] {dag.py:4138} INFO - Setting next_dagrun for example_branch_dop_operator_v3 to 2026-08-12 04:38:00+00:00, run_after=2026-08-12 04:39:00+00:00
[2026-08-12T04:39:30.130+0000] {processor.py:208} INFO - Processing /home/airflow/.local/lib/python3.12/site-packages/airflow/example_dags/example_branch_python_dop_operator_3.py took 0.114 seconds
[2026-08-12T04:40:00.393+0000] {processor.py:186} INFO - Started process (PID=929) to work on /home/airflow/.local/lib/python3.12/site-packages/airflow/example_dags/example_branch_python_dop_operator_3.py
[2026-08-12T04:40:00.394+0000] {processor.py:914} INFO - Processing file /home/airflow/.local/lib/python3.12/site-packages/airflow/example_dags/example_branch_python_dop_operator_3.py for tasks to queue
[2026-08-12T04:40:00.398+0000] {logging_mixin.py:190} INFO - [2026-08-12T04:40:00.397+0000] {dagbag.py:587} INFO - Filling up the DagBag from /home/airflow/.local/lib/python3.12/site-packages/airflow/example_dags/example_branch_python_dop_operator_3.py
[2026-08-12T04:40:00.409+0000] {processor.py:925} INFO - DAG(s) 'example_branch_dop_operator_v3' retrieved from /home/airflow/.local/lib/python3.12/site-packages/airflow/example_dags/example_branch_python_dop_operator_3.py
[2026-08-12T04:40:00.436+0000] {logging_mixin.py:190} INFO - [2026-08-12T04:40:00.436+0000] {dag.py:3211} INFO - Sync 1 DAGs
[2026-08-12T04:40:00.464+0000] {logging_mixin.py:190} INFO - [2026-08-12T04:40:00.463+0000] {dag.py:4138} INFO - Setting next_dagrun for example_branch_dop_operator_v3 to 2026-08-12 04:39:00+00:00, run_after=2026-08-12 04:40:00+00:00
[2026-08-12T04:40:00.487+0000] {processor.py:208} INFO - Processing /home/airflow/.local/lib/python3.12/site-packages/airflow/example_dags/example_branch_python_dop_operator_3.py took 0.100 seconds
[2026-08-12T04:40:31.020+0000] {processor.py:186} INFO - Started process (PID=991) to work on /home/airflow/.local/lib/python3.12/site-packages/airflow/example_dags/example_branch_python_dop_operator_3.py
[2026-08-12T04:40:31.022+0000] {processor.py:914} INFO - Processing file /home/airflow/.local/lib/python3.12/site-packages/airflow/example_dags/example_branch_python_dop_operator_3.py for tasks to queue
[2026-08-12T04:40:31.025+0000] {logging_mixin.py:190} INFO - [2026-08-12T04:40:31.024+0000] {dagbag.py:587} INFO - Filling up the DagBag from /home/airflow/.local/lib/python3.12/site-packages/airflow/example_dags/example_branch_python_dop_operator_3.py
[2026-08-12T04:40:31.038+0000] {processor.py:925} INFO - DAG(s) 'example_branch_dop_operator_v3' retrieved from /home/airflow/.local/lib/python3.12/site-packages/airflow/example_dags/example_branch_python_dop_operator_3.py
[2026-08-12T04:40:31.060+0000] {logging_mixin.py:190} INFO - [2026-08-12T04:40:31.060+0000] {dag.py:3211} INFO - Sync 1 DAGs
[2026-08-12T04:40:31.085+0000] {logging_mixin.py:190} INFO - [2026-08-12T04:40:31.085+0000] {dag.py:4138} INFO - Setting next_dagrun for example_branch_dop_operator_v3 to 2026-08-12 04:39:00+00:00, run_after=2026-08-12 04:40:00+00:00
[2026-08-12T04:40:31.110+0000] {processor.py:208} INFO - Processing /home/airflow/.local/lib/python3.12/site-packages/airflow/example_dags/example_branch_python_dop_operator_3.py took 0.095 seconds
[2026-08-12T04:41:01.687+0000] {processor.py:186} INFO - Started process (PID=1053) to work on /home/airflow/.local/lib/python3.12/site-packages/airflow/example_dags/example_branch_python_dop_operator_3.py
[2026-08-12T04:41:01.688+0000] {processor.py:914} INFO - Processing file /home/airflow/.local/lib/python3.12/site-packages/airflow/example_dags/example_branch_python_dop_operator_3.py for tasks to queue
[2026-08-12T04:41:01.692+0000] {logging_mixin.py:190} INFO - [2026-08-12T04:41:01.691+0000] {dagbag.py:587} INFO - Filling up the DagBag from /home/airflow/.local/lib/python3.12/site-packages/airflow/example_dags/example_branch_python_dop_operator_3.py
[2026-08-12T04:41:01.702+0000] {processor.py:925} INFO - DAG(s) 'example_branch_dop_operator_v3' retrieved from /home/airflow/.local/lib/python3.12/site-packages/airflow/example_dags/example_branch_python_dop_operator_3.py
[2026-08-12T04:41:01.722+0000] {logging_mixin.py:190} INFO - [2026-08-12T04:41:01.722+0000] {dag.py:3211} INFO - Sync 1 DAGs
[2026-08-12T04:41:01.747+0000] {logging_mixin.py:190} INFO - [2026-08-12T04:41:01.747+0000] {dag.py:4138} INFO - Setting next_dagrun for example_branch_dop_operator_v3 to 2026-08-12 04:40:00+00:00, run_after=2026-08-12 04:41:00+00:00
[2026-08-12T04:41:01.790+0000] {processor.py:208} INFO - Processing /home/airflow/.local/lib/python3.12/site-packages/airflow/example_dags/example_branch_python_dop_operator_3.py took 0.109 seconds
[2026-08-12T04:41:32.267+0000] {processor.py:186} INFO - Started process (PID=1115) to work on /home/airflow/.local/lib/python3.12/site-packages/airflow/example_dags/example_branch_python_dop_operator_3.py
[2026-08-12T04:41:32.269+0000] {processor.py:914} INFO - Processing file /home/airflow/.local/lib/python3.12/site-packages/airflow/example_dags/example_branch_python_dop_operator_3.py for tasks to queue
[2026-08-12T04:41:32.272+0000] {logging_mixin.py:190} INFO - [2026-08-12T04:41:32.272+0000] {dagbag.py:587} INFO - Filling up the DagBag from /home/airflow/.local/lib/python3.12/site-packages/airflow/example_dags/example_branch_python_dop_operator_3.py
[2026-08-12T04:41:32.283+0000] {processor.py:925} INFO - DAG(s) 'example_branch_dop_operator_v3' retrieved from /home/airflow/.local/lib/python3.12/site-packages/airflow/example_dags/example_branch_python_dop_operator_3.py
[2026-08-12T04:41:32.305+0000] {logging_mixin.py:190} INFO - [2026-08-12T04:41:32.305+0000] {dag.py:3211} INFO - Sync 1 DAGs
[2026-08-12T04:41:32.335+0000] {logging_mixin.py:190} INFO - [2026-08-12T04:41:32.335+0000] {dag.py:4138} INFO - Setting next_dagrun for example_branch_dop_operator_v3 to 2026-08-12 04:40:00+00:00, run_after=2026-08-12 04:41:00+00:00
[2026-08-12T04:41:32.356+0000] {processor.py:208} INFO - Processing /home/airflow/.local/lib/python3.12/site-packages/airflow/example_dags/example_branch_python_dop_operator_3.py took 0.096 seconds
[2026-08-12T04:42:02.825+0000] {processor.py:186} INFO - Started process (PID=1177) to work on /home/airflow/.local/lib/python3.12/site-packages/airflow/example_dags/example_branch_python_dop_operator_3.py
[2026-08-12T04:42:02.827+0000] {processor.py:914} INFO - Processing file /home/airflow/.local/lib/python3.12/site-packages/airflow/example_dags/example_branch_python_dop_operator_3.py for tasks to queue
[2026-08-12T04:42:02.829+0000] {logging_mixin.py:190} INFO - [2026-08-12T04:42:02.829+0000] {dagbag.py:587} INFO - Filling up the DagBag from /home/airflow/.local/lib/python3.12/site-packages/airflow/example_dags/example_branch_python_dop_operator_3.py
[2026-08-12T04:42:02.839+0000] {processor.py:925} INFO - DAG(s) 'example_branch_dop_operator_v3' retrieved from /home/airflow/.local/lib/python3.12/site-packages/airflow/example_dags/example_branch_python_dop_operator_3.py
[2026-08-12T04:42:02.860+0000] {logging_mixin.py:190} INFO - [2026-08-12T04:42:02.860+0000] {dag.py:3211} INFO - Sync 1 DAGs
[2026-08-12T04:42:02.885+0000] {logging_mixin.py:190} INFO - [2026-08-12T04:42:02.885+0000] {dag.py:4138} INFO - Setting next_dagrun for example_branch_dop_operator_v3 to 2026-08-12 04:41:00+00:00, run_after=2026-08-12 04:42:00+00:00
[2026-08-12T04:42:02.915+0000] {processor.py:208} INFO - Processing /home/airflow/.local/lib/python3.12/site-packages/airflow/example_dags/example_branch_python_dop_operator_3.py took 0.096 seconds
[2026-08-12T04:42:33.695+0000] {processor.py:186} INFO - Started process (PID=1239) to work on /home/airflow/.local/lib/python3.12/site-packages/airflow/example_dags/example_branch_python_dop_operator_3.py
[2026-08-12T04:42:33.697+0000] {processor.py:914} INFO - Processing file /home/airflow/.local/lib/python3.12/site-packages/airflow/example_dags/example_branch_python_dop_operator_3.py for tasks to queue
[2026-08-12T04:42:33.701+0000] {logging_mixin.py:190} INFO - [2026-08-12T04:42:33.701+0000] {dagbag.py:587} INFO - Filling up the DagBag from /home/airflow/.local/lib/python3.12/site-packages/airflow/example_dags/example_branch_python_dop_operator_3.py
[2026-08-12T04:42:33.714+0000] {processor.py:925} INFO - DAG(s) 'example_branch_dop_operator_v3' retrieved from /home/airflow/.local/lib/python3.12/site-packages/airflow/example_dags/example_branch_python_dop_operator_3.py
[2026-08-12T04:42:33.742+0000] {logging_mixin.py:190} INFO - [2026-08-12T04:42:33.742+0000] {dag.py:3211} INFO - Sync 1 DAGs
[2026-08-12T04:42:33.780+0000] {logging_mixin.py:190} INFO - [2026-08-12T04:42:33.780+0000] {dag.py:4138} INFO - Setting next_dagrun for example_branch_dop_operator_v3 to 2026-08-12 04:41:00+00:00, run_after=2026-08-12 04:42:00+00:00
[2026-08-12T04:42:33.801+0000] {processor.py:208} INFO - Processing /home/airflow/.local/lib/python3.12/site-packages/airflow/example_dags/example_branch_python_dop_operator_3.py took 0.114 seconds
[2026-08-12T04:43:04.275+0000] {processor.py:186} INFO - Started process (PID=1301) to work on /home/airflow/.local/lib/python3.12/site-packages/airflow/example_dags/example_branch_python_dop_operator_3.py
[2026-08-12T04:43:04.277+0000] {processor.py:914} INFO - Processing file /home/airflow/.local/lib/python3.12/site-packages/airflow/example_dags/example_branch_python_dop_operator_3.py for tasks to queue
[2026-08-12T04:43:04.280+0000] {logging_mixin.py:190} INFO - [2026-08-12T04:43:04.280+0000] {dagbag.py:587} INFO - Filling up the DagBag from /home/airflow/.local/lib/python3.12/site-packages/airflow/example_dags/example_branch_python_dop_operator_3.py
[2026-08-12T04:43:04.292+0000] {processor.py:925} INFO - DAG(s) 'example_branch_dop_operator_v3' retrieved from /home/airflow/.local/lib/python3.12/site-packages/airflow/example_dags/example_branch_python_dop_operator_3.py
[2026-08-12T04:43:04.316+0000] {logging_mixin.py:190} INFO - [2026-08-12T04:43:04.316+0000] {dag.py:3211} INFO - Sync 1 DAGs
[2026-08-12T04:43:04.345+0000] {logging_mixin.py:190} INFO - [2026-08-12T04:43:04.345+0000] {dag.py:4138} INFO - Setting next_dagrun for example_branch_dop_operator_v3 to 2026-08-12 04:42:00+00:00, run_after=2026-08-12 04:43:00+00:00
[2026-08-12T04:43:04.374+0000] {processor.py:208} INFO - Processing /home/airflow/.local/lib/python3.12/site-packages/airflow/example_dags/example_branch_python_dop_operator_3.py took 0.105 seconds
[2026-08-12T04:43:34.924+0000] {processor.py:186} INFO - Started process (PID=1363) to work on /home/airflow/.local/lib/python3.12/site-packages/airflow/example_dags/example_branch_python_dop_operator_3.py
[2026-08-12T04:43:34.926+0000] {processor.py:914} INFO - Processing file /home/airflow/.local/lib/python3.12/site-packages/airflow/example_dags/example_branch_python_dop_operator_3.py for tasks to queue
[2026-08-12T04:43:34.929+0000] {logging_mixin.py:190} INFO - [2026-08-12T04:43:34.929+0000] {dagbag.py:587} INFO - Filling up the DagBag from /home/airflow/.local/lib/python3.12/site-packages/airflow/example_dags/example_branch_python_dop_operator_3.py
[2026-08-12T04:43:34.942+0000] {processor.py:925} INFO - DAG(s) 'example_branch_dop_operator_v3' retrieved from /home/airflow/.local/lib/python3.12/site-packages/airflow/example_dags/example_branch_python_dop_operator_3.py
[2026-08-12T04:43:34.969+0000] {logging_mixin.py:190} INFO - [2026-08-12T04:43:34.969+0000] {dag.py:3211} INFO - Sync 1 DAGs
[2026-08-12T04:43:35.001+0000] {logging_mixin.py:190} INFO - [2026-08-12T04:43:35.001+0000] {dag.py:4138} INFO - Setting next_dagrun for example_branch_dop_operator_v3 to 2026-08-12 04:42:00+00:00, run_after=2026-08-12 04:43:00+00:00
[2026-08-12T04:43:35.047+0000] {processor.py:208} INFO - Processing /home/airflow/.local/lib/python3.12/site-packages/airflow/example_dags/example_branch_python_dop_operator_3.py took 0.130 seconds
[2026-08-12T04:44:05.174+0000] {processor.py:186} INFO - Started process (PID=1425) to work on /home/airflow/.local/lib/python3.12/site-packages/airflow/example_dags/example_branch_python_dop_operator_3.py
[2026-08-12T04:44:05.176+0000] {processor.py:914} INFO - Processing file /home/airflow/.local/lib/python3.12/site-packages/airflow/example_dags/example_branch_python_dop_operator_3.py for tasks to queue
[2026-08-12T04:44:05.180+0000] {logging_mixin.py:190} INFO - [2026-08-12T04:44:05.180+0000] {dagbag.py:587} INFO - Filling up the DagBag from /home/airflow/.local/lib/python3.12/site-packages/airflow/example_dags/example_branch_python_dop_operator_3.py
[2026-08-12T04:44:05.194+0000] {processor.py:925} INFO - DAG(s) 'example_branch_dop_operator_v3' retrieved from /home/airflow/.local/lib/python3.12/site-packages/airflow/example_dags/example_branch_python_dop_operator_3.py
[2026-08-12T04:44:05.218+0000] {logging_mixin.py:190} INFO - [2026-08-12T04:44:05.218+0000] {dag.py:3211} INFO - Sync 1 DAGs
[2026-08-12T04:44:05.259+0000] {logging_mixin.py:190} INFO - [2026-08-12T04:44:05.259+0000] {dag.py:4138} INFO - Setting next_dagrun for example_branch_dop_operator_v3 to 2026-08-12 04:43:00+00:00, run_after=2026-08-12 04:44:00+00:00
[2026-08-12T04:44:05.294+0000] {processor.py:208} INFO - Processing /home/airflow/.local/lib/python3.12/site-packages/airflow/example_dags/example_branch_python_dop_operator_3.py took 0.127 seconds
[2026-08-12T04:44:35.834+0000] {processor.py:186} INFO - Started process (PID=1487) to work on /home/airflow/.local/lib/python3.12/site-packages/airflow/example_dags/example_branch_python_dop_operator_3.py
[2026-08-12T04:44:35.836+0000] {processor.py:914} INFO - Processing file /home/airflow/.local/lib/python3.12/site-packages/airflow/example_dags/example_branch_python_dop_operator_3.py for tasks to queue
[2026-08-12T04:44:35.839+0000] {logging_mixin.py:190} INFO - [2026-08-12T04:44:35.839+0000] {dagbag.py:587} INFO - Filling up the DagBag from /home/airflow/.local/lib/python3.12/site-packages/airflow/example_dags/example_branch_python_dop_operator_3.py
[2026-08-12T04:44:35.853+0000] {processor.py:925} INFO - DAG(s) 'example_branch_dop_operator_v3' retrieved from /home/airflow/.local/lib/python3.12/site-packages/airflow/example_dags/example_branch_python_dop_operator_3.py
[2026-08-12T04:44:35.876+0000] {logging_mixin.py:190} INFO - [2026-08-12T04:44:35.876+0000] {dag.py:3211} INFO - Sync 1 DAGs
[2026-08-12T04:44:35.901+0000] {logging_mixin.py:190} INFO - [2026-08-12T04:44:35.901+0000] {dag.py:4138} INFO - Setting next_dagrun for example_branch_dop_operator_v3 to 2026-08-12 04:43:00+00:00, run_after=2026-08-12 04:44:00+00:00
[2026-08-12T04:44:35.926+0000] {processor.py:208} INFO - Processing /home/airflow/.local/lib/python3.12/site-packages/airflow/example_dags/example_branch_python_dop_operator_3.py took 0.098 seconds
[2026-08-12T04:45:06.322+0000] {processor.py:186} INFO - Started process (PID=1549) to work on /home/airflow/.local/lib/python3.12/site-packages/airflow/example_dags/example_branch_python_dop_operator_3.py
[2026-08-12T04:45:06.324+0000] {processor.py:914} INFO - Processing file /home/airflow/.local/lib/python3.12/site-packages/airflow/example_dags/example_branch_python_dop_operator_3.py for tasks to queue
[2026-08-12T04:45:06.326+0000] {logging_mixin.py:190} INFO - [2026-08-12T04:45:06.326+0000] {dagbag.py:587} INFO - Filling up the DagBag from /home/airflow/.local/lib/python3.12/site-packages/airflow/example_dags/example_branch_python_dop_operator_3.py
[2026-08-12T04:45:06.336+0000] {processor.py:925} INFO - DAG(s) 'example_branch_dop_operator_v3' retrieved from /home/airflow/.local/lib/python3.12/site-packages/airflow/example_dags/example_branch_python_dop_operator_3.py
[2026-08-12T04:45:06.356+0000] {logging_mixin.py:190} INFO - [2026-08-12T04:45:06.356+0000] {dag.py:3211} INFO - Sync 1 DAGs
[2026-08-12T04:45:06.380+0000] {logging_mixin.py:190} INFO - [2026-08-12T04:45:06.380+0000] {dag.py:4138} INFO - Setting next_dagrun for example_branch_dop_operator_v3 to 2026-08-12 04:44:00+00:00, run_after=2026-08-12 04:45:00+00:00
[2026-08-12T04:45:06.407+0000] {processor.py:208} INFO - Processing /home/airflow/.local/lib/python3.12/site-packages/airflow/example_dags/example_branch_python_dop_operator_3.py took 0.090 seconds
[2026-08-12T04:45:37.232+0000] {processor.py:186} INFO - Started process (PID=1611) to work on /home/airflow/.local/lib/python3.12/site-packages/airflow/example_dags/example_branch_python_dop_operator_3.py
[2026-08-12T04:45:37.234+0000] {processor.py:914} INFO - Processing file /home/airflow/.local/lib/python3.12/site-packages/airflow/example_dags/example_branch_python_dop_operator_3.py for tasks to queue
[2026-08-12T04:45:37.237+0000] {logging_mixin.py:190} INFO - [2026-08-12T04:45:37.237+0000] {dagbag.py:587} INFO - Filling up the DagBag from /home/airflow/.local/lib/python3.12/site-packages/airflow/example_dags/example_branch_python_dop_operator_3.py
[2026-08-12T04:45:37.247+0000] {processor.py:925} INFO - DAG(s) 'example_branch_dop_operator_v3' retrieved from /home/airflow/.local/lib/python3.12/site-packages/airflow/example_dags/example_branch_python_dop_operator_3.py
[2026-08-12T04:45:37.270+0000] {logging_mixin.py:190} INFO - [2026-08-12T04:45:37.270+0000] {dag.py:3211} INFO - Sync 1 DAGs
[2026-08-12T04:45:37.311+0000] {logging_mixin.py:190} INFO - [2026-08-12T04:45:37.311+0000] {dag.py:4138} INFO - Setting next_dagrun for example_branch_dop_operator_v3 to 2026-08-12 04:44:00+00:00, run_after=2026-08-12 04:45:00+00:00
[2026-08-12T04:45:37.353+0000] {processor.py:208} INFO - Processing /home/airflow/.local/lib/python3.12/site-packages/airflow/example_dags/example_branch_python_dop_operator_3.py took 0.126 seconds
[2026-08-12T04:46:07.622+0000] {processor.py:186} INFO - Started process (PID=1673) to work on /home/airflow/.local/lib/python3.12/site-packages/airflow/example_dags/example_branch_python_dop_operator_3.py
[2026-08-12T04:46:07.623+0000] {processor.py:914} INFO - Processing file /home/airflow/.local/lib/python3.12/site-packages/airflow/example_dags/example_branch_python_dop_operator_3.py for tasks to queue
[2026-08-12T04:46:07.626+0000] {logging_mixin.py:190} INFO - [2026-08-12T04:46:07.625+0000] {dagbag.py:587} INFO - Filling up the DagBag from /home/airflow/.local/lib/python3.12/site-packages/airflow/example_dags/example_branch_python_dop_operator_3.py
[2026-08-12T04:46:07.635+0000] {processor.py:925} INFO - DAG(s) 'example_branch_dop_operator_v3' retrieved from /home/airflow/.local/lib/python3.12/site-packages/airflow/example_dags/example_branch_python_dop_operator_3.py
[2026-08-12T04:46:07.657+0000] {logging_mixin.py:190} INFO - [2026-08-12T04:46:07.656+0000] {dag.py:3211} INFO - Sync 1 DAGs
[2026-08-12T04:46:07.683+0000] {logging_mixin.py:190} INFO - [2026-08-12T04:46:07.682+0000] {dag.py:4138} INFO - Setting next_dagrun for example_branch_dop_operator_v3 to 2026-08-12 04:45:00+00:00, run_after=2026-08-12 04:46:00+00:00
[2026-08-12T04:46:07.708+0000] {processor.py:208} INFO - Processing /home/airflow/.local/lib/python3.12/site-packages/airflow/example_dags/example_branch_python_dop_operator_3.py took 0.092 seconds
[2026-08-12T04:46:38.106+0000] {processor.py:186} INFO - Started process (PID=1735) to work on /home/airflow/.local/lib/python3.12/site-packages/airflow/example_dags/example_branch_python_dop_operator_3.py
[2026-08-12T04:46:38.108+0000] {processor.py:914} INFO - Processing file /home/airflow/.local/lib/python3.12/site-packages/airflow/example_dags/example_branch_python_dop_operator_3.py for tasks to queue
[2026-08-12T04:46:38.111+0000] {logging_mixin.py:190} INFO - [2026-08-12T04:46:38.111+0000] {dagbag.py:587} INFO - Filling up the DagBag from /home/airflow/.local/lib/python3.12/site-packages/airflow/example_dags/example_branch_python_dop_operator_3.py
[2026-08-12T04:46:38.122+0000] {processor.py:925} INFO - DAG(s) 'example_branch_dop_operator_v3' retrieved from /home/airflow/.local/lib/python3.12/site-packages/airflow/example_dags/example_branch_python_dop_operator_3.py
[2026-08-12T04:46:38.151+0000] {logging_mixin.py:190} INFO - [2026-08-12T04:46:38.150+0000] {dag.py:3211} INFO - Sync 1 DAGs
[2026-08-12T04:46:38.193+0000] {logging_mixin.py:190} INFO - [2026-08-12T04:46:38.192+0000] {dag.py:4138} INFO - Setting next_dagrun for example_branch_dop_operator_v3 to 2026-08-12 04:45:00+00:00, run_after=2026-08-12 04:46:00+00:00
[2026-08-12T04:46:38.222+0000] {processor.py:208} INFO - Processing /home/airflow/.local/lib/python3.12/site-packages/airflow/example_dags/example_branch_python_dop_operator_3.py took 0.122 seconds
[2026-08-12T04:47:08.625+0000] {processor.py:186} INFO - Started process (PID=1797) to work on /home/airflow/.local/lib/python3.12/site-packages/airflow/example_dags/example_branch_python_dop_operator_3.py
[2026-08-12T04:47:08.627+0000] {processor.py:914} INFO - Processing file /home/airflow/.local/lib/python3.12/site-packages/airflow/example_dags/example_branch_python_dop_operator_3.py for tasks to queue
[2026-08-12T04:47:08.631+0000] {logging_mixin.py:190} INFO - [2026-08-12T04:47:08.630+0000] {dagbag.py:587} INFO - Filling up the DagBag from /home/airflow/.local/lib/python3.12/site-packages/airflow/example_dags/example_branch_python_dop_operator_3.py
[2026-08-12T04:47:08.657+0000] {processor.py:925} INFO - DAG(s) 'example_branch_dop_operator_v3' retrieved from /home/airflow/.local/lib/python3.12/site-packages/airflow/example_dags/example_branch_python_dop_operator_3.py
[2026-08-12T04:47:08.686+0000] {logging_mixin.py:190} INFO - [2026-08-12T04:47:08.686+0000] {dag.py:3211} INFO - Sync 1 DAGs
[2026-08-12T04:47:08.730+0000] {logging_mixin.py:190} INFO - [2026-08-12T04:47:08.730+0000] {dag.py:4138} INFO - Setting next_dagrun for example_branch_dop_operator_v3 to 2026-08-12 04:46:00+00:00, run_after=2026-08-12 04:47:00+00:00
[2026-08-12T04:47:08.759+0000] {processor.py:208} INFO - Processing /home/airflow/.local/lib/python3.12/site-packages/airflow/example_dags/example_branch_python_dop_operator_3.py took 0.140 seconds
[2026-08-12T04:47:38.978+0000] {processor.py:186} INFO - Started process (PID=1859) to work on /home/airflow/.local/lib/python3.12/site-packages/airflow/example_dags/example_branch_python_dop_operator_3.py
[2026-08-12T04:47:38.980+0000] {processor.py:914} INFO - Processing file /home/airflow/.local/lib/python3.12/site-packages/airflow/example_dags/example_branch_python_dop_operator_3.py for tasks to queue
[2026-08-12T04:47:38.984+0000] {logging_mixin.py:190} INFO - [2026-08-12T04:47:38.984+0000] {dagbag.py:587} INFO - Filling up the DagBag from /home/airflow/.local/lib/python3.12/site-packages/airflow/example_dags/example_branch_python_dop_operator_3.py
[2026-08-12T04:47:38.998+0000] {processor.py:925} INFO - DAG(s) 'example_branch_dop_operator_v3' retrieved from /home/airflow/.local/lib/python3.12/site-packages/airflow/example_dags/example_branch_python_dop_operator_3.py
[2026-08-12T04:47:39.046+0000] {logging_mixin.py:190} INFO - [2026-08-12T04:47:39.046+0000] {dag.py:3211} INFO - Sync 1 DAGs
[2026-08-12T04:47:39.076+0000] {logging_mixin.py:190} INFO - [2026-08-12T04:47:39.076+0000] {dag.py:4138} INFO - Setting next_dagrun for example_branch_dop_operator_v3 to 2026-08-12 04:46:00+00:00, run_after=2026-08-12 04:47:00+00:00
[2026-08-12T04:47:39.108+0000] {processor.py:208} INFO - Processing /home/airflow/.local/lib/python3.12/site-packages/airflow/example_dags/example_branch_python_dop_operator_3.py took 0.136 seconds
[2026-08-12T04:48:09.640+0000] {processor.py:186} INFO - Started process (PID=1921) to work on /home/airflow/.local/lib/python3.12/site-packages/airflow/example_dags/example_branch_python_dop_operator_3.py
[2026-08-12T04:48:09.642+0000] {processor.py:914} INFO - Processing file /home/airflow/.local/lib/python3.12/site-packages/airflow/example_dags/example_branch_python_dop_operator_3.py for tasks to queue
[2026-08-12T04:48:09.647+0000] {logging_mixin.py:190} INFO - [2026-08-12T04:48:09.646+0000] {dagbag.py:587} INFO - Filling up the DagBag from /home/airflow/.local/lib/python3.12/site-packages/airflow/example_dags/example_branch_python_dop_operator_3.py
[2026-08-12T04:48:09.659+0000] {processor.py:925} INFO - DAG(s) 'example_branch_dop_operator_v3' retrieved from /home/airflow/.local/lib/python3.12/site-packages/airflow/example_dags/example_branch_python_dop_operator_3.py
[2026-08-12T04:48:09.701+0000] {logging_mixin.py:190} INFO - [2026-08-12T04:48:09.700+0000] {dag.py:3211} INFO - Sync 1 DAGs
[2026-08-12T04:48:09.746+0000] {logging_mixin.py:190} INFO - [2026-08-12T04:48:09.746+0000] {dag.py:4138} INFO - Setting next_dagrun for example_branch_dop_operator_v3 to 2026-08-12 04:47:00+00:00, run_after=2026-08-12 04:48:00+00:00
[2026-08-12T04:48:09.781+0000] {processor.py:208} INFO - Processing /home/airflow/.local/lib/python3.12/site-packages/airflow/example_dags/example_branch_python_dop_operator_3.py took 0.150 seconds
[2026-08-12T04:48:40.232+0000] {processor.py:186} INFO - Started process (PID=1983) to work on /home/airflow/.local/lib/python3.12/site-packages/airflow/example_dags/example_branch_python_dop_operator_3.py
[2026-08-12T04:48:40.234+0000] {processor.py:914} INFO - Processing file /home/airflow/.local/lib/python3.12/site-packages/airflow/example_dags/example_branch_python_dop_operator_3.py for tasks to queue
[2026-08-12T04:48:40.238+0000] {logging_mixin.py:190} INFO - [2026-08-12T04:48:40.237+0000] {dagbag.py:587} INFO - Filling up the DagBag from /home/airflow/.local/lib/python3.12/site-packages/airflow/example_dags/example_branch_python_dop_operator_3.py
[2026-08-12T04:48:40.248+0000] {processor.py:925} INFO - DAG(s) 'example_branch_dop_operator_v3' retrieved from /home/airflow/.local/lib/python3.12/site-packages/airflow/example_dags/example_branch_python_dop_operator_3.py
[2026-08-12T04:48:40.270+0000] {logging_mixin.py:190} INFO - [2026-08-12T04:48:40.269+0000] {dag.py:3211} INFO - Sync 1 DAGs
[2026-08-12T04:48:40.295+0000] {logging_mixin.py:190} INFO - [2026-08-12T04:48:40.295+0000] {dag.py:4138} INFO - Setting next_dagrun for example_branch_dop_operator_v3 to 2026-08-12 04:47:00+00:00, run_after=2026-08-12 04:48:00+00:00
[2026-08-12T04:48:40.339+0000] {processor.py:208} INFO - Processing /home/airflow/.local/lib/python3.12/site-packages/airflow/example_dags/example_branch_python_dop_operator_3.py took 0.114 seconds
[2026-08-12T04:49:10.747+0000] {processor.py:186} INFO - Started process (PID=2045) to work on /home/airflow/.local/lib/python3.12/site-packages/airflow/example_dags/example_branch_python_dop_operator_3.py
[2026-08-12T04:49:10.749+0000] {processor.py:914} INFO - Processing file /home/airflow/.local/lib/python3.12/site-packages/airflow/example_dags/example_branch_python_dop_operator_3.py for tasks to queue
[2026-08-12T04:49:10.752+0000] {logging_mixin.py:190} INFO - [2026-08-12T04:49:10.751+0000] {dagbag.py:587} INFO - Filling up the DagBag from /home/airflow/.local/lib/python3.12/site-packages/airflow/example_dags/example_branch_python_dop_operator_3.py
[2026-08-12T04:49:10.761+0000] {processor.py:925} INFO - DAG(s) 'example_branch_dop_operator_v3' retrieved from /home/airflow/.local/lib/python3.12/site-packages/airflow/example_dags/example_branch_python_dop_operator_3.py
[2026-08-12T04:49:10.788+0000] {logging_mixin.py:190} INFO - [2026-08-12T04:49:10.788+0000] {dag.py:3211} INFO - Sync 1 DAGs
[2026-08-12T04:49:10.816+0000] {logging_mixin.py:190} INFO - [2026-08-12T04:49:10.816+0000] {dag.py:4138} INFO - Setting next_dagrun for example_branch_dop_operator_v3 to 2026-08-12 04:48:00+00:00, run_after=2026-08-12 04:49:00+00:00
[2026-08-12T04:49:10.845+0000] {processor.py:208} INFO - Processing /home/airflow/.local/lib/python3.12/site-packages/airflow/example_dags/example_branch_python_dop_operator_3.py took 0.105 seconds
[2026-08-12T04:49:41.099+0000] {processor.py:186} INFO - Started process (PID=2107) to work on /home/airflow/.local/lib/python3.12/site-packages/airflow/example_dags/example_branch_python_dop_operator_3.py
[2026-08-12T04:49:41.101+0000] {processor.py:914} INFO - Processing file /home/airflow/.local/lib/python3.12/site-packages/airflow/example_dags/example_branch_python_dop_operator_3.py for tasks to queue
[2026-08-12T04:49:41.105+0000] {logging_mixin.py:190} INFO - [2026-08-12T04:49:41.105+0000] {dagbag.py:587} INFO - Filling up the DagBag from /home/airflow/.local/lib/python3.12/site-packages/airflow/example_dags/example_branch_python_dop_operator_3.py
[2026-08-12T04:49:41.123+0000] {processor.py:925} INFO - DAG(s) 'example_branch_dop_operator_v3' retrieved from /home/airflow/.local/lib/python3.12/site-packages/airflow/example_dags/example_branch_python_dop_operator_3.py
[2026-08-12T04:49:41.145+0000] {logging_mixin.py:190} INFO - [2026-08-12T04:49:41.145+0000] {dag.py:3211} INFO - Sync 1 DAGs
[2026-08-12T04:49:41.172+0000] {logging_mixin.py:190} INFO - [2026-08-12T04:49:41.172+0000] {dag.py:4138} INFO - Setting next_dagrun for example_branch_dop_operator_v3 to 2026-08-12 04:48:00+00:00, run_after=2026-08-12 04:49:00+00:00
[2026-08-12T04:49:41.200+0000] {processor.py:208} INFO - Processing /home/airflow/.local/lib/python3.12/site-packages/airflow/example_dags/example_branch_python_dop_operator_3.py took 0.111 seconds
