[2026-08-12T04:30:30.399+0000] {processor.py:186} INFO - Started process (PID=62) to work on /home/airflow/.local/lib/python3.12/site-packages/airflow/example_dags/example_latest_only_with_trigger.py
[2026-08-12T04:30:30.402+0000] {processor.py:914} INFO - Processing file /home/airflow/.local/lib/python3.12/site-packages/airflow/example_dags/example_latest_only_with_trigger.py for tasks to queue
[2026-08-12T04:30:30.409+0000] {logging_mixin.py:190} INFO - [2026-08-12T04:30:30.408+0000] {dagbag.py:587} INFO - Filling up the DagBag from /home/airflow/.local/lib/python3.12/site-packages/airflow/example_dags/example_latest_only_with_trigger.py
[2026-08-12T04:30:30.431+0000] {processor.py:925} INFO - DAG(s) 'latest_only_with_trigger' retrieved from /home/airflow/.local/lib/python3.12/site-packages/airflow/example_dags/example_latest_only_with_trigger.py
[2026-08-12T04:30:30.947+0000] {logging_mixin.py:190} INFO - [2026-08-12T04:30:30.946+0000] {override.py:1858} INFO - Created Permission View: can edit on DAG:latest_only_with_trigger
[2026-08-12T04:30:30.969+0000] {logging_mixin.py:190} INFO - [2026-08-12T04:30:30.968+0000] {override.py:1858} INFO - Created Permission View: can delete on DAG:latest_only_with_trigger
[2026-08-12T04:30:30.981+0000] {logging_mixin.py:190} INFO - [2026-08-12T04:30:30.981+0000] {override.py:1858} INFO - Created Permission View: can read on DAG:latest_only_with_trigger
[2026-08-12T04:30:30.984+0000] {logging_mixin.py:190} INFO - [2026-08-12T04:30:30.983+0000] {dag.py:3211} INFO - Sync 1 DAGs
[2026-08-12T04:30:31.016+0000] {logging_mixin.py:190} INFO - [2026-08-12T04:30:31.016+0000] {dag.py:3234} INFO - Creating ORM DAG for latest_only_with_trigger
[2026-08-12T04:30:31.034+0000] {logging_mixin.py:190} INFO - [2026-08-12T04:30:31.033+0000] {dag.py:4138} INFO - Setting next_dagrun for latest_only_with_trigger to 2026-08-12 00:00:00+00:00, run_after=2026-08-12 04:00:00+00:00
[2026-08-12T04:30:31.067+0000] {processor.py:208} INFO - Processing /home/airflow/.local/lib/python3.12/site-packages/airflow/example_dags/example_latest_only_with_trigger.py took 0.681 seconds
[2026-08-12T04:31:01.797+0000] {processor.py:186} INFO - Started process (PID=124) to work on /home/airflow/.local/lib/python3.12/site-packages/airflow/example_dags/example_latest_only_with_trigger.py
[2026-08-12T04:31:01.799+0000] {processor.py:914} INFO - Processing file /home/airflow/.local/lib/python3.12/site-packages/airflow/example_dags/example_latest_only_with_trigger.py for tasks to queue
[2026-08-12T04:31:01.802+0000] {logging_mixin.py:190} INFO - [2026-08-12T04:31:01.802+0000] {dagbag.py:587} INFO - Filling up the DagBag from /home/airflow/.local/lib/python3.12/site-packages/airflow/example_dags/example_latest_only_with_trigger.py
[2026-08-12T04:31:01.813+0000] {processor.py:925} INFO - DAG(s) 'latest_only_with_trigger' retrieved from /home/airflow/.local/lib/python3.12/site-packages/airflow/example_dags/example_latest_only_with_trigger.py
[2026-08-12T04:31:01.835+0000] {logging_mixin.py:190} INFO - [2026-08-12T04:31:01.834+0000] {dag.py:3211} INFO - Sync 1 DAGs
[2026-08-12T04:31:01.880+0000] {logging_mixin.py:190} INFO - [2026-08-12T04:31:01.880+0000] {dag.py:4138} INFO - Setting next_dagrun for latest_only_with_trigger to 2026-08-12 00:00:00+00:00, run_after=2026-08-12 04:00:00+00:00
[2026-08-12T04:31:01.913+0000] {processor.py:208} INFO - Processing /home/airflow/.local/lib/python3.12/site-packages/airflow/example_dags/example_latest_only_with_trigger.py took 0.122 seconds
[2026-08-12T04:31:32.548+0000] {processor.py:186} INFO - Started process (PID=186) to work on /home/airflow/.local/lib/python3.12/site-packages/airflow/example_dags/example_latest_only_with_trigger.py
[2026-08-12T04:31:32.550+0000] {processor.py:914} INFO - Processing file /home/airflow/.local/lib/python3.12/site-packages/airflow/example_dags/example_latest_only_with_trigger.py for tasks to queue
[2026-08-12T04:31:32.560+0000] {logging_mixin.py:190} INFO - [2026-08-12T04:31:32.559+0000] {dagbag.py:587} INFO - Filling up the DagBag from /home/airflow/.local/lib/python3.12/site-packages/airflow/example_dags/example_latest_only_with_trigger.py
[2026-08-12T04:31:32.576+0000] {processor.py:925} INFO - DAG(s) 'latest_only_with_trigger' retrieved from /home/airflow/.local/lib/python3.12/site-packages/airflow/example_dags/example_latest_only_with_trigger.py
[2026-08-12T04:31:32.611+0000] {logging_mixin.py:190} INFO - [2026-08-12T04:31:32.611+0000] {dag.py:3211} INFO - Sync 1 DAGs
[2026-08-12T04:31:32.653+0000] {logging_mixin.py:190} INFO - [2026-08-12T04:31:32.653+0000] {dag.py:4138} INFO - Setting next_dagrun for latest_only_with_trigger to 2026-08-12 00:00:00+00:00, run_after=2026-08-12 04:00:00+00:00
[2026-08-12T04:31:32.682+0000] {processor.py:208} INFO - Processing /home/airflow/.local/lib/python3.12/site-packages/airflow/example_dags/example_latest_only_with_trigger.py took 0.145 seconds
[2026-08-12T04:32:03.265+0000] {processor.py:186} INFO - Started process (PID=255) to work on /home/airflow/.local/lib/python3.12/site-packages/airflow/example_dags/example_latest_only_with_trigger.py
[2026-08-12T04:32:03.267+0000] {processor.py:914} INFO - Processing file /home/airflow/.local/lib/python3.12/site-packages/airflow/example_dags/example_latest_only_with_trigger.py for tasks to queue
[2026-08-12T04:32:03.271+0000] {logging_mixin.py:190} INFO - [2026-08-12T04:32:03.271+0000] {dagbag.py:587} INFO - Filling up the DagBag from /home/airflow/.local/lib/python3.12/site-packages/airflow/example_dags/example_latest_only_with_trigger.py
[2026-08-12T04:32:03.280+0000] {processor.py:925} INFO - DAG(s) 'latest_only_with_trigger' retrieved from /home/airflow/.local/lib/python3.12/site-packages/airflow/example_dags/example_latest_only_with_trigger.py
[2026-08-12T04:32:03.306+0000] {logging_mixin.py:190} INFO - [2026-08-12T04:32:03.306+0000] {dag.py:3211} INFO - Sync 1 DAGs
[2026-08-12T04:32:03.337+0000] {logging_mixin.py:190} INFO - [2026-08-12T04:32:03.336+0000] {dag.py:4138} INFO - Setting next_dagrun for latest_only_with_trigger to 2026-08-12 00:00:00+00:00, run_after=2026-08-12 04:00:00+00:00
[2026-08-12T04:32:03.365+0000] {processor.py:208} INFO - Processing /home/airflow/.local/lib/python3.12/site-packages/airflow/example_dags/example_latest_only_with_trigger.py took 0.105 seconds
[2026-08-12T04:32:51.711+0000] {processor.py:186} INFO - Started process (PID=52) to work on /home/airflow/.local/lib/python3.12/site-packages/airflow/example_dags/example_latest_only_with_trigger.py
[2026-08-12T04:32:51.713+0000] {processor.py:914} INFO - Processing file /home/airflow/.local/lib/python3.12/site-packages/airflow/example_dags/example_latest_only_with_trigger.py for tasks to queue
[2026-08-12T04:32:51.719+0000] {logging_mixin.py:190} INFO - [2026-08-12T04:32:51.718+0000] {dagbag.py:587} INFO - Filling up the DagBag from /home/airflow/.local/lib/python3.12/site-packages/airflow/example_dags/example_latest_only_with_trigger.py
[2026-08-12T04:32:51.735+0000] {processor.py:925} INFO - DAG(s) 'latest_only_with_trigger' retrieved from /home/airflow/.local/lib/python3.12/site-packages/airflow/example_dags/example_latest_only_with_trigger.py
[2026-08-12T04:32:51.781+0000] {logging_mixin.py:190} INFO - [2026-08-12T04:32:51.780+0000] {dag.py:3211} INFO - Sync 1 DAGs
[2026-08-12T04:32:51.837+0000] {logging_mixin.py:190} INFO - [2026-08-12T04:32:51.828+0000] {dag.py:4138} INFO - Setting next_dagrun for latest_only_with_trigger to 2026-08-12 00:00:00+00:00, run_after=2026-08-12 04:00:00+00:00
[2026-08-12T04:32:51.875+0000] {processor.py:208} INFO - Processing /home/airflow/.local/lib/python3.12/site-packages/airflow/example_dags/example_latest_only_with_trigger.py took 0.171 seconds
[2026-08-12T04:33:21.942+0000] {processor.py:186} INFO - Started process (PID=115) to work on /home/airflow/.local/lib/python3.12/site-packages/airflow/example_dags/example_latest_only_with_trigger.py
[2026-08-12T04:33:21.943+0000] {processor.py:914} INFO - Processing file /home/airflow/.local/lib/python3.12/site-packages/airflow/example_dags/example_latest_only_with_trigger.py for tasks to queue
[2026-08-12T04:33:21.946+0000] {logging_mixin.py:190} INFO - [2026-08-12T04:33:21.946+0000] {dagbag.py:587} INFO - Filling up the DagBag from /home/airflow/.local/lib/python3.12/site-packages/airflow/example_dags/example_latest_only_with_trigger.py
[2026-08-12T04:33:21.968+0000] {processor.py:925} INFO - DAG(s) 'latest_only_with_trigger' retrieved from /home/airflow/.local/lib/python3.12/site-packages/airflow/example_dags/example_latest_only_with_trigger.py
[2026-08-12T04:33:21.997+0000] {logging_mixin.py:190} INFO - [2026-08-12T04:33:21.997+0000] {dag.py:3211} INFO - Sync 1 DAGs
[2026-08-12T04:33:22.026+0000] {logging_mixin.py:190} INFO - [2026-08-12T04:33:22.026+0000] {dag.py:4138} INFO - Setting next_dagrun for latest_only_with_trigger to 2026-08-12 00:00:00+00:00, run_after=2026-08-12 04:00:00+00:00
[2026-08-12T04:33:22.048+0000] {processor.py:208} INFO - Processing /home/airflow/.local/lib/python3.12/site-packages/airflow/example_dags/example_latest_only_with_trigger.py took 0.111 seconds
[2026-08-12T04:33:52.766+0000] {processor.py:186} INFO - Started process (PID=177) to work on /home/airflow/.local/lib/python3.12/site-packages/airflow/example_dags/example_latest_only_with_trigger.py
[2026-08-12T04:33:52.767+0000] {processor.py:914} INFO - Processing file /home/airflow/.local/lib/python3.12/site-packages/airflow/example_dags/example_latest_only_with_trigger.py for tasks to queue
[2026-08-12T04:33:52.771+0000] {logging_mixin.py:190} INFO - [2026-08-12T04:33:52.770+0000] {dagbag.py:587} INFO - Filling up the DagBag from /home/airflow/.local/lib/python3.12/site-packages/airflow/example_dags/example_latest_only_with_trigger.py
[2026-08-12T04:33:52.780+0000] {processor.py:925} INFO - DAG(s) 'latest_only_with_trigger' retrieved from /home/airflow/.local/lib/python3.12/site-packages/airflow/example_dags/example_latest_only_with_trigger.py
[2026-08-12T04:33:52.802+0000] {logging_mixin.py:190} INFO - [2026-08-12T04:33:52.802+0000] {dag.py:3211} INFO - Sync 1 DAGs
[2026-08-12T04:33:52.826+0000] {logging_mixin.py:190} INFO - [2026-08-12T04:33:52.826+0000] {dag.py:4138} INFO - Setting next_dagrun for latest_only_with_trigger to 2026-08-12 00:00:00+00:00, run_after=2026-08-12 04:00:00+00:00
[2026-08-12T04:33:52.859+0000] {processor.py:208} INFO - Processing /home/airflow/.local/lib/python3.12/site-packages/airflow/example_dags/example_latest_only_with_trigger.py took 0.100 seconds
[2026-08-12T04:34:23.192+0000] {processor.py:186} INFO - Started process (PID=239) to work on /home/airflow/.local/lib/python3.12/site-packages/airflow/example_dags/example_latest_only_with_trigger.py
[2026-08-12T04:34:23.194+0000] {processor.py:914} INFO - Processing file /home/airflow/.local/lib/python3.12/site-packages/airflow/example_dags/example_latest_only_with_trigger.py for tasks to queue
[2026-08-12T04:34:23.198+0000] {logging_mixin.py:190} INFO - [2026-08-12T04:34:23.198+0000] {dagbag.py:587} INFO - Filling up the DagBag from /home/airflow/.local/lib/python3.12/site-packages/airflow/example_dags/example_latest_only_with_trigger.py
[2026-08-12T04:34:23.209+0000] {processor.py:925} INFO - DAG(s) 'latest_only_with_trigger' retrieved from /home/airflow/.local/lib/python3.12/site-packages/airflow/example_dags/example_latest_only_with_trigger.py
[2026-08-12T04:34:23.231+0000] {logging_mixin.py:190} INFO - [2026-08-12T04:34:23.231+0000] {dag.py:3211} INFO - Sync 1 DAGs
[2026-08-12T04:34:23.253+0000] {logging_mixin.py:190} INFO - [2026-08-12T04:34:23.252+0000] {dag.py:4138} INFO - Setting next_dagrun for latest_only_with_trigger to 2026-08-12 00:00:00+00:00, run_after=2026-08-12 04:00:00+00:00
[2026-08-12T04:34:23.275+0000] {processor.py:208} INFO - Processing /home/airflow/.local/lib/python3.12/site-packages/airflow/example_dags/example_latest_only_with_trigger.py took 0.095 seconds
[2026-08-12T04:34:53.857+0000] {processor.py:186} INFO - Started process (PID=301) to work on /home/airflow/.local/lib/python3.12/site-packages/airflow/example_dags/example_latest_only_with_trigger.py
[2026-08-12T04:34:53.859+0000] {processor.py:914} INFO - Processing file /home/airflow/.local/lib/python3.12/site-packages/airflow/example_dags/example_latest_only_with_trigger.py for tasks to queue
[2026-08-12T04:34:53.863+0000] {logging_mixin.py:190} INFO - [2026-08-12T04:34:53.862+0000] {dagbag.py:587} INFO - Filling up the DagBag from /home/airflow/.local/lib/python3.12/site-packages/airflow/example_dags/example_latest_only_with_trigger.py
[2026-08-12T04:34:53.873+0000] {processor.py:925} INFO - DAG(s) 'latest_only_with_trigger' retrieved from /home/airflow/.local/lib/python3.12/site-packages/airflow/example_dags/example_latest_only_with_trigger.py
[2026-08-12T04:34:53.894+0000] {logging_mixin.py:190} INFO - [2026-08-12T04:34:53.893+0000] {dag.py:3211} INFO - Sync 1 DAGs
[2026-08-12T04:34:53.920+0000] {logging_mixin.py:190} INFO - [2026-08-12T04:34:53.919+0000] {dag.py:4138} INFO - Setting next_dagrun for latest_only_with_trigger to 2026-08-12 00:00:00+00:00, run_after=2026-08-12 04:00:00+00:00
[2026-08-12T04:34:53.952+0000] {processor.py:208} INFO - Processing /home/airflow/.local/lib/python3.12/site-packages/airflow/example_dags/example_latest_only_with_trigger.py took 0.101 seconds
[2026-08-12T04:35:24.300+0000] {processor.py:186} INFO - Started process (PID=369) to work on /home/airflow/.local/lib/python3.12/site-packages/airflow/example_dags/example_latest_only_with_trigger.py
[2026-08-12T04:35:24.302+0000] {processor.py:914} INFO - Processing file /home/airflow/.local/lib/python3.12/site-packages/airflow/example_dags/example_latest_only_with_trigger.py for tasks to queue
[2026-08-12T04:35:24.306+0000] {logging_mixin.py:190} INFO - [2026-08-12T04:35:24.306+0000] {dagbag.py:587} INFO - Filling up the DagBag from /home/airflow/.local/lib/python3.12/site-packages/airflow/example_dags/example_latest_only_with_trigger.py
[2026-08-12T04:35:24.320+0000] {processor.py:925} INFO - DAG(s) 'latest_only_with_trigger' retrieved from /home/airflow/.local/lib/python3.12/site-packages/airflow/example_dags/example_latest_only_with_trigger.py
[2026-08-12T04:35:24.352+0000] {logging_mixin.py:190} INFO - [2026-08-12T04:35:24.352+0000] {dag.py:3211} INFO - Sync 1 DAGs
[2026-08-12T04:35:24.377+0000] {logging_mixin.py:190} INFO - [2026-08-12T04:35:24.377+0000] {dag.py:4138} INFO - Setting next_dagrun for latest_only_with_trigger to 2026-08-12 00:00:00+00:00, run_after=2026-08-12 04:00:00+00:00
[2026-08-12T04:35:24.398+0000] {processor.py:208} INFO - Processing /home/airflow/.local/lib/python3.12/site-packages/airflow/example_dags/example_latest_only_with_trigger.py took 0.109 seconds
[2026-08-12T04:35:54.613+0000] {processor.py:186} INFO - Started process (PID=431) to work on /home/airflow/.local/lib/python3.12/site-packages/airflow/example_dags/example_latest_only_with_trigger.py
[2026-08-12T04:35:54.615+0000] {processor.py:914} INFO - Processing file /home/airflow/.local/lib/python3.12/site-packages/airflow/example_dags/example_latest_only_with_trigger.py for tasks to queue
[2026-08-12T04:35:54.618+0000] {logging_mixin.py:190} INFO - [2026-08-12T04:35:54.618+0000] {dagbag.py:587} INFO - Filling up the DagBag from /home/airflow/.local/lib/python3.12/site-packages/airflow/example_dags/example_latest_only_with_trigger.py
[2026-08-12T04:35:54.626+0000] {processor.py:925} INFO - DAG(s) 'latest_only_with_trigger' retrieved from /home/airflow/.local/lib/python3.12/site-packages/airflow/example_dags/example_latest_only_with_trigger.py
[2026-08-12T04:35:54.648+0000] {logging_mixin.py:190} INFO - [2026-08-12T04:35:54.648+0000] {dag.py:3211} INFO - Sync 1 DAGs
[2026-08-12T04:35:54.671+0000] {logging_mixin.py:190} INFO - [2026-08-12T04:35:54.671+0000] {dag.py:4138} INFO - Setting next_dagrun for latest_only_with_trigger to 2026-08-12 00:00:00+00:00, run_after=2026-08-12 04:00:00+00:00
[2026-08-12T04:35:54.697+0000] {processor.py:208} INFO - Processing /home/airflow/.local/lib/python3.12/site-packages/airflow/example_dags/example_latest_only_with_trigger.py took 0.091 seconds
[2026-08-12T04:36:25.483+0000] {processor.py:186} INFO - Started process (PID=493) to work on /home/airflow/.local/lib/python3.12/site-packages/airflow/example_dags/example_latest_only_with_trigger.py
[2026-08-12T04:36:25.485+0000] {processor.py:914} INFO - Processing file /home/airflow/.local/lib/python3.12/site-packages/airflow/example_dags/example_latest_only_with_trigger.py for tasks to queue
[2026-08-12T04:36:25.489+0000] {logging_mixin.py:190} INFO - [2026-08-12T04:36:25.489+0000] {dagbag.py:587} INFO - Filling up the DagBag from /home/airflow/.local/lib/python3.12/site-packages/airflow/example_dags/example_latest_only_with_trigger.py
[2026-08-12T04:36:25.498+0000] {processor.py:925} INFO - DAG(s) 'latest_only_with_trigger' retrieved from /home/airflow/.local/lib/python3.12/site-packages/airflow/example_dags/example_latest_only_with_trigger.py
[2026-08-12T04:36:25.520+0000] {logging_mixin.py:190} INFO - [2026-08-12T04:36:25.519+0000] {dag.py:3211} INFO - Sync 1 DAGs
[2026-08-12T04:36:25.542+0000] {logging_mixin.py:190} INFO - [2026-08-12T04:36:25.542+0000] {dag.py:4138} INFO - Setting next_dagrun for latest_only_with_trigger to 2026-08-12 00:00:00+00:00, run_after=2026-08-12 04:00:00+00:00
[2026-08-12T04:36:25.603+0000] {processor.py:208} INFO - Processing /home/airflow/.local/lib/python3.12/site-packages/airflow/example_dags/example_latest_only_with_trigger.py took 0.127 seconds
[2026-08-12T04:36:55.941+0000] {processor.py:186} INFO - Started process (PID=555) to work on /home/airflow/.local/lib/python3.12/site-packages/airflow/example_dags/example_latest_only_with_trigger.py
[2026-08-12T04:36:55.943+0000] {processor.py:914} INFO - Processing file /home/airflow/.local/lib/python3.12/site-packages/airflow/example_dags/example_latest_only_with_trigger.py for tasks to queue
[2026-08-12T04:36:55.946+0000] {logging_mixin.py:190} INFO - [2026-08-12T04:36:55.946+0000] {dagbag.py:587} INFO - Filling up the DagBag from /home/airflow/.local/lib/python3.12/site-packages/airflow/example_dags/example_latest_only_with_trigger.py
[2026-08-12T04:36:55.956+0000] {processor.py:925} INFO - DAG(s) 'latest_only_with_trigger' retrieved from /home/airflow/.local/lib/python3.12/site-packages/airflow/example_dags/example_latest_only_with_trigger.py
[2026-08-12T04:36:55.979+0000] {logging_mixin.py:190} INFO - [2026-08-12T04:36:55.979+0000] {dag.py:3211} INFO - Sync 1 DAGs
[2026-08-12T04:36:56.003+0000] {logging_mixin.py:190} INFO - [2026-08-12T04:36:56.003+0000] {dag.py:4138} INFO - Setting next_dagrun for latest_only_with_trigger to 2026-08-12 00:00:00+00:00, run_after=2026-08-12 04:00:00+00:00
[2026-08-12T04:36:56.026+0000] {processor.py:208} INFO - Processing /home/airflow/.local/lib/python3.12/site-packages/airflow/example_dags/example_latest_only_with_trigger.py took 0.094 seconds
[2026-08-12T04:37:26.769+0000] {processor.py:186} INFO - Started process (PID=617) to work on /home/airflow/.local/lib/python3.12/site-packages/airflow/example_dags/example_latest_only_with_trigger.py
[2026-08-12T04:37:26.772+0000] {processor.py:914} INFO - Processing file /home/airflow/.local/lib/python3.12/site-packages/airflow/example_dags/example_latest_only_with_trigger.py for tasks to queue
[2026-08-12T04:37:26.776+0000] {logging_mixin.py:190} INFO - [2026-08-12T04:37:26.775+0000] {dagbag.py:587} INFO - Filling up the DagBag from /home/airflow/.local/lib/python3.12/site-packages/airflow/example_dags/example_latest_only_with_trigger.py
[2026-08-12T04:37:26.784+0000] {processor.py:925} INFO - DAG(s) 'latest_only_with_trigger' retrieved from /home/airflow/.local/lib/python3.12/site-packages/airflow/example_dags/example_latest_only_with_trigger.py
[2026-08-12T04:37:26.805+0000] {logging_mixin.py:190} INFO - [2026-08-12T04:37:26.804+0000] {dag.py:3211} INFO - Sync 1 DAGs
[2026-08-12T04:37:26.831+0000] {logging_mixin.py:190} INFO - [2026-08-12T04:37:26.830+0000] {dag.py:4138} INFO - Setting next_dagrun for latest_only_with_trigger to 2026-08-12 00:00:00+00:00, run_after=2026-08-12 04:00:00+00:00
[2026-08-12T04:37:26.853+0000] {processor.py:208} INFO - Processing /home/airflow/.local/lib/python3.12/site-packages/airflow/example_dags/example_latest_only_with_trigger.py took 0.091 seconds
[2026-08-12T04:37:57.388+0000] {processor.py:186} INFO - Started process (PID=679) to work on /home/airflow/.local/lib/python3.12/site-packages/airflow/example_dags/example_latest_only_with_trigger.py
[2026-08-12T04:37:57.390+0000] {processor.py:914} INFO - Processing file /home/airflow/.local/lib/python3.12/site-packages/airflow/example_dags/example_latest_only_with_trigger.py for tasks to queue
[2026-08-12T04:37:57.395+0000] {logging_mixin.py:190} INFO - [2026-08-12T04:37:57.394+0000] {dagbag.py:587} INFO - Filling up the DagBag from /home/airflow/.local/lib/python3.12/site-packages/airflow/example_dags/example_latest_only_with_trigger.py
[2026-08-12T04:37:57.402+0000] {processor.py:925} INFO - DAG(s) 'latest_only_with_trigger' retrieved from /home/airflow/.local/lib/python3.12/site-packages/airflow/example_dags/example_latest_only_with_trigger.py
[2026-08-12T04:37:57.424+0000] {logging_mixin.py:190} INFO - [2026-08-12T04:37:57.423+0000] {dag.py:3211} INFO - Sync 1 DAGs
[2026-08-12T04:37:57.447+0000] {logging_mixin.py:190} INFO - [2026-08-12T04:37:57.447+0000] {dag.py:4138} INFO - Setting next_dagrun for latest_only_with_trigger to 2026-08-12 00:00:00+00:00, run_after=2026-08-12 04:00:00+00:00
[2026-08-12T04:37:57.494+0000] {processor.py:208} INFO - Processing /home/airflow/.local/lib/python3.12/site-packages/airflow/example_dags/example_latest_only_with_trigger.py took 0.112 seconds
[2026-08-12T04:38:28.128+0000] {processor.py:186} INFO - Started process (PID=741) to work on /home/airflow/.local/lib/python3.12/site-packages/airflow/example_dags/example_latest_only_with_trigger.py
[2026-08-12T04:38:28.130+0000] {processor.py:914} INFO - Processing file /home/airflow/.local/lib/python3.12/site-packages/airflow/example_dags/example_latest_only_with_trigger.py for tasks to queue
[2026-08-12T04:38:28.135+0000] {logging_mixin.py:190} INFO - [2026-08-12T04:38:28.134+0000] {dagbag.py:587} INFO - Filling up the DagBag from /home/airflow/.local/lib/python3.12/site-packages/airflow/example_dags/example_latest_only_with_trigger.py
[2026-08-12T04:38:28.146+0000] {processor.py:925} INFO - DAG(s) 'latest_only_with_trigger' retrieved from /home/airflow/.local/lib/python3.12/site-packages/airflow/example_dags/example_latest_only_with_trigger.py
[2026-08-12T04:38:28.171+0000] {logging_mixin.py:190} INFO - [2026-08-12T04:38:28.170+0000] {dag.py:3211} INFO - Sync 1 DAGs
[2026-08-12T04:38:28.195+0000] {logging_mixin.py:190} INFO - [2026-08-12T04:38:28.195+0000] {dag.py:4138} INFO - Setting next_dagrun for latest_only_with_trigger to 2026-08-12 00:00:00+00:00, run_after=2026-08-12 04:00:00+00:00
[2026-08-12T04:38:28.240+0000] {processor.py:208} INFO - Processing /home/airflow/.local/lib/python3.12/site-packages/airflow/example_dags/example_latest_only_with_trigger.py took 0.119 seconds
[2026-08-12T04:38:58.558+0000] {processor.py:186} INFO - Started process (PID=803) to work on /home/airflow/.local/lib/python3.12/site-packages/airflow/example_dags/example_latest_only_with_trigger.py
[2026-08-12T04:38:58.560+0000] {processor.py:914} INFO - Processing file /home/airflow/.local/lib/python3.12/site-packages/airflow/example_dags/example_latest_only_with_trigger.py for tasks to queue
[2026-08-12T04:38:58.564+0000] {logging_mixin.py:190} INFO - [2026-08-12T04:38:58.564+0000] {dagbag.py:587} INFO - Filling up the DagBag from /home/airflow/.local/lib/python3.12/site-packages/airflow/example_dags/example_latest_only_with_trigger.py
[2026-08-12T04:38:58.573+0000] {processor.py:925} INFO - DAG(s) 'latest_only_with_trigger' retrieved from /home/airflow/.local/lib/python3.12/site-packages/airflow/example_dags/example_latest_only_with_trigger.py
[2026-08-12T04:38:58.595+0000] {logging_mixin.py:190} INFO - [2026-08-12T04:38:58.595+0000] {dag.py:3211} INFO - Sync 1 DAGs
[2026-08-12T04:38:58.631+0000] {logging_mixin.py:190} INFO - [2026-08-12T04:38:58.630+0000] {dag.py:4138} INFO - Setting next_dagrun for latest_only_with_trigger to 2026-08-12 00:00:00+00:00, run_after=2026-08-12 04:00:00+00:00
[2026-08-12T04:38:58.681+0000] {processor.py:208} INFO - Processing /home/airflow/.local/lib/python3.12/site-packages/airflow/example_dags/example_latest_only_with_trigger.py took 0.131 seconds
[2026-08-12T04:39:28.962+0000] {processor.py:186} INFO - Started process (PID=865) to work on /home/airflow/.local/lib/python3.12/site-packages/airflow/example_dags/example_latest_only_with_trigger.py
[2026-08-12T04:39:28.963+0000] {processor.py:914} INFO - Processing file /home/airflow/.local/lib/python3.12/site-packages/airflow/example_dags/example_latest_only_with_trigger.py for tasks to queue
[2026-08-12T04:39:28.968+0000] {logging_mixin.py:190} INFO - [2026-08-12T04:39:28.967+0000] {dagbag.py:587} INFO - Filling up the DagBag from /home/airflow/.local/lib/python3.12/site-packages/airflow/example_dags/example_latest_only_with_trigger.py
[2026-08-12T04:39:28.978+0000] {processor.py:925} INFO - DAG(s) 'latest_only_with_trigger' retrieved from /home/airflow/.local/lib/python3.12/site-packages/airflow/example_dags/example_latest_only_with_trigger.py
[2026-08-12T04:39:29.004+0000] {logging_mixin.py:190} INFO - [2026-08-12T04:39:29.004+0000] {dag.py:3211} INFO - Sync 1 DAGs
[2026-08-12T04:39:29.034+0000] {logging_mixin.py:190} INFO - [2026-08-12T04:39:29.034+0000] {dag.py:4138} INFO - Setting next_dagrun for latest_only_with_trigger to 2026-08-12 00:00:00+00:00, run_after=2026-08-12 04:00:00+00:00
[2026-08-12T04:39:29.065+0000] {processor.py:208} INFO - Processing /home/airflow/.local/lib/python3.12/site-packages/airflow/example_dags/example_latest_only_with_trigger.py took 0.111 seconds
[2026-08-12T04:39:59.338+0000] {processor.py:186} INFO - Started process (PID=927) to work on /home/airflow/.local/lib/python3.12/site-packages/airflow/example_dags/example_latest_only_with_trigger.py
[2026-08-12T04:39:59.341+0000] {processor.py:914} INFO - Processing file /home/airflow/.local/lib/python3.12/site-packages/airflow/example_dags/example_latest_only_with_trigger.py for tasks to queue
[2026-08-12T04:39:59.344+0000] {logging_mixin.py:190} INFO - [2026-08-12T04:39:59.343+0000] {dagbag.py:587} INFO - Filling up the DagBag from /home/airflow/.local/lib/python3.12/site-packages/airflow/example_dags/example_latest_only_with_trigger.py
[2026-08-12T04:39:59.353+0000] {processor.py:925} INFO - DAG(s) 'latest_only_with_trigger' retrieved from /home/airflow/.local/lib/python3.12/site-packages/airflow/example_dags/example_latest_only_with_trigger.py
[2026-08-12T04:39:59.377+0000] {logging_mixin.py:190} INFO - [2026-08-12T04:39:59.377+0000] {dag.py:3211} INFO - Sync 1 DAGs
[2026-08-12T04:39:59.404+0000] {logging_mixin.py:190} INFO - [2026-08-12T04:39:59.404+0000] {dag.py:4138} INFO - Setting next_dagrun for latest_only_with_trigger to 2026-08-12 00:00:00+00:00, run_after=2026-08-12 04:00:00+00:00
[2026-08-12T04:39:59.429+0000] {processor.py:208} INFO - Processing /home/airflow/.local/lib/python3.12/site-packages/airflow/example_dags/example_latest_only_with_trigger.py took 0.100 seconds
[2026-08-12T04:40:29.881+0000] {processor.py:186} INFO - Started process (PID=989) to work on /home/airflow/.local/lib/python3.12/site-packages/airflow/example_dags/example_latest_only_with_trigger.py
[2026-08-12T04:40:29.884+0000] {processor.py:914} INFO - Processing file /home/airflow/.local/lib/python3.12/site-packages/airflow/example_dags/example_latest_only_with_trigger.py for tasks to queue
[2026-08-12T04:40:29.888+0000] {logging_mixin.py:190} INFO - [2026-08-12T04:40:29.887+0000] {dagbag.py:587} INFO - Filling up the DagBag from /home/airflow/.local/lib/python3.12/site-packages/airflow/example_dags/example_latest_only_with_trigger.py
[2026-08-12T04:40:29.897+0000] {processor.py:925} INFO - DAG(s) 'latest_only_with_trigger' retrieved from /home/airflow/.local/lib/python3.12/site-packages/airflow/example_dags/example_latest_only_with_trigger.py
[2026-08-12T04:40:29.918+0000] {logging_mixin.py:190} INFO - [2026-08-12T04:40:29.918+0000] {dag.py:3211} INFO - Sync 1 DAGs
[2026-08-12T04:40:29.940+0000] {logging_mixin.py:190} INFO - [2026-08-12T04:40:29.940+0000] {dag.py:4138} INFO - Setting next_dagrun for latest_only_with_trigger to 2026-08-12 00:00:00+00:00, run_after=2026-08-12 04:00:00+00:00
[2026-08-12T04:40:29.979+0000] {processor.py:208} INFO - Processing /home/airflow/.local/lib/python3.12/site-packages/airflow/example_dags/example_latest_only_with_trigger.py took 0.105 seconds
[2026-08-12T04:41:00.546+0000] {processor.py:186} INFO - Started process (PID=1051) to work on /home/airflow/.local/lib/python3.12/site-packages/airflow/example_dags/example_latest_only_with_trigger.py
[2026-08-12T04:41:00.548+0000] {processor.py:914} INFO - Processing file /home/airflow/.local/lib/python3.12/site-packages/airflow/example_dags/example_latest_only_with_trigger.py for tasks to queue
[2026-08-12T04:41:00.551+0000] {logging_mixin.py:190} INFO - [2026-08-12T04:41:00.551+0000] {dagbag.py:587} INFO - Filling up the DagBag from /home/airflow/.local/lib/python3.12/site-packages/airflow/example_dags/example_latest_only_with_trigger.py
[2026-08-12T04:41:00.559+0000] {processor.py:925} INFO - DAG(s) 'latest_only_with_trigger' retrieved from /home/airflow/.local/lib/python3.12/site-packages/airflow/example_dags/example_latest_only_with_trigger.py
[2026-08-12T04:41:00.583+0000] {logging_mixin.py:190} INFO - [2026-08-12T04:41:00.582+0000] {dag.py:3211} INFO - Sync 1 DAGs
[2026-08-12T04:41:00.606+0000] {logging_mixin.py:190} INFO - [2026-08-12T04:41:00.606+0000] {dag.py:4138} INFO - Setting next_dagrun for latest_only_with_trigger to 2026-08-12 00:00:00+00:00, run_after=2026-08-12 04:00:00+00:00
[2026-08-12T04:41:00.642+0000] {processor.py:208} INFO - Processing /home/airflow/.local/lib/python3.12/site-packages/airflow/example_dags/example_latest_only_with_trigger.py took 0.102 seconds
[2026-08-12T04:41:31.224+0000] {processor.py:186} INFO - Started process (PID=1113) to work on /home/airflow/.local/lib/python3.12/site-packages/airflow/example_dags/example_latest_only_with_trigger.py
[2026-08-12T04:41:31.227+0000] {processor.py:914} INFO - Processing file /home/airflow/.local/lib/python3.12/site-packages/airflow/example_dags/example_latest_only_with_trigger.py for tasks to queue
[2026-08-12T04:41:31.230+0000] {logging_mixin.py:190} INFO - [2026-08-12T04:41:31.230+0000] {dagbag.py:587} INFO - Filling up the DagBag from /home/airflow/.local/lib/python3.12/site-packages/airflow/example_dags/example_latest_only_with_trigger.py
[2026-08-12T04:41:31.237+0000] {processor.py:925} INFO - DAG(s) 'latest_only_with_trigger' retrieved from /home/airflow/.local/lib/python3.12/site-packages/airflow/example_dags/example_latest_only_with_trigger.py
[2026-08-12T04:41:31.258+0000] {logging_mixin.py:190} INFO - [2026-08-12T04:41:31.258+0000] {dag.py:3211} INFO - Sync 1 DAGs
[2026-08-12T04:41:31.284+0000] {logging_mixin.py:190} INFO - [2026-08-12T04:41:31.284+0000] {dag.py:4138} INFO - Setting next_dagrun for latest_only_with_trigger to 2026-08-12 00:00:00+00:00, run_after=2026-08-12 04:00:00+00:00
[2026-08-12T04:41:31.314+0000] {processor.py:208} INFO - Processing /home/airflow/.local/lib/python3.12/site-packages/airflow/example_dags/example_latest_only_with_trigger.py took 0.096 seconds
[2026-08-12T04:42:01.779+0000] {processor.py:186} INFO - Started process (PID=1175) to work on /home/airflow/.local/lib/python3.12/site-packages/airflow/example_dags/example_latest_only_with_trigger.py
[2026-08-12T04:42:01.781+0000] {processor.py:914} INFO - Processing file /home/airflow/.local/lib/python3.12/site-packages/airflow/example_dags/example_latest_only_with_trigger.py for tasks to queue
[2026-08-12T04:42:01.786+0000] {logging_mixin.py:190} INFO - [2026-08-12T04:42:01.786+0000] {dagbag.py:587} INFO - Filling up the DagBag from /home/airflow/.local/lib/python3.12/site-packages/airflow/example_dags/example_latest_only_with_trigger.py
[2026-08-12T04:42:01.798+0000] {processor.py:925} INFO - DAG(s) 'latest_only_with_trigger' retrieved from /home/airflow/.local/lib/python3.12/site-packages/airflow/example_dags/example_latest_only_with_trigger.py
[2026-08-12T04:42:01.822+0000] {logging_mixin.py:190} INFO - [2026-08-12T04:42:01.822+0000] {dag.py:3211} INFO - Sync 1 DAGs
[2026-08-12T04:42:01.846+0000] {logging_mixin.py:190} INFO - [2026-08-12T04:42:01.846+0000] {dag.py:4138} INFO - Setting next_dagrun for latest_only_with_trigger to 2026-08-12 00:00:00+00:00, run_after=2026-08-12 04:00:00+00:00
[2026-08-12T04:42:01.869+0000] {processor.py:208} INFO - Processing /home/airflow/.local/lib/python3.12/site-packages/airflow/example_dags/example_latest_only_with_trigger.py took 0.098 seconds
[2026-08-12T04:42:32.626+0000] {processor.py:186} INFO - Started process (PID=1237) to work on /home/airflow/.local/lib/python3.12/site-packages/airflow/example_dags/example_latest_only_with_trigger.py
[2026-08-12T04:42:32.627+0000] {processor.py:914} INFO - Processing file /home/airflow/.local/lib/python3.12/site-packages/airflow/example_dags/example_latest_only_with_trigger.py for tasks to queue
[2026-08-12T04:42:32.631+0000] {logging_mixin.py:190} INFO - [2026-08-12T04:42:32.631+0000] {dagbag.py:587} INFO - Filling up the DagBag from /home/airflow/.local/lib/python3.12/site-packages/airflow/example_dags/example_latest_only_with_trigger.py
[2026-08-12T04:42:32.640+0000] {processor.py:925} INFO - DAG(s) 'latest_only_with_trigger' retrieved from /home/airflow/.local/lib/python3.12/site-packages/airflow/example_dags/example_latest_only_with_trigger.py
[2026-08-12T04:42:32.666+0000] {logging_mixin.py:190} INFO - [2026-08-12T04:42:32.666+0000] {dag.py:3211} INFO - Sync 1 DAGs
[2026-08-12T04:42:32.692+0000] {logging_mixin.py:190} INFO - [2026-08-12T04:42:32.692+0000] {dag.py:4138} INFO - Setting next_dagrun for latest_only_with_trigger to 2026-08-12 00:00:00+00:00, run_after=2026-08-12 04:00:00+00:00
[2026-08-12T04:42:32.715+0000] {processor.py:208} INFO - Processing /home/airflow/.local/lib/python3.12/site-packages/airflow/example_dags/example_latest_only_with_trigger.py took 0.097 seconds
[2026-08-12T04:43:03.149+0000] {processor.py:186} INFO - Started process (PID=1299) to work on /home/airflow/.local/lib/python3.12/site-packages/airflow/example_dags/example_latest_only_with_trigger.py
[2026-08-12T04:43:03.151+0000] {processor.py:914} INFO - Processing file /home/airflow/.local/lib/python3.12/site-packages/airflow/example_dags/example_latest_only_with_trigger.py for tasks to queue
[2026-08-12T04:43:03.155+0000] {logging_mixin.py:190} INFO - [2026-08-12T04:43:03.155+0000] {dagbag.py:587} INFO - Filling up the DagBag from /home/airflow/.local/lib/python3.12/site-packages/airflow/example_dags/example_latest_only_with_trigger.py
[2026-08-12T04:43:03.163+0000] {processor.py:925} INFO - DAG(s) 'latest_only_with_trigger' retrieved from /home/airflow/.local/lib/python3.12/site-packages/airflow/example_dags/example_latest_only_with_trigger.py
[2026-08-12T04:43:03.184+0000] {logging_mixin.py:190} INFO - [2026-08-12T04:43:03.184+0000] {dag.py:3211} INFO - Sync 1 DAGs
[2026-08-12T04:43:03.206+0000] {logging_mixin.py:190} INFO - [2026-08-12T04:43:03.206+0000] {dag.py:4138} INFO - Setting next_dagrun for latest_only_with_trigger to 2026-08-12 00:00:00+00:00, run_after=2026-08-12 04:00:00+00:00
[2026-08-12T04:43:03.228+0000] {processor.py:208} INFO - Processing /home/airflow/.local/lib/python3.12/site-packages/airflow/example_dags/example_latest_only_with_trigger.py took 0.085 seconds
[2026-08-12T04:43:33.768+0000] {processor.py:186} INFO - Started process (PID=1361) to work on /home/airflow/.local/lib/python3.12/site-packages/airflow/example_dags/example_latest_only_with_trigger.py
[2026-08-12T04:43:33.770+0000] {processor.py:914} INFO - Processing file /home/airflow/.local/lib/python3.12/site-packages/airflow/example_dags/example_latest_only_with_trigger.py for tasks to queue
[2026-08-12T04:43:33.775+0000] {logging_mixin.py:190} INFO - [2026-08-12T04:43:33.774+0000] {dagbag.py:587} INFO - Filling up the DagBag from /home/airflow/.local/lib/python3.12/site-packages/airflow/example_dags/example_latest_only_with_trigger.py
[2026-08-12T04:43:33.783+0000] {processor.py:925} INFO - DAG(s) 'latest_only_with_trigger' retrieved from /home/airflow/.local/lib/python3.12/site-packages/airflow/example_dags/example_latest_only_with_trigger.py
[2026-08-12T04:43:33.811+0000] {logging_mixin.py:190} INFO - [2026-08-12T04:43:33.810+0000] {dag.py:3211} INFO - Sync 1 DAGs
[2026-08-12T04:43:33.845+0000] {logging_mixin.py:190} INFO - [2026-08-12T04:43:33.845+0000] {dag.py:4138} INFO - Setting next_dagrun for latest_only_with_trigger to 2026-08-12 00:00:00+00:00, run_after=2026-08-12 04:00:00+00:00
[2026-08-12T04:43:33.872+0000] {processor.py:208} INFO - Processing /home/airflow/.local/lib/python3.12/site-packages/airflow/example_dags/example_latest_only_with_trigger.py took 0.113 seconds
[2026-08-12T04:44:04.000+0000] {processor.py:186} INFO - Started process (PID=1423) to work on /home/airflow/.local/lib/python3.12/site-packages/airflow/example_dags/example_latest_only_with_trigger.py
[2026-08-12T04:44:04.002+0000] {processor.py:914} INFO - Processing file /home/airflow/.local/lib/python3.12/site-packages/airflow/example_dags/example_latest_only_with_trigger.py for tasks to queue
[2026-08-12T04:44:04.007+0000] {logging_mixin.py:190} INFO - [2026-08-12T04:44:04.006+0000] {dagbag.py:587} INFO - Filling up the DagBag from /home/airflow/.local/lib/python3.12/site-packages/airflow/example_dags/example_latest_only_with_trigger.py
[2026-08-12T04:44:04.019+0000] {processor.py:925} INFO - DAG(s) 'latest_only_with_trigger' retrieved from /home/airflow/.local/lib/python3.12/site-packages/airflow/example_dags/example_latest_only_with_trigger.py
[2026-08-12T04:44:04.040+0000] {logging_mixin.py:190} INFO - [2026-08-12T04:44:04.040+0000] {dag.py:3211} INFO - Sync 1 DAGs
[2026-08-12T04:44:04.066+0000] {logging_mixin.py:190} INFO - [2026-08-12T04:44:04.066+0000] {dag.py:4138} INFO - Setting next_dagrun for latest_only_with_trigger to 2026-08-12 00:00:00+00:00, run_after=2026-08-12 04:00:00+00:00
[2026-08-12T04:44:04.121+0000] {processor.py:208} INFO - Processing /home/airflow/.local/lib/python3.12/site-packages/airflow/example_dags/example_latest_only_with_trigger.py took 0.129 seconds
[2026-08-12T04:44:34.706+0000] {processor.py:186} INFO - Started process (PID=1485) to work on /home/airflow/.local/lib/python3.12/site-packages/airflow/example_dags/example_latest_only_with_trigger.py
[2026-08-12T04:44:34.708+0000] {processor.py:914} INFO - Processing file /home/airflow/.local/lib/python3.12/site-packages/airflow/example_dags/example_latest_only_with_trigger.py for tasks to queue
[2026-08-12T04:44:34.711+0000] {logging_mixin.py:190} INFO - [2026-08-12T04:44:34.711+0000] {dagbag.py:587} INFO - Filling up the DagBag from /home/airflow/.local/lib/python3.12/site-packages/airflow/example_dags/example_latest_only_with_trigger.py
[2026-08-12T04:44:34.719+0000] {processor.py:925} INFO - DAG(s) 'latest_only_with_trigger' retrieved from /home/airflow/.local/lib/python3.12/site-packages/airflow/example_dags/example_latest_only_with_trigger.py
[2026-08-12T04:44:34.740+0000] {logging_mixin.py:190} INFO - [2026-08-12T04:44:34.739+0000] {dag.py:3211} INFO - Sync 1 DAGs
[2026-08-12T04:44:34.764+0000] {logging_mixin.py:190} INFO - [2026-08-12T04:44:34.764+0000] {dag.py:4138} INFO - Setting next_dagrun for latest_only_with_trigger to 2026-08-12 00:00:00+00:00, run_after=2026-08-12 04:00:00+00:00
[2026-08-12T04:44:34.785+0000] {processor.py:208} INFO - Processing /home/airflow/.local/lib/python3.12/site-packages/airflow/example_dags/example_latest_only_with_trigger.py took 0.086 seconds
[2026-08-12T04:45:05.283+0000] {processor.py:186} INFO - Started process (PID=1547) to work on /home/airflow/.local/lib/python3.12/site-packages/airflow/example_dags/example_latest_only_with_trigger.py
[2026-08-12T04:45:05.284+0000] {processor.py:914} INFO - Processing file /home/airflow/.local/lib/python3.12/site-packages/airflow/example_dags/example_latest_only_with_trigger.py for tasks to queue
[2026-08-12T04:45:05.288+0000] {logging_mixin.py:190} INFO - [2026-08-12T04:45:05.287+0000] {dagbag.py:587} INFO - Filling up the DagBag from /home/airflow/.local/lib/python3.12/site-packages/airflow/example_dags/example_latest_only_with_trigger.py
[2026-08-12T04:45:05.295+0000] {processor.py:925} INFO - DAG(s) 'latest_only_with_trigger' retrieved from /home/airflow/.local/lib/python3.12/site-packages/airflow/example_dags/example_latest_only_with_trigger.py
[2026-08-12T04:45:05.316+0000] {logging_mixin.py:190} INFO - [2026-08-12T04:45:05.316+0000] {dag.py:3211} INFO - Sync 1 DAGs
[2026-08-12T04:45:05.337+0000] {logging_mixin.py:190} INFO - [2026-08-12T04:45:05.337+0000] {dag.py:4138} INFO - Setting next_dagrun for latest_only_with_trigger to 2026-08-12 00:00:00+00:00, run_after=2026-08-12 04:00:00+00:00
[2026-08-12T04:45:05.365+0000] {processor.py:208} INFO - Processing /home/airflow/.local/lib/python3.12/site-packages/airflow/example_dags/example_latest_only_with_trigger.py took 0.089 seconds
[2026-08-12T04:45:36.088+0000] {processor.py:186} INFO - Started process (PID=1609) to work on /home/airflow/.local/lib/python3.12/site-packages/airflow/example_dags/example_latest_only_with_trigger.py
[2026-08-12T04:45:36.090+0000] {processor.py:914} INFO - Processing file /home/airflow/.local/lib/python3.12/site-packages/airflow/example_dags/example_latest_only_with_trigger.py for tasks to queue
[2026-08-12T04:45:36.093+0000] {logging_mixin.py:190} INFO - [2026-08-12T04:45:36.093+0000] {dagbag.py:587} INFO - Filling up the DagBag from /home/airflow/.local/lib/python3.12/site-packages/airflow/example_dags/example_latest_only_with_trigger.py
[2026-08-12T04:45:36.101+0000] {processor.py:925} INFO - DAG(s) 'latest_only_with_trigger' retrieved from /home/airflow/.local/lib/python3.12/site-packages/airflow/example_dags/example_latest_only_with_trigger.py
[2026-08-12T04:45:36.123+0000] {logging_mixin.py:190} INFO - [2026-08-12T04:45:36.123+0000] {dag.py:3211} INFO - Sync 1 DAGs
[2026-08-12T04:45:36.147+0000] {logging_mixin.py:190} INFO - [2026-08-12T04:45:36.147+0000] {dag.py:4138} INFO - Setting next_dagrun for latest_only_with_trigger to 2026-08-12 00:00:00+00:00, run_after=2026-08-12 04:00:00+00:00
[2026-08-12T04:45:36.183+0000] {processor.py:208} INFO - Processing /home/airflow/.local/lib/python3.12/site-packages/airflow/example_dags/example_latest_only_with_trigger.py took 0.100 seconds
[2026-08-12T04:46:06.492+0000] {processor.py:186} INFO - Started process (PID=1671) to work on /home/airflow/.local/lib/python3.12/site-packages/airflow/example_dags/example_latest_only_with_trigger.py
[2026-08-12T04:46:06.494+0000] {processor.py:914} INFO - Processing file /home/airflow/.local/lib/python3.12/site-packages/airflow/example_dags/example_latest_only_with_trigger.py for tasks to queue
[2026-08-12T04:46:06.499+0000] {logging_mixin.py:190} INFO - [2026-08-12T04:46:06.498+0000] {dagbag.py:587} INFO - Filling up the DagBag from /home/airflow/.local/lib/python3.12/site-packages/airflow/example_dags/example_latest_only_with_trigger.py
[2026-08-12T04:46:06.507+0000] {processor.py:925} INFO - DAG(s) 'latest_only_with_trigger' retrieved from /home/airflow/.local/lib/python3.12/site-packages/airflow/example_dags/example_latest_only_with_trigger.py
[2026-08-12T04:46:06.531+0000] {logging_mixin.py:190} INFO - [2026-08-12T04:46:06.530+0000] {dag.py:3211} INFO - Sync 1 DAGs
[2026-08-12T04:46:06.564+0000] {logging_mixin.py:190} INFO - [2026-08-12T04:46:06.563+0000] {dag.py:4138} INFO - Setting next_dagrun for latest_only_with_trigger to 2026-08-12 00:00:00+00:00, run_after=2026-08-12 04:00:00+00:00
[2026-08-12T04:46:06.589+0000] {processor.py:208} INFO - Processing /home/airflow/.local/lib/python3.12/site-packages/airflow/example_dags/example_latest_only_with_trigger.py took 0.103 seconds
[2026-08-12T04:46:37.059+0000] {processor.py:186} INFO - Started process (PID=1733) to work on /home/airflow/.local/lib/python3.12/site-packages/airflow/example_dags/example_latest_only_with_trigger.py
[2026-08-12T04:46:37.061+0000] {processor.py:914} INFO - Processing file /home/airflow/.local/lib/python3.12/site-packages/airflow/example_dags/example_latest_only_with_trigger.py for tasks to queue
[2026-08-12T04:46:37.065+0000] {logging_mixin.py:190} INFO - [2026-08-12T04:46:37.064+0000] {dagbag.py:587} INFO - Filling up the DagBag from /home/airflow/.local/lib/python3.12/site-packages/airflow/example_dags/example_latest_only_with_trigger.py
[2026-08-12T04:46:37.074+0000] {processor.py:925} INFO - DAG(s) 'latest_only_with_trigger' retrieved from /home/airflow/.local/lib/python3.12/site-packages/airflow/example_dags/example_latest_only_with_trigger.py
[2026-08-12T04:46:37.094+0000] {logging_mixin.py:190} INFO - [2026-08-12T04:46:37.093+0000] {dag.py:3211} INFO - Sync 1 DAGs
[2026-08-12T04:46:37.114+0000] {logging_mixin.py:190} INFO - [2026-08-12T04:46:37.114+0000] {dag.py:4138} INFO - Setting next_dagrun for latest_only_with_trigger to 2026-08-12 00:00:00+00:00, run_after=2026-08-12 04:00:00+00:00
[2026-08-12T04:46:37.142+0000] {processor.py:208} INFO - Processing /home/airflow/.local/lib/python3.12/site-packages/airflow/example_dags/example_latest_only_with_trigger.py took 0.089 seconds
[2026-08-12T04:47:07.580+0000] {processor.py:186} INFO - Started process (PID=1795) to work on /home/airflow/.local/lib/python3.12/site-packages/airflow/example_dags/example_latest_only_with_trigger.py
[2026-08-12T04:47:07.582+0000] {processor.py:914} INFO - Processing file /home/airflow/.local/lib/python3.12/site-packages/airflow/example_dags/example_latest_only_with_trigger.py for tasks to queue
[2026-08-12T04:47:07.588+0000] {logging_mixin.py:190} INFO - [2026-08-12T04:47:07.587+0000] {dagbag.py:587} INFO - Filling up the DagBag from /home/airflow/.local/lib/python3.12/site-packages/airflow/example_dags/example_latest_only_with_trigger.py
[2026-08-12T04:47:07.608+0000] {processor.py:925} INFO - DAG(s) 'latest_only_with_trigger' retrieved from /home/airflow/.local/lib/python3.12/site-packages/airflow/example_dags/example_latest_only_with_trigger.py
[2026-08-12T04:47:07.641+0000] {logging_mixin.py:190} INFO - [2026-08-12T04:47:07.641+0000] {dag.py:3211} INFO - Sync 1 DAGs
[2026-08-12T04:47:07.673+0000] {logging_mixin.py:190} INFO - [2026-08-12T04:47:07.673+0000] {dag.py:4138} INFO - Setting next_dagrun for latest_only_with_trigger to 2026-08-12 00:00:00+00:00, run_after=2026-08-12 04:00:00+00:00
[2026-08-12T04:47:07.698+0000] {processor.py:208} INFO - Processing /home/airflow/.local/lib/python3.12/site-packages/airflow/example_dags/example_latest_only_with_trigger.py took 0.128 seconds
[2026-08-12T04:47:37.929+0000] {processor.py:186} INFO - Started process (PID=1857) to work on /home/airflow/.local/lib/python3.12/site-packages/airflow/example_dags/example_latest_only_with_trigger.py
[2026-08-12T04:47:37.931+0000] {processor.py:914} INFO - Processing file /home/airflow/.local/lib/python3.12/site-packages/airflow/example_dags/example_latest_only_with_trigger.py for tasks to queue
[2026-08-12T04:47:37.936+0000] {logging_mixin.py:190} INFO - [2026-08-12T04:47:37.936+0000] {dagbag.py:587} INFO - Filling up the DagBag from /home/airflow/.local/lib/python3.12/site-packages/airflow/example_dags/example_latest_only_with_trigger.py
[2026-08-12T04:47:37.946+0000] {processor.py:925} INFO - DAG(s) 'latest_only_with_trigger' retrieved from /home/airflow/.local/lib/python3.12/site-packages/airflow/example_dags/example_latest_only_with_trigger.py
[2026-08-12T04:47:37.971+0000] {logging_mixin.py:190} INFO - [2026-08-12T04:47:37.970+0000] {dag.py:3211} INFO - Sync 1 DAGs
[2026-08-12T04:47:37.995+0000] {logging_mixin.py:190} INFO - [2026-08-12T04:47:37.995+0000] {dag.py:4138} INFO - Setting next_dagrun for latest_only_with_trigger to 2026-08-12 00:00:00+00:00, run_after=2026-08-12 04:00:00+00:00
[2026-08-12T04:47:38.023+0000] {processor.py:208} INFO - Processing /home/airflow/.local/lib/python3.12/site-packages/airflow/example_dags/example_latest_only_with_trigger.py took 0.100 seconds
[2026-08-12T04:48:08.578+0000] {processor.py:186} INFO - Started process (PID=1919) to work on /home/airflow/.local/lib/python3.12/site-packages/airflow/example_dags/example_latest_only_with_trigger.py
[2026-08-12T04:48:08.580+0000] {processor.py:914} INFO - Processing file /home/airflow/.local/lib/python3.12/site-packages/airflow/example_dags/example_latest_only_with_trigger.py for tasks to queue
[2026-08-12T04:48:08.584+0000] {logging_mixin.py:190} INFO - [2026-08-12T04:48:08.583+0000] {dagbag.py:587} INFO - Filling up the DagBag from /home/airflow/.local/lib/python3.12/site-packages/airflow/example_dags/example_latest_only_with_trigger.py
[2026-08-12T04:48:08.595+0000] {processor.py:925} INFO - DAG(s) 'latest_only_with_trigger' retrieved from /home/airflow/.local/lib/python3.12/site-packages/airflow/example_dags/example_latest_only_with_trigger.py
[2026-08-12T04:48:08.625+0000] {logging_mixin.py:190} INFO - [2026-08-12T04:48:08.624+0000] {dag.py:3211} INFO - Sync 1 DAGs
[2026-08-12T04:48:08.661+0000] {logging_mixin.py:190} INFO - [2026-08-12T04:48:08.661+0000] {dag.py:4138} INFO - Setting next_dagrun for latest_only_with_trigger to 2026-08-12 00:00:00+00:00, run_after=2026-08-12 04:00:00+00:00
[2026-08-12T04:48:08.689+0000] {processor.py:208} INFO - Processing /home/airflow/.local/lib/python3.12/site-packages/airflow/example_dags/example_latest_only_with_trigger.py took 0.119 seconds
[2026-08-12T04:48:39.102+0000] {processor.py:186} INFO - Started process (PID=1981) to work on /home/airflow/.local/lib/python3.12/site-packages/airflow/example_dags/example_latest_only_with_trigger.py
[2026-08-12T04:48:39.103+0000] {processor.py:914} INFO - Processing file /home/airflow/.local/lib/python3.12/site-packages/airflow/example_dags/example_latest_only_with_trigger.py for tasks to queue
[2026-08-12T04:48:39.107+0000] {logging_mixin.py:190} INFO - [2026-08-12T04:48:39.106+0000] {dagbag.py:587} INFO - Filling up the DagBag from /home/airflow/.local/lib/python3.12/site-packages/airflow/example_dags/example_latest_only_with_trigger.py
[2026-08-12T04:48:39.115+0000] {processor.py:925} INFO - DAG(s) 'latest_only_with_trigger' retrieved from /home/airflow/.local/lib/python3.12/site-packages/airflow/example_dags/example_latest_only_with_trigger.py
[2026-08-12T04:48:39.141+0000] {logging_mixin.py:190} INFO - [2026-08-12T04:48:39.140+0000] {dag.py:3211} INFO - Sync 1 DAGs
[2026-08-12T04:48:39.165+0000] {logging_mixin.py:190} INFO - [2026-08-12T04:48:39.165+0000] {dag.py:4138} INFO - Setting next_dagrun for latest_only_with_trigger to 2026-08-12 00:00:00+00:00, run_after=2026-08-12 04:00:00+00:00
[2026-08-12T04:48:39.187+0000] {processor.py:208} INFO - Processing /home/airflow/.local/lib/python3.12/site-packages/airflow/example_dags/example_latest_only_with_trigger.py took 0.092 seconds
[2026-08-12T04:49:09.620+0000] {processor.py:186} INFO - Started process (PID=2043) to work on /home/airflow/.local/lib/python3.12/site-packages/airflow/example_dags/example_latest_only_with_trigger.py
[2026-08-12T04:49:09.622+0000] {processor.py:914} INFO - Processing file /home/airflow/.local/lib/python3.12/site-packages/airflow/example_dags/example_latest_only_with_trigger.py for tasks to queue
[2026-08-12T04:49:09.626+0000] {logging_mixin.py:190} INFO - [2026-08-12T04:49:09.626+0000] {dagbag.py:587} INFO - Filling up the DagBag from /home/airflow/.local/lib/python3.12/site-packages/airflow/example_dags/example_latest_only_with_trigger.py
[2026-08-12T04:49:09.634+0000] {processor.py:925} INFO - DAG(s) 'latest_only_with_trigger' retrieved from /home/airflow/.local/lib/python3.12/site-packages/airflow/example_dags/example_latest_only_with_trigger.py
[2026-08-12T04:49:09.655+0000] {logging_mixin.py:190} INFO - [2026-08-12T04:49:09.654+0000] {dag.py:3211} INFO - Sync 1 DAGs
[2026-08-12T04:49:09.678+0000] {logging_mixin.py:190} INFO - [2026-08-12T04:49:09.677+0000] {dag.py:4138} INFO - Setting next_dagrun for latest_only_with_trigger to 2026-08-12 00:00:00+00:00, run_after=2026-08-12 04:00:00+00:00
[2026-08-12T04:49:09.709+0000] {processor.py:208} INFO - Processing /home/airflow/.local/lib/python3.12/site-packages/airflow/example_dags/example_latest_only_with_trigger.py took 0.095 seconds
[2026-08-12T04:49:40.050+0000] {processor.py:186} INFO - Started process (PID=2105) to work on /home/airflow/.local/lib/python3.12/site-packages/airflow/example_dags/example_latest_only_with_trigger.py
[2026-08-12T04:49:40.051+0000] {processor.py:914} INFO - Processing file /home/airflow/.local/lib/python3.12/site-packages/airflow/example_dags/example_latest_only_with_trigger.py for tasks to queue
[2026-08-12T04:49:40.055+0000] {logging_mixin.py:190} INFO - [2026-08-12T04:49:40.054+0000] {dagbag.py:587} INFO - Filling up the DagBag from /home/airflow/.local/lib/python3.12/site-packages/airflow/example_dags/example_latest_only_with_trigger.py
[2026-08-12T04:49:40.063+0000] {processor.py:925} INFO - DAG(s) 'latest_only_with_trigger' retrieved from /home/airflow/.local/lib/python3.12/site-packages/airflow/example_dags/example_latest_only_with_trigger.py
[2026-08-12T04:49:40.084+0000] {logging_mixin.py:190} INFO - [2026-08-12T04:49:40.083+0000] {dag.py:3211} INFO - Sync 1 DAGs
[2026-08-12T04:49:40.109+0000] {logging_mixin.py:190} INFO - [2026-08-12T04:49:40.109+0000] {dag.py:4138} INFO - Setting next_dagrun for latest_only_with_trigger to 2026-08-12 00:00:00+00:00, run_after=2026-08-12 04:00:00+00:00
[2026-08-12T04:49:40.140+0000] {processor.py:208} INFO - Processing /home/airflow/.local/lib/python3.12/site-packages/airflow/example_dags/example_latest_only_with_trigger.py took 0.097 seconds
