[2026-08-12T04:30:35.498+0000] {processor.py:186} INFO - Started process (PID=87) to work on /home/airflow/.local/lib/python3.12/site-packages/airflow/example_dags/example_complex.py
[2026-08-12T04:30:35.501+0000] {processor.py:914} INFO - Processing file /home/airflow/.local/lib/python3.12/site-packages/airflow/example_dags/example_complex.py for tasks to queue
[2026-08-12T04:30:35.505+0000] {logging_mixin.py:190} INFO - [2026-08-12T04:30:35.504+0000] {dagbag.py:587} INFO - Filling up the DagBag from /home/airflow/.local/lib/python3.12/site-packages/airflow/example_dags/example_complex.py
[2026-08-12T04:30:35.525+0000] {processor.py:925} INFO - DAG(s) 'example_complex' retrieved from /home/airflow/.local/lib/python3.12/site-packages/airflow/example_dags/example_complex.py
[2026-08-12T04:30:35.698+0000] {logging_mixin.py:190} INFO - [2026-08-12T04:30:35.697+0000] {override.py:1858} INFO - Created Permission View: can edit on DAG:example_complex
[2026-08-12T04:30:35.716+0000] {logging_mixin.py:190} INFO - [2026-08-12T04:30:35.715+0000] {override.py:1858} INFO - Created Permission View: can delete on DAG:example_complex
[2026-08-12T04:30:35.731+0000] {logging_mixin.py:190} INFO - [2026-08-12T04:30:35.730+0000] {override.py:1858} INFO - Created Permission View: can read on DAG:example_complex
[2026-08-12T04:30:35.733+0000] {logging_mixin.py:190} INFO - [2026-08-12T04:30:35.733+0000] {dag.py:3211} INFO - Sync 1 DAGs
[2026-08-12T04:30:35.757+0000] {logging_mixin.py:190} INFO - [2026-08-12T04:30:35.756+0000] {dag.py:3234} INFO - Creating ORM DAG for example_complex
[2026-08-12T04:30:35.759+0000] {logging_mixin.py:190} INFO - [2026-08-12T04:30:35.759+0000] {dag.py:4138} INFO - Setting next_dagrun for example_complex to None, run_after=None
[2026-08-12T04:30:35.800+0000] {processor.py:208} INFO - Processing /home/airflow/.local/lib/python3.12/site-packages/airflow/example_dags/example_complex.py took 0.309 seconds
[2026-08-12T04:31:06.592+0000] {processor.py:186} INFO - Started process (PID=149) to work on /home/airflow/.local/lib/python3.12/site-packages/airflow/example_dags/example_complex.py
[2026-08-12T04:31:06.594+0000] {processor.py:914} INFO - Processing file /home/airflow/.local/lib/python3.12/site-packages/airflow/example_dags/example_complex.py for tasks to queue
[2026-08-12T04:31:06.597+0000] {logging_mixin.py:190} INFO - [2026-08-12T04:31:06.597+0000] {dagbag.py:587} INFO - Filling up the DagBag from /home/airflow/.local/lib/python3.12/site-packages/airflow/example_dags/example_complex.py
[2026-08-12T04:31:06.609+0000] {processor.py:925} INFO - DAG(s) 'example_complex' retrieved from /home/airflow/.local/lib/python3.12/site-packages/airflow/example_dags/example_complex.py
[2026-08-12T04:31:06.636+0000] {logging_mixin.py:190} INFO - [2026-08-12T04:31:06.635+0000] {dag.py:3211} INFO - Sync 1 DAGs
[2026-08-12T04:31:06.649+0000] {logging_mixin.py:190} INFO - [2026-08-12T04:31:06.649+0000] {dag.py:4138} INFO - Setting next_dagrun for example_complex to None, run_after=None
[2026-08-12T04:31:06.670+0000] {processor.py:208} INFO - Processing /home/airflow/.local/lib/python3.12/site-packages/airflow/example_dags/example_complex.py took 0.084 seconds
[2026-08-12T04:31:37.217+0000] {processor.py:186} INFO - Started process (PID=212) to work on /home/airflow/.local/lib/python3.12/site-packages/airflow/example_dags/example_complex.py
[2026-08-12T04:31:37.219+0000] {processor.py:914} INFO - Processing file /home/airflow/.local/lib/python3.12/site-packages/airflow/example_dags/example_complex.py for tasks to queue
[2026-08-12T04:31:37.223+0000] {logging_mixin.py:190} INFO - [2026-08-12T04:31:37.222+0000] {dagbag.py:587} INFO - Filling up the DagBag from /home/airflow/.local/lib/python3.12/site-packages/airflow/example_dags/example_complex.py
[2026-08-12T04:31:37.245+0000] {processor.py:925} INFO - DAG(s) 'example_complex' retrieved from /home/airflow/.local/lib/python3.12/site-packages/airflow/example_dags/example_complex.py
[2026-08-12T04:31:37.288+0000] {logging_mixin.py:190} INFO - [2026-08-12T04:31:37.287+0000] {dag.py:3211} INFO - Sync 1 DAGs
[2026-08-12T04:31:37.308+0000] {logging_mixin.py:190} INFO - [2026-08-12T04:31:37.307+0000] {dag.py:4138} INFO - Setting next_dagrun for example_complex to None, run_after=None
[2026-08-12T04:31:37.334+0000] {processor.py:208} INFO - Processing /home/airflow/.local/lib/python3.12/site-packages/airflow/example_dags/example_complex.py took 0.129 seconds
[2026-08-12T04:32:54.859+0000] {processor.py:186} INFO - Started process (PID=78) to work on /home/airflow/.local/lib/python3.12/site-packages/airflow/example_dags/example_complex.py
[2026-08-12T04:32:54.864+0000] {processor.py:914} INFO - Processing file /home/airflow/.local/lib/python3.12/site-packages/airflow/example_dags/example_complex.py for tasks to queue
[2026-08-12T04:32:54.871+0000] {logging_mixin.py:190} INFO - [2026-08-12T04:32:54.870+0000] {dagbag.py:587} INFO - Filling up the DagBag from /home/airflow/.local/lib/python3.12/site-packages/airflow/example_dags/example_complex.py
[2026-08-12T04:32:54.899+0000] {processor.py:925} INFO - DAG(s) 'example_complex' retrieved from /home/airflow/.local/lib/python3.12/site-packages/airflow/example_dags/example_complex.py
[2026-08-12T04:32:54.957+0000] {logging_mixin.py:190} INFO - [2026-08-12T04:32:54.957+0000] {dag.py:3211} INFO - Sync 1 DAGs
[2026-08-12T04:32:54.983+0000] {logging_mixin.py:190} INFO - [2026-08-12T04:32:54.982+0000] {dag.py:4138} INFO - Setting next_dagrun for example_complex to None, run_after=None
[2026-08-12T04:32:55.021+0000] {processor.py:208} INFO - Processing /home/airflow/.local/lib/python3.12/site-packages/airflow/example_dags/example_complex.py took 0.187 seconds
[2026-08-12T04:33:25.597+0000] {processor.py:186} INFO - Started process (PID=140) to work on /home/airflow/.local/lib/python3.12/site-packages/airflow/example_dags/example_complex.py
[2026-08-12T04:33:25.599+0000] {processor.py:914} INFO - Processing file /home/airflow/.local/lib/python3.12/site-packages/airflow/example_dags/example_complex.py for tasks to queue
[2026-08-12T04:33:25.602+0000] {logging_mixin.py:190} INFO - [2026-08-12T04:33:25.602+0000] {dagbag.py:587} INFO - Filling up the DagBag from /home/airflow/.local/lib/python3.12/site-packages/airflow/example_dags/example_complex.py
[2026-08-12T04:33:25.613+0000] {processor.py:925} INFO - DAG(s) 'example_complex' retrieved from /home/airflow/.local/lib/python3.12/site-packages/airflow/example_dags/example_complex.py
[2026-08-12T04:33:25.643+0000] {logging_mixin.py:190} INFO - [2026-08-12T04:33:25.643+0000] {dag.py:3211} INFO - Sync 1 DAGs
[2026-08-12T04:33:25.658+0000] {logging_mixin.py:190} INFO - [2026-08-12T04:33:25.658+0000] {dag.py:4138} INFO - Setting next_dagrun for example_complex to None, run_after=None
[2026-08-12T04:33:25.684+0000] {processor.py:208} INFO - Processing /home/airflow/.local/lib/python3.12/site-packages/airflow/example_dags/example_complex.py took 0.093 seconds
[2026-08-12T04:33:56.281+0000] {processor.py:186} INFO - Started process (PID=202) to work on /home/airflow/.local/lib/python3.12/site-packages/airflow/example_dags/example_complex.py
[2026-08-12T04:33:56.283+0000] {processor.py:914} INFO - Processing file /home/airflow/.local/lib/python3.12/site-packages/airflow/example_dags/example_complex.py for tasks to queue
[2026-08-12T04:33:56.286+0000] {logging_mixin.py:190} INFO - [2026-08-12T04:33:56.286+0000] {dagbag.py:587} INFO - Filling up the DagBag from /home/airflow/.local/lib/python3.12/site-packages/airflow/example_dags/example_complex.py
[2026-08-12T04:33:56.299+0000] {processor.py:925} INFO - DAG(s) 'example_complex' retrieved from /home/airflow/.local/lib/python3.12/site-packages/airflow/example_dags/example_complex.py
[2026-08-12T04:33:56.330+0000] {logging_mixin.py:190} INFO - [2026-08-12T04:33:56.329+0000] {dag.py:3211} INFO - Sync 1 DAGs
[2026-08-12T04:33:56.344+0000] {logging_mixin.py:190} INFO - [2026-08-12T04:33:56.344+0000] {dag.py:4138} INFO - Setting next_dagrun for example_complex to None, run_after=None
[2026-08-12T04:33:56.367+0000] {processor.py:208} INFO - Processing /home/airflow/.local/lib/python3.12/site-packages/airflow/example_dags/example_complex.py took 0.093 seconds
[2026-08-12T04:34:26.807+0000] {processor.py:186} INFO - Started process (PID=264) to work on /home/airflow/.local/lib/python3.12/site-packages/airflow/example_dags/example_complex.py
[2026-08-12T04:34:26.809+0000] {processor.py:914} INFO - Processing file /home/airflow/.local/lib/python3.12/site-packages/airflow/example_dags/example_complex.py for tasks to queue
[2026-08-12T04:34:26.813+0000] {logging_mixin.py:190} INFO - [2026-08-12T04:34:26.813+0000] {dagbag.py:587} INFO - Filling up the DagBag from /home/airflow/.local/lib/python3.12/site-packages/airflow/example_dags/example_complex.py
[2026-08-12T04:34:26.831+0000] {processor.py:925} INFO - DAG(s) 'example_complex' retrieved from /home/airflow/.local/lib/python3.12/site-packages/airflow/example_dags/example_complex.py
[2026-08-12T04:34:26.890+0000] {logging_mixin.py:190} INFO - [2026-08-12T04:34:26.890+0000] {dag.py:3211} INFO - Sync 1 DAGs
[2026-08-12T04:34:26.915+0000] {logging_mixin.py:190} INFO - [2026-08-12T04:34:26.915+0000] {dag.py:4138} INFO - Setting next_dagrun for example_complex to None, run_after=None
[2026-08-12T04:34:26.946+0000] {processor.py:208} INFO - Processing /home/airflow/.local/lib/python3.12/site-packages/airflow/example_dags/example_complex.py took 0.148 seconds
[2026-08-12T04:34:57.355+0000] {processor.py:186} INFO - Started process (PID=326) to work on /home/airflow/.local/lib/python3.12/site-packages/airflow/example_dags/example_complex.py
[2026-08-12T04:34:57.357+0000] {processor.py:914} INFO - Processing file /home/airflow/.local/lib/python3.12/site-packages/airflow/example_dags/example_complex.py for tasks to queue
[2026-08-12T04:34:57.360+0000] {logging_mixin.py:190} INFO - [2026-08-12T04:34:57.359+0000] {dagbag.py:587} INFO - Filling up the DagBag from /home/airflow/.local/lib/python3.12/site-packages/airflow/example_dags/example_complex.py
[2026-08-12T04:34:57.371+0000] {processor.py:925} INFO - DAG(s) 'example_complex' retrieved from /home/airflow/.local/lib/python3.12/site-packages/airflow/example_dags/example_complex.py
[2026-08-12T04:34:57.398+0000] {logging_mixin.py:190} INFO - [2026-08-12T04:34:57.398+0000] {dag.py:3211} INFO - Sync 1 DAGs
[2026-08-12T04:34:57.414+0000] {logging_mixin.py:190} INFO - [2026-08-12T04:34:57.414+0000] {dag.py:4138} INFO - Setting next_dagrun for example_complex to None, run_after=None
[2026-08-12T04:34:57.434+0000] {processor.py:208} INFO - Processing /home/airflow/.local/lib/python3.12/site-packages/airflow/example_dags/example_complex.py took 0.087 seconds
[2026-08-12T04:35:27.919+0000] {processor.py:186} INFO - Started process (PID=388) to work on /home/airflow/.local/lib/python3.12/site-packages/airflow/example_dags/example_complex.py
[2026-08-12T04:35:27.920+0000] {processor.py:914} INFO - Processing file /home/airflow/.local/lib/python3.12/site-packages/airflow/example_dags/example_complex.py for tasks to queue
[2026-08-12T04:35:27.924+0000] {logging_mixin.py:190} INFO - [2026-08-12T04:35:27.924+0000] {dagbag.py:587} INFO - Filling up the DagBag from /home/airflow/.local/lib/python3.12/site-packages/airflow/example_dags/example_complex.py
[2026-08-12T04:35:27.939+0000] {processor.py:925} INFO - DAG(s) 'example_complex' retrieved from /home/airflow/.local/lib/python3.12/site-packages/airflow/example_dags/example_complex.py
[2026-08-12T04:35:27.981+0000] {logging_mixin.py:190} INFO - [2026-08-12T04:35:27.980+0000] {dag.py:3211} INFO - Sync 1 DAGs
[2026-08-12T04:35:27.998+0000] {logging_mixin.py:190} INFO - [2026-08-12T04:35:27.998+0000] {dag.py:4138} INFO - Setting next_dagrun for example_complex to None, run_after=None
[2026-08-12T04:35:28.021+0000] {processor.py:208} INFO - Processing /home/airflow/.local/lib/python3.12/site-packages/airflow/example_dags/example_complex.py took 0.110 seconds
[2026-08-12T04:35:58.293+0000] {processor.py:186} INFO - Started process (PID=450) to work on /home/airflow/.local/lib/python3.12/site-packages/airflow/example_dags/example_complex.py
[2026-08-12T04:35:58.295+0000] {processor.py:914} INFO - Processing file /home/airflow/.local/lib/python3.12/site-packages/airflow/example_dags/example_complex.py for tasks to queue
[2026-08-12T04:35:58.298+0000] {logging_mixin.py:190} INFO - [2026-08-12T04:35:58.298+0000] {dagbag.py:587} INFO - Filling up the DagBag from /home/airflow/.local/lib/python3.12/site-packages/airflow/example_dags/example_complex.py
[2026-08-12T04:35:58.310+0000] {processor.py:925} INFO - DAG(s) 'example_complex' retrieved from /home/airflow/.local/lib/python3.12/site-packages/airflow/example_dags/example_complex.py
[2026-08-12T04:35:58.339+0000] {logging_mixin.py:190} INFO - [2026-08-12T04:35:58.339+0000] {dag.py:3211} INFO - Sync 1 DAGs
[2026-08-12T04:35:58.354+0000] {logging_mixin.py:190} INFO - [2026-08-12T04:35:58.354+0000] {dag.py:4138} INFO - Setting next_dagrun for example_complex to None, run_after=None
[2026-08-12T04:35:58.387+0000] {processor.py:208} INFO - Processing /home/airflow/.local/lib/python3.12/site-packages/airflow/example_dags/example_complex.py took 0.100 seconds
[2026-08-12T04:36:28.993+0000] {processor.py:186} INFO - Started process (PID=512) to work on /home/airflow/.local/lib/python3.12/site-packages/airflow/example_dags/example_complex.py
[2026-08-12T04:36:28.995+0000] {processor.py:914} INFO - Processing file /home/airflow/.local/lib/python3.12/site-packages/airflow/example_dags/example_complex.py for tasks to queue
[2026-08-12T04:36:28.999+0000] {logging_mixin.py:190} INFO - [2026-08-12T04:36:28.998+0000] {dagbag.py:587} INFO - Filling up the DagBag from /home/airflow/.local/lib/python3.12/site-packages/airflow/example_dags/example_complex.py
[2026-08-12T04:36:29.012+0000] {processor.py:925} INFO - DAG(s) 'example_complex' retrieved from /home/airflow/.local/lib/python3.12/site-packages/airflow/example_dags/example_complex.py
[2026-08-12T04:36:29.044+0000] {logging_mixin.py:190} INFO - [2026-08-12T04:36:29.044+0000] {dag.py:3211} INFO - Sync 1 DAGs
[2026-08-12T04:36:29.060+0000] {logging_mixin.py:190} INFO - [2026-08-12T04:36:29.059+0000] {dag.py:4138} INFO - Setting next_dagrun for example_complex to None, run_after=None
[2026-08-12T04:36:29.099+0000] {processor.py:208} INFO - Processing /home/airflow/.local/lib/python3.12/site-packages/airflow/example_dags/example_complex.py took 0.114 seconds
[2026-08-12T04:36:59.570+0000] {processor.py:186} INFO - Started process (PID=574) to work on /home/airflow/.local/lib/python3.12/site-packages/airflow/example_dags/example_complex.py
[2026-08-12T04:36:59.573+0000] {processor.py:914} INFO - Processing file /home/airflow/.local/lib/python3.12/site-packages/airflow/example_dags/example_complex.py for tasks to queue
[2026-08-12T04:36:59.576+0000] {logging_mixin.py:190} INFO - [2026-08-12T04:36:59.576+0000] {dagbag.py:587} INFO - Filling up the DagBag from /home/airflow/.local/lib/python3.12/site-packages/airflow/example_dags/example_complex.py
[2026-08-12T04:36:59.588+0000] {processor.py:925} INFO - DAG(s) 'example_complex' retrieved from /home/airflow/.local/lib/python3.12/site-packages/airflow/example_dags/example_complex.py
[2026-08-12T04:36:59.627+0000] {logging_mixin.py:190} INFO - [2026-08-12T04:36:59.627+0000] {dag.py:3211} INFO - Sync 1 DAGs
[2026-08-12T04:36:59.644+0000] {logging_mixin.py:190} INFO - [2026-08-12T04:36:59.644+0000] {dag.py:4138} INFO - Setting next_dagrun for example_complex to None, run_after=None
[2026-08-12T04:36:59.666+0000] {processor.py:208} INFO - Processing /home/airflow/.local/lib/python3.12/site-packages/airflow/example_dags/example_complex.py took 0.103 seconds
[2026-08-12T04:37:29.785+0000] {processor.py:186} INFO - Started process (PID=636) to work on /home/airflow/.local/lib/python3.12/site-packages/airflow/example_dags/example_complex.py
[2026-08-12T04:37:29.786+0000] {processor.py:914} INFO - Processing file /home/airflow/.local/lib/python3.12/site-packages/airflow/example_dags/example_complex.py for tasks to queue
[2026-08-12T04:37:29.789+0000] {logging_mixin.py:190} INFO - [2026-08-12T04:37:29.789+0000] {dagbag.py:587} INFO - Filling up the DagBag from /home/airflow/.local/lib/python3.12/site-packages/airflow/example_dags/example_complex.py
[2026-08-12T04:37:29.800+0000] {processor.py:925} INFO - DAG(s) 'example_complex' retrieved from /home/airflow/.local/lib/python3.12/site-packages/airflow/example_dags/example_complex.py
[2026-08-12T04:37:29.841+0000] {logging_mixin.py:190} INFO - [2026-08-12T04:37:29.841+0000] {dag.py:3211} INFO - Sync 1 DAGs
[2026-08-12T04:37:29.858+0000] {logging_mixin.py:190} INFO - [2026-08-12T04:37:29.858+0000] {dag.py:4138} INFO - Setting next_dagrun for example_complex to None, run_after=None
[2026-08-12T04:37:29.885+0000] {processor.py:208} INFO - Processing /home/airflow/.local/lib/python3.12/site-packages/airflow/example_dags/example_complex.py took 0.106 seconds
[2026-08-12T04:38:00.061+0000] {processor.py:186} INFO - Started process (PID=698) to work on /home/airflow/.local/lib/python3.12/site-packages/airflow/example_dags/example_complex.py
[2026-08-12T04:38:00.063+0000] {processor.py:914} INFO - Processing file /home/airflow/.local/lib/python3.12/site-packages/airflow/example_dags/example_complex.py for tasks to queue
[2026-08-12T04:38:00.066+0000] {logging_mixin.py:190} INFO - [2026-08-12T04:38:00.066+0000] {dagbag.py:587} INFO - Filling up the DagBag from /home/airflow/.local/lib/python3.12/site-packages/airflow/example_dags/example_complex.py
[2026-08-12T04:38:00.079+0000] {processor.py:925} INFO - DAG(s) 'example_complex' retrieved from /home/airflow/.local/lib/python3.12/site-packages/airflow/example_dags/example_complex.py
[2026-08-12T04:38:00.109+0000] {logging_mixin.py:190} INFO - [2026-08-12T04:38:00.109+0000] {dag.py:3211} INFO - Sync 1 DAGs
[2026-08-12T04:38:00.125+0000] {logging_mixin.py:190} INFO - [2026-08-12T04:38:00.124+0000] {dag.py:4138} INFO - Setting next_dagrun for example_complex to None, run_after=None
[2026-08-12T04:38:00.147+0000] {processor.py:208} INFO - Processing /home/airflow/.local/lib/python3.12/site-packages/airflow/example_dags/example_complex.py took 0.091 seconds
[2026-08-12T04:38:30.741+0000] {processor.py:186} INFO - Started process (PID=760) to work on /home/airflow/.local/lib/python3.12/site-packages/airflow/example_dags/example_complex.py
[2026-08-12T04:38:30.743+0000] {processor.py:914} INFO - Processing file /home/airflow/.local/lib/python3.12/site-packages/airflow/example_dags/example_complex.py for tasks to queue
[2026-08-12T04:38:30.746+0000] {logging_mixin.py:190} INFO - [2026-08-12T04:38:30.746+0000] {dagbag.py:587} INFO - Filling up the DagBag from /home/airflow/.local/lib/python3.12/site-packages/airflow/example_dags/example_complex.py
[2026-08-12T04:38:30.773+0000] {processor.py:925} INFO - DAG(s) 'example_complex' retrieved from /home/airflow/.local/lib/python3.12/site-packages/airflow/example_dags/example_complex.py
[2026-08-12T04:38:30.817+0000] {logging_mixin.py:190} INFO - [2026-08-12T04:38:30.817+0000] {dag.py:3211} INFO - Sync 1 DAGs
[2026-08-12T04:38:30.832+0000] {logging_mixin.py:190} INFO - [2026-08-12T04:38:30.832+0000] {dag.py:4138} INFO - Setting next_dagrun for example_complex to None, run_after=None
[2026-08-12T04:38:30.851+0000] {processor.py:208} INFO - Processing /home/airflow/.local/lib/python3.12/site-packages/airflow/example_dags/example_complex.py took 0.116 seconds
[2026-08-12T04:39:01.106+0000] {processor.py:186} INFO - Started process (PID=822) to work on /home/airflow/.local/lib/python3.12/site-packages/airflow/example_dags/example_complex.py
[2026-08-12T04:39:01.108+0000] {processor.py:914} INFO - Processing file /home/airflow/.local/lib/python3.12/site-packages/airflow/example_dags/example_complex.py for tasks to queue
[2026-08-12T04:39:01.112+0000] {logging_mixin.py:190} INFO - [2026-08-12T04:39:01.112+0000] {dagbag.py:587} INFO - Filling up the DagBag from /home/airflow/.local/lib/python3.12/site-packages/airflow/example_dags/example_complex.py
[2026-08-12T04:39:01.128+0000] {processor.py:925} INFO - DAG(s) 'example_complex' retrieved from /home/airflow/.local/lib/python3.12/site-packages/airflow/example_dags/example_complex.py
[2026-08-12T04:39:01.165+0000] {logging_mixin.py:190} INFO - [2026-08-12T04:39:01.165+0000] {dag.py:3211} INFO - Sync 1 DAGs
[2026-08-12T04:39:01.182+0000] {logging_mixin.py:190} INFO - [2026-08-12T04:39:01.182+0000] {dag.py:4138} INFO - Setting next_dagrun for example_complex to None, run_after=None
[2026-08-12T04:39:01.206+0000] {processor.py:208} INFO - Processing /home/airflow/.local/lib/python3.12/site-packages/airflow/example_dags/example_complex.py took 0.106 seconds
[2026-08-12T04:39:31.576+0000] {processor.py:186} INFO - Started process (PID=884) to work on /home/airflow/.local/lib/python3.12/site-packages/airflow/example_dags/example_complex.py
[2026-08-12T04:39:31.577+0000] {processor.py:914} INFO - Processing file /home/airflow/.local/lib/python3.12/site-packages/airflow/example_dags/example_complex.py for tasks to queue
[2026-08-12T04:39:31.581+0000] {logging_mixin.py:190} INFO - [2026-08-12T04:39:31.581+0000] {dagbag.py:587} INFO - Filling up the DagBag from /home/airflow/.local/lib/python3.12/site-packages/airflow/example_dags/example_complex.py
[2026-08-12T04:39:31.596+0000] {processor.py:925} INFO - DAG(s) 'example_complex' retrieved from /home/airflow/.local/lib/python3.12/site-packages/airflow/example_dags/example_complex.py
[2026-08-12T04:39:31.624+0000] {logging_mixin.py:190} INFO - [2026-08-12T04:39:31.624+0000] {dag.py:3211} INFO - Sync 1 DAGs
[2026-08-12T04:39:31.638+0000] {logging_mixin.py:190} INFO - [2026-08-12T04:39:31.638+0000] {dag.py:4138} INFO - Setting next_dagrun for example_complex to None, run_after=None
[2026-08-12T04:39:31.657+0000] {processor.py:208} INFO - Processing /home/airflow/.local/lib/python3.12/site-packages/airflow/example_dags/example_complex.py took 0.088 seconds
[2026-08-12T04:40:01.935+0000] {processor.py:186} INFO - Started process (PID=946) to work on /home/airflow/.local/lib/python3.12/site-packages/airflow/example_dags/example_complex.py
[2026-08-12T04:40:01.937+0000] {processor.py:914} INFO - Processing file /home/airflow/.local/lib/python3.12/site-packages/airflow/example_dags/example_complex.py for tasks to queue
[2026-08-12T04:40:01.940+0000] {logging_mixin.py:190} INFO - [2026-08-12T04:40:01.940+0000] {dagbag.py:587} INFO - Filling up the DagBag from /home/airflow/.local/lib/python3.12/site-packages/airflow/example_dags/example_complex.py
[2026-08-12T04:40:01.952+0000] {processor.py:925} INFO - DAG(s) 'example_complex' retrieved from /home/airflow/.local/lib/python3.12/site-packages/airflow/example_dags/example_complex.py
[2026-08-12T04:40:01.985+0000] {logging_mixin.py:190} INFO - [2026-08-12T04:40:01.984+0000] {dag.py:3211} INFO - Sync 1 DAGs
[2026-08-12T04:40:01.998+0000] {logging_mixin.py:190} INFO - [2026-08-12T04:40:01.998+0000] {dag.py:4138} INFO - Setting next_dagrun for example_complex to None, run_after=None
[2026-08-12T04:40:02.019+0000] {processor.py:208} INFO - Processing /home/airflow/.local/lib/python3.12/site-packages/airflow/example_dags/example_complex.py took 0.090 seconds
[2026-08-12T04:40:32.511+0000] {processor.py:186} INFO - Started process (PID=1008) to work on /home/airflow/.local/lib/python3.12/site-packages/airflow/example_dags/example_complex.py
[2026-08-12T04:40:32.513+0000] {processor.py:914} INFO - Processing file /home/airflow/.local/lib/python3.12/site-packages/airflow/example_dags/example_complex.py for tasks to queue
[2026-08-12T04:40:32.516+0000] {logging_mixin.py:190} INFO - [2026-08-12T04:40:32.516+0000] {dagbag.py:587} INFO - Filling up the DagBag from /home/airflow/.local/lib/python3.12/site-packages/airflow/example_dags/example_complex.py
[2026-08-12T04:40:32.532+0000] {processor.py:925} INFO - DAG(s) 'example_complex' retrieved from /home/airflow/.local/lib/python3.12/site-packages/airflow/example_dags/example_complex.py
[2026-08-12T04:40:32.563+0000] {logging_mixin.py:190} INFO - [2026-08-12T04:40:32.563+0000] {dag.py:3211} INFO - Sync 1 DAGs
[2026-08-12T04:40:32.577+0000] {logging_mixin.py:190} INFO - [2026-08-12T04:40:32.577+0000] {dag.py:4138} INFO - Setting next_dagrun for example_complex to None, run_after=None
[2026-08-12T04:40:32.597+0000] {processor.py:208} INFO - Processing /home/airflow/.local/lib/python3.12/site-packages/airflow/example_dags/example_complex.py took 0.093 seconds
[2026-08-12T04:41:03.221+0000] {processor.py:186} INFO - Started process (PID=1070) to work on /home/airflow/.local/lib/python3.12/site-packages/airflow/example_dags/example_complex.py
[2026-08-12T04:41:03.223+0000] {processor.py:914} INFO - Processing file /home/airflow/.local/lib/python3.12/site-packages/airflow/example_dags/example_complex.py for tasks to queue
[2026-08-12T04:41:03.227+0000] {logging_mixin.py:190} INFO - [2026-08-12T04:41:03.226+0000] {dagbag.py:587} INFO - Filling up the DagBag from /home/airflow/.local/lib/python3.12/site-packages/airflow/example_dags/example_complex.py
[2026-08-12T04:41:03.239+0000] {processor.py:925} INFO - DAG(s) 'example_complex' retrieved from /home/airflow/.local/lib/python3.12/site-packages/airflow/example_dags/example_complex.py
[2026-08-12T04:41:03.272+0000] {logging_mixin.py:190} INFO - [2026-08-12T04:41:03.272+0000] {dag.py:3211} INFO - Sync 1 DAGs
[2026-08-12T04:41:03.291+0000] {logging_mixin.py:190} INFO - [2026-08-12T04:41:03.291+0000] {dag.py:4138} INFO - Setting next_dagrun for example_complex to None, run_after=None
[2026-08-12T04:41:03.312+0000] {processor.py:208} INFO - Processing /home/airflow/.local/lib/python3.12/site-packages/airflow/example_dags/example_complex.py took 0.097 seconds
[2026-08-12T04:41:33.764+0000] {processor.py:186} INFO - Started process (PID=1132) to work on /home/airflow/.local/lib/python3.12/site-packages/airflow/example_dags/example_complex.py
[2026-08-12T04:41:33.767+0000] {processor.py:914} INFO - Processing file /home/airflow/.local/lib/python3.12/site-packages/airflow/example_dags/example_complex.py for tasks to queue
[2026-08-12T04:41:33.772+0000] {logging_mixin.py:190} INFO - [2026-08-12T04:41:33.771+0000] {dagbag.py:587} INFO - Filling up the DagBag from /home/airflow/.local/lib/python3.12/site-packages/airflow/example_dags/example_complex.py
[2026-08-12T04:41:33.790+0000] {processor.py:925} INFO - DAG(s) 'example_complex' retrieved from /home/airflow/.local/lib/python3.12/site-packages/airflow/example_dags/example_complex.py
[2026-08-12T04:41:33.832+0000] {logging_mixin.py:190} INFO - [2026-08-12T04:41:33.832+0000] {dag.py:3211} INFO - Sync 1 DAGs
[2026-08-12T04:41:33.854+0000] {logging_mixin.py:190} INFO - [2026-08-12T04:41:33.853+0000] {dag.py:4138} INFO - Setting next_dagrun for example_complex to None, run_after=None
[2026-08-12T04:41:33.885+0000] {processor.py:208} INFO - Processing /home/airflow/.local/lib/python3.12/site-packages/airflow/example_dags/example_complex.py took 0.129 seconds
[2026-08-12T04:42:04.416+0000] {processor.py:186} INFO - Started process (PID=1194) to work on /home/airflow/.local/lib/python3.12/site-packages/airflow/example_dags/example_complex.py
[2026-08-12T04:42:04.418+0000] {processor.py:914} INFO - Processing file /home/airflow/.local/lib/python3.12/site-packages/airflow/example_dags/example_complex.py for tasks to queue
[2026-08-12T04:42:04.421+0000] {logging_mixin.py:190} INFO - [2026-08-12T04:42:04.420+0000] {dagbag.py:587} INFO - Filling up the DagBag from /home/airflow/.local/lib/python3.12/site-packages/airflow/example_dags/example_complex.py
[2026-08-12T04:42:04.431+0000] {processor.py:925} INFO - DAG(s) 'example_complex' retrieved from /home/airflow/.local/lib/python3.12/site-packages/airflow/example_dags/example_complex.py
[2026-08-12T04:42:04.460+0000] {logging_mixin.py:190} INFO - [2026-08-12T04:42:04.459+0000] {dag.py:3211} INFO - Sync 1 DAGs
[2026-08-12T04:42:04.474+0000] {logging_mixin.py:190} INFO - [2026-08-12T04:42:04.474+0000] {dag.py:4138} INFO - Setting next_dagrun for example_complex to None, run_after=None
[2026-08-12T04:42:04.493+0000] {processor.py:208} INFO - Processing /home/airflow/.local/lib/python3.12/site-packages/airflow/example_dags/example_complex.py took 0.083 seconds
[2026-08-12T04:42:35.093+0000] {processor.py:186} INFO - Started process (PID=1256) to work on /home/airflow/.local/lib/python3.12/site-packages/airflow/example_dags/example_complex.py
[2026-08-12T04:42:35.094+0000] {processor.py:914} INFO - Processing file /home/airflow/.local/lib/python3.12/site-packages/airflow/example_dags/example_complex.py for tasks to queue
[2026-08-12T04:42:35.097+0000] {logging_mixin.py:190} INFO - [2026-08-12T04:42:35.097+0000] {dagbag.py:587} INFO - Filling up the DagBag from /home/airflow/.local/lib/python3.12/site-packages/airflow/example_dags/example_complex.py
[2026-08-12T04:42:35.113+0000] {processor.py:925} INFO - DAG(s) 'example_complex' retrieved from /home/airflow/.local/lib/python3.12/site-packages/airflow/example_dags/example_complex.py
[2026-08-12T04:42:35.157+0000] {logging_mixin.py:190} INFO - [2026-08-12T04:42:35.157+0000] {dag.py:3211} INFO - Sync 1 DAGs
[2026-08-12T04:42:35.177+0000] {logging_mixin.py:190} INFO - [2026-08-12T04:42:35.176+0000] {dag.py:4138} INFO - Setting next_dagrun for example_complex to None, run_after=None
[2026-08-12T04:42:35.201+0000] {processor.py:208} INFO - Processing /home/airflow/.local/lib/python3.12/site-packages/airflow/example_dags/example_complex.py took 0.114 seconds
[2026-08-12T04:43:05.977+0000] {processor.py:186} INFO - Started process (PID=1318) to work on /home/airflow/.local/lib/python3.12/site-packages/airflow/example_dags/example_complex.py
[2026-08-12T04:43:05.979+0000] {processor.py:914} INFO - Processing file /home/airflow/.local/lib/python3.12/site-packages/airflow/example_dags/example_complex.py for tasks to queue
[2026-08-12T04:43:05.982+0000] {logging_mixin.py:190} INFO - [2026-08-12T04:43:05.982+0000] {dagbag.py:587} INFO - Filling up the DagBag from /home/airflow/.local/lib/python3.12/site-packages/airflow/example_dags/example_complex.py
[2026-08-12T04:43:05.997+0000] {processor.py:925} INFO - DAG(s) 'example_complex' retrieved from /home/airflow/.local/lib/python3.12/site-packages/airflow/example_dags/example_complex.py
[2026-08-12T04:43:06.025+0000] {logging_mixin.py:190} INFO - [2026-08-12T04:43:06.025+0000] {dag.py:3211} INFO - Sync 1 DAGs
[2026-08-12T04:43:06.043+0000] {logging_mixin.py:190} INFO - [2026-08-12T04:43:06.042+0000] {dag.py:4138} INFO - Setting next_dagrun for example_complex to None, run_after=None
[2026-08-12T04:43:06.063+0000] {processor.py:208} INFO - Processing /home/airflow/.local/lib/python3.12/site-packages/airflow/example_dags/example_complex.py took 0.092 seconds
[2026-08-12T04:43:36.383+0000] {processor.py:186} INFO - Started process (PID=1380) to work on /home/airflow/.local/lib/python3.12/site-packages/airflow/example_dags/example_complex.py
[2026-08-12T04:43:36.384+0000] {processor.py:914} INFO - Processing file /home/airflow/.local/lib/python3.12/site-packages/airflow/example_dags/example_complex.py for tasks to queue
[2026-08-12T04:43:36.388+0000] {logging_mixin.py:190} INFO - [2026-08-12T04:43:36.387+0000] {dagbag.py:587} INFO - Filling up the DagBag from /home/airflow/.local/lib/python3.12/site-packages/airflow/example_dags/example_complex.py
[2026-08-12T04:43:36.401+0000] {processor.py:925} INFO - DAG(s) 'example_complex' retrieved from /home/airflow/.local/lib/python3.12/site-packages/airflow/example_dags/example_complex.py
[2026-08-12T04:43:36.451+0000] {logging_mixin.py:190} INFO - [2026-08-12T04:43:36.451+0000] {dag.py:3211} INFO - Sync 1 DAGs
[2026-08-12T04:43:36.473+0000] {logging_mixin.py:190} INFO - [2026-08-12T04:43:36.472+0000] {dag.py:4138} INFO - Setting next_dagrun for example_complex to None, run_after=None
[2026-08-12T04:43:36.496+0000] {processor.py:208} INFO - Processing /home/airflow/.local/lib/python3.12/site-packages/airflow/example_dags/example_complex.py took 0.120 seconds
[2026-08-12T04:44:06.599+0000] {processor.py:186} INFO - Started process (PID=1442) to work on /home/airflow/.local/lib/python3.12/site-packages/airflow/example_dags/example_complex.py
[2026-08-12T04:44:06.600+0000] {processor.py:914} INFO - Processing file /home/airflow/.local/lib/python3.12/site-packages/airflow/example_dags/example_complex.py for tasks to queue
[2026-08-12T04:44:06.604+0000] {logging_mixin.py:190} INFO - [2026-08-12T04:44:06.603+0000] {dagbag.py:587} INFO - Filling up the DagBag from /home/airflow/.local/lib/python3.12/site-packages/airflow/example_dags/example_complex.py
[2026-08-12T04:44:06.616+0000] {processor.py:925} INFO - DAG(s) 'example_complex' retrieved from /home/airflow/.local/lib/python3.12/site-packages/airflow/example_dags/example_complex.py
[2026-08-12T04:44:06.646+0000] {logging_mixin.py:190} INFO - [2026-08-12T04:44:06.645+0000] {dag.py:3211} INFO - Sync 1 DAGs
[2026-08-12T04:44:06.660+0000] {logging_mixin.py:190} INFO - [2026-08-12T04:44:06.660+0000] {dag.py:4138} INFO - Setting next_dagrun for example_complex to None, run_after=None
[2026-08-12T04:44:06.692+0000] {processor.py:208} INFO - Processing /home/airflow/.local/lib/python3.12/site-packages/airflow/example_dags/example_complex.py took 0.099 seconds
[2026-08-12T04:44:37.634+0000] {processor.py:186} INFO - Started process (PID=1504) to work on /home/airflow/.local/lib/python3.12/site-packages/airflow/example_dags/example_complex.py
[2026-08-12T04:44:37.635+0000] {processor.py:914} INFO - Processing file /home/airflow/.local/lib/python3.12/site-packages/airflow/example_dags/example_complex.py for tasks to queue
[2026-08-12T04:44:37.639+0000] {logging_mixin.py:190} INFO - [2026-08-12T04:44:37.639+0000] {dagbag.py:587} INFO - Filling up the DagBag from /home/airflow/.local/lib/python3.12/site-packages/airflow/example_dags/example_complex.py
[2026-08-12T04:44:37.651+0000] {processor.py:925} INFO - DAG(s) 'example_complex' retrieved from /home/airflow/.local/lib/python3.12/site-packages/airflow/example_dags/example_complex.py
[2026-08-12T04:44:37.688+0000] {logging_mixin.py:190} INFO - [2026-08-12T04:44:37.687+0000] {dag.py:3211} INFO - Sync 1 DAGs
[2026-08-12T04:44:37.703+0000] {logging_mixin.py:190} INFO - [2026-08-12T04:44:37.702+0000] {dag.py:4138} INFO - Setting next_dagrun for example_complex to None, run_after=None
[2026-08-12T04:44:37.727+0000] {processor.py:208} INFO - Processing /home/airflow/.local/lib/python3.12/site-packages/airflow/example_dags/example_complex.py took 0.100 seconds
[2026-08-12T04:45:07.779+0000] {processor.py:186} INFO - Started process (PID=1566) to work on /home/airflow/.local/lib/python3.12/site-packages/airflow/example_dags/example_complex.py
[2026-08-12T04:45:07.781+0000] {processor.py:914} INFO - Processing file /home/airflow/.local/lib/python3.12/site-packages/airflow/example_dags/example_complex.py for tasks to queue
[2026-08-12T04:45:07.784+0000] {logging_mixin.py:190} INFO - [2026-08-12T04:45:07.784+0000] {dagbag.py:587} INFO - Filling up the DagBag from /home/airflow/.local/lib/python3.12/site-packages/airflow/example_dags/example_complex.py
[2026-08-12T04:45:07.796+0000] {processor.py:925} INFO - DAG(s) 'example_complex' retrieved from /home/airflow/.local/lib/python3.12/site-packages/airflow/example_dags/example_complex.py
[2026-08-12T04:45:07.827+0000] {logging_mixin.py:190} INFO - [2026-08-12T04:45:07.827+0000] {dag.py:3211} INFO - Sync 1 DAGs
[2026-08-12T04:45:07.842+0000] {logging_mixin.py:190} INFO - [2026-08-12T04:45:07.842+0000] {dag.py:4138} INFO - Setting next_dagrun for example_complex to None, run_after=None
[2026-08-12T04:45:07.863+0000] {processor.py:208} INFO - Processing /home/airflow/.local/lib/python3.12/site-packages/airflow/example_dags/example_complex.py took 0.102 seconds
[2026-08-12T04:45:38.663+0000] {processor.py:186} INFO - Started process (PID=1628) to work on /home/airflow/.local/lib/python3.12/site-packages/airflow/example_dags/example_complex.py
[2026-08-12T04:45:38.665+0000] {processor.py:914} INFO - Processing file /home/airflow/.local/lib/python3.12/site-packages/airflow/example_dags/example_complex.py for tasks to queue
[2026-08-12T04:45:38.668+0000] {logging_mixin.py:190} INFO - [2026-08-12T04:45:38.668+0000] {dagbag.py:587} INFO - Filling up the DagBag from /home/airflow/.local/lib/python3.12/site-packages/airflow/example_dags/example_complex.py
[2026-08-12T04:45:38.684+0000] {processor.py:925} INFO - DAG(s) 'example_complex' retrieved from /home/airflow/.local/lib/python3.12/site-packages/airflow/example_dags/example_complex.py
[2026-08-12T04:45:38.721+0000] {logging_mixin.py:190} INFO - [2026-08-12T04:45:38.720+0000] {dag.py:3211} INFO - Sync 1 DAGs
[2026-08-12T04:45:38.738+0000] {logging_mixin.py:190} INFO - [2026-08-12T04:45:38.738+0000] {dag.py:4138} INFO - Setting next_dagrun for example_complex to None, run_after=None
[2026-08-12T04:45:38.760+0000] {processor.py:208} INFO - Processing /home/airflow/.local/lib/python3.12/site-packages/airflow/example_dags/example_complex.py took 0.104 seconds
[2026-08-12T04:46:08.972+0000] {processor.py:186} INFO - Started process (PID=1690) to work on /home/airflow/.local/lib/python3.12/site-packages/airflow/example_dags/example_complex.py
[2026-08-12T04:46:08.986+0000] {processor.py:914} INFO - Processing file /home/airflow/.local/lib/python3.12/site-packages/airflow/example_dags/example_complex.py for tasks to queue
[2026-08-12T04:46:08.990+0000] {logging_mixin.py:190} INFO - [2026-08-12T04:46:08.990+0000] {dagbag.py:587} INFO - Filling up the DagBag from /home/airflow/.local/lib/python3.12/site-packages/airflow/example_dags/example_complex.py
[2026-08-12T04:46:09.004+0000] {processor.py:925} INFO - DAG(s) 'example_complex' retrieved from /home/airflow/.local/lib/python3.12/site-packages/airflow/example_dags/example_complex.py
[2026-08-12T04:46:09.037+0000] {logging_mixin.py:190} INFO - [2026-08-12T04:46:09.037+0000] {dag.py:3211} INFO - Sync 1 DAGs
[2026-08-12T04:46:09.053+0000] {logging_mixin.py:190} INFO - [2026-08-12T04:46:09.053+0000] {dag.py:4138} INFO - Setting next_dagrun for example_complex to None, run_after=None
[2026-08-12T04:46:09.073+0000] {processor.py:208} INFO - Processing /home/airflow/.local/lib/python3.12/site-packages/airflow/example_dags/example_complex.py took 0.106 seconds
[2026-08-12T04:46:39.627+0000] {processor.py:186} INFO - Started process (PID=1752) to work on /home/airflow/.local/lib/python3.12/site-packages/airflow/example_dags/example_complex.py
[2026-08-12T04:46:39.629+0000] {processor.py:914} INFO - Processing file /home/airflow/.local/lib/python3.12/site-packages/airflow/example_dags/example_complex.py for tasks to queue
[2026-08-12T04:46:39.633+0000] {logging_mixin.py:190} INFO - [2026-08-12T04:46:39.632+0000] {dagbag.py:587} INFO - Filling up the DagBag from /home/airflow/.local/lib/python3.12/site-packages/airflow/example_dags/example_complex.py
[2026-08-12T04:46:39.646+0000] {processor.py:925} INFO - DAG(s) 'example_complex' retrieved from /home/airflow/.local/lib/python3.12/site-packages/airflow/example_dags/example_complex.py
[2026-08-12T04:46:39.690+0000] {logging_mixin.py:190} INFO - [2026-08-12T04:46:39.689+0000] {dag.py:3211} INFO - Sync 1 DAGs
[2026-08-12T04:46:39.704+0000] {logging_mixin.py:190} INFO - [2026-08-12T04:46:39.704+0000] {dag.py:4138} INFO - Setting next_dagrun for example_complex to None, run_after=None
[2026-08-12T04:46:39.726+0000] {processor.py:208} INFO - Processing /home/airflow/.local/lib/python3.12/site-packages/airflow/example_dags/example_complex.py took 0.109 seconds
[2026-08-12T04:47:10.109+0000] {processor.py:186} INFO - Started process (PID=1814) to work on /home/airflow/.local/lib/python3.12/site-packages/airflow/example_dags/example_complex.py
[2026-08-12T04:47:10.111+0000] {processor.py:914} INFO - Processing file /home/airflow/.local/lib/python3.12/site-packages/airflow/example_dags/example_complex.py for tasks to queue
[2026-08-12T04:47:10.114+0000] {logging_mixin.py:190} INFO - [2026-08-12T04:47:10.113+0000] {dagbag.py:587} INFO - Filling up the DagBag from /home/airflow/.local/lib/python3.12/site-packages/airflow/example_dags/example_complex.py
[2026-08-12T04:47:10.124+0000] {processor.py:925} INFO - DAG(s) 'example_complex' retrieved from /home/airflow/.local/lib/python3.12/site-packages/airflow/example_dags/example_complex.py
[2026-08-12T04:47:10.156+0000] {logging_mixin.py:190} INFO - [2026-08-12T04:47:10.155+0000] {dag.py:3211} INFO - Sync 1 DAGs
[2026-08-12T04:47:10.173+0000] {logging_mixin.py:190} INFO - [2026-08-12T04:47:10.173+0000] {dag.py:4138} INFO - Setting next_dagrun for example_complex to None, run_after=None
[2026-08-12T04:47:10.198+0000] {processor.py:208} INFO - Processing /home/airflow/.local/lib/python3.12/site-packages/airflow/example_dags/example_complex.py took 0.094 seconds
[2026-08-12T04:47:40.461+0000] {processor.py:186} INFO - Started process (PID=1876) to work on /home/airflow/.local/lib/python3.12/site-packages/airflow/example_dags/example_complex.py
[2026-08-12T04:47:40.463+0000] {processor.py:914} INFO - Processing file /home/airflow/.local/lib/python3.12/site-packages/airflow/example_dags/example_complex.py for tasks to queue
[2026-08-12T04:47:40.466+0000] {logging_mixin.py:190} INFO - [2026-08-12T04:47:40.466+0000] {dagbag.py:587} INFO - Filling up the DagBag from /home/airflow/.local/lib/python3.12/site-packages/airflow/example_dags/example_complex.py
[2026-08-12T04:47:40.478+0000] {processor.py:925} INFO - DAG(s) 'example_complex' retrieved from /home/airflow/.local/lib/python3.12/site-packages/airflow/example_dags/example_complex.py
[2026-08-12T04:47:40.508+0000] {logging_mixin.py:190} INFO - [2026-08-12T04:47:40.507+0000] {dag.py:3211} INFO - Sync 1 DAGs
[2026-08-12T04:47:40.524+0000] {logging_mixin.py:190} INFO - [2026-08-12T04:47:40.524+0000] {dag.py:4138} INFO - Setting next_dagrun for example_complex to None, run_after=None
[2026-08-12T04:47:40.547+0000] {processor.py:208} INFO - Processing /home/airflow/.local/lib/python3.12/site-packages/airflow/example_dags/example_complex.py took 0.091 seconds
[2026-08-12T04:48:11.363+0000] {processor.py:186} INFO - Started process (PID=1938) to work on /home/airflow/.local/lib/python3.12/site-packages/airflow/example_dags/example_complex.py
[2026-08-12T04:48:11.365+0000] {processor.py:914} INFO - Processing file /home/airflow/.local/lib/python3.12/site-packages/airflow/example_dags/example_complex.py for tasks to queue
[2026-08-12T04:48:11.368+0000] {logging_mixin.py:190} INFO - [2026-08-12T04:48:11.368+0000] {dagbag.py:587} INFO - Filling up the DagBag from /home/airflow/.local/lib/python3.12/site-packages/airflow/example_dags/example_complex.py
[2026-08-12T04:48:11.393+0000] {processor.py:925} INFO - DAG(s) 'example_complex' retrieved from /home/airflow/.local/lib/python3.12/site-packages/airflow/example_dags/example_complex.py
[2026-08-12T04:48:11.438+0000] {logging_mixin.py:190} INFO - [2026-08-12T04:48:11.438+0000] {dag.py:3211} INFO - Sync 1 DAGs
[2026-08-12T04:48:11.457+0000] {logging_mixin.py:190} INFO - [2026-08-12T04:48:11.457+0000] {dag.py:4138} INFO - Setting next_dagrun for example_complex to None, run_after=None
[2026-08-12T04:48:11.483+0000] {processor.py:208} INFO - Processing /home/airflow/.local/lib/python3.12/site-packages/airflow/example_dags/example_complex.py took 0.126 seconds
[2026-08-12T04:48:42.016+0000] {processor.py:186} INFO - Started process (PID=2000) to work on /home/airflow/.local/lib/python3.12/site-packages/airflow/example_dags/example_complex.py
[2026-08-12T04:48:42.018+0000] {processor.py:914} INFO - Processing file /home/airflow/.local/lib/python3.12/site-packages/airflow/example_dags/example_complex.py for tasks to queue
[2026-08-12T04:48:42.022+0000] {logging_mixin.py:190} INFO - [2026-08-12T04:48:42.021+0000] {dagbag.py:587} INFO - Filling up the DagBag from /home/airflow/.local/lib/python3.12/site-packages/airflow/example_dags/example_complex.py
[2026-08-12T04:48:42.041+0000] {processor.py:925} INFO - DAG(s) 'example_complex' retrieved from /home/airflow/.local/lib/python3.12/site-packages/airflow/example_dags/example_complex.py
[2026-08-12T04:48:42.091+0000] {logging_mixin.py:190} INFO - [2026-08-12T04:48:42.091+0000] {dag.py:3211} INFO - Sync 1 DAGs
[2026-08-12T04:48:42.108+0000] {logging_mixin.py:190} INFO - [2026-08-12T04:48:42.108+0000] {dag.py:4138} INFO - Setting next_dagrun for example_complex to None, run_after=None
[2026-08-12T04:48:42.136+0000] {processor.py:208} INFO - Processing /home/airflow/.local/lib/python3.12/site-packages/airflow/example_dags/example_complex.py took 0.128 seconds
[2026-08-12T04:49:13.173+0000] {processor.py:186} INFO - Started process (PID=2062) to work on /home/airflow/.local/lib/python3.12/site-packages/airflow/example_dags/example_complex.py
[2026-08-12T04:49:13.175+0000] {processor.py:914} INFO - Processing file /home/airflow/.local/lib/python3.12/site-packages/airflow/example_dags/example_complex.py for tasks to queue
[2026-08-12T04:49:13.178+0000] {logging_mixin.py:190} INFO - [2026-08-12T04:49:13.178+0000] {dagbag.py:587} INFO - Filling up the DagBag from /home/airflow/.local/lib/python3.12/site-packages/airflow/example_dags/example_complex.py
[2026-08-12T04:49:13.189+0000] {processor.py:925} INFO - DAG(s) 'example_complex' retrieved from /home/airflow/.local/lib/python3.12/site-packages/airflow/example_dags/example_complex.py
[2026-08-12T04:49:13.234+0000] {logging_mixin.py:190} INFO - [2026-08-12T04:49:13.233+0000] {dag.py:3211} INFO - Sync 1 DAGs
[2026-08-12T04:49:13.247+0000] {logging_mixin.py:190} INFO - [2026-08-12T04:49:13.246+0000] {dag.py:4138} INFO - Setting next_dagrun for example_complex to None, run_after=None
[2026-08-12T04:49:13.267+0000] {processor.py:208} INFO - Processing /home/airflow/.local/lib/python3.12/site-packages/airflow/example_dags/example_complex.py took 0.099 seconds
[2026-08-12T04:49:43.458+0000] {processor.py:186} INFO - Started process (PID=2124) to work on /home/airflow/.local/lib/python3.12/site-packages/airflow/example_dags/example_complex.py
[2026-08-12T04:49:43.460+0000] {processor.py:914} INFO - Processing file /home/airflow/.local/lib/python3.12/site-packages/airflow/example_dags/example_complex.py for tasks to queue
[2026-08-12T04:49:43.464+0000] {logging_mixin.py:190} INFO - [2026-08-12T04:49:43.464+0000] {dagbag.py:587} INFO - Filling up the DagBag from /home/airflow/.local/lib/python3.12/site-packages/airflow/example_dags/example_complex.py
[2026-08-12T04:49:43.476+0000] {processor.py:925} INFO - DAG(s) 'example_complex' retrieved from /home/airflow/.local/lib/python3.12/site-packages/airflow/example_dags/example_complex.py
[2026-08-12T04:49:43.508+0000] {logging_mixin.py:190} INFO - [2026-08-12T04:49:43.508+0000] {dag.py:3211} INFO - Sync 1 DAGs
[2026-08-12T04:49:43.525+0000] {logging_mixin.py:190} INFO - [2026-08-12T04:49:43.525+0000] {dag.py:4138} INFO - Setting next_dagrun for example_complex to None, run_after=None
[2026-08-12T04:49:43.560+0000] {processor.py:208} INFO - Processing /home/airflow/.local/lib/python3.12/site-packages/airflow/example_dags/example_complex.py took 0.121 seconds
