[2026-08-12T04:30:34.332+0000] {processor.py:186} INFO - Started process (PID=82) to work on /home/airflow/.local/lib/python3.12/site-packages/airflow/example_dags/example_task_group_decorator.py
[2026-08-12T04:30:34.335+0000] {processor.py:914} INFO - Processing file /home/airflow/.local/lib/python3.12/site-packages/airflow/example_dags/example_task_group_decorator.py for tasks to queue
[2026-08-12T04:30:34.340+0000] {logging_mixin.py:190} INFO - [2026-08-12T04:30:34.339+0000] {dagbag.py:587} INFO - Filling up the DagBag from /home/airflow/.local/lib/python3.12/site-packages/airflow/example_dags/example_task_group_decorator.py
[2026-08-12T04:30:34.367+0000] {processor.py:925} INFO - DAG(s) 'example_task_group_decorator' retrieved from /home/airflow/.local/lib/python3.12/site-packages/airflow/example_dags/example_task_group_decorator.py
[2026-08-12T04:30:34.677+0000] {logging_mixin.py:190} INFO - [2026-08-12T04:30:34.676+0000] {override.py:1858} INFO - Created Permission View: can edit on DAG:example_task_group_decorator
[2026-08-12T04:30:34.702+0000] {logging_mixin.py:190} INFO - [2026-08-12T04:30:34.701+0000] {override.py:1858} INFO - Created Permission View: can delete on DAG:example_task_group_decorator
[2026-08-12T04:30:34.746+0000] {logging_mixin.py:190} INFO - [2026-08-12T04:30:34.745+0000] {override.py:1858} INFO - Created Permission View: can read on DAG:example_task_group_decorator
[2026-08-12T04:30:34.749+0000] {logging_mixin.py:190} INFO - [2026-08-12T04:30:34.748+0000] {dag.py:3211} INFO - Sync 1 DAGs
[2026-08-12T04:30:34.797+0000] {logging_mixin.py:190} INFO - [2026-08-12T04:30:34.796+0000] {dag.py:3234} INFO - Creating ORM DAG for example_task_group_decorator
[2026-08-12T04:30:34.812+0000] {logging_mixin.py:190} INFO - [2026-08-12T04:30:34.812+0000] {dag.py:4138} INFO - Setting next_dagrun for example_task_group_decorator to 2026-08-11 00:00:00+00:00, run_after=2026-08-12 00:00:00+00:00
[2026-08-12T04:30:34.835+0000] {processor.py:208} INFO - Processing /home/airflow/.local/lib/python3.12/site-packages/airflow/example_dags/example_task_group_decorator.py took 0.512 seconds
[2026-08-12T04:31:05.329+0000] {processor.py:186} INFO - Started process (PID=144) to work on /home/airflow/.local/lib/python3.12/site-packages/airflow/example_dags/example_task_group_decorator.py
[2026-08-12T04:31:05.332+0000] {processor.py:914} INFO - Processing file /home/airflow/.local/lib/python3.12/site-packages/airflow/example_dags/example_task_group_decorator.py for tasks to queue
[2026-08-12T04:31:05.337+0000] {logging_mixin.py:190} INFO - [2026-08-12T04:31:05.336+0000] {dagbag.py:587} INFO - Filling up the DagBag from /home/airflow/.local/lib/python3.12/site-packages/airflow/example_dags/example_task_group_decorator.py
[2026-08-12T04:31:05.365+0000] {processor.py:925} INFO - DAG(s) 'example_task_group_decorator' retrieved from /home/airflow/.local/lib/python3.12/site-packages/airflow/example_dags/example_task_group_decorator.py
[2026-08-12T04:31:05.398+0000] {logging_mixin.py:190} INFO - [2026-08-12T04:31:05.398+0000] {dag.py:3211} INFO - Sync 1 DAGs
[2026-08-12T04:31:05.433+0000] {logging_mixin.py:190} INFO - [2026-08-12T04:31:05.432+0000] {dag.py:4138} INFO - Setting next_dagrun for example_task_group_decorator to 2026-08-11 00:00:00+00:00, run_after=2026-08-12 00:00:00+00:00
[2026-08-12T04:31:05.457+0000] {processor.py:208} INFO - Processing /home/airflow/.local/lib/python3.12/site-packages/airflow/example_dags/example_task_group_decorator.py took 0.138 seconds
[2026-08-12T04:31:35.994+0000] {processor.py:186} INFO - Started process (PID=208) to work on /home/airflow/.local/lib/python3.12/site-packages/airflow/example_dags/example_task_group_decorator.py
[2026-08-12T04:31:35.996+0000] {processor.py:914} INFO - Processing file /home/airflow/.local/lib/python3.12/site-packages/airflow/example_dags/example_task_group_decorator.py for tasks to queue
[2026-08-12T04:31:36.001+0000] {logging_mixin.py:190} INFO - [2026-08-12T04:31:36.000+0000] {dagbag.py:587} INFO - Filling up the DagBag from /home/airflow/.local/lib/python3.12/site-packages/airflow/example_dags/example_task_group_decorator.py
[2026-08-12T04:31:36.028+0000] {processor.py:925} INFO - DAG(s) 'example_task_group_decorator' retrieved from /home/airflow/.local/lib/python3.12/site-packages/airflow/example_dags/example_task_group_decorator.py
[2026-08-12T04:31:36.063+0000] {logging_mixin.py:190} INFO - [2026-08-12T04:31:36.062+0000] {dag.py:3211} INFO - Sync 1 DAGs
[2026-08-12T04:31:36.100+0000] {logging_mixin.py:190} INFO - [2026-08-12T04:31:36.100+0000] {dag.py:4138} INFO - Setting next_dagrun for example_task_group_decorator to 2026-08-11 00:00:00+00:00, run_after=2026-08-12 00:00:00+00:00
[2026-08-12T04:31:36.133+0000] {processor.py:208} INFO - Processing /home/airflow/.local/lib/python3.12/site-packages/airflow/example_dags/example_task_group_decorator.py took 0.147 seconds
[2026-08-12T04:32:06.691+0000] {processor.py:186} INFO - Started process (PID=270) to work on /home/airflow/.local/lib/python3.12/site-packages/airflow/example_dags/example_task_group_decorator.py
[2026-08-12T04:32:06.694+0000] {processor.py:914} INFO - Processing file /home/airflow/.local/lib/python3.12/site-packages/airflow/example_dags/example_task_group_decorator.py for tasks to queue
[2026-08-12T04:32:06.698+0000] {logging_mixin.py:190} INFO - [2026-08-12T04:32:06.698+0000] {dagbag.py:587} INFO - Filling up the DagBag from /home/airflow/.local/lib/python3.12/site-packages/airflow/example_dags/example_task_group_decorator.py
[2026-08-12T04:32:06.727+0000] {processor.py:925} INFO - DAG(s) 'example_task_group_decorator' retrieved from /home/airflow/.local/lib/python3.12/site-packages/airflow/example_dags/example_task_group_decorator.py
[2026-08-12T04:32:06.766+0000] {logging_mixin.py:190} INFO - [2026-08-12T04:32:06.766+0000] {dag.py:3211} INFO - Sync 1 DAGs
[2026-08-12T04:32:06.799+0000] {logging_mixin.py:190} INFO - [2026-08-12T04:32:06.799+0000] {dag.py:4138} INFO - Setting next_dagrun for example_task_group_decorator to 2026-08-11 00:00:00+00:00, run_after=2026-08-12 00:00:00+00:00
[2026-08-12T04:32:06.832+0000] {processor.py:208} INFO - Processing /home/airflow/.local/lib/python3.12/site-packages/airflow/example_dags/example_task_group_decorator.py took 0.151 seconds
[2026-08-12T04:32:54.096+0000] {processor.py:186} INFO - Started process (PID=73) to work on /home/airflow/.local/lib/python3.12/site-packages/airflow/example_dags/example_task_group_decorator.py
[2026-08-12T04:32:54.099+0000] {processor.py:914} INFO - Processing file /home/airflow/.local/lib/python3.12/site-packages/airflow/example_dags/example_task_group_decorator.py for tasks to queue
[2026-08-12T04:32:54.106+0000] {logging_mixin.py:190} INFO - [2026-08-12T04:32:54.105+0000] {dagbag.py:587} INFO - Filling up the DagBag from /home/airflow/.local/lib/python3.12/site-packages/airflow/example_dags/example_task_group_decorator.py
[2026-08-12T04:32:54.138+0000] {processor.py:925} INFO - DAG(s) 'example_task_group_decorator' retrieved from /home/airflow/.local/lib/python3.12/site-packages/airflow/example_dags/example_task_group_decorator.py
[2026-08-12T04:32:54.208+0000] {logging_mixin.py:190} INFO - [2026-08-12T04:32:54.207+0000] {dag.py:3211} INFO - Sync 1 DAGs
[2026-08-12T04:32:54.260+0000] {logging_mixin.py:190} INFO - [2026-08-12T04:32:54.259+0000] {dag.py:4138} INFO - Setting next_dagrun for example_task_group_decorator to 2026-08-11 00:00:00+00:00, run_after=2026-08-12 00:00:00+00:00
[2026-08-12T04:32:54.312+0000] {processor.py:208} INFO - Processing /home/airflow/.local/lib/python3.12/site-packages/airflow/example_dags/example_task_group_decorator.py took 0.229 seconds
[2026-08-12T04:33:25.099+0000] {processor.py:186} INFO - Started process (PID=135) to work on /home/airflow/.local/lib/python3.12/site-packages/airflow/example_dags/example_task_group_decorator.py
[2026-08-12T04:33:25.101+0000] {processor.py:914} INFO - Processing file /home/airflow/.local/lib/python3.12/site-packages/airflow/example_dags/example_task_group_decorator.py for tasks to queue
[2026-08-12T04:33:25.104+0000] {logging_mixin.py:190} INFO - [2026-08-12T04:33:25.104+0000] {dagbag.py:587} INFO - Filling up the DagBag from /home/airflow/.local/lib/python3.12/site-packages/airflow/example_dags/example_task_group_decorator.py
[2026-08-12T04:33:25.118+0000] {processor.py:925} INFO - DAG(s) 'example_task_group_decorator' retrieved from /home/airflow/.local/lib/python3.12/site-packages/airflow/example_dags/example_task_group_decorator.py
[2026-08-12T04:33:25.155+0000] {logging_mixin.py:190} INFO - [2026-08-12T04:33:25.155+0000] {dag.py:3211} INFO - Sync 1 DAGs
[2026-08-12T04:33:25.179+0000] {logging_mixin.py:190} INFO - [2026-08-12T04:33:25.178+0000] {dag.py:4138} INFO - Setting next_dagrun for example_task_group_decorator to 2026-08-11 00:00:00+00:00, run_after=2026-08-12 00:00:00+00:00
[2026-08-12T04:33:25.200+0000] {processor.py:208} INFO - Processing /home/airflow/.local/lib/python3.12/site-packages/airflow/example_dags/example_task_group_decorator.py took 0.109 seconds
[2026-08-12T04:33:55.946+0000] {processor.py:186} INFO - Started process (PID=197) to work on /home/airflow/.local/lib/python3.12/site-packages/airflow/example_dags/example_task_group_decorator.py
[2026-08-12T04:33:55.948+0000] {processor.py:914} INFO - Processing file /home/airflow/.local/lib/python3.12/site-packages/airflow/example_dags/example_task_group_decorator.py for tasks to queue
[2026-08-12T04:33:55.950+0000] {logging_mixin.py:190} INFO - [2026-08-12T04:33:55.950+0000] {dagbag.py:587} INFO - Filling up the DagBag from /home/airflow/.local/lib/python3.12/site-packages/airflow/example_dags/example_task_group_decorator.py
[2026-08-12T04:33:55.964+0000] {processor.py:925} INFO - DAG(s) 'example_task_group_decorator' retrieved from /home/airflow/.local/lib/python3.12/site-packages/airflow/example_dags/example_task_group_decorator.py
[2026-08-12T04:33:55.989+0000] {logging_mixin.py:190} INFO - [2026-08-12T04:33:55.989+0000] {dag.py:3211} INFO - Sync 1 DAGs
[2026-08-12T04:33:56.010+0000] {logging_mixin.py:190} INFO - [2026-08-12T04:33:56.010+0000] {dag.py:4138} INFO - Setting next_dagrun for example_task_group_decorator to 2026-08-11 00:00:00+00:00, run_after=2026-08-12 00:00:00+00:00
[2026-08-12T04:33:56.029+0000] {processor.py:208} INFO - Processing /home/airflow/.local/lib/python3.12/site-packages/airflow/example_dags/example_task_group_decorator.py took 0.089 seconds
[2026-08-12T04:34:26.425+0000] {processor.py:186} INFO - Started process (PID=259) to work on /home/airflow/.local/lib/python3.12/site-packages/airflow/example_dags/example_task_group_decorator.py
[2026-08-12T04:34:26.427+0000] {processor.py:914} INFO - Processing file /home/airflow/.local/lib/python3.12/site-packages/airflow/example_dags/example_task_group_decorator.py for tasks to queue
[2026-08-12T04:34:26.430+0000] {logging_mixin.py:190} INFO - [2026-08-12T04:34:26.429+0000] {dagbag.py:587} INFO - Filling up the DagBag from /home/airflow/.local/lib/python3.12/site-packages/airflow/example_dags/example_task_group_decorator.py
[2026-08-12T04:34:26.444+0000] {processor.py:925} INFO - DAG(s) 'example_task_group_decorator' retrieved from /home/airflow/.local/lib/python3.12/site-packages/airflow/example_dags/example_task_group_decorator.py
[2026-08-12T04:34:26.469+0000] {logging_mixin.py:190} INFO - [2026-08-12T04:34:26.469+0000] {dag.py:3211} INFO - Sync 1 DAGs
[2026-08-12T04:34:26.493+0000] {logging_mixin.py:190} INFO - [2026-08-12T04:34:26.493+0000] {dag.py:4138} INFO - Setting next_dagrun for example_task_group_decorator to 2026-08-11 00:00:00+00:00, run_after=2026-08-12 00:00:00+00:00
[2026-08-12T04:34:26.517+0000] {processor.py:208} INFO - Processing /home/airflow/.local/lib/python3.12/site-packages/airflow/example_dags/example_task_group_decorator.py took 0.097 seconds
[2026-08-12T04:34:57.001+0000] {processor.py:186} INFO - Started process (PID=321) to work on /home/airflow/.local/lib/python3.12/site-packages/airflow/example_dags/example_task_group_decorator.py
[2026-08-12T04:34:57.003+0000] {processor.py:914} INFO - Processing file /home/airflow/.local/lib/python3.12/site-packages/airflow/example_dags/example_task_group_decorator.py for tasks to queue
[2026-08-12T04:34:57.006+0000] {logging_mixin.py:190} INFO - [2026-08-12T04:34:57.006+0000] {dagbag.py:587} INFO - Filling up the DagBag from /home/airflow/.local/lib/python3.12/site-packages/airflow/example_dags/example_task_group_decorator.py
[2026-08-12T04:34:57.019+0000] {processor.py:925} INFO - DAG(s) 'example_task_group_decorator' retrieved from /home/airflow/.local/lib/python3.12/site-packages/airflow/example_dags/example_task_group_decorator.py
[2026-08-12T04:34:57.046+0000] {logging_mixin.py:190} INFO - [2026-08-12T04:34:57.046+0000] {dag.py:3211} INFO - Sync 1 DAGs
[2026-08-12T04:34:57.070+0000] {logging_mixin.py:190} INFO - [2026-08-12T04:34:57.070+0000] {dag.py:4138} INFO - Setting next_dagrun for example_task_group_decorator to 2026-08-11 00:00:00+00:00, run_after=2026-08-12 00:00:00+00:00
[2026-08-12T04:34:57.091+0000] {processor.py:208} INFO - Processing /home/airflow/.local/lib/python3.12/site-packages/airflow/example_dags/example_task_group_decorator.py took 0.095 seconds
[2026-08-12T04:35:27.535+0000] {processor.py:186} INFO - Started process (PID=383) to work on /home/airflow/.local/lib/python3.12/site-packages/airflow/example_dags/example_task_group_decorator.py
[2026-08-12T04:35:27.536+0000] {processor.py:914} INFO - Processing file /home/airflow/.local/lib/python3.12/site-packages/airflow/example_dags/example_task_group_decorator.py for tasks to queue
[2026-08-12T04:35:27.539+0000] {logging_mixin.py:190} INFO - [2026-08-12T04:35:27.538+0000] {dagbag.py:587} INFO - Filling up the DagBag from /home/airflow/.local/lib/python3.12/site-packages/airflow/example_dags/example_task_group_decorator.py
[2026-08-12T04:35:27.553+0000] {processor.py:925} INFO - DAG(s) 'example_task_group_decorator' retrieved from /home/airflow/.local/lib/python3.12/site-packages/airflow/example_dags/example_task_group_decorator.py
[2026-08-12T04:35:27.580+0000] {logging_mixin.py:190} INFO - [2026-08-12T04:35:27.580+0000] {dag.py:3211} INFO - Sync 1 DAGs
[2026-08-12T04:35:27.601+0000] {logging_mixin.py:190} INFO - [2026-08-12T04:35:27.601+0000] {dag.py:4138} INFO - Setting next_dagrun for example_task_group_decorator to 2026-08-11 00:00:00+00:00, run_after=2026-08-12 00:00:00+00:00
[2026-08-12T04:35:27.635+0000] {processor.py:208} INFO - Processing /home/airflow/.local/lib/python3.12/site-packages/airflow/example_dags/example_task_group_decorator.py took 0.106 seconds
[2026-08-12T04:35:57.788+0000] {processor.py:186} INFO - Started process (PID=445) to work on /home/airflow/.local/lib/python3.12/site-packages/airflow/example_dags/example_task_group_decorator.py
[2026-08-12T04:35:57.790+0000] {processor.py:914} INFO - Processing file /home/airflow/.local/lib/python3.12/site-packages/airflow/example_dags/example_task_group_decorator.py for tasks to queue
[2026-08-12T04:35:57.794+0000] {logging_mixin.py:190} INFO - [2026-08-12T04:35:57.793+0000] {dagbag.py:587} INFO - Filling up the DagBag from /home/airflow/.local/lib/python3.12/site-packages/airflow/example_dags/example_task_group_decorator.py
[2026-08-12T04:35:57.811+0000] {processor.py:925} INFO - DAG(s) 'example_task_group_decorator' retrieved from /home/airflow/.local/lib/python3.12/site-packages/airflow/example_dags/example_task_group_decorator.py
[2026-08-12T04:35:57.838+0000] {logging_mixin.py:190} INFO - [2026-08-12T04:35:57.837+0000] {dag.py:3211} INFO - Sync 1 DAGs
[2026-08-12T04:35:57.860+0000] {logging_mixin.py:190} INFO - [2026-08-12T04:35:57.859+0000] {dag.py:4138} INFO - Setting next_dagrun for example_task_group_decorator to 2026-08-11 00:00:00+00:00, run_after=2026-08-12 00:00:00+00:00
[2026-08-12T04:35:57.894+0000] {processor.py:208} INFO - Processing /home/airflow/.local/lib/python3.12/site-packages/airflow/example_dags/example_task_group_decorator.py took 0.111 seconds
[2026-08-12T04:36:28.601+0000] {processor.py:186} INFO - Started process (PID=507) to work on /home/airflow/.local/lib/python3.12/site-packages/airflow/example_dags/example_task_group_decorator.py
[2026-08-12T04:36:28.603+0000] {processor.py:914} INFO - Processing file /home/airflow/.local/lib/python3.12/site-packages/airflow/example_dags/example_task_group_decorator.py for tasks to queue
[2026-08-12T04:36:28.605+0000] {logging_mixin.py:190} INFO - [2026-08-12T04:36:28.605+0000] {dagbag.py:587} INFO - Filling up the DagBag from /home/airflow/.local/lib/python3.12/site-packages/airflow/example_dags/example_task_group_decorator.py
[2026-08-12T04:36:28.618+0000] {processor.py:925} INFO - DAG(s) 'example_task_group_decorator' retrieved from /home/airflow/.local/lib/python3.12/site-packages/airflow/example_dags/example_task_group_decorator.py
[2026-08-12T04:36:28.645+0000] {logging_mixin.py:190} INFO - [2026-08-12T04:36:28.645+0000] {dag.py:3211} INFO - Sync 1 DAGs
[2026-08-12T04:36:28.667+0000] {logging_mixin.py:190} INFO - [2026-08-12T04:36:28.667+0000] {dag.py:4138} INFO - Setting next_dagrun for example_task_group_decorator to 2026-08-11 00:00:00+00:00, run_after=2026-08-12 00:00:00+00:00
[2026-08-12T04:36:28.712+0000] {processor.py:208} INFO - Processing /home/airflow/.local/lib/python3.12/site-packages/airflow/example_dags/example_task_group_decorator.py took 0.115 seconds
[2026-08-12T04:36:59.040+0000] {processor.py:186} INFO - Started process (PID=569) to work on /home/airflow/.local/lib/python3.12/site-packages/airflow/example_dags/example_task_group_decorator.py
[2026-08-12T04:36:59.042+0000] {processor.py:914} INFO - Processing file /home/airflow/.local/lib/python3.12/site-packages/airflow/example_dags/example_task_group_decorator.py for tasks to queue
[2026-08-12T04:36:59.045+0000] {logging_mixin.py:190} INFO - [2026-08-12T04:36:59.045+0000] {dagbag.py:587} INFO - Filling up the DagBag from /home/airflow/.local/lib/python3.12/site-packages/airflow/example_dags/example_task_group_decorator.py
[2026-08-12T04:36:59.060+0000] {processor.py:925} INFO - DAG(s) 'example_task_group_decorator' retrieved from /home/airflow/.local/lib/python3.12/site-packages/airflow/example_dags/example_task_group_decorator.py
[2026-08-12T04:36:59.091+0000] {logging_mixin.py:190} INFO - [2026-08-12T04:36:59.091+0000] {dag.py:3211} INFO - Sync 1 DAGs
[2026-08-12T04:36:59.125+0000] {logging_mixin.py:190} INFO - [2026-08-12T04:36:59.125+0000] {dag.py:4138} INFO - Setting next_dagrun for example_task_group_decorator to 2026-08-11 00:00:00+00:00, run_after=2026-08-12 00:00:00+00:00
[2026-08-12T04:36:59.160+0000] {processor.py:208} INFO - Processing /home/airflow/.local/lib/python3.12/site-packages/airflow/example_dags/example_task_group_decorator.py took 0.127 seconds
[2026-08-12T04:37:29.227+0000] {processor.py:186} INFO - Started process (PID=631) to work on /home/airflow/.local/lib/python3.12/site-packages/airflow/example_dags/example_task_group_decorator.py
[2026-08-12T04:37:29.229+0000] {processor.py:914} INFO - Processing file /home/airflow/.local/lib/python3.12/site-packages/airflow/example_dags/example_task_group_decorator.py for tasks to queue
[2026-08-12T04:37:29.234+0000] {logging_mixin.py:190} INFO - [2026-08-12T04:37:29.233+0000] {dagbag.py:587} INFO - Filling up the DagBag from /home/airflow/.local/lib/python3.12/site-packages/airflow/example_dags/example_task_group_decorator.py
[2026-08-12T04:37:29.250+0000] {processor.py:925} INFO - DAG(s) 'example_task_group_decorator' retrieved from /home/airflow/.local/lib/python3.12/site-packages/airflow/example_dags/example_task_group_decorator.py
[2026-08-12T04:37:29.276+0000] {logging_mixin.py:190} INFO - [2026-08-12T04:37:29.276+0000] {dag.py:3211} INFO - Sync 1 DAGs
[2026-08-12T04:37:29.302+0000] {logging_mixin.py:190} INFO - [2026-08-12T04:37:29.302+0000] {dag.py:4138} INFO - Setting next_dagrun for example_task_group_decorator to 2026-08-11 00:00:00+00:00, run_after=2026-08-12 00:00:00+00:00
[2026-08-12T04:37:29.330+0000] {processor.py:208} INFO - Processing /home/airflow/.local/lib/python3.12/site-packages/airflow/example_dags/example_task_group_decorator.py took 0.108 seconds
[2026-08-12T04:37:59.658+0000] {processor.py:186} INFO - Started process (PID=692) to work on /home/airflow/.local/lib/python3.12/site-packages/airflow/example_dags/example_task_group_decorator.py
[2026-08-12T04:37:59.660+0000] {processor.py:914} INFO - Processing file /home/airflow/.local/lib/python3.12/site-packages/airflow/example_dags/example_task_group_decorator.py for tasks to queue
[2026-08-12T04:37:59.663+0000] {logging_mixin.py:190} INFO - [2026-08-12T04:37:59.662+0000] {dagbag.py:587} INFO - Filling up the DagBag from /home/airflow/.local/lib/python3.12/site-packages/airflow/example_dags/example_task_group_decorator.py
[2026-08-12T04:37:59.681+0000] {processor.py:925} INFO - DAG(s) 'example_task_group_decorator' retrieved from /home/airflow/.local/lib/python3.12/site-packages/airflow/example_dags/example_task_group_decorator.py
[2026-08-12T04:37:59.711+0000] {logging_mixin.py:190} INFO - [2026-08-12T04:37:59.711+0000] {dag.py:3211} INFO - Sync 1 DAGs
[2026-08-12T04:37:59.736+0000] {logging_mixin.py:190} INFO - [2026-08-12T04:37:59.736+0000] {dag.py:4138} INFO - Setting next_dagrun for example_task_group_decorator to 2026-08-11 00:00:00+00:00, run_after=2026-08-12 00:00:00+00:00
[2026-08-12T04:37:59.772+0000] {processor.py:208} INFO - Processing /home/airflow/.local/lib/python3.12/site-packages/airflow/example_dags/example_task_group_decorator.py took 0.119 seconds
[2026-08-12T04:38:30.402+0000] {processor.py:186} INFO - Started process (PID=755) to work on /home/airflow/.local/lib/python3.12/site-packages/airflow/example_dags/example_task_group_decorator.py
[2026-08-12T04:38:30.404+0000] {processor.py:914} INFO - Processing file /home/airflow/.local/lib/python3.12/site-packages/airflow/example_dags/example_task_group_decorator.py for tasks to queue
[2026-08-12T04:38:30.407+0000] {logging_mixin.py:190} INFO - [2026-08-12T04:38:30.407+0000] {dagbag.py:587} INFO - Filling up the DagBag from /home/airflow/.local/lib/python3.12/site-packages/airflow/example_dags/example_task_group_decorator.py
[2026-08-12T04:38:30.423+0000] {processor.py:925} INFO - DAG(s) 'example_task_group_decorator' retrieved from /home/airflow/.local/lib/python3.12/site-packages/airflow/example_dags/example_task_group_decorator.py
[2026-08-12T04:38:30.450+0000] {logging_mixin.py:190} INFO - [2026-08-12T04:38:30.450+0000] {dag.py:3211} INFO - Sync 1 DAGs
[2026-08-12T04:38:30.475+0000] {logging_mixin.py:190} INFO - [2026-08-12T04:38:30.475+0000] {dag.py:4138} INFO - Setting next_dagrun for example_task_group_decorator to 2026-08-11 00:00:00+00:00, run_after=2026-08-12 00:00:00+00:00
[2026-08-12T04:38:30.498+0000] {processor.py:208} INFO - Processing /home/airflow/.local/lib/python3.12/site-packages/airflow/example_dags/example_task_group_decorator.py took 0.104 seconds
[2026-08-12T04:39:00.816+0000] {processor.py:186} INFO - Started process (PID=817) to work on /home/airflow/.local/lib/python3.12/site-packages/airflow/example_dags/example_task_group_decorator.py
[2026-08-12T04:39:00.818+0000] {processor.py:914} INFO - Processing file /home/airflow/.local/lib/python3.12/site-packages/airflow/example_dags/example_task_group_decorator.py for tasks to queue
[2026-08-12T04:39:00.822+0000] {logging_mixin.py:190} INFO - [2026-08-12T04:39:00.821+0000] {dagbag.py:587} INFO - Filling up the DagBag from /home/airflow/.local/lib/python3.12/site-packages/airflow/example_dags/example_task_group_decorator.py
[2026-08-12T04:39:00.837+0000] {processor.py:925} INFO - DAG(s) 'example_task_group_decorator' retrieved from /home/airflow/.local/lib/python3.12/site-packages/airflow/example_dags/example_task_group_decorator.py
[2026-08-12T04:39:00.863+0000] {logging_mixin.py:190} INFO - [2026-08-12T04:39:00.863+0000] {dag.py:3211} INFO - Sync 1 DAGs
[2026-08-12T04:39:00.887+0000] {logging_mixin.py:190} INFO - [2026-08-12T04:39:00.886+0000] {dag.py:4138} INFO - Setting next_dagrun for example_task_group_decorator to 2026-08-11 00:00:00+00:00, run_after=2026-08-12 00:00:00+00:00
[2026-08-12T04:39:00.906+0000] {processor.py:208} INFO - Processing /home/airflow/.local/lib/python3.12/site-packages/airflow/example_dags/example_task_group_decorator.py took 0.096 seconds
[2026-08-12T04:39:31.238+0000] {processor.py:186} INFO - Started process (PID=879) to work on /home/airflow/.local/lib/python3.12/site-packages/airflow/example_dags/example_task_group_decorator.py
[2026-08-12T04:39:31.240+0000] {processor.py:914} INFO - Processing file /home/airflow/.local/lib/python3.12/site-packages/airflow/example_dags/example_task_group_decorator.py for tasks to queue
[2026-08-12T04:39:31.244+0000] {logging_mixin.py:190} INFO - [2026-08-12T04:39:31.243+0000] {dagbag.py:587} INFO - Filling up the DagBag from /home/airflow/.local/lib/python3.12/site-packages/airflow/example_dags/example_task_group_decorator.py
[2026-08-12T04:39:31.262+0000] {processor.py:925} INFO - DAG(s) 'example_task_group_decorator' retrieved from /home/airflow/.local/lib/python3.12/site-packages/airflow/example_dags/example_task_group_decorator.py
[2026-08-12T04:39:31.287+0000] {logging_mixin.py:190} INFO - [2026-08-12T04:39:31.287+0000] {dag.py:3211} INFO - Sync 1 DAGs
[2026-08-12T04:39:31.312+0000] {logging_mixin.py:190} INFO - [2026-08-12T04:39:31.312+0000] {dag.py:4138} INFO - Setting next_dagrun for example_task_group_decorator to 2026-08-11 00:00:00+00:00, run_after=2026-08-12 00:00:00+00:00
[2026-08-12T04:39:31.333+0000] {processor.py:208} INFO - Processing /home/airflow/.local/lib/python3.12/site-packages/airflow/example_dags/example_task_group_decorator.py took 0.102 seconds
[2026-08-12T04:40:01.648+0000] {processor.py:186} INFO - Started process (PID=941) to work on /home/airflow/.local/lib/python3.12/site-packages/airflow/example_dags/example_task_group_decorator.py
[2026-08-12T04:40:01.650+0000] {processor.py:914} INFO - Processing file /home/airflow/.local/lib/python3.12/site-packages/airflow/example_dags/example_task_group_decorator.py for tasks to queue
[2026-08-12T04:40:01.653+0000] {logging_mixin.py:190} INFO - [2026-08-12T04:40:01.652+0000] {dagbag.py:587} INFO - Filling up the DagBag from /home/airflow/.local/lib/python3.12/site-packages/airflow/example_dags/example_task_group_decorator.py
[2026-08-12T04:40:01.668+0000] {processor.py:925} INFO - DAG(s) 'example_task_group_decorator' retrieved from /home/airflow/.local/lib/python3.12/site-packages/airflow/example_dags/example_task_group_decorator.py
[2026-08-12T04:40:01.693+0000] {logging_mixin.py:190} INFO - [2026-08-12T04:40:01.692+0000] {dag.py:3211} INFO - Sync 1 DAGs
[2026-08-12T04:40:01.713+0000] {logging_mixin.py:190} INFO - [2026-08-12T04:40:01.713+0000] {dag.py:4138} INFO - Setting next_dagrun for example_task_group_decorator to 2026-08-11 00:00:00+00:00, run_after=2026-08-12 00:00:00+00:00
[2026-08-12T04:40:01.735+0000] {processor.py:208} INFO - Processing /home/airflow/.local/lib/python3.12/site-packages/airflow/example_dags/example_task_group_decorator.py took 0.093 seconds
[2026-08-12T04:40:32.116+0000] {processor.py:186} INFO - Started process (PID=1003) to work on /home/airflow/.local/lib/python3.12/site-packages/airflow/example_dags/example_task_group_decorator.py
[2026-08-12T04:40:32.118+0000] {processor.py:914} INFO - Processing file /home/airflow/.local/lib/python3.12/site-packages/airflow/example_dags/example_task_group_decorator.py for tasks to queue
[2026-08-12T04:40:32.121+0000] {logging_mixin.py:190} INFO - [2026-08-12T04:40:32.121+0000] {dagbag.py:587} INFO - Filling up the DagBag from /home/airflow/.local/lib/python3.12/site-packages/airflow/example_dags/example_task_group_decorator.py
[2026-08-12T04:40:32.138+0000] {processor.py:925} INFO - DAG(s) 'example_task_group_decorator' retrieved from /home/airflow/.local/lib/python3.12/site-packages/airflow/example_dags/example_task_group_decorator.py
[2026-08-12T04:40:32.166+0000] {logging_mixin.py:190} INFO - [2026-08-12T04:40:32.166+0000] {dag.py:3211} INFO - Sync 1 DAGs
[2026-08-12T04:40:32.189+0000] {logging_mixin.py:190} INFO - [2026-08-12T04:40:32.189+0000] {dag.py:4138} INFO - Setting next_dagrun for example_task_group_decorator to 2026-08-11 00:00:00+00:00, run_after=2026-08-12 00:00:00+00:00
[2026-08-12T04:40:32.225+0000] {processor.py:208} INFO - Processing /home/airflow/.local/lib/python3.12/site-packages/airflow/example_dags/example_task_group_decorator.py took 0.115 seconds
[2026-08-12T04:41:02.830+0000] {processor.py:186} INFO - Started process (PID=1065) to work on /home/airflow/.local/lib/python3.12/site-packages/airflow/example_dags/example_task_group_decorator.py
[2026-08-12T04:41:02.831+0000] {processor.py:914} INFO - Processing file /home/airflow/.local/lib/python3.12/site-packages/airflow/example_dags/example_task_group_decorator.py for tasks to queue
[2026-08-12T04:41:02.834+0000] {logging_mixin.py:190} INFO - [2026-08-12T04:41:02.834+0000] {dagbag.py:587} INFO - Filling up the DagBag from /home/airflow/.local/lib/python3.12/site-packages/airflow/example_dags/example_task_group_decorator.py
[2026-08-12T04:41:02.863+0000] {processor.py:925} INFO - DAG(s) 'example_task_group_decorator' retrieved from /home/airflow/.local/lib/python3.12/site-packages/airflow/example_dags/example_task_group_decorator.py
[2026-08-12T04:41:02.896+0000] {logging_mixin.py:190} INFO - [2026-08-12T04:41:02.896+0000] {dag.py:3211} INFO - Sync 1 DAGs
[2026-08-12T04:41:02.936+0000] {logging_mixin.py:190} INFO - [2026-08-12T04:41:02.936+0000] {dag.py:4138} INFO - Setting next_dagrun for example_task_group_decorator to 2026-08-11 00:00:00+00:00, run_after=2026-08-12 00:00:00+00:00
[2026-08-12T04:41:02.972+0000] {processor.py:208} INFO - Processing /home/airflow/.local/lib/python3.12/site-packages/airflow/example_dags/example_task_group_decorator.py took 0.148 seconds
[2026-08-12T04:41:33.465+0000] {processor.py:186} INFO - Started process (PID=1127) to work on /home/airflow/.local/lib/python3.12/site-packages/airflow/example_dags/example_task_group_decorator.py
[2026-08-12T04:41:33.467+0000] {processor.py:914} INFO - Processing file /home/airflow/.local/lib/python3.12/site-packages/airflow/example_dags/example_task_group_decorator.py for tasks to queue
[2026-08-12T04:41:33.471+0000] {logging_mixin.py:190} INFO - [2026-08-12T04:41:33.470+0000] {dagbag.py:587} INFO - Filling up the DagBag from /home/airflow/.local/lib/python3.12/site-packages/airflow/example_dags/example_task_group_decorator.py
[2026-08-12T04:41:33.490+0000] {processor.py:925} INFO - DAG(s) 'example_task_group_decorator' retrieved from /home/airflow/.local/lib/python3.12/site-packages/airflow/example_dags/example_task_group_decorator.py
[2026-08-12T04:41:33.513+0000] {logging_mixin.py:190} INFO - [2026-08-12T04:41:33.513+0000] {dag.py:3211} INFO - Sync 1 DAGs
[2026-08-12T04:41:33.536+0000] {logging_mixin.py:190} INFO - [2026-08-12T04:41:33.536+0000] {dag.py:4138} INFO - Setting next_dagrun for example_task_group_decorator to 2026-08-11 00:00:00+00:00, run_after=2026-08-12 00:00:00+00:00
[2026-08-12T04:41:33.559+0000] {processor.py:208} INFO - Processing /home/airflow/.local/lib/python3.12/site-packages/airflow/example_dags/example_task_group_decorator.py took 0.099 seconds
[2026-08-12T04:42:04.005+0000] {processor.py:186} INFO - Started process (PID=1189) to work on /home/airflow/.local/lib/python3.12/site-packages/airflow/example_dags/example_task_group_decorator.py
[2026-08-12T04:42:04.007+0000] {processor.py:914} INFO - Processing file /home/airflow/.local/lib/python3.12/site-packages/airflow/example_dags/example_task_group_decorator.py for tasks to queue
[2026-08-12T04:42:04.011+0000] {logging_mixin.py:190} INFO - [2026-08-12T04:42:04.010+0000] {dagbag.py:587} INFO - Filling up the DagBag from /home/airflow/.local/lib/python3.12/site-packages/airflow/example_dags/example_task_group_decorator.py
[2026-08-12T04:42:04.025+0000] {processor.py:925} INFO - DAG(s) 'example_task_group_decorator' retrieved from /home/airflow/.local/lib/python3.12/site-packages/airflow/example_dags/example_task_group_decorator.py
[2026-08-12T04:42:04.052+0000] {logging_mixin.py:190} INFO - [2026-08-12T04:42:04.051+0000] {dag.py:3211} INFO - Sync 1 DAGs
[2026-08-12T04:42:04.080+0000] {logging_mixin.py:190} INFO - [2026-08-12T04:42:04.080+0000] {dag.py:4138} INFO - Setting next_dagrun for example_task_group_decorator to 2026-08-11 00:00:00+00:00, run_after=2026-08-12 00:00:00+00:00
[2026-08-12T04:42:04.104+0000] {processor.py:208} INFO - Processing /home/airflow/.local/lib/python3.12/site-packages/airflow/example_dags/example_task_group_decorator.py took 0.106 seconds
[2026-08-12T04:42:34.762+0000] {processor.py:186} INFO - Started process (PID=1251) to work on /home/airflow/.local/lib/python3.12/site-packages/airflow/example_dags/example_task_group_decorator.py
[2026-08-12T04:42:34.764+0000] {processor.py:914} INFO - Processing file /home/airflow/.local/lib/python3.12/site-packages/airflow/example_dags/example_task_group_decorator.py for tasks to queue
[2026-08-12T04:42:34.767+0000] {logging_mixin.py:190} INFO - [2026-08-12T04:42:34.767+0000] {dagbag.py:587} INFO - Filling up the DagBag from /home/airflow/.local/lib/python3.12/site-packages/airflow/example_dags/example_task_group_decorator.py
[2026-08-12T04:42:34.785+0000] {processor.py:925} INFO - DAG(s) 'example_task_group_decorator' retrieved from /home/airflow/.local/lib/python3.12/site-packages/airflow/example_dags/example_task_group_decorator.py
[2026-08-12T04:42:34.813+0000] {logging_mixin.py:190} INFO - [2026-08-12T04:42:34.813+0000] {dag.py:3211} INFO - Sync 1 DAGs
[2026-08-12T04:42:34.840+0000] {logging_mixin.py:190} INFO - [2026-08-12T04:42:34.840+0000] {dag.py:4138} INFO - Setting next_dagrun for example_task_group_decorator to 2026-08-11 00:00:00+00:00, run_after=2026-08-12 00:00:00+00:00
[2026-08-12T04:42:34.864+0000] {processor.py:208} INFO - Processing /home/airflow/.local/lib/python3.12/site-packages/airflow/example_dags/example_task_group_decorator.py took 0.108 seconds
[2026-08-12T04:43:05.632+0000] {processor.py:186} INFO - Started process (PID=1313) to work on /home/airflow/.local/lib/python3.12/site-packages/airflow/example_dags/example_task_group_decorator.py
[2026-08-12T04:43:05.635+0000] {processor.py:914} INFO - Processing file /home/airflow/.local/lib/python3.12/site-packages/airflow/example_dags/example_task_group_decorator.py for tasks to queue
[2026-08-12T04:43:05.640+0000] {logging_mixin.py:190} INFO - [2026-08-12T04:43:05.639+0000] {dagbag.py:587} INFO - Filling up the DagBag from /home/airflow/.local/lib/python3.12/site-packages/airflow/example_dags/example_task_group_decorator.py
[2026-08-12T04:43:05.663+0000] {processor.py:925} INFO - DAG(s) 'example_task_group_decorator' retrieved from /home/airflow/.local/lib/python3.12/site-packages/airflow/example_dags/example_task_group_decorator.py
[2026-08-12T04:43:05.690+0000] {logging_mixin.py:190} INFO - [2026-08-12T04:43:05.690+0000] {dag.py:3211} INFO - Sync 1 DAGs
[2026-08-12T04:43:05.716+0000] {logging_mixin.py:190} INFO - [2026-08-12T04:43:05.716+0000] {dag.py:4138} INFO - Setting next_dagrun for example_task_group_decorator to 2026-08-11 00:00:00+00:00, run_after=2026-08-12 00:00:00+00:00
[2026-08-12T04:43:05.739+0000] {processor.py:208} INFO - Processing /home/airflow/.local/lib/python3.12/site-packages/airflow/example_dags/example_task_group_decorator.py took 0.116 seconds
[2026-08-12T04:43:36.051+0000] {processor.py:186} INFO - Started process (PID=1375) to work on /home/airflow/.local/lib/python3.12/site-packages/airflow/example_dags/example_task_group_decorator.py
[2026-08-12T04:43:36.052+0000] {processor.py:914} INFO - Processing file /home/airflow/.local/lib/python3.12/site-packages/airflow/example_dags/example_task_group_decorator.py for tasks to queue
[2026-08-12T04:43:36.056+0000] {logging_mixin.py:190} INFO - [2026-08-12T04:43:36.056+0000] {dagbag.py:587} INFO - Filling up the DagBag from /home/airflow/.local/lib/python3.12/site-packages/airflow/example_dags/example_task_group_decorator.py
[2026-08-12T04:43:36.071+0000] {processor.py:925} INFO - DAG(s) 'example_task_group_decorator' retrieved from /home/airflow/.local/lib/python3.12/site-packages/airflow/example_dags/example_task_group_decorator.py
[2026-08-12T04:43:36.101+0000] {logging_mixin.py:190} INFO - [2026-08-12T04:43:36.101+0000] {dag.py:3211} INFO - Sync 1 DAGs
[2026-08-12T04:43:36.128+0000] {logging_mixin.py:190} INFO - [2026-08-12T04:43:36.127+0000] {dag.py:4138} INFO - Setting next_dagrun for example_task_group_decorator to 2026-08-11 00:00:00+00:00, run_after=2026-08-12 00:00:00+00:00
[2026-08-12T04:43:36.148+0000] {processor.py:208} INFO - Processing /home/airflow/.local/lib/python3.12/site-packages/airflow/example_dags/example_task_group_decorator.py took 0.103 seconds
[2026-08-12T04:44:06.296+0000] {processor.py:186} INFO - Started process (PID=1437) to work on /home/airflow/.local/lib/python3.12/site-packages/airflow/example_dags/example_task_group_decorator.py
[2026-08-12T04:44:06.298+0000] {processor.py:914} INFO - Processing file /home/airflow/.local/lib/python3.12/site-packages/airflow/example_dags/example_task_group_decorator.py for tasks to queue
[2026-08-12T04:44:06.301+0000] {logging_mixin.py:190} INFO - [2026-08-12T04:44:06.301+0000] {dagbag.py:587} INFO - Filling up the DagBag from /home/airflow/.local/lib/python3.12/site-packages/airflow/example_dags/example_task_group_decorator.py
[2026-08-12T04:44:06.317+0000] {processor.py:925} INFO - DAG(s) 'example_task_group_decorator' retrieved from /home/airflow/.local/lib/python3.12/site-packages/airflow/example_dags/example_task_group_decorator.py
[2026-08-12T04:44:06.343+0000] {logging_mixin.py:190} INFO - [2026-08-12T04:44:06.343+0000] {dag.py:3211} INFO - Sync 1 DAGs
[2026-08-12T04:44:06.368+0000] {logging_mixin.py:190} INFO - [2026-08-12T04:44:06.368+0000] {dag.py:4138} INFO - Setting next_dagrun for example_task_group_decorator to 2026-08-11 00:00:00+00:00, run_after=2026-08-12 00:00:00+00:00
[2026-08-12T04:44:06.390+0000] {processor.py:208} INFO - Processing /home/airflow/.local/lib/python3.12/site-packages/airflow/example_dags/example_task_group_decorator.py took 0.099 seconds
[2026-08-12T04:44:37.196+0000] {processor.py:186} INFO - Started process (PID=1499) to work on /home/airflow/.local/lib/python3.12/site-packages/airflow/example_dags/example_task_group_decorator.py
[2026-08-12T04:44:37.197+0000] {processor.py:914} INFO - Processing file /home/airflow/.local/lib/python3.12/site-packages/airflow/example_dags/example_task_group_decorator.py for tasks to queue
[2026-08-12T04:44:37.201+0000] {logging_mixin.py:190} INFO - [2026-08-12T04:44:37.200+0000] {dagbag.py:587} INFO - Filling up the DagBag from /home/airflow/.local/lib/python3.12/site-packages/airflow/example_dags/example_task_group_decorator.py
[2026-08-12T04:44:37.214+0000] {processor.py:925} INFO - DAG(s) 'example_task_group_decorator' retrieved from /home/airflow/.local/lib/python3.12/site-packages/airflow/example_dags/example_task_group_decorator.py
[2026-08-12T04:44:37.239+0000] {logging_mixin.py:190} INFO - [2026-08-12T04:44:37.239+0000] {dag.py:3211} INFO - Sync 1 DAGs
[2026-08-12T04:44:37.269+0000] {logging_mixin.py:190} INFO - [2026-08-12T04:44:37.268+0000] {dag.py:4138} INFO - Setting next_dagrun for example_task_group_decorator to 2026-08-11 00:00:00+00:00, run_after=2026-08-12 00:00:00+00:00
[2026-08-12T04:44:37.294+0000] {processor.py:208} INFO - Processing /home/airflow/.local/lib/python3.12/site-packages/airflow/example_dags/example_task_group_decorator.py took 0.105 seconds
[2026-08-12T04:45:07.470+0000] {processor.py:186} INFO - Started process (PID=1561) to work on /home/airflow/.local/lib/python3.12/site-packages/airflow/example_dags/example_task_group_decorator.py
[2026-08-12T04:45:07.476+0000] {processor.py:914} INFO - Processing file /home/airflow/.local/lib/python3.12/site-packages/airflow/example_dags/example_task_group_decorator.py for tasks to queue
[2026-08-12T04:45:07.481+0000] {logging_mixin.py:190} INFO - [2026-08-12T04:45:07.481+0000] {dagbag.py:587} INFO - Filling up the DagBag from /home/airflow/.local/lib/python3.12/site-packages/airflow/example_dags/example_task_group_decorator.py
[2026-08-12T04:45:07.507+0000] {processor.py:925} INFO - DAG(s) 'example_task_group_decorator' retrieved from /home/airflow/.local/lib/python3.12/site-packages/airflow/example_dags/example_task_group_decorator.py
[2026-08-12T04:45:07.543+0000] {logging_mixin.py:190} INFO - [2026-08-12T04:45:07.542+0000] {dag.py:3211} INFO - Sync 1 DAGs
[2026-08-12T04:45:07.566+0000] {logging_mixin.py:190} INFO - [2026-08-12T04:45:07.566+0000] {dag.py:4138} INFO - Setting next_dagrun for example_task_group_decorator to 2026-08-11 00:00:00+00:00, run_after=2026-08-12 00:00:00+00:00
[2026-08-12T04:45:07.585+0000] {processor.py:208} INFO - Processing /home/airflow/.local/lib/python3.12/site-packages/airflow/example_dags/example_task_group_decorator.py took 0.126 seconds
[2026-08-12T04:45:38.327+0000] {processor.py:186} INFO - Started process (PID=1623) to work on /home/airflow/.local/lib/python3.12/site-packages/airflow/example_dags/example_task_group_decorator.py
[2026-08-12T04:45:38.328+0000] {processor.py:914} INFO - Processing file /home/airflow/.local/lib/python3.12/site-packages/airflow/example_dags/example_task_group_decorator.py for tasks to queue
[2026-08-12T04:45:38.331+0000] {logging_mixin.py:190} INFO - [2026-08-12T04:45:38.331+0000] {dagbag.py:587} INFO - Filling up the DagBag from /home/airflow/.local/lib/python3.12/site-packages/airflow/example_dags/example_task_group_decorator.py
[2026-08-12T04:45:38.347+0000] {processor.py:925} INFO - DAG(s) 'example_task_group_decorator' retrieved from /home/airflow/.local/lib/python3.12/site-packages/airflow/example_dags/example_task_group_decorator.py
[2026-08-12T04:45:38.377+0000] {logging_mixin.py:190} INFO - [2026-08-12T04:45:38.377+0000] {dag.py:3211} INFO - Sync 1 DAGs
[2026-08-12T04:45:38.401+0000] {logging_mixin.py:190} INFO - [2026-08-12T04:45:38.401+0000] {dag.py:4138} INFO - Setting next_dagrun for example_task_group_decorator to 2026-08-11 00:00:00+00:00, run_after=2026-08-12 00:00:00+00:00
[2026-08-12T04:45:38.420+0000] {processor.py:208} INFO - Processing /home/airflow/.local/lib/python3.12/site-packages/airflow/example_dags/example_task_group_decorator.py took 0.099 seconds
[2026-08-12T04:46:08.649+0000] {processor.py:186} INFO - Started process (PID=1685) to work on /home/airflow/.local/lib/python3.12/site-packages/airflow/example_dags/example_task_group_decorator.py
[2026-08-12T04:46:08.651+0000] {processor.py:914} INFO - Processing file /home/airflow/.local/lib/python3.12/site-packages/airflow/example_dags/example_task_group_decorator.py for tasks to queue
[2026-08-12T04:46:08.655+0000] {logging_mixin.py:190} INFO - [2026-08-12T04:46:08.655+0000] {dagbag.py:587} INFO - Filling up the DagBag from /home/airflow/.local/lib/python3.12/site-packages/airflow/example_dags/example_task_group_decorator.py
[2026-08-12T04:46:08.670+0000] {processor.py:925} INFO - DAG(s) 'example_task_group_decorator' retrieved from /home/airflow/.local/lib/python3.12/site-packages/airflow/example_dags/example_task_group_decorator.py
[2026-08-12T04:46:08.700+0000] {logging_mixin.py:190} INFO - [2026-08-12T04:46:08.699+0000] {dag.py:3211} INFO - Sync 1 DAGs
[2026-08-12T04:46:08.735+0000] {logging_mixin.py:190} INFO - [2026-08-12T04:46:08.735+0000] {dag.py:4138} INFO - Setting next_dagrun for example_task_group_decorator to 2026-08-11 00:00:00+00:00, run_after=2026-08-12 00:00:00+00:00
[2026-08-12T04:46:08.760+0000] {processor.py:208} INFO - Processing /home/airflow/.local/lib/python3.12/site-packages/airflow/example_dags/example_task_group_decorator.py took 0.117 seconds
[2026-08-12T04:46:39.284+0000] {processor.py:186} INFO - Started process (PID=1747) to work on /home/airflow/.local/lib/python3.12/site-packages/airflow/example_dags/example_task_group_decorator.py
[2026-08-12T04:46:39.285+0000] {processor.py:914} INFO - Processing file /home/airflow/.local/lib/python3.12/site-packages/airflow/example_dags/example_task_group_decorator.py for tasks to queue
[2026-08-12T04:46:39.288+0000] {logging_mixin.py:190} INFO - [2026-08-12T04:46:39.288+0000] {dagbag.py:587} INFO - Filling up the DagBag from /home/airflow/.local/lib/python3.12/site-packages/airflow/example_dags/example_task_group_decorator.py
[2026-08-12T04:46:39.305+0000] {processor.py:925} INFO - DAG(s) 'example_task_group_decorator' retrieved from /home/airflow/.local/lib/python3.12/site-packages/airflow/example_dags/example_task_group_decorator.py
[2026-08-12T04:46:39.342+0000] {logging_mixin.py:190} INFO - [2026-08-12T04:46:39.342+0000] {dag.py:3211} INFO - Sync 1 DAGs
[2026-08-12T04:46:39.372+0000] {logging_mixin.py:190} INFO - [2026-08-12T04:46:39.372+0000] {dag.py:4138} INFO - Setting next_dagrun for example_task_group_decorator to 2026-08-11 00:00:00+00:00, run_after=2026-08-12 00:00:00+00:00
[2026-08-12T04:46:39.391+0000] {processor.py:208} INFO - Processing /home/airflow/.local/lib/python3.12/site-packages/airflow/example_dags/example_task_group_decorator.py took 0.113 seconds
[2026-08-12T04:47:09.829+0000] {processor.py:186} INFO - Started process (PID=1809) to work on /home/airflow/.local/lib/python3.12/site-packages/airflow/example_dags/example_task_group_decorator.py
[2026-08-12T04:47:09.831+0000] {processor.py:914} INFO - Processing file /home/airflow/.local/lib/python3.12/site-packages/airflow/example_dags/example_task_group_decorator.py for tasks to queue
[2026-08-12T04:47:09.835+0000] {logging_mixin.py:190} INFO - [2026-08-12T04:47:09.834+0000] {dagbag.py:587} INFO - Filling up the DagBag from /home/airflow/.local/lib/python3.12/site-packages/airflow/example_dags/example_task_group_decorator.py
[2026-08-12T04:47:09.854+0000] {processor.py:925} INFO - DAG(s) 'example_task_group_decorator' retrieved from /home/airflow/.local/lib/python3.12/site-packages/airflow/example_dags/example_task_group_decorator.py
[2026-08-12T04:47:09.877+0000] {logging_mixin.py:190} INFO - [2026-08-12T04:47:09.877+0000] {dag.py:3211} INFO - Sync 1 DAGs
[2026-08-12T04:47:09.899+0000] {logging_mixin.py:190} INFO - [2026-08-12T04:47:09.899+0000] {dag.py:4138} INFO - Setting next_dagrun for example_task_group_decorator to 2026-08-11 00:00:00+00:00, run_after=2026-08-12 00:00:00+00:00
[2026-08-12T04:47:09.918+0000] {processor.py:208} INFO - Processing /home/airflow/.local/lib/python3.12/site-packages/airflow/example_dags/example_task_group_decorator.py took 0.095 seconds
[2026-08-12T04:47:40.169+0000] {processor.py:186} INFO - Started process (PID=1871) to work on /home/airflow/.local/lib/python3.12/site-packages/airflow/example_dags/example_task_group_decorator.py
[2026-08-12T04:47:40.171+0000] {processor.py:914} INFO - Processing file /home/airflow/.local/lib/python3.12/site-packages/airflow/example_dags/example_task_group_decorator.py for tasks to queue
[2026-08-12T04:47:40.174+0000] {logging_mixin.py:190} INFO - [2026-08-12T04:47:40.174+0000] {dagbag.py:587} INFO - Filling up the DagBag from /home/airflow/.local/lib/python3.12/site-packages/airflow/example_dags/example_task_group_decorator.py
[2026-08-12T04:47:40.190+0000] {processor.py:925} INFO - DAG(s) 'example_task_group_decorator' retrieved from /home/airflow/.local/lib/python3.12/site-packages/airflow/example_dags/example_task_group_decorator.py
[2026-08-12T04:47:40.213+0000] {logging_mixin.py:190} INFO - [2026-08-12T04:47:40.212+0000] {dag.py:3211} INFO - Sync 1 DAGs
[2026-08-12T04:47:40.234+0000] {logging_mixin.py:190} INFO - [2026-08-12T04:47:40.234+0000] {dag.py:4138} INFO - Setting next_dagrun for example_task_group_decorator to 2026-08-11 00:00:00+00:00, run_after=2026-08-12 00:00:00+00:00
[2026-08-12T04:47:40.264+0000] {processor.py:208} INFO - Processing /home/airflow/.local/lib/python3.12/site-packages/airflow/example_dags/example_task_group_decorator.py took 0.101 seconds
[2026-08-12T04:48:11.057+0000] {processor.py:186} INFO - Started process (PID=1933) to work on /home/airflow/.local/lib/python3.12/site-packages/airflow/example_dags/example_task_group_decorator.py
[2026-08-12T04:48:11.059+0000] {processor.py:914} INFO - Processing file /home/airflow/.local/lib/python3.12/site-packages/airflow/example_dags/example_task_group_decorator.py for tasks to queue
[2026-08-12T04:48:11.063+0000] {logging_mixin.py:190} INFO - [2026-08-12T04:48:11.063+0000] {dagbag.py:587} INFO - Filling up the DagBag from /home/airflow/.local/lib/python3.12/site-packages/airflow/example_dags/example_task_group_decorator.py
[2026-08-12T04:48:11.080+0000] {processor.py:925} INFO - DAG(s) 'example_task_group_decorator' retrieved from /home/airflow/.local/lib/python3.12/site-packages/airflow/example_dags/example_task_group_decorator.py
[2026-08-12T04:48:11.110+0000] {logging_mixin.py:190} INFO - [2026-08-12T04:48:11.110+0000] {dag.py:3211} INFO - Sync 1 DAGs
[2026-08-12T04:48:11.139+0000] {logging_mixin.py:190} INFO - [2026-08-12T04:48:11.138+0000] {dag.py:4138} INFO - Setting next_dagrun for example_task_group_decorator to 2026-08-11 00:00:00+00:00, run_after=2026-08-12 00:00:00+00:00
[2026-08-12T04:48:11.161+0000] {processor.py:208} INFO - Processing /home/airflow/.local/lib/python3.12/site-packages/airflow/example_dags/example_task_group_decorator.py took 0.113 seconds
[2026-08-12T04:48:41.313+0000] {processor.py:186} INFO - Started process (PID=1995) to work on /home/airflow/.local/lib/python3.12/site-packages/airflow/example_dags/example_task_group_decorator.py
[2026-08-12T04:48:41.316+0000] {processor.py:914} INFO - Processing file /home/airflow/.local/lib/python3.12/site-packages/airflow/example_dags/example_task_group_decorator.py for tasks to queue
[2026-08-12T04:48:41.321+0000] {logging_mixin.py:190} INFO - [2026-08-12T04:48:41.320+0000] {dagbag.py:587} INFO - Filling up the DagBag from /home/airflow/.local/lib/python3.12/site-packages/airflow/example_dags/example_task_group_decorator.py
[2026-08-12T04:48:41.360+0000] {processor.py:925} INFO - DAG(s) 'example_task_group_decorator' retrieved from /home/airflow/.local/lib/python3.12/site-packages/airflow/example_dags/example_task_group_decorator.py
[2026-08-12T04:48:41.395+0000] {logging_mixin.py:190} INFO - [2026-08-12T04:48:41.394+0000] {dag.py:3211} INFO - Sync 1 DAGs
[2026-08-12T04:48:41.436+0000] {logging_mixin.py:190} INFO - [2026-08-12T04:48:41.435+0000] {dag.py:4138} INFO - Setting next_dagrun for example_task_group_decorator to 2026-08-11 00:00:00+00:00, run_after=2026-08-12 00:00:00+00:00
[2026-08-12T04:48:41.478+0000] {processor.py:208} INFO - Processing /home/airflow/.local/lib/python3.12/site-packages/airflow/example_dags/example_task_group_decorator.py took 0.176 seconds
[2026-08-12T04:49:12.736+0000] {processor.py:186} INFO - Started process (PID=2057) to work on /home/airflow/.local/lib/python3.12/site-packages/airflow/example_dags/example_task_group_decorator.py
[2026-08-12T04:49:12.738+0000] {processor.py:914} INFO - Processing file /home/airflow/.local/lib/python3.12/site-packages/airflow/example_dags/example_task_group_decorator.py for tasks to queue
[2026-08-12T04:49:12.742+0000] {logging_mixin.py:190} INFO - [2026-08-12T04:49:12.742+0000] {dagbag.py:587} INFO - Filling up the DagBag from /home/airflow/.local/lib/python3.12/site-packages/airflow/example_dags/example_task_group_decorator.py
[2026-08-12T04:49:12.759+0000] {processor.py:925} INFO - DAG(s) 'example_task_group_decorator' retrieved from /home/airflow/.local/lib/python3.12/site-packages/airflow/example_dags/example_task_group_decorator.py
[2026-08-12T04:49:12.787+0000] {logging_mixin.py:190} INFO - [2026-08-12T04:49:12.786+0000] {dag.py:3211} INFO - Sync 1 DAGs
[2026-08-12T04:49:12.810+0000] {logging_mixin.py:190} INFO - [2026-08-12T04:49:12.810+0000] {dag.py:4138} INFO - Setting next_dagrun for example_task_group_decorator to 2026-08-11 00:00:00+00:00, run_after=2026-08-12 00:00:00+00:00
[2026-08-12T04:49:12.833+0000] {processor.py:208} INFO - Processing /home/airflow/.local/lib/python3.12/site-packages/airflow/example_dags/example_task_group_decorator.py took 0.116 seconds
[2026-08-12T04:49:43.115+0000] {processor.py:186} INFO - Started process (PID=2119) to work on /home/airflow/.local/lib/python3.12/site-packages/airflow/example_dags/example_task_group_decorator.py
[2026-08-12T04:49:43.117+0000] {processor.py:914} INFO - Processing file /home/airflow/.local/lib/python3.12/site-packages/airflow/example_dags/example_task_group_decorator.py for tasks to queue
[2026-08-12T04:49:43.121+0000] {logging_mixin.py:190} INFO - [2026-08-12T04:49:43.120+0000] {dagbag.py:587} INFO - Filling up the DagBag from /home/airflow/.local/lib/python3.12/site-packages/airflow/example_dags/example_task_group_decorator.py
[2026-08-12T04:49:43.140+0000] {processor.py:925} INFO - DAG(s) 'example_task_group_decorator' retrieved from /home/airflow/.local/lib/python3.12/site-packages/airflow/example_dags/example_task_group_decorator.py
[2026-08-12T04:49:43.175+0000] {logging_mixin.py:190} INFO - [2026-08-12T04:49:43.174+0000] {dag.py:3211} INFO - Sync 1 DAGs
[2026-08-12T04:49:43.205+0000] {logging_mixin.py:190} INFO - [2026-08-12T04:49:43.205+0000] {dag.py:4138} INFO - Setting next_dagrun for example_task_group_decorator to 2026-08-11 00:00:00+00:00, run_after=2026-08-12 00:00:00+00:00
[2026-08-12T04:49:43.232+0000] {processor.py:208} INFO - Processing /home/airflow/.local/lib/python3.12/site-packages/airflow/example_dags/example_task_group_decorator.py took 0.125 seconds
