[2026-08-12T04:30:36.515+0000] {processor.py:186} INFO - Started process (PID=92) to work on /home/airflow/.local/lib/python3.12/site-packages/airflow/example_dags/tutorial.py
[2026-08-12T04:30:36.517+0000] {processor.py:914} INFO - Processing file /home/airflow/.local/lib/python3.12/site-packages/airflow/example_dags/tutorial.py for tasks to queue
[2026-08-12T04:30:36.523+0000] {logging_mixin.py:190} INFO - [2026-08-12T04:30:36.522+0000] {dagbag.py:587} INFO - Filling up the DagBag from /home/airflow/.local/lib/python3.12/site-packages/airflow/example_dags/tutorial.py
[2026-08-12T04:30:36.538+0000] {processor.py:925} INFO - DAG(s) 'tutorial' retrieved from /home/airflow/.local/lib/python3.12/site-packages/airflow/example_dags/tutorial.py
[2026-08-12T04:30:36.676+0000] {logging_mixin.py:190} INFO - [2026-08-12T04:30:36.676+0000] {override.py:1858} INFO - Created Permission View: can edit on DAG:tutorial
[2026-08-12T04:30:36.689+0000] {logging_mixin.py:190} INFO - [2026-08-12T04:30:36.689+0000] {override.py:1858} INFO - Created Permission View: can delete on DAG:tutorial
[2026-08-12T04:30:36.698+0000] {logging_mixin.py:190} INFO - [2026-08-12T04:30:36.697+0000] {override.py:1858} INFO - Created Permission View: can read on DAG:tutorial
[2026-08-12T04:30:36.699+0000] {logging_mixin.py:190} INFO - [2026-08-12T04:30:36.699+0000] {dag.py:3211} INFO - Sync 1 DAGs
[2026-08-12T04:30:36.712+0000] {logging_mixin.py:190} INFO - [2026-08-12T04:30:36.712+0000] {dag.py:3234} INFO - Creating ORM DAG for tutorial
[2026-08-12T04:30:36.726+0000] {logging_mixin.py:190} INFO - [2026-08-12T04:30:36.726+0000] {dag.py:4138} INFO - Setting next_dagrun for tutorial to 2026-08-11 00:00:00+00:00, run_after=2026-08-12 00:00:00+00:00
[2026-08-12T04:30:36.747+0000] {processor.py:208} INFO - Processing /home/airflow/.local/lib/python3.12/site-packages/airflow/example_dags/tutorial.py took 0.240 seconds
[2026-08-12T04:31:06.959+0000] {processor.py:186} INFO - Started process (PID=154) to work on /home/airflow/.local/lib/python3.12/site-packages/airflow/example_dags/tutorial.py
[2026-08-12T04:31:06.961+0000] {processor.py:914} INFO - Processing file /home/airflow/.local/lib/python3.12/site-packages/airflow/example_dags/tutorial.py for tasks to queue
[2026-08-12T04:31:06.964+0000] {logging_mixin.py:190} INFO - [2026-08-12T04:31:06.964+0000] {dagbag.py:587} INFO - Filling up the DagBag from /home/airflow/.local/lib/python3.12/site-packages/airflow/example_dags/tutorial.py
[2026-08-12T04:31:06.973+0000] {processor.py:925} INFO - DAG(s) 'tutorial' retrieved from /home/airflow/.local/lib/python3.12/site-packages/airflow/example_dags/tutorial.py
[2026-08-12T04:31:06.996+0000] {logging_mixin.py:190} INFO - [2026-08-12T04:31:06.996+0000] {dag.py:3211} INFO - Sync 1 DAGs
[2026-08-12T04:31:07.022+0000] {logging_mixin.py:190} INFO - [2026-08-12T04:31:07.022+0000] {dag.py:4138} INFO - Setting next_dagrun for tutorial to 2026-08-11 00:00:00+00:00, run_after=2026-08-12 00:00:00+00:00
[2026-08-12T04:31:07.051+0000] {processor.py:208} INFO - Processing /home/airflow/.local/lib/python3.12/site-packages/airflow/example_dags/tutorial.py took 0.099 seconds
[2026-08-12T04:31:37.668+0000] {processor.py:186} INFO - Started process (PID=217) to work on /home/airflow/.local/lib/python3.12/site-packages/airflow/example_dags/tutorial.py
[2026-08-12T04:31:37.670+0000] {processor.py:914} INFO - Processing file /home/airflow/.local/lib/python3.12/site-packages/airflow/example_dags/tutorial.py for tasks to queue
[2026-08-12T04:31:37.674+0000] {logging_mixin.py:190} INFO - [2026-08-12T04:31:37.674+0000] {dagbag.py:587} INFO - Filling up the DagBag from /home/airflow/.local/lib/python3.12/site-packages/airflow/example_dags/tutorial.py
[2026-08-12T04:31:37.688+0000] {processor.py:925} INFO - DAG(s) 'tutorial' retrieved from /home/airflow/.local/lib/python3.12/site-packages/airflow/example_dags/tutorial.py
[2026-08-12T04:31:37.716+0000] {logging_mixin.py:190} INFO - [2026-08-12T04:31:37.716+0000] {dag.py:3211} INFO - Sync 1 DAGs
[2026-08-12T04:31:37.752+0000] {logging_mixin.py:190} INFO - [2026-08-12T04:31:37.752+0000] {dag.py:4138} INFO - Setting next_dagrun for tutorial to 2026-08-11 00:00:00+00:00, run_after=2026-08-12 00:00:00+00:00
[2026-08-12T04:31:37.782+0000] {processor.py:208} INFO - Processing /home/airflow/.local/lib/python3.12/site-packages/airflow/example_dags/tutorial.py took 0.125 seconds
[2026-08-12T04:32:55.409+0000] {processor.py:186} INFO - Started process (PID=83) to work on /home/airflow/.local/lib/python3.12/site-packages/airflow/example_dags/tutorial.py
[2026-08-12T04:32:55.411+0000] {processor.py:914} INFO - Processing file /home/airflow/.local/lib/python3.12/site-packages/airflow/example_dags/tutorial.py for tasks to queue
[2026-08-12T04:32:55.417+0000] {logging_mixin.py:190} INFO - [2026-08-12T04:32:55.416+0000] {dagbag.py:587} INFO - Filling up the DagBag from /home/airflow/.local/lib/python3.12/site-packages/airflow/example_dags/tutorial.py
[2026-08-12T04:32:55.433+0000] {processor.py:925} INFO - DAG(s) 'tutorial' retrieved from /home/airflow/.local/lib/python3.12/site-packages/airflow/example_dags/tutorial.py
[2026-08-12T04:32:55.473+0000] {logging_mixin.py:190} INFO - [2026-08-12T04:32:55.472+0000] {dag.py:3211} INFO - Sync 1 DAGs
[2026-08-12T04:32:55.507+0000] {logging_mixin.py:190} INFO - [2026-08-12T04:32:55.506+0000] {dag.py:4138} INFO - Setting next_dagrun for tutorial to 2026-08-11 00:00:00+00:00, run_after=2026-08-12 00:00:00+00:00
[2026-08-12T04:32:55.536+0000] {processor.py:208} INFO - Processing /home/airflow/.local/lib/python3.12/site-packages/airflow/example_dags/tutorial.py took 0.136 seconds
[2026-08-12T04:33:25.985+0000] {processor.py:186} INFO - Started process (PID=145) to work on /home/airflow/.local/lib/python3.12/site-packages/airflow/example_dags/tutorial.py
[2026-08-12T04:33:25.987+0000] {processor.py:914} INFO - Processing file /home/airflow/.local/lib/python3.12/site-packages/airflow/example_dags/tutorial.py for tasks to queue
[2026-08-12T04:33:25.990+0000] {logging_mixin.py:190} INFO - [2026-08-12T04:33:25.990+0000] {dagbag.py:587} INFO - Filling up the DagBag from /home/airflow/.local/lib/python3.12/site-packages/airflow/example_dags/tutorial.py
[2026-08-12T04:33:26.000+0000] {processor.py:925} INFO - DAG(s) 'tutorial' retrieved from /home/airflow/.local/lib/python3.12/site-packages/airflow/example_dags/tutorial.py
[2026-08-12T04:33:26.021+0000] {logging_mixin.py:190} INFO - [2026-08-12T04:33:26.021+0000] {dag.py:3211} INFO - Sync 1 DAGs
[2026-08-12T04:33:26.044+0000] {logging_mixin.py:190} INFO - [2026-08-12T04:33:26.044+0000] {dag.py:4138} INFO - Setting next_dagrun for tutorial to 2026-08-11 00:00:00+00:00, run_after=2026-08-12 00:00:00+00:00
[2026-08-12T04:33:26.066+0000] {processor.py:208} INFO - Processing /home/airflow/.local/lib/python3.12/site-packages/airflow/example_dags/tutorial.py took 0.087 seconds
[2026-08-12T04:33:56.641+0000] {processor.py:186} INFO - Started process (PID=207) to work on /home/airflow/.local/lib/python3.12/site-packages/airflow/example_dags/tutorial.py
[2026-08-12T04:33:56.643+0000] {processor.py:914} INFO - Processing file /home/airflow/.local/lib/python3.12/site-packages/airflow/example_dags/tutorial.py for tasks to queue
[2026-08-12T04:33:56.647+0000] {logging_mixin.py:190} INFO - [2026-08-12T04:33:56.647+0000] {dagbag.py:587} INFO - Filling up the DagBag from /home/airflow/.local/lib/python3.12/site-packages/airflow/example_dags/tutorial.py
[2026-08-12T04:33:56.659+0000] {processor.py:925} INFO - DAG(s) 'tutorial' retrieved from /home/airflow/.local/lib/python3.12/site-packages/airflow/example_dags/tutorial.py
[2026-08-12T04:33:56.683+0000] {logging_mixin.py:190} INFO - [2026-08-12T04:33:56.682+0000] {dag.py:3211} INFO - Sync 1 DAGs
[2026-08-12T04:33:56.709+0000] {logging_mixin.py:190} INFO - [2026-08-12T04:33:56.709+0000] {dag.py:4138} INFO - Setting next_dagrun for tutorial to 2026-08-11 00:00:00+00:00, run_after=2026-08-12 00:00:00+00:00
[2026-08-12T04:33:56.741+0000] {processor.py:208} INFO - Processing /home/airflow/.local/lib/python3.12/site-packages/airflow/example_dags/tutorial.py took 0.108 seconds
[2026-08-12T04:34:27.248+0000] {processor.py:186} INFO - Started process (PID=269) to work on /home/airflow/.local/lib/python3.12/site-packages/airflow/example_dags/tutorial.py
[2026-08-12T04:34:27.251+0000] {processor.py:914} INFO - Processing file /home/airflow/.local/lib/python3.12/site-packages/airflow/example_dags/tutorial.py for tasks to queue
[2026-08-12T04:34:27.255+0000] {logging_mixin.py:190} INFO - [2026-08-12T04:34:27.255+0000] {dagbag.py:587} INFO - Filling up the DagBag from /home/airflow/.local/lib/python3.12/site-packages/airflow/example_dags/tutorial.py
[2026-08-12T04:34:27.267+0000] {processor.py:925} INFO - DAG(s) 'tutorial' retrieved from /home/airflow/.local/lib/python3.12/site-packages/airflow/example_dags/tutorial.py
[2026-08-12T04:34:27.293+0000] {logging_mixin.py:190} INFO - [2026-08-12T04:34:27.292+0000] {dag.py:3211} INFO - Sync 1 DAGs
[2026-08-12T04:34:27.319+0000] {logging_mixin.py:190} INFO - [2026-08-12T04:34:27.318+0000] {dag.py:4138} INFO - Setting next_dagrun for tutorial to 2026-08-11 00:00:00+00:00, run_after=2026-08-12 00:00:00+00:00
[2026-08-12T04:34:27.343+0000] {processor.py:208} INFO - Processing /home/airflow/.local/lib/python3.12/site-packages/airflow/example_dags/tutorial.py took 0.101 seconds
[2026-08-12T04:34:57.664+0000] {processor.py:186} INFO - Started process (PID=331) to work on /home/airflow/.local/lib/python3.12/site-packages/airflow/example_dags/tutorial.py
[2026-08-12T04:34:57.667+0000] {processor.py:914} INFO - Processing file /home/airflow/.local/lib/python3.12/site-packages/airflow/example_dags/tutorial.py for tasks to queue
[2026-08-12T04:34:57.670+0000] {logging_mixin.py:190} INFO - [2026-08-12T04:34:57.670+0000] {dagbag.py:587} INFO - Filling up the DagBag from /home/airflow/.local/lib/python3.12/site-packages/airflow/example_dags/tutorial.py
[2026-08-12T04:34:57.680+0000] {processor.py:925} INFO - DAG(s) 'tutorial' retrieved from /home/airflow/.local/lib/python3.12/site-packages/airflow/example_dags/tutorial.py
[2026-08-12T04:34:57.702+0000] {logging_mixin.py:190} INFO - [2026-08-12T04:34:57.702+0000] {dag.py:3211} INFO - Sync 1 DAGs
[2026-08-12T04:34:57.727+0000] {logging_mixin.py:190} INFO - [2026-08-12T04:34:57.726+0000] {dag.py:4138} INFO - Setting next_dagrun for tutorial to 2026-08-11 00:00:00+00:00, run_after=2026-08-12 00:00:00+00:00
[2026-08-12T04:34:57.751+0000] {processor.py:208} INFO - Processing /home/airflow/.local/lib/python3.12/site-packages/airflow/example_dags/tutorial.py took 0.094 seconds
[2026-08-12T04:35:28.256+0000] {processor.py:186} INFO - Started process (PID=393) to work on /home/airflow/.local/lib/python3.12/site-packages/airflow/example_dags/tutorial.py
[2026-08-12T04:35:28.258+0000] {processor.py:914} INFO - Processing file /home/airflow/.local/lib/python3.12/site-packages/airflow/example_dags/tutorial.py for tasks to queue
[2026-08-12T04:35:28.262+0000] {logging_mixin.py:190} INFO - [2026-08-12T04:35:28.262+0000] {dagbag.py:587} INFO - Filling up the DagBag from /home/airflow/.local/lib/python3.12/site-packages/airflow/example_dags/tutorial.py
[2026-08-12T04:35:28.273+0000] {processor.py:925} INFO - DAG(s) 'tutorial' retrieved from /home/airflow/.local/lib/python3.12/site-packages/airflow/example_dags/tutorial.py
[2026-08-12T04:35:28.301+0000] {logging_mixin.py:190} INFO - [2026-08-12T04:35:28.301+0000] {dag.py:3211} INFO - Sync 1 DAGs
[2026-08-12T04:35:28.333+0000] {logging_mixin.py:190} INFO - [2026-08-12T04:35:28.332+0000] {dag.py:4138} INFO - Setting next_dagrun for tutorial to 2026-08-11 00:00:00+00:00, run_after=2026-08-12 00:00:00+00:00
[2026-08-12T04:35:28.364+0000] {processor.py:208} INFO - Processing /home/airflow/.local/lib/python3.12/site-packages/airflow/example_dags/tutorial.py took 0.116 seconds
[2026-08-12T04:35:58.717+0000] {processor.py:186} INFO - Started process (PID=455) to work on /home/airflow/.local/lib/python3.12/site-packages/airflow/example_dags/tutorial.py
[2026-08-12T04:35:58.719+0000] {processor.py:914} INFO - Processing file /home/airflow/.local/lib/python3.12/site-packages/airflow/example_dags/tutorial.py for tasks to queue
[2026-08-12T04:35:58.722+0000] {logging_mixin.py:190} INFO - [2026-08-12T04:35:58.721+0000] {dagbag.py:587} INFO - Filling up the DagBag from /home/airflow/.local/lib/python3.12/site-packages/airflow/example_dags/tutorial.py
[2026-08-12T04:35:58.730+0000] {processor.py:925} INFO - DAG(s) 'tutorial' retrieved from /home/airflow/.local/lib/python3.12/site-packages/airflow/example_dags/tutorial.py
[2026-08-12T04:35:58.752+0000] {logging_mixin.py:190} INFO - [2026-08-12T04:35:58.752+0000] {dag.py:3211} INFO - Sync 1 DAGs
[2026-08-12T04:35:58.777+0000] {logging_mixin.py:190} INFO - [2026-08-12T04:35:58.777+0000] {dag.py:4138} INFO - Setting next_dagrun for tutorial to 2026-08-11 00:00:00+00:00, run_after=2026-08-12 00:00:00+00:00
[2026-08-12T04:35:58.799+0000] {processor.py:208} INFO - Processing /home/airflow/.local/lib/python3.12/site-packages/airflow/example_dags/tutorial.py took 0.087 seconds
[2026-08-12T04:36:29.395+0000] {processor.py:186} INFO - Started process (PID=517) to work on /home/airflow/.local/lib/python3.12/site-packages/airflow/example_dags/tutorial.py
[2026-08-12T04:36:29.397+0000] {processor.py:914} INFO - Processing file /home/airflow/.local/lib/python3.12/site-packages/airflow/example_dags/tutorial.py for tasks to queue
[2026-08-12T04:36:29.400+0000] {logging_mixin.py:190} INFO - [2026-08-12T04:36:29.400+0000] {dagbag.py:587} INFO - Filling up the DagBag from /home/airflow/.local/lib/python3.12/site-packages/airflow/example_dags/tutorial.py
[2026-08-12T04:36:29.410+0000] {processor.py:925} INFO - DAG(s) 'tutorial' retrieved from /home/airflow/.local/lib/python3.12/site-packages/airflow/example_dags/tutorial.py
[2026-08-12T04:36:29.434+0000] {logging_mixin.py:190} INFO - [2026-08-12T04:36:29.434+0000] {dag.py:3211} INFO - Sync 1 DAGs
[2026-08-12T04:36:29.457+0000] {logging_mixin.py:190} INFO - [2026-08-12T04:36:29.457+0000] {dag.py:4138} INFO - Setting next_dagrun for tutorial to 2026-08-11 00:00:00+00:00, run_after=2026-08-12 00:00:00+00:00
[2026-08-12T04:36:29.476+0000] {processor.py:208} INFO - Processing /home/airflow/.local/lib/python3.12/site-packages/airflow/example_dags/tutorial.py took 0.088 seconds
[2026-08-12T04:36:59.986+0000] {processor.py:186} INFO - Started process (PID=579) to work on /home/airflow/.local/lib/python3.12/site-packages/airflow/example_dags/tutorial.py
[2026-08-12T04:36:59.988+0000] {processor.py:914} INFO - Processing file /home/airflow/.local/lib/python3.12/site-packages/airflow/example_dags/tutorial.py for tasks to queue
[2026-08-12T04:36:59.990+0000] {logging_mixin.py:190} INFO - [2026-08-12T04:36:59.990+0000] {dagbag.py:587} INFO - Filling up the DagBag from /home/airflow/.local/lib/python3.12/site-packages/airflow/example_dags/tutorial.py
[2026-08-12T04:36:59.998+0000] {processor.py:925} INFO - DAG(s) 'tutorial' retrieved from /home/airflow/.local/lib/python3.12/site-packages/airflow/example_dags/tutorial.py
[2026-08-12T04:37:00.020+0000] {logging_mixin.py:190} INFO - [2026-08-12T04:37:00.019+0000] {dag.py:3211} INFO - Sync 1 DAGs
[2026-08-12T04:37:00.043+0000] {logging_mixin.py:190} INFO - [2026-08-12T04:37:00.043+0000] {dag.py:4138} INFO - Setting next_dagrun for tutorial to 2026-08-11 00:00:00+00:00, run_after=2026-08-12 00:00:00+00:00
[2026-08-12T04:37:00.062+0000] {processor.py:208} INFO - Processing /home/airflow/.local/lib/python3.12/site-packages/airflow/example_dags/tutorial.py took 0.081 seconds
[2026-08-12T04:37:30.203+0000] {processor.py:186} INFO - Started process (PID=641) to work on /home/airflow/.local/lib/python3.12/site-packages/airflow/example_dags/tutorial.py
[2026-08-12T04:37:30.205+0000] {processor.py:914} INFO - Processing file /home/airflow/.local/lib/python3.12/site-packages/airflow/example_dags/tutorial.py for tasks to queue
[2026-08-12T04:37:30.208+0000] {logging_mixin.py:190} INFO - [2026-08-12T04:37:30.208+0000] {dagbag.py:587} INFO - Filling up the DagBag from /home/airflow/.local/lib/python3.12/site-packages/airflow/example_dags/tutorial.py
[2026-08-12T04:37:30.217+0000] {processor.py:925} INFO - DAG(s) 'tutorial' retrieved from /home/airflow/.local/lib/python3.12/site-packages/airflow/example_dags/tutorial.py
[2026-08-12T04:37:30.237+0000] {logging_mixin.py:190} INFO - [2026-08-12T04:37:30.237+0000] {dag.py:3211} INFO - Sync 1 DAGs
[2026-08-12T04:37:30.260+0000] {logging_mixin.py:190} INFO - [2026-08-12T04:37:30.260+0000] {dag.py:4138} INFO - Setting next_dagrun for tutorial to 2026-08-11 00:00:00+00:00, run_after=2026-08-12 00:00:00+00:00
[2026-08-12T04:37:30.279+0000] {processor.py:208} INFO - Processing /home/airflow/.local/lib/python3.12/site-packages/airflow/example_dags/tutorial.py took 0.082 seconds
[2026-08-12T04:38:00.430+0000] {processor.py:186} INFO - Started process (PID=703) to work on /home/airflow/.local/lib/python3.12/site-packages/airflow/example_dags/tutorial.py
[2026-08-12T04:38:00.432+0000] {processor.py:914} INFO - Processing file /home/airflow/.local/lib/python3.12/site-packages/airflow/example_dags/tutorial.py for tasks to queue
[2026-08-12T04:38:00.436+0000] {logging_mixin.py:190} INFO - [2026-08-12T04:38:00.435+0000] {dagbag.py:587} INFO - Filling up the DagBag from /home/airflow/.local/lib/python3.12/site-packages/airflow/example_dags/tutorial.py
[2026-08-12T04:38:00.448+0000] {processor.py:925} INFO - DAG(s) 'tutorial' retrieved from /home/airflow/.local/lib/python3.12/site-packages/airflow/example_dags/tutorial.py
[2026-08-12T04:38:00.474+0000] {logging_mixin.py:190} INFO - [2026-08-12T04:38:00.473+0000] {dag.py:3211} INFO - Sync 1 DAGs
[2026-08-12T04:38:00.501+0000] {logging_mixin.py:190} INFO - [2026-08-12T04:38:00.501+0000] {dag.py:4138} INFO - Setting next_dagrun for tutorial to 2026-08-11 00:00:00+00:00, run_after=2026-08-12 00:00:00+00:00
[2026-08-12T04:38:00.522+0000] {processor.py:208} INFO - Processing /home/airflow/.local/lib/python3.12/site-packages/airflow/example_dags/tutorial.py took 0.099 seconds
[2026-08-12T04:38:31.095+0000] {processor.py:186} INFO - Started process (PID=765) to work on /home/airflow/.local/lib/python3.12/site-packages/airflow/example_dags/tutorial.py
[2026-08-12T04:38:31.097+0000] {processor.py:914} INFO - Processing file /home/airflow/.local/lib/python3.12/site-packages/airflow/example_dags/tutorial.py for tasks to queue
[2026-08-12T04:38:31.101+0000] {logging_mixin.py:190} INFO - [2026-08-12T04:38:31.100+0000] {dagbag.py:587} INFO - Filling up the DagBag from /home/airflow/.local/lib/python3.12/site-packages/airflow/example_dags/tutorial.py
[2026-08-12T04:38:31.109+0000] {processor.py:925} INFO - DAG(s) 'tutorial' retrieved from /home/airflow/.local/lib/python3.12/site-packages/airflow/example_dags/tutorial.py
[2026-08-12T04:38:31.131+0000] {logging_mixin.py:190} INFO - [2026-08-12T04:38:31.131+0000] {dag.py:3211} INFO - Sync 1 DAGs
[2026-08-12T04:38:31.157+0000] {logging_mixin.py:190} INFO - [2026-08-12T04:38:31.156+0000] {dag.py:4138} INFO - Setting next_dagrun for tutorial to 2026-08-11 00:00:00+00:00, run_after=2026-08-12 00:00:00+00:00
[2026-08-12T04:38:31.179+0000] {processor.py:208} INFO - Processing /home/airflow/.local/lib/python3.12/site-packages/airflow/example_dags/tutorial.py took 0.090 seconds
[2026-08-12T04:39:01.466+0000] {processor.py:186} INFO - Started process (PID=827) to work on /home/airflow/.local/lib/python3.12/site-packages/airflow/example_dags/tutorial.py
[2026-08-12T04:39:01.467+0000] {processor.py:914} INFO - Processing file /home/airflow/.local/lib/python3.12/site-packages/airflow/example_dags/tutorial.py for tasks to queue
[2026-08-12T04:39:01.470+0000] {logging_mixin.py:190} INFO - [2026-08-12T04:39:01.470+0000] {dagbag.py:587} INFO - Filling up the DagBag from /home/airflow/.local/lib/python3.12/site-packages/airflow/example_dags/tutorial.py
[2026-08-12T04:39:01.479+0000] {processor.py:925} INFO - DAG(s) 'tutorial' retrieved from /home/airflow/.local/lib/python3.12/site-packages/airflow/example_dags/tutorial.py
[2026-08-12T04:39:01.499+0000] {logging_mixin.py:190} INFO - [2026-08-12T04:39:01.498+0000] {dag.py:3211} INFO - Sync 1 DAGs
[2026-08-12T04:39:01.533+0000] {logging_mixin.py:190} INFO - [2026-08-12T04:39:01.533+0000] {dag.py:4138} INFO - Setting next_dagrun for tutorial to 2026-08-11 00:00:00+00:00, run_after=2026-08-12 00:00:00+00:00
[2026-08-12T04:39:01.552+0000] {processor.py:208} INFO - Processing /home/airflow/.local/lib/python3.12/site-packages/airflow/example_dags/tutorial.py took 0.092 seconds
[2026-08-12T04:39:31.860+0000] {processor.py:186} INFO - Started process (PID=889) to work on /home/airflow/.local/lib/python3.12/site-packages/airflow/example_dags/tutorial.py
[2026-08-12T04:39:31.862+0000] {processor.py:914} INFO - Processing file /home/airflow/.local/lib/python3.12/site-packages/airflow/example_dags/tutorial.py for tasks to queue
[2026-08-12T04:39:31.866+0000] {logging_mixin.py:190} INFO - [2026-08-12T04:39:31.865+0000] {dagbag.py:587} INFO - Filling up the DagBag from /home/airflow/.local/lib/python3.12/site-packages/airflow/example_dags/tutorial.py
[2026-08-12T04:39:31.875+0000] {processor.py:925} INFO - DAG(s) 'tutorial' retrieved from /home/airflow/.local/lib/python3.12/site-packages/airflow/example_dags/tutorial.py
[2026-08-12T04:39:31.898+0000] {logging_mixin.py:190} INFO - [2026-08-12T04:39:31.897+0000] {dag.py:3211} INFO - Sync 1 DAGs
[2026-08-12T04:39:31.924+0000] {logging_mixin.py:190} INFO - [2026-08-12T04:39:31.924+0000] {dag.py:4138} INFO - Setting next_dagrun for tutorial to 2026-08-11 00:00:00+00:00, run_after=2026-08-12 00:00:00+00:00
[2026-08-12T04:39:31.946+0000] {processor.py:208} INFO - Processing /home/airflow/.local/lib/python3.12/site-packages/airflow/example_dags/tutorial.py took 0.092 seconds
[2026-08-12T04:40:02.260+0000] {processor.py:186} INFO - Started process (PID=951) to work on /home/airflow/.local/lib/python3.12/site-packages/airflow/example_dags/tutorial.py
[2026-08-12T04:40:02.261+0000] {processor.py:914} INFO - Processing file /home/airflow/.local/lib/python3.12/site-packages/airflow/example_dags/tutorial.py for tasks to queue
[2026-08-12T04:40:02.265+0000] {logging_mixin.py:190} INFO - [2026-08-12T04:40:02.265+0000] {dagbag.py:587} INFO - Filling up the DagBag from /home/airflow/.local/lib/python3.12/site-packages/airflow/example_dags/tutorial.py
[2026-08-12T04:40:02.275+0000] {processor.py:925} INFO - DAG(s) 'tutorial' retrieved from /home/airflow/.local/lib/python3.12/site-packages/airflow/example_dags/tutorial.py
[2026-08-12T04:40:02.298+0000] {logging_mixin.py:190} INFO - [2026-08-12T04:40:02.297+0000] {dag.py:3211} INFO - Sync 1 DAGs
[2026-08-12T04:40:02.325+0000] {logging_mixin.py:190} INFO - [2026-08-12T04:40:02.324+0000] {dag.py:4138} INFO - Setting next_dagrun for tutorial to 2026-08-11 00:00:00+00:00, run_after=2026-08-12 00:00:00+00:00
[2026-08-12T04:40:02.345+0000] {processor.py:208} INFO - Processing /home/airflow/.local/lib/python3.12/site-packages/airflow/example_dags/tutorial.py took 0.093 seconds
[2026-08-12T04:40:32.981+0000] {processor.py:186} INFO - Started process (PID=1013) to work on /home/airflow/.local/lib/python3.12/site-packages/airflow/example_dags/tutorial.py
[2026-08-12T04:40:32.983+0000] {processor.py:914} INFO - Processing file /home/airflow/.local/lib/python3.12/site-packages/airflow/example_dags/tutorial.py for tasks to queue
[2026-08-12T04:40:32.988+0000] {logging_mixin.py:190} INFO - [2026-08-12T04:40:32.988+0000] {dagbag.py:587} INFO - Filling up the DagBag from /home/airflow/.local/lib/python3.12/site-packages/airflow/example_dags/tutorial.py
[2026-08-12T04:40:33.006+0000] {processor.py:925} INFO - DAG(s) 'tutorial' retrieved from /home/airflow/.local/lib/python3.12/site-packages/airflow/example_dags/tutorial.py
[2026-08-12T04:40:33.037+0000] {logging_mixin.py:190} INFO - [2026-08-12T04:40:33.036+0000] {dag.py:3211} INFO - Sync 1 DAGs
[2026-08-12T04:40:33.061+0000] {logging_mixin.py:190} INFO - [2026-08-12T04:40:33.061+0000] {dag.py:4138} INFO - Setting next_dagrun for tutorial to 2026-08-11 00:00:00+00:00, run_after=2026-08-12 00:00:00+00:00
[2026-08-12T04:40:33.082+0000] {processor.py:208} INFO - Processing /home/airflow/.local/lib/python3.12/site-packages/airflow/example_dags/tutorial.py took 0.112 seconds
[2026-08-12T04:41:03.567+0000] {processor.py:186} INFO - Started process (PID=1075) to work on /home/airflow/.local/lib/python3.12/site-packages/airflow/example_dags/tutorial.py
[2026-08-12T04:41:03.569+0000] {processor.py:914} INFO - Processing file /home/airflow/.local/lib/python3.12/site-packages/airflow/example_dags/tutorial.py for tasks to queue
[2026-08-12T04:41:03.573+0000] {logging_mixin.py:190} INFO - [2026-08-12T04:41:03.573+0000] {dagbag.py:587} INFO - Filling up the DagBag from /home/airflow/.local/lib/python3.12/site-packages/airflow/example_dags/tutorial.py
[2026-08-12T04:41:03.583+0000] {processor.py:925} INFO - DAG(s) 'tutorial' retrieved from /home/airflow/.local/lib/python3.12/site-packages/airflow/example_dags/tutorial.py
[2026-08-12T04:41:03.607+0000] {logging_mixin.py:190} INFO - [2026-08-12T04:41:03.607+0000] {dag.py:3211} INFO - Sync 1 DAGs
[2026-08-12T04:41:03.629+0000] {logging_mixin.py:190} INFO - [2026-08-12T04:41:03.629+0000] {dag.py:4138} INFO - Setting next_dagrun for tutorial to 2026-08-11 00:00:00+00:00, run_after=2026-08-12 00:00:00+00:00
[2026-08-12T04:41:03.649+0000] {processor.py:208} INFO - Processing /home/airflow/.local/lib/python3.12/site-packages/airflow/example_dags/tutorial.py took 0.088 seconds
[2026-08-12T04:41:34.128+0000] {processor.py:186} INFO - Started process (PID=1137) to work on /home/airflow/.local/lib/python3.12/site-packages/airflow/example_dags/tutorial.py
[2026-08-12T04:41:34.129+0000] {processor.py:914} INFO - Processing file /home/airflow/.local/lib/python3.12/site-packages/airflow/example_dags/tutorial.py for tasks to queue
[2026-08-12T04:41:34.132+0000] {logging_mixin.py:190} INFO - [2026-08-12T04:41:34.132+0000] {dagbag.py:587} INFO - Filling up the DagBag from /home/airflow/.local/lib/python3.12/site-packages/airflow/example_dags/tutorial.py
[2026-08-12T04:41:34.141+0000] {processor.py:925} INFO - DAG(s) 'tutorial' retrieved from /home/airflow/.local/lib/python3.12/site-packages/airflow/example_dags/tutorial.py
[2026-08-12T04:41:34.165+0000] {logging_mixin.py:190} INFO - [2026-08-12T04:41:34.164+0000] {dag.py:3211} INFO - Sync 1 DAGs
[2026-08-12T04:41:34.190+0000] {logging_mixin.py:190} INFO - [2026-08-12T04:41:34.190+0000] {dag.py:4138} INFO - Setting next_dagrun for tutorial to 2026-08-11 00:00:00+00:00, run_after=2026-08-12 00:00:00+00:00
[2026-08-12T04:41:34.210+0000] {processor.py:208} INFO - Processing /home/airflow/.local/lib/python3.12/site-packages/airflow/example_dags/tutorial.py took 0.088 seconds
[2026-08-12T04:42:04.774+0000] {processor.py:186} INFO - Started process (PID=1199) to work on /home/airflow/.local/lib/python3.12/site-packages/airflow/example_dags/tutorial.py
[2026-08-12T04:42:04.776+0000] {processor.py:914} INFO - Processing file /home/airflow/.local/lib/python3.12/site-packages/airflow/example_dags/tutorial.py for tasks to queue
[2026-08-12T04:42:04.780+0000] {logging_mixin.py:190} INFO - [2026-08-12T04:42:04.779+0000] {dagbag.py:587} INFO - Filling up the DagBag from /home/airflow/.local/lib/python3.12/site-packages/airflow/example_dags/tutorial.py
[2026-08-12T04:42:04.789+0000] {processor.py:925} INFO - DAG(s) 'tutorial' retrieved from /home/airflow/.local/lib/python3.12/site-packages/airflow/example_dags/tutorial.py
[2026-08-12T04:42:04.813+0000] {logging_mixin.py:190} INFO - [2026-08-12T04:42:04.813+0000] {dag.py:3211} INFO - Sync 1 DAGs
[2026-08-12T04:42:04.839+0000] {logging_mixin.py:190} INFO - [2026-08-12T04:42:04.839+0000] {dag.py:4138} INFO - Setting next_dagrun for tutorial to 2026-08-11 00:00:00+00:00, run_after=2026-08-12 00:00:00+00:00
[2026-08-12T04:42:04.864+0000] {processor.py:208} INFO - Processing /home/airflow/.local/lib/python3.12/site-packages/airflow/example_dags/tutorial.py took 0.097 seconds
[2026-08-12T04:42:35.441+0000] {processor.py:186} INFO - Started process (PID=1261) to work on /home/airflow/.local/lib/python3.12/site-packages/airflow/example_dags/tutorial.py
[2026-08-12T04:42:35.442+0000] {processor.py:914} INFO - Processing file /home/airflow/.local/lib/python3.12/site-packages/airflow/example_dags/tutorial.py for tasks to queue
[2026-08-12T04:42:35.446+0000] {logging_mixin.py:190} INFO - [2026-08-12T04:42:35.445+0000] {dagbag.py:587} INFO - Filling up the DagBag from /home/airflow/.local/lib/python3.12/site-packages/airflow/example_dags/tutorial.py
[2026-08-12T04:42:35.454+0000] {processor.py:925} INFO - DAG(s) 'tutorial' retrieved from /home/airflow/.local/lib/python3.12/site-packages/airflow/example_dags/tutorial.py
[2026-08-12T04:42:35.475+0000] {logging_mixin.py:190} INFO - [2026-08-12T04:42:35.474+0000] {dag.py:3211} INFO - Sync 1 DAGs
[2026-08-12T04:42:35.499+0000] {logging_mixin.py:190} INFO - [2026-08-12T04:42:35.499+0000] {dag.py:4138} INFO - Setting next_dagrun for tutorial to 2026-08-11 00:00:00+00:00, run_after=2026-08-12 00:00:00+00:00
[2026-08-12T04:42:35.518+0000] {processor.py:208} INFO - Processing /home/airflow/.local/lib/python3.12/site-packages/airflow/example_dags/tutorial.py took 0.084 seconds
[2026-08-12T04:43:06.274+0000] {processor.py:186} INFO - Started process (PID=1323) to work on /home/airflow/.local/lib/python3.12/site-packages/airflow/example_dags/tutorial.py
[2026-08-12T04:43:06.276+0000] {processor.py:914} INFO - Processing file /home/airflow/.local/lib/python3.12/site-packages/airflow/example_dags/tutorial.py for tasks to queue
[2026-08-12T04:43:06.280+0000] {logging_mixin.py:190} INFO - [2026-08-12T04:43:06.280+0000] {dagbag.py:587} INFO - Filling up the DagBag from /home/airflow/.local/lib/python3.12/site-packages/airflow/example_dags/tutorial.py
[2026-08-12T04:43:06.290+0000] {processor.py:925} INFO - DAG(s) 'tutorial' retrieved from /home/airflow/.local/lib/python3.12/site-packages/airflow/example_dags/tutorial.py
[2026-08-12T04:43:06.317+0000] {logging_mixin.py:190} INFO - [2026-08-12T04:43:06.316+0000] {dag.py:3211} INFO - Sync 1 DAGs
[2026-08-12T04:43:06.348+0000] {logging_mixin.py:190} INFO - [2026-08-12T04:43:06.347+0000] {dag.py:4138} INFO - Setting next_dagrun for tutorial to 2026-08-11 00:00:00+00:00, run_after=2026-08-12 00:00:00+00:00
[2026-08-12T04:43:06.371+0000] {processor.py:208} INFO - Processing /home/airflow/.local/lib/python3.12/site-packages/airflow/example_dags/tutorial.py took 0.108 seconds
[2026-08-12T04:43:37.021+0000] {processor.py:186} INFO - Started process (PID=1385) to work on /home/airflow/.local/lib/python3.12/site-packages/airflow/example_dags/tutorial.py
[2026-08-12T04:43:37.027+0000] {processor.py:914} INFO - Processing file /home/airflow/.local/lib/python3.12/site-packages/airflow/example_dags/tutorial.py for tasks to queue
[2026-08-12T04:43:37.032+0000] {logging_mixin.py:190} INFO - [2026-08-12T04:43:37.032+0000] {dagbag.py:587} INFO - Filling up the DagBag from /home/airflow/.local/lib/python3.12/site-packages/airflow/example_dags/tutorial.py
[2026-08-12T04:43:37.048+0000] {processor.py:925} INFO - DAG(s) 'tutorial' retrieved from /home/airflow/.local/lib/python3.12/site-packages/airflow/example_dags/tutorial.py
[2026-08-12T04:43:37.084+0000] {logging_mixin.py:190} INFO - [2026-08-12T04:43:37.084+0000] {dag.py:3211} INFO - Sync 1 DAGs
[2026-08-12T04:43:37.118+0000] {logging_mixin.py:190} INFO - [2026-08-12T04:43:37.118+0000] {dag.py:4138} INFO - Setting next_dagrun for tutorial to 2026-08-11 00:00:00+00:00, run_after=2026-08-12 00:00:00+00:00
[2026-08-12T04:43:37.154+0000] {processor.py:208} INFO - Processing /home/airflow/.local/lib/python3.12/site-packages/airflow/example_dags/tutorial.py took 0.154 seconds
[2026-08-12T04:44:07.940+0000] {processor.py:186} INFO - Started process (PID=1447) to work on /home/airflow/.local/lib/python3.12/site-packages/airflow/example_dags/tutorial.py
[2026-08-12T04:44:07.942+0000] {processor.py:914} INFO - Processing file /home/airflow/.local/lib/python3.12/site-packages/airflow/example_dags/tutorial.py for tasks to queue
[2026-08-12T04:44:07.945+0000] {logging_mixin.py:190} INFO - [2026-08-12T04:44:07.945+0000] {dagbag.py:587} INFO - Filling up the DagBag from /home/airflow/.local/lib/python3.12/site-packages/airflow/example_dags/tutorial.py
[2026-08-12T04:44:07.955+0000] {processor.py:925} INFO - DAG(s) 'tutorial' retrieved from /home/airflow/.local/lib/python3.12/site-packages/airflow/example_dags/tutorial.py
[2026-08-12T04:44:07.978+0000] {logging_mixin.py:190} INFO - [2026-08-12T04:44:07.978+0000] {dag.py:3211} INFO - Sync 1 DAGs
[2026-08-12T04:44:08.002+0000] {logging_mixin.py:190} INFO - [2026-08-12T04:44:08.002+0000] {dag.py:4138} INFO - Setting next_dagrun for tutorial to 2026-08-11 00:00:00+00:00, run_after=2026-08-12 00:00:00+00:00
[2026-08-12T04:44:08.046+0000] {processor.py:208} INFO - Processing /home/airflow/.local/lib/python3.12/site-packages/airflow/example_dags/tutorial.py took 0.112 seconds
[2026-08-12T04:44:38.922+0000] {processor.py:186} INFO - Started process (PID=1509) to work on /home/airflow/.local/lib/python3.12/site-packages/airflow/example_dags/tutorial.py
[2026-08-12T04:44:38.924+0000] {processor.py:914} INFO - Processing file /home/airflow/.local/lib/python3.12/site-packages/airflow/example_dags/tutorial.py for tasks to queue
[2026-08-12T04:44:38.927+0000] {logging_mixin.py:190} INFO - [2026-08-12T04:44:38.927+0000] {dagbag.py:587} INFO - Filling up the DagBag from /home/airflow/.local/lib/python3.12/site-packages/airflow/example_dags/tutorial.py
[2026-08-12T04:44:38.938+0000] {processor.py:925} INFO - DAG(s) 'tutorial' retrieved from /home/airflow/.local/lib/python3.12/site-packages/airflow/example_dags/tutorial.py
[2026-08-12T04:44:38.960+0000] {logging_mixin.py:190} INFO - [2026-08-12T04:44:38.960+0000] {dag.py:3211} INFO - Sync 1 DAGs
[2026-08-12T04:44:38.982+0000] {logging_mixin.py:190} INFO - [2026-08-12T04:44:38.982+0000] {dag.py:4138} INFO - Setting next_dagrun for tutorial to 2026-08-11 00:00:00+00:00, run_after=2026-08-12 00:00:00+00:00
[2026-08-12T04:44:39.019+0000] {processor.py:208} INFO - Processing /home/airflow/.local/lib/python3.12/site-packages/airflow/example_dags/tutorial.py took 0.103 seconds
[2026-08-12T04:45:09.185+0000] {processor.py:186} INFO - Started process (PID=1571) to work on /home/airflow/.local/lib/python3.12/site-packages/airflow/example_dags/tutorial.py
[2026-08-12T04:45:09.187+0000] {processor.py:914} INFO - Processing file /home/airflow/.local/lib/python3.12/site-packages/airflow/example_dags/tutorial.py for tasks to queue
[2026-08-12T04:45:09.191+0000] {logging_mixin.py:190} INFO - [2026-08-12T04:45:09.190+0000] {dagbag.py:587} INFO - Filling up the DagBag from /home/airflow/.local/lib/python3.12/site-packages/airflow/example_dags/tutorial.py
[2026-08-12T04:45:09.200+0000] {processor.py:925} INFO - DAG(s) 'tutorial' retrieved from /home/airflow/.local/lib/python3.12/site-packages/airflow/example_dags/tutorial.py
[2026-08-12T04:45:09.223+0000] {logging_mixin.py:190} INFO - [2026-08-12T04:45:09.223+0000] {dag.py:3211} INFO - Sync 1 DAGs
[2026-08-12T04:45:09.246+0000] {logging_mixin.py:190} INFO - [2026-08-12T04:45:09.245+0000] {dag.py:4138} INFO - Setting next_dagrun for tutorial to 2026-08-11 00:00:00+00:00, run_after=2026-08-12 00:00:00+00:00
[2026-08-12T04:45:09.268+0000] {processor.py:208} INFO - Processing /home/airflow/.local/lib/python3.12/site-packages/airflow/example_dags/tutorial.py took 0.089 seconds
[2026-08-12T04:45:39.963+0000] {processor.py:186} INFO - Started process (PID=1633) to work on /home/airflow/.local/lib/python3.12/site-packages/airflow/example_dags/tutorial.py
[2026-08-12T04:45:39.965+0000] {processor.py:914} INFO - Processing file /home/airflow/.local/lib/python3.12/site-packages/airflow/example_dags/tutorial.py for tasks to queue
[2026-08-12T04:45:39.969+0000] {logging_mixin.py:190} INFO - [2026-08-12T04:45:39.968+0000] {dagbag.py:587} INFO - Filling up the DagBag from /home/airflow/.local/lib/python3.12/site-packages/airflow/example_dags/tutorial.py
[2026-08-12T04:45:39.976+0000] {processor.py:925} INFO - DAG(s) 'tutorial' retrieved from /home/airflow/.local/lib/python3.12/site-packages/airflow/example_dags/tutorial.py
[2026-08-12T04:45:39.999+0000] {logging_mixin.py:190} INFO - [2026-08-12T04:45:39.999+0000] {dag.py:3211} INFO - Sync 1 DAGs
[2026-08-12T04:45:40.022+0000] {logging_mixin.py:190} INFO - [2026-08-12T04:45:40.022+0000] {dag.py:4138} INFO - Setting next_dagrun for tutorial to 2026-08-11 00:00:00+00:00, run_after=2026-08-12 00:00:00+00:00
[2026-08-12T04:45:40.056+0000] {processor.py:208} INFO - Processing /home/airflow/.local/lib/python3.12/site-packages/airflow/example_dags/tutorial.py took 0.098 seconds
[2026-08-12T04:46:10.258+0000] {processor.py:186} INFO - Started process (PID=1695) to work on /home/airflow/.local/lib/python3.12/site-packages/airflow/example_dags/tutorial.py
[2026-08-12T04:46:10.260+0000] {processor.py:914} INFO - Processing file /home/airflow/.local/lib/python3.12/site-packages/airflow/example_dags/tutorial.py for tasks to queue
[2026-08-12T04:46:10.263+0000] {logging_mixin.py:190} INFO - [2026-08-12T04:46:10.262+0000] {dagbag.py:587} INFO - Filling up the DagBag from /home/airflow/.local/lib/python3.12/site-packages/airflow/example_dags/tutorial.py
[2026-08-12T04:46:10.271+0000] {processor.py:925} INFO - DAG(s) 'tutorial' retrieved from /home/airflow/.local/lib/python3.12/site-packages/airflow/example_dags/tutorial.py
[2026-08-12T04:46:10.295+0000] {logging_mixin.py:190} INFO - [2026-08-12T04:46:10.295+0000] {dag.py:3211} INFO - Sync 1 DAGs
[2026-08-12T04:46:10.318+0000] {logging_mixin.py:190} INFO - [2026-08-12T04:46:10.317+0000] {dag.py:4138} INFO - Setting next_dagrun for tutorial to 2026-08-11 00:00:00+00:00, run_after=2026-08-12 00:00:00+00:00
[2026-08-12T04:46:10.354+0000] {processor.py:208} INFO - Processing /home/airflow/.local/lib/python3.12/site-packages/airflow/example_dags/tutorial.py took 0.101 seconds
[2026-08-12T04:46:40.917+0000] {processor.py:186} INFO - Started process (PID=1757) to work on /home/airflow/.local/lib/python3.12/site-packages/airflow/example_dags/tutorial.py
[2026-08-12T04:46:40.919+0000] {processor.py:914} INFO - Processing file /home/airflow/.local/lib/python3.12/site-packages/airflow/example_dags/tutorial.py for tasks to queue
[2026-08-12T04:46:40.922+0000] {logging_mixin.py:190} INFO - [2026-08-12T04:46:40.922+0000] {dagbag.py:587} INFO - Filling up the DagBag from /home/airflow/.local/lib/python3.12/site-packages/airflow/example_dags/tutorial.py
[2026-08-12T04:46:40.936+0000] {processor.py:925} INFO - DAG(s) 'tutorial' retrieved from /home/airflow/.local/lib/python3.12/site-packages/airflow/example_dags/tutorial.py
[2026-08-12T04:46:40.967+0000] {logging_mixin.py:190} INFO - [2026-08-12T04:46:40.966+0000] {dag.py:3211} INFO - Sync 1 DAGs
[2026-08-12T04:46:40.998+0000] {logging_mixin.py:190} INFO - [2026-08-12T04:46:40.998+0000] {dag.py:4138} INFO - Setting next_dagrun for tutorial to 2026-08-11 00:00:00+00:00, run_after=2026-08-12 00:00:00+00:00
[2026-08-12T04:46:41.032+0000] {processor.py:208} INFO - Processing /home/airflow/.local/lib/python3.12/site-packages/airflow/example_dags/tutorial.py took 0.121 seconds
[2026-08-12T04:47:11.402+0000] {processor.py:186} INFO - Started process (PID=1819) to work on /home/airflow/.local/lib/python3.12/site-packages/airflow/example_dags/tutorial.py
[2026-08-12T04:47:11.403+0000] {processor.py:914} INFO - Processing file /home/airflow/.local/lib/python3.12/site-packages/airflow/example_dags/tutorial.py for tasks to queue
[2026-08-12T04:47:11.407+0000] {logging_mixin.py:190} INFO - [2026-08-12T04:47:11.406+0000] {dagbag.py:587} INFO - Filling up the DagBag from /home/airflow/.local/lib/python3.12/site-packages/airflow/example_dags/tutorial.py
[2026-08-12T04:47:11.417+0000] {processor.py:925} INFO - DAG(s) 'tutorial' retrieved from /home/airflow/.local/lib/python3.12/site-packages/airflow/example_dags/tutorial.py
[2026-08-12T04:47:11.447+0000] {logging_mixin.py:190} INFO - [2026-08-12T04:47:11.446+0000] {dag.py:3211} INFO - Sync 1 DAGs
[2026-08-12T04:47:11.472+0000] {logging_mixin.py:190} INFO - [2026-08-12T04:47:11.472+0000] {dag.py:4138} INFO - Setting next_dagrun for tutorial to 2026-08-11 00:00:00+00:00, run_after=2026-08-12 00:00:00+00:00
[2026-08-12T04:47:11.506+0000] {processor.py:208} INFO - Processing /home/airflow/.local/lib/python3.12/site-packages/airflow/example_dags/tutorial.py took 0.110 seconds
[2026-08-12T04:47:41.728+0000] {processor.py:186} INFO - Started process (PID=1881) to work on /home/airflow/.local/lib/python3.12/site-packages/airflow/example_dags/tutorial.py
[2026-08-12T04:47:41.730+0000] {processor.py:914} INFO - Processing file /home/airflow/.local/lib/python3.12/site-packages/airflow/example_dags/tutorial.py for tasks to queue
[2026-08-12T04:47:41.733+0000] {logging_mixin.py:190} INFO - [2026-08-12T04:47:41.733+0000] {dagbag.py:587} INFO - Filling up the DagBag from /home/airflow/.local/lib/python3.12/site-packages/airflow/example_dags/tutorial.py
[2026-08-12T04:47:41.743+0000] {processor.py:925} INFO - DAG(s) 'tutorial' retrieved from /home/airflow/.local/lib/python3.12/site-packages/airflow/example_dags/tutorial.py
[2026-08-12T04:47:41.767+0000] {logging_mixin.py:190} INFO - [2026-08-12T04:47:41.766+0000] {dag.py:3211} INFO - Sync 1 DAGs
[2026-08-12T04:47:41.792+0000] {logging_mixin.py:190} INFO - [2026-08-12T04:47:41.792+0000] {dag.py:4138} INFO - Setting next_dagrun for tutorial to 2026-08-11 00:00:00+00:00, run_after=2026-08-12 00:00:00+00:00
[2026-08-12T04:47:41.833+0000] {processor.py:208} INFO - Processing /home/airflow/.local/lib/python3.12/site-packages/airflow/example_dags/tutorial.py took 0.111 seconds
[2026-08-12T04:48:12.717+0000] {processor.py:186} INFO - Started process (PID=1943) to work on /home/airflow/.local/lib/python3.12/site-packages/airflow/example_dags/tutorial.py
[2026-08-12T04:48:12.719+0000] {processor.py:914} INFO - Processing file /home/airflow/.local/lib/python3.12/site-packages/airflow/example_dags/tutorial.py for tasks to queue
[2026-08-12T04:48:12.723+0000] {logging_mixin.py:190} INFO - [2026-08-12T04:48:12.723+0000] {dagbag.py:587} INFO - Filling up the DagBag from /home/airflow/.local/lib/python3.12/site-packages/airflow/example_dags/tutorial.py
[2026-08-12T04:48:12.734+0000] {processor.py:925} INFO - DAG(s) 'tutorial' retrieved from /home/airflow/.local/lib/python3.12/site-packages/airflow/example_dags/tutorial.py
[2026-08-12T04:48:12.758+0000] {logging_mixin.py:190} INFO - [2026-08-12T04:48:12.757+0000] {dag.py:3211} INFO - Sync 1 DAGs
[2026-08-12T04:48:12.786+0000] {logging_mixin.py:190} INFO - [2026-08-12T04:48:12.785+0000] {dag.py:4138} INFO - Setting next_dagrun for tutorial to 2026-08-11 00:00:00+00:00, run_after=2026-08-12 00:00:00+00:00
[2026-08-12T04:48:12.820+0000] {processor.py:208} INFO - Processing /home/airflow/.local/lib/python3.12/site-packages/airflow/example_dags/tutorial.py took 0.109 seconds
[2026-08-12T04:48:43.349+0000] {processor.py:186} INFO - Started process (PID=2005) to work on /home/airflow/.local/lib/python3.12/site-packages/airflow/example_dags/tutorial.py
[2026-08-12T04:48:43.351+0000] {processor.py:914} INFO - Processing file /home/airflow/.local/lib/python3.12/site-packages/airflow/example_dags/tutorial.py for tasks to queue
[2026-08-12T04:48:43.355+0000] {logging_mixin.py:190} INFO - [2026-08-12T04:48:43.354+0000] {dagbag.py:587} INFO - Filling up the DagBag from /home/airflow/.local/lib/python3.12/site-packages/airflow/example_dags/tutorial.py
[2026-08-12T04:48:43.364+0000] {processor.py:925} INFO - DAG(s) 'tutorial' retrieved from /home/airflow/.local/lib/python3.12/site-packages/airflow/example_dags/tutorial.py
[2026-08-12T04:48:43.387+0000] {logging_mixin.py:190} INFO - [2026-08-12T04:48:43.386+0000] {dag.py:3211} INFO - Sync 1 DAGs
[2026-08-12T04:48:43.411+0000] {logging_mixin.py:190} INFO - [2026-08-12T04:48:43.411+0000] {dag.py:4138} INFO - Setting next_dagrun for tutorial to 2026-08-11 00:00:00+00:00, run_after=2026-08-12 00:00:00+00:00
[2026-08-12T04:48:43.435+0000] {processor.py:208} INFO - Processing /home/airflow/.local/lib/python3.12/site-packages/airflow/example_dags/tutorial.py took 0.092 seconds
[2026-08-12T04:49:13.543+0000] {processor.py:186} INFO - Started process (PID=2067) to work on /home/airflow/.local/lib/python3.12/site-packages/airflow/example_dags/tutorial.py
[2026-08-12T04:49:13.545+0000] {processor.py:914} INFO - Processing file /home/airflow/.local/lib/python3.12/site-packages/airflow/example_dags/tutorial.py for tasks to queue
[2026-08-12T04:49:13.548+0000] {logging_mixin.py:190} INFO - [2026-08-12T04:49:13.548+0000] {dagbag.py:587} INFO - Filling up the DagBag from /home/airflow/.local/lib/python3.12/site-packages/airflow/example_dags/tutorial.py
[2026-08-12T04:49:13.558+0000] {processor.py:925} INFO - DAG(s) 'tutorial' retrieved from /home/airflow/.local/lib/python3.12/site-packages/airflow/example_dags/tutorial.py
[2026-08-12T04:49:13.581+0000] {logging_mixin.py:190} INFO - [2026-08-12T04:49:13.580+0000] {dag.py:3211} INFO - Sync 1 DAGs
[2026-08-12T04:49:13.605+0000] {logging_mixin.py:190} INFO - [2026-08-12T04:49:13.605+0000] {dag.py:4138} INFO - Setting next_dagrun for tutorial to 2026-08-11 00:00:00+00:00, run_after=2026-08-12 00:00:00+00:00
[2026-08-12T04:49:13.626+0000] {processor.py:208} INFO - Processing /home/airflow/.local/lib/python3.12/site-packages/airflow/example_dags/tutorial.py took 0.089 seconds
[2026-08-12T04:49:44.038+0000] {processor.py:186} INFO - Started process (PID=2129) to work on /home/airflow/.local/lib/python3.12/site-packages/airflow/example_dags/tutorial.py
[2026-08-12T04:49:44.040+0000] {processor.py:914} INFO - Processing file /home/airflow/.local/lib/python3.12/site-packages/airflow/example_dags/tutorial.py for tasks to queue
[2026-08-12T04:49:44.043+0000] {logging_mixin.py:190} INFO - [2026-08-12T04:49:44.042+0000] {dagbag.py:587} INFO - Filling up the DagBag from /home/airflow/.local/lib/python3.12/site-packages/airflow/example_dags/tutorial.py
[2026-08-12T04:49:44.054+0000] {processor.py:925} INFO - DAG(s) 'tutorial' retrieved from /home/airflow/.local/lib/python3.12/site-packages/airflow/example_dags/tutorial.py
[2026-08-12T04:49:44.077+0000] {logging_mixin.py:190} INFO - [2026-08-12T04:49:44.077+0000] {dag.py:3211} INFO - Sync 1 DAGs
[2026-08-12T04:49:44.102+0000] {logging_mixin.py:190} INFO - [2026-08-12T04:49:44.102+0000] {dag.py:4138} INFO - Setting next_dagrun for tutorial to 2026-08-11 00:00:00+00:00, run_after=2026-08-12 00:00:00+00:00
[2026-08-12T04:49:44.137+0000] {processor.py:208} INFO - Processing /home/airflow/.local/lib/python3.12/site-packages/airflow/example_dags/tutorial.py took 0.106 seconds
