[2026-08-12T04:30:34.920+0000] {processor.py:186} INFO - Started process (PID=84) to work on /home/airflow/.local/lib/python3.12/site-packages/airflow/example_dags/tutorial_dag.py
[2026-08-12T04:30:34.923+0000] {processor.py:914} INFO - Processing file /home/airflow/.local/lib/python3.12/site-packages/airflow/example_dags/tutorial_dag.py for tasks to queue
[2026-08-12T04:30:34.927+0000] {logging_mixin.py:190} INFO - [2026-08-12T04:30:34.926+0000] {dagbag.py:587} INFO - Filling up the DagBag from /home/airflow/.local/lib/python3.12/site-packages/airflow/example_dags/tutorial_dag.py
[2026-08-12T04:30:34.937+0000] {processor.py:925} INFO - DAG(s) 'tutorial_dag' retrieved from /home/airflow/.local/lib/python3.12/site-packages/airflow/example_dags/tutorial_dag.py
[2026-08-12T04:30:35.095+0000] {logging_mixin.py:190} INFO - [2026-08-12T04:30:35.095+0000] {override.py:1858} INFO - Created Permission View: can edit on DAG:tutorial_dag
[2026-08-12T04:30:35.108+0000] {logging_mixin.py:190} INFO - [2026-08-12T04:30:35.108+0000] {override.py:1858} INFO - Created Permission View: can delete on DAG:tutorial_dag
[2026-08-12T04:30:35.119+0000] {logging_mixin.py:190} INFO - [2026-08-12T04:30:35.118+0000] {override.py:1858} INFO - Created Permission View: can read on DAG:tutorial_dag
[2026-08-12T04:30:35.120+0000] {logging_mixin.py:190} INFO - [2026-08-12T04:30:35.120+0000] {dag.py:3211} INFO - Sync 1 DAGs
[2026-08-12T04:30:35.135+0000] {logging_mixin.py:190} INFO - [2026-08-12T04:30:35.135+0000] {dag.py:3234} INFO - Creating ORM DAG for tutorial_dag
[2026-08-12T04:30:35.137+0000] {logging_mixin.py:190} INFO - [2026-08-12T04:30:35.137+0000] {dag.py:4138} INFO - Setting next_dagrun for tutorial_dag to None, run_after=None
[2026-08-12T04:30:35.159+0000] {processor.py:208} INFO - Processing /home/airflow/.local/lib/python3.12/site-packages/airflow/example_dags/tutorial_dag.py took 0.246 seconds
[2026-08-12T04:31:05.459+0000] {processor.py:186} INFO - Started process (PID=146) to work on /home/airflow/.local/lib/python3.12/site-packages/airflow/example_dags/tutorial_dag.py
[2026-08-12T04:31:05.461+0000] {processor.py:914} INFO - Processing file /home/airflow/.local/lib/python3.12/site-packages/airflow/example_dags/tutorial_dag.py for tasks to queue
[2026-08-12T04:31:05.465+0000] {logging_mixin.py:190} INFO - [2026-08-12T04:31:05.464+0000] {dagbag.py:587} INFO - Filling up the DagBag from /home/airflow/.local/lib/python3.12/site-packages/airflow/example_dags/tutorial_dag.py
[2026-08-12T04:31:05.474+0000] {processor.py:925} INFO - DAG(s) 'tutorial_dag' retrieved from /home/airflow/.local/lib/python3.12/site-packages/airflow/example_dags/tutorial_dag.py
[2026-08-12T04:31:05.496+0000] {logging_mixin.py:190} INFO - [2026-08-12T04:31:05.495+0000] {dag.py:3211} INFO - Sync 1 DAGs
[2026-08-12T04:31:05.512+0000] {logging_mixin.py:190} INFO - [2026-08-12T04:31:05.512+0000] {dag.py:4138} INFO - Setting next_dagrun for tutorial_dag to None, run_after=None
[2026-08-12T04:31:05.539+0000] {processor.py:208} INFO - Processing /home/airflow/.local/lib/python3.12/site-packages/airflow/example_dags/tutorial_dag.py took 0.088 seconds
[2026-08-12T04:31:36.036+0000] {processor.py:186} INFO - Started process (PID=209) to work on /home/airflow/.local/lib/python3.12/site-packages/airflow/example_dags/tutorial_dag.py
[2026-08-12T04:31:36.038+0000] {processor.py:914} INFO - Processing file /home/airflow/.local/lib/python3.12/site-packages/airflow/example_dags/tutorial_dag.py for tasks to queue
[2026-08-12T04:31:36.044+0000] {logging_mixin.py:190} INFO - [2026-08-12T04:31:36.042+0000] {dagbag.py:587} INFO - Filling up the DagBag from /home/airflow/.local/lib/python3.12/site-packages/airflow/example_dags/tutorial_dag.py
[2026-08-12T04:31:36.056+0000] {processor.py:925} INFO - DAG(s) 'tutorial_dag' retrieved from /home/airflow/.local/lib/python3.12/site-packages/airflow/example_dags/tutorial_dag.py
[2026-08-12T04:31:36.092+0000] {logging_mixin.py:190} INFO - [2026-08-12T04:31:36.091+0000] {dag.py:3211} INFO - Sync 1 DAGs
[2026-08-12T04:31:36.115+0000] {logging_mixin.py:190} INFO - [2026-08-12T04:31:36.115+0000] {dag.py:4138} INFO - Setting next_dagrun for tutorial_dag to None, run_after=None
[2026-08-12T04:31:36.147+0000] {processor.py:208} INFO - Processing /home/airflow/.local/lib/python3.12/site-packages/airflow/example_dags/tutorial_dag.py took 0.118 seconds
[2026-08-12T04:32:54.417+0000] {processor.py:186} INFO - Started process (PID=75) to work on /home/airflow/.local/lib/python3.12/site-packages/airflow/example_dags/tutorial_dag.py
[2026-08-12T04:32:54.421+0000] {processor.py:914} INFO - Processing file /home/airflow/.local/lib/python3.12/site-packages/airflow/example_dags/tutorial_dag.py for tasks to queue
[2026-08-12T04:32:54.429+0000] {logging_mixin.py:190} INFO - [2026-08-12T04:32:54.428+0000] {dagbag.py:587} INFO - Filling up the DagBag from /home/airflow/.local/lib/python3.12/site-packages/airflow/example_dags/tutorial_dag.py
[2026-08-12T04:32:54.447+0000] {processor.py:925} INFO - DAG(s) 'tutorial_dag' retrieved from /home/airflow/.local/lib/python3.12/site-packages/airflow/example_dags/tutorial_dag.py
[2026-08-12T04:32:54.510+0000] {logging_mixin.py:190} INFO - [2026-08-12T04:32:54.509+0000] {dag.py:3211} INFO - Sync 1 DAGs
[2026-08-12T04:32:54.551+0000] {logging_mixin.py:190} INFO - [2026-08-12T04:32:54.550+0000] {dag.py:4138} INFO - Setting next_dagrun for tutorial_dag to None, run_after=None
[2026-08-12T04:32:54.597+0000] {processor.py:208} INFO - Processing /home/airflow/.local/lib/python3.12/site-packages/airflow/example_dags/tutorial_dag.py took 0.196 seconds
[2026-08-12T04:33:25.377+0000] {processor.py:186} INFO - Started process (PID=137) to work on /home/airflow/.local/lib/python3.12/site-packages/airflow/example_dags/tutorial_dag.py
[2026-08-12T04:33:25.378+0000] {processor.py:914} INFO - Processing file /home/airflow/.local/lib/python3.12/site-packages/airflow/example_dags/tutorial_dag.py for tasks to queue
[2026-08-12T04:33:25.382+0000] {logging_mixin.py:190} INFO - [2026-08-12T04:33:25.381+0000] {dagbag.py:587} INFO - Filling up the DagBag from /home/airflow/.local/lib/python3.12/site-packages/airflow/example_dags/tutorial_dag.py
[2026-08-12T04:33:25.391+0000] {processor.py:925} INFO - DAG(s) 'tutorial_dag' retrieved from /home/airflow/.local/lib/python3.12/site-packages/airflow/example_dags/tutorial_dag.py
[2026-08-12T04:33:25.411+0000] {logging_mixin.py:190} INFO - [2026-08-12T04:33:25.411+0000] {dag.py:3211} INFO - Sync 1 DAGs
[2026-08-12T04:33:25.426+0000] {logging_mixin.py:190} INFO - [2026-08-12T04:33:25.425+0000] {dag.py:4138} INFO - Setting next_dagrun for tutorial_dag to None, run_after=None
[2026-08-12T04:33:25.455+0000] {processor.py:208} INFO - Processing /home/airflow/.local/lib/python3.12/site-packages/airflow/example_dags/tutorial_dag.py took 0.085 seconds
[2026-08-12T04:33:56.084+0000] {processor.py:186} INFO - Started process (PID=199) to work on /home/airflow/.local/lib/python3.12/site-packages/airflow/example_dags/tutorial_dag.py
[2026-08-12T04:33:56.086+0000] {processor.py:914} INFO - Processing file /home/airflow/.local/lib/python3.12/site-packages/airflow/example_dags/tutorial_dag.py for tasks to queue
[2026-08-12T04:33:56.089+0000] {logging_mixin.py:190} INFO - [2026-08-12T04:33:56.089+0000] {dagbag.py:587} INFO - Filling up the DagBag from /home/airflow/.local/lib/python3.12/site-packages/airflow/example_dags/tutorial_dag.py
[2026-08-12T04:33:56.097+0000] {processor.py:925} INFO - DAG(s) 'tutorial_dag' retrieved from /home/airflow/.local/lib/python3.12/site-packages/airflow/example_dags/tutorial_dag.py
[2026-08-12T04:33:56.118+0000] {logging_mixin.py:190} INFO - [2026-08-12T04:33:56.118+0000] {dag.py:3211} INFO - Sync 1 DAGs
[2026-08-12T04:33:56.134+0000] {logging_mixin.py:190} INFO - [2026-08-12T04:33:56.134+0000] {dag.py:4138} INFO - Setting next_dagrun for tutorial_dag to None, run_after=None
[2026-08-12T04:33:56.155+0000] {processor.py:208} INFO - Processing /home/airflow/.local/lib/python3.12/site-packages/airflow/example_dags/tutorial_dag.py took 0.076 seconds
[2026-08-12T04:34:26.676+0000] {processor.py:186} INFO - Started process (PID=261) to work on /home/airflow/.local/lib/python3.12/site-packages/airflow/example_dags/tutorial_dag.py
[2026-08-12T04:34:26.678+0000] {processor.py:914} INFO - Processing file /home/airflow/.local/lib/python3.12/site-packages/airflow/example_dags/tutorial_dag.py for tasks to queue
[2026-08-12T04:34:26.681+0000] {logging_mixin.py:190} INFO - [2026-08-12T04:34:26.681+0000] {dagbag.py:587} INFO - Filling up the DagBag from /home/airflow/.local/lib/python3.12/site-packages/airflow/example_dags/tutorial_dag.py
[2026-08-12T04:34:26.694+0000] {processor.py:925} INFO - DAG(s) 'tutorial_dag' retrieved from /home/airflow/.local/lib/python3.12/site-packages/airflow/example_dags/tutorial_dag.py
[2026-08-12T04:34:26.718+0000] {logging_mixin.py:190} INFO - [2026-08-12T04:34:26.718+0000] {dag.py:3211} INFO - Sync 1 DAGs
[2026-08-12T04:34:26.734+0000] {logging_mixin.py:190} INFO - [2026-08-12T04:34:26.733+0000] {dag.py:4138} INFO - Setting next_dagrun for tutorial_dag to None, run_after=None
[2026-08-12T04:34:26.756+0000] {processor.py:208} INFO - Processing /home/airflow/.local/lib/python3.12/site-packages/airflow/example_dags/tutorial_dag.py took 0.086 seconds
[2026-08-12T04:34:57.149+0000] {processor.py:186} INFO - Started process (PID=323) to work on /home/airflow/.local/lib/python3.12/site-packages/airflow/example_dags/tutorial_dag.py
[2026-08-12T04:34:57.151+0000] {processor.py:914} INFO - Processing file /home/airflow/.local/lib/python3.12/site-packages/airflow/example_dags/tutorial_dag.py for tasks to queue
[2026-08-12T04:34:57.155+0000] {logging_mixin.py:190} INFO - [2026-08-12T04:34:57.154+0000] {dagbag.py:587} INFO - Filling up the DagBag from /home/airflow/.local/lib/python3.12/site-packages/airflow/example_dags/tutorial_dag.py
[2026-08-12T04:34:57.164+0000] {processor.py:925} INFO - DAG(s) 'tutorial_dag' retrieved from /home/airflow/.local/lib/python3.12/site-packages/airflow/example_dags/tutorial_dag.py
[2026-08-12T04:34:57.185+0000] {logging_mixin.py:190} INFO - [2026-08-12T04:34:57.184+0000] {dag.py:3211} INFO - Sync 1 DAGs
[2026-08-12T04:34:57.200+0000] {logging_mixin.py:190} INFO - [2026-08-12T04:34:57.200+0000] {dag.py:4138} INFO - Setting next_dagrun for tutorial_dag to None, run_after=None
[2026-08-12T04:34:57.222+0000] {processor.py:208} INFO - Processing /home/airflow/.local/lib/python3.12/site-packages/airflow/example_dags/tutorial_dag.py took 0.080 seconds
[2026-08-12T04:35:27.700+0000] {processor.py:186} INFO - Started process (PID=385) to work on /home/airflow/.local/lib/python3.12/site-packages/airflow/example_dags/tutorial_dag.py
[2026-08-12T04:35:27.702+0000] {processor.py:914} INFO - Processing file /home/airflow/.local/lib/python3.12/site-packages/airflow/example_dags/tutorial_dag.py for tasks to queue
[2026-08-12T04:35:27.706+0000] {logging_mixin.py:190} INFO - [2026-08-12T04:35:27.705+0000] {dagbag.py:587} INFO - Filling up the DagBag from /home/airflow/.local/lib/python3.12/site-packages/airflow/example_dags/tutorial_dag.py
[2026-08-12T04:35:27.716+0000] {processor.py:925} INFO - DAG(s) 'tutorial_dag' retrieved from /home/airflow/.local/lib/python3.12/site-packages/airflow/example_dags/tutorial_dag.py
[2026-08-12T04:35:27.739+0000] {logging_mixin.py:190} INFO - [2026-08-12T04:35:27.739+0000] {dag.py:3211} INFO - Sync 1 DAGs
[2026-08-12T04:35:27.758+0000] {logging_mixin.py:190} INFO - [2026-08-12T04:35:27.757+0000] {dag.py:4138} INFO - Setting next_dagrun for tutorial_dag to None, run_after=None
[2026-08-12T04:35:27.781+0000] {processor.py:208} INFO - Processing /home/airflow/.local/lib/python3.12/site-packages/airflow/example_dags/tutorial_dag.py took 0.087 seconds
[2026-08-12T04:35:58.061+0000] {processor.py:186} INFO - Started process (PID=447) to work on /home/airflow/.local/lib/python3.12/site-packages/airflow/example_dags/tutorial_dag.py
[2026-08-12T04:35:58.062+0000] {processor.py:914} INFO - Processing file /home/airflow/.local/lib/python3.12/site-packages/airflow/example_dags/tutorial_dag.py for tasks to queue
[2026-08-12T04:35:58.065+0000] {logging_mixin.py:190} INFO - [2026-08-12T04:35:58.065+0000] {dagbag.py:587} INFO - Filling up the DagBag from /home/airflow/.local/lib/python3.12/site-packages/airflow/example_dags/tutorial_dag.py
[2026-08-12T04:35:58.072+0000] {processor.py:925} INFO - DAG(s) 'tutorial_dag' retrieved from /home/airflow/.local/lib/python3.12/site-packages/airflow/example_dags/tutorial_dag.py
[2026-08-12T04:35:58.091+0000] {logging_mixin.py:190} INFO - [2026-08-12T04:35:58.091+0000] {dag.py:3211} INFO - Sync 1 DAGs
[2026-08-12T04:35:58.105+0000] {logging_mixin.py:190} INFO - [2026-08-12T04:35:58.105+0000] {dag.py:4138} INFO - Setting next_dagrun for tutorial_dag to None, run_after=None
[2026-08-12T04:35:58.124+0000] {processor.py:208} INFO - Processing /home/airflow/.local/lib/python3.12/site-packages/airflow/example_dags/tutorial_dag.py took 0.069 seconds
[2026-08-12T04:36:28.756+0000] {processor.py:186} INFO - Started process (PID=509) to work on /home/airflow/.local/lib/python3.12/site-packages/airflow/example_dags/tutorial_dag.py
[2026-08-12T04:36:28.757+0000] {processor.py:914} INFO - Processing file /home/airflow/.local/lib/python3.12/site-packages/airflow/example_dags/tutorial_dag.py for tasks to queue
[2026-08-12T04:36:28.760+0000] {logging_mixin.py:190} INFO - [2026-08-12T04:36:28.760+0000] {dagbag.py:587} INFO - Filling up the DagBag from /home/airflow/.local/lib/python3.12/site-packages/airflow/example_dags/tutorial_dag.py
[2026-08-12T04:36:28.770+0000] {processor.py:925} INFO - DAG(s) 'tutorial_dag' retrieved from /home/airflow/.local/lib/python3.12/site-packages/airflow/example_dags/tutorial_dag.py
[2026-08-12T04:36:28.792+0000] {logging_mixin.py:190} INFO - [2026-08-12T04:36:28.791+0000] {dag.py:3211} INFO - Sync 1 DAGs
[2026-08-12T04:36:28.806+0000] {logging_mixin.py:190} INFO - [2026-08-12T04:36:28.806+0000] {dag.py:4138} INFO - Setting next_dagrun for tutorial_dag to None, run_after=None
[2026-08-12T04:36:28.828+0000] {processor.py:208} INFO - Processing /home/airflow/.local/lib/python3.12/site-packages/airflow/example_dags/tutorial_dag.py took 0.078 seconds
[2026-08-12T04:36:59.303+0000] {processor.py:186} INFO - Started process (PID=571) to work on /home/airflow/.local/lib/python3.12/site-packages/airflow/example_dags/tutorial_dag.py
[2026-08-12T04:36:59.305+0000] {processor.py:914} INFO - Processing file /home/airflow/.local/lib/python3.12/site-packages/airflow/example_dags/tutorial_dag.py for tasks to queue
[2026-08-12T04:36:59.307+0000] {logging_mixin.py:190} INFO - [2026-08-12T04:36:59.307+0000] {dagbag.py:587} INFO - Filling up the DagBag from /home/airflow/.local/lib/python3.12/site-packages/airflow/example_dags/tutorial_dag.py
[2026-08-12T04:36:59.315+0000] {processor.py:925} INFO - DAG(s) 'tutorial_dag' retrieved from /home/airflow/.local/lib/python3.12/site-packages/airflow/example_dags/tutorial_dag.py
[2026-08-12T04:36:59.346+0000] {logging_mixin.py:190} INFO - [2026-08-12T04:36:59.345+0000] {dag.py:3211} INFO - Sync 1 DAGs
[2026-08-12T04:36:59.363+0000] {logging_mixin.py:190} INFO - [2026-08-12T04:36:59.363+0000] {dag.py:4138} INFO - Setting next_dagrun for tutorial_dag to None, run_after=None
[2026-08-12T04:36:59.389+0000] {processor.py:208} INFO - Processing /home/airflow/.local/lib/python3.12/site-packages/airflow/example_dags/tutorial_dag.py took 0.091 seconds
[2026-08-12T04:37:29.537+0000] {processor.py:186} INFO - Started process (PID=633) to work on /home/airflow/.local/lib/python3.12/site-packages/airflow/example_dags/tutorial_dag.py
[2026-08-12T04:37:29.539+0000] {processor.py:914} INFO - Processing file /home/airflow/.local/lib/python3.12/site-packages/airflow/example_dags/tutorial_dag.py for tasks to queue
[2026-08-12T04:37:29.543+0000] {logging_mixin.py:190} INFO - [2026-08-12T04:37:29.543+0000] {dagbag.py:587} INFO - Filling up the DagBag from /home/airflow/.local/lib/python3.12/site-packages/airflow/example_dags/tutorial_dag.py
[2026-08-12T04:37:29.552+0000] {processor.py:925} INFO - DAG(s) 'tutorial_dag' retrieved from /home/airflow/.local/lib/python3.12/site-packages/airflow/example_dags/tutorial_dag.py
[2026-08-12T04:37:29.588+0000] {logging_mixin.py:190} INFO - [2026-08-12T04:37:29.588+0000] {dag.py:3211} INFO - Sync 1 DAGs
[2026-08-12T04:37:29.602+0000] {logging_mixin.py:190} INFO - [2026-08-12T04:37:29.602+0000] {dag.py:4138} INFO - Setting next_dagrun for tutorial_dag to None, run_after=None
[2026-08-12T04:37:29.624+0000] {processor.py:208} INFO - Processing /home/airflow/.local/lib/python3.12/site-packages/airflow/example_dags/tutorial_dag.py took 0.095 seconds
[2026-08-12T04:37:59.895+0000] {processor.py:186} INFO - Started process (PID=695) to work on /home/airflow/.local/lib/python3.12/site-packages/airflow/example_dags/tutorial_dag.py
[2026-08-12T04:37:59.897+0000] {processor.py:914} INFO - Processing file /home/airflow/.local/lib/python3.12/site-packages/airflow/example_dags/tutorial_dag.py for tasks to queue
[2026-08-12T04:37:59.902+0000] {logging_mixin.py:190} INFO - [2026-08-12T04:37:59.901+0000] {dagbag.py:587} INFO - Filling up the DagBag from /home/airflow/.local/lib/python3.12/site-packages/airflow/example_dags/tutorial_dag.py
[2026-08-12T04:37:59.911+0000] {processor.py:925} INFO - DAG(s) 'tutorial_dag' retrieved from /home/airflow/.local/lib/python3.12/site-packages/airflow/example_dags/tutorial_dag.py
[2026-08-12T04:37:59.934+0000] {logging_mixin.py:190} INFO - [2026-08-12T04:37:59.934+0000] {dag.py:3211} INFO - Sync 1 DAGs
[2026-08-12T04:37:59.948+0000] {logging_mixin.py:190} INFO - [2026-08-12T04:37:59.948+0000] {dag.py:4138} INFO - Setting next_dagrun for tutorial_dag to None, run_after=None
[2026-08-12T04:37:59.971+0000] {processor.py:208} INFO - Processing /home/airflow/.local/lib/python3.12/site-packages/airflow/example_dags/tutorial_dag.py took 0.082 seconds
[2026-08-12T04:38:30.538+0000] {processor.py:186} INFO - Started process (PID=757) to work on /home/airflow/.local/lib/python3.12/site-packages/airflow/example_dags/tutorial_dag.py
[2026-08-12T04:38:30.540+0000] {processor.py:914} INFO - Processing file /home/airflow/.local/lib/python3.12/site-packages/airflow/example_dags/tutorial_dag.py for tasks to queue
[2026-08-12T04:38:30.544+0000] {logging_mixin.py:190} INFO - [2026-08-12T04:38:30.543+0000] {dagbag.py:587} INFO - Filling up the DagBag from /home/airflow/.local/lib/python3.12/site-packages/airflow/example_dags/tutorial_dag.py
[2026-08-12T04:38:30.552+0000] {processor.py:925} INFO - DAG(s) 'tutorial_dag' retrieved from /home/airflow/.local/lib/python3.12/site-packages/airflow/example_dags/tutorial_dag.py
[2026-08-12T04:38:30.577+0000] {logging_mixin.py:190} INFO - [2026-08-12T04:38:30.577+0000] {dag.py:3211} INFO - Sync 1 DAGs
[2026-08-12T04:38:30.598+0000] {logging_mixin.py:190} INFO - [2026-08-12T04:38:30.597+0000] {dag.py:4138} INFO - Setting next_dagrun for tutorial_dag to None, run_after=None
[2026-08-12T04:38:30.623+0000] {processor.py:208} INFO - Processing /home/airflow/.local/lib/python3.12/site-packages/airflow/example_dags/tutorial_dag.py took 0.091 seconds
[2026-08-12T04:39:00.943+0000] {processor.py:186} INFO - Started process (PID=819) to work on /home/airflow/.local/lib/python3.12/site-packages/airflow/example_dags/tutorial_dag.py
[2026-08-12T04:39:00.945+0000] {processor.py:914} INFO - Processing file /home/airflow/.local/lib/python3.12/site-packages/airflow/example_dags/tutorial_dag.py for tasks to queue
[2026-08-12T04:39:00.949+0000] {logging_mixin.py:190} INFO - [2026-08-12T04:39:00.948+0000] {dagbag.py:587} INFO - Filling up the DagBag from /home/airflow/.local/lib/python3.12/site-packages/airflow/example_dags/tutorial_dag.py
[2026-08-12T04:39:00.960+0000] {processor.py:925} INFO - DAG(s) 'tutorial_dag' retrieved from /home/airflow/.local/lib/python3.12/site-packages/airflow/example_dags/tutorial_dag.py
[2026-08-12T04:39:00.983+0000] {logging_mixin.py:190} INFO - [2026-08-12T04:39:00.983+0000] {dag.py:3211} INFO - Sync 1 DAGs
[2026-08-12T04:39:00.997+0000] {logging_mixin.py:190} INFO - [2026-08-12T04:39:00.997+0000] {dag.py:4138} INFO - Setting next_dagrun for tutorial_dag to None, run_after=None
[2026-08-12T04:39:01.018+0000] {processor.py:208} INFO - Processing /home/airflow/.local/lib/python3.12/site-packages/airflow/example_dags/tutorial_dag.py took 0.082 seconds
[2026-08-12T04:39:31.369+0000] {processor.py:186} INFO - Started process (PID=881) to work on /home/airflow/.local/lib/python3.12/site-packages/airflow/example_dags/tutorial_dag.py
[2026-08-12T04:39:31.370+0000] {processor.py:914} INFO - Processing file /home/airflow/.local/lib/python3.12/site-packages/airflow/example_dags/tutorial_dag.py for tasks to queue
[2026-08-12T04:39:31.373+0000] {logging_mixin.py:190} INFO - [2026-08-12T04:39:31.373+0000] {dagbag.py:587} INFO - Filling up the DagBag from /home/airflow/.local/lib/python3.12/site-packages/airflow/example_dags/tutorial_dag.py
[2026-08-12T04:39:31.381+0000] {processor.py:925} INFO - DAG(s) 'tutorial_dag' retrieved from /home/airflow/.local/lib/python3.12/site-packages/airflow/example_dags/tutorial_dag.py
[2026-08-12T04:39:31.413+0000] {logging_mixin.py:190} INFO - [2026-08-12T04:39:31.413+0000] {dag.py:3211} INFO - Sync 1 DAGs
[2026-08-12T04:39:31.427+0000] {logging_mixin.py:190} INFO - [2026-08-12T04:39:31.426+0000] {dag.py:4138} INFO - Setting next_dagrun for tutorial_dag to None, run_after=None
[2026-08-12T04:39:31.449+0000] {processor.py:208} INFO - Processing /home/airflow/.local/lib/python3.12/site-packages/airflow/example_dags/tutorial_dag.py took 0.085 seconds
[2026-08-12T04:40:01.772+0000] {processor.py:186} INFO - Started process (PID=943) to work on /home/airflow/.local/lib/python3.12/site-packages/airflow/example_dags/tutorial_dag.py
[2026-08-12T04:40:01.774+0000] {processor.py:914} INFO - Processing file /home/airflow/.local/lib/python3.12/site-packages/airflow/example_dags/tutorial_dag.py for tasks to queue
[2026-08-12T04:40:01.777+0000] {logging_mixin.py:190} INFO - [2026-08-12T04:40:01.777+0000] {dagbag.py:587} INFO - Filling up the DagBag from /home/airflow/.local/lib/python3.12/site-packages/airflow/example_dags/tutorial_dag.py
[2026-08-12T04:40:01.785+0000] {processor.py:925} INFO - DAG(s) 'tutorial_dag' retrieved from /home/airflow/.local/lib/python3.12/site-packages/airflow/example_dags/tutorial_dag.py
[2026-08-12T04:40:01.806+0000] {logging_mixin.py:190} INFO - [2026-08-12T04:40:01.806+0000] {dag.py:3211} INFO - Sync 1 DAGs
[2026-08-12T04:40:01.820+0000] {logging_mixin.py:190} INFO - [2026-08-12T04:40:01.820+0000] {dag.py:4138} INFO - Setting next_dagrun for tutorial_dag to None, run_after=None
[2026-08-12T04:40:01.840+0000] {processor.py:208} INFO - Processing /home/airflow/.local/lib/python3.12/site-packages/airflow/example_dags/tutorial_dag.py took 0.073 seconds
[2026-08-12T04:40:32.275+0000] {processor.py:186} INFO - Started process (PID=1005) to work on /home/airflow/.local/lib/python3.12/site-packages/airflow/example_dags/tutorial_dag.py
[2026-08-12T04:40:32.277+0000] {processor.py:914} INFO - Processing file /home/airflow/.local/lib/python3.12/site-packages/airflow/example_dags/tutorial_dag.py for tasks to queue
[2026-08-12T04:40:32.280+0000] {logging_mixin.py:190} INFO - [2026-08-12T04:40:32.280+0000] {dagbag.py:587} INFO - Filling up the DagBag from /home/airflow/.local/lib/python3.12/site-packages/airflow/example_dags/tutorial_dag.py
[2026-08-12T04:40:32.288+0000] {processor.py:925} INFO - DAG(s) 'tutorial_dag' retrieved from /home/airflow/.local/lib/python3.12/site-packages/airflow/example_dags/tutorial_dag.py
[2026-08-12T04:40:32.312+0000] {logging_mixin.py:190} INFO - [2026-08-12T04:40:32.312+0000] {dag.py:3211} INFO - Sync 1 DAGs
[2026-08-12T04:40:32.328+0000] {logging_mixin.py:190} INFO - [2026-08-12T04:40:32.328+0000] {dag.py:4138} INFO - Setting next_dagrun for tutorial_dag to None, run_after=None
[2026-08-12T04:40:32.348+0000] {processor.py:208} INFO - Processing /home/airflow/.local/lib/python3.12/site-packages/airflow/example_dags/tutorial_dag.py took 0.079 seconds
[2026-08-12T04:41:03.034+0000] {processor.py:186} INFO - Started process (PID=1067) to work on /home/airflow/.local/lib/python3.12/site-packages/airflow/example_dags/tutorial_dag.py
[2026-08-12T04:41:03.037+0000] {processor.py:914} INFO - Processing file /home/airflow/.local/lib/python3.12/site-packages/airflow/example_dags/tutorial_dag.py for tasks to queue
[2026-08-12T04:41:03.043+0000] {logging_mixin.py:190} INFO - [2026-08-12T04:41:03.042+0000] {dagbag.py:587} INFO - Filling up the DagBag from /home/airflow/.local/lib/python3.12/site-packages/airflow/example_dags/tutorial_dag.py
[2026-08-12T04:41:03.058+0000] {processor.py:925} INFO - DAG(s) 'tutorial_dag' retrieved from /home/airflow/.local/lib/python3.12/site-packages/airflow/example_dags/tutorial_dag.py
[2026-08-12T04:41:03.082+0000] {logging_mixin.py:190} INFO - [2026-08-12T04:41:03.081+0000] {dag.py:3211} INFO - Sync 1 DAGs
[2026-08-12T04:41:03.098+0000] {logging_mixin.py:190} INFO - [2026-08-12T04:41:03.097+0000] {dag.py:4138} INFO - Setting next_dagrun for tutorial_dag to None, run_after=None
[2026-08-12T04:41:03.117+0000] {processor.py:208} INFO - Processing /home/airflow/.local/lib/python3.12/site-packages/airflow/example_dags/tutorial_dag.py took 0.098 seconds
[2026-08-12T04:41:33.602+0000] {processor.py:186} INFO - Started process (PID=1129) to work on /home/airflow/.local/lib/python3.12/site-packages/airflow/example_dags/tutorial_dag.py
[2026-08-12T04:41:33.603+0000] {processor.py:914} INFO - Processing file /home/airflow/.local/lib/python3.12/site-packages/airflow/example_dags/tutorial_dag.py for tasks to queue
[2026-08-12T04:41:33.607+0000] {logging_mixin.py:190} INFO - [2026-08-12T04:41:33.606+0000] {dagbag.py:587} INFO - Filling up the DagBag from /home/airflow/.local/lib/python3.12/site-packages/airflow/example_dags/tutorial_dag.py
[2026-08-12T04:41:33.616+0000] {processor.py:925} INFO - DAG(s) 'tutorial_dag' retrieved from /home/airflow/.local/lib/python3.12/site-packages/airflow/example_dags/tutorial_dag.py
[2026-08-12T04:41:33.638+0000] {logging_mixin.py:190} INFO - [2026-08-12T04:41:33.637+0000] {dag.py:3211} INFO - Sync 1 DAGs
[2026-08-12T04:41:33.654+0000] {logging_mixin.py:190} INFO - [2026-08-12T04:41:33.654+0000] {dag.py:4138} INFO - Setting next_dagrun for tutorial_dag to None, run_after=None
[2026-08-12T04:41:33.677+0000] {processor.py:208} INFO - Processing /home/airflow/.local/lib/python3.12/site-packages/airflow/example_dags/tutorial_dag.py took 0.081 seconds
[2026-08-12T04:42:04.165+0000] {processor.py:186} INFO - Started process (PID=1191) to work on /home/airflow/.local/lib/python3.12/site-packages/airflow/example_dags/tutorial_dag.py
[2026-08-12T04:42:04.167+0000] {processor.py:914} INFO - Processing file /home/airflow/.local/lib/python3.12/site-packages/airflow/example_dags/tutorial_dag.py for tasks to queue
[2026-08-12T04:42:04.171+0000] {logging_mixin.py:190} INFO - [2026-08-12T04:42:04.171+0000] {dagbag.py:587} INFO - Filling up the DagBag from /home/airflow/.local/lib/python3.12/site-packages/airflow/example_dags/tutorial_dag.py
[2026-08-12T04:42:04.181+0000] {processor.py:925} INFO - DAG(s) 'tutorial_dag' retrieved from /home/airflow/.local/lib/python3.12/site-packages/airflow/example_dags/tutorial_dag.py
[2026-08-12T04:42:04.204+0000] {logging_mixin.py:190} INFO - [2026-08-12T04:42:04.204+0000] {dag.py:3211} INFO - Sync 1 DAGs
[2026-08-12T04:42:04.237+0000] {logging_mixin.py:190} INFO - [2026-08-12T04:42:04.237+0000] {dag.py:4138} INFO - Setting next_dagrun for tutorial_dag to None, run_after=None
[2026-08-12T04:42:04.262+0000] {processor.py:208} INFO - Processing /home/airflow/.local/lib/python3.12/site-packages/airflow/example_dags/tutorial_dag.py took 0.104 seconds
[2026-08-12T04:42:34.905+0000] {processor.py:186} INFO - Started process (PID=1253) to work on /home/airflow/.local/lib/python3.12/site-packages/airflow/example_dags/tutorial_dag.py
[2026-08-12T04:42:34.907+0000] {processor.py:914} INFO - Processing file /home/airflow/.local/lib/python3.12/site-packages/airflow/example_dags/tutorial_dag.py for tasks to queue
[2026-08-12T04:42:34.910+0000] {logging_mixin.py:190} INFO - [2026-08-12T04:42:34.910+0000] {dagbag.py:587} INFO - Filling up the DagBag from /home/airflow/.local/lib/python3.12/site-packages/airflow/example_dags/tutorial_dag.py
[2026-08-12T04:42:34.919+0000] {processor.py:925} INFO - DAG(s) 'tutorial_dag' retrieved from /home/airflow/.local/lib/python3.12/site-packages/airflow/example_dags/tutorial_dag.py
[2026-08-12T04:42:34.941+0000] {logging_mixin.py:190} INFO - [2026-08-12T04:42:34.941+0000] {dag.py:3211} INFO - Sync 1 DAGs
[2026-08-12T04:42:34.958+0000] {logging_mixin.py:190} INFO - [2026-08-12T04:42:34.958+0000] {dag.py:4138} INFO - Setting next_dagrun for tutorial_dag to None, run_after=None
[2026-08-12T04:42:34.983+0000] {processor.py:208} INFO - Processing /home/airflow/.local/lib/python3.12/site-packages/airflow/example_dags/tutorial_dag.py took 0.084 seconds
[2026-08-12T04:43:05.780+0000] {processor.py:186} INFO - Started process (PID=1315) to work on /home/airflow/.local/lib/python3.12/site-packages/airflow/example_dags/tutorial_dag.py
[2026-08-12T04:43:05.782+0000] {processor.py:914} INFO - Processing file /home/airflow/.local/lib/python3.12/site-packages/airflow/example_dags/tutorial_dag.py for tasks to queue
[2026-08-12T04:43:05.785+0000] {logging_mixin.py:190} INFO - [2026-08-12T04:43:05.785+0000] {dagbag.py:587} INFO - Filling up the DagBag from /home/airflow/.local/lib/python3.12/site-packages/airflow/example_dags/tutorial_dag.py
[2026-08-12T04:43:05.794+0000] {processor.py:925} INFO - DAG(s) 'tutorial_dag' retrieved from /home/airflow/.local/lib/python3.12/site-packages/airflow/example_dags/tutorial_dag.py
[2026-08-12T04:43:05.817+0000] {logging_mixin.py:190} INFO - [2026-08-12T04:43:05.817+0000] {dag.py:3211} INFO - Sync 1 DAGs
[2026-08-12T04:43:05.833+0000] {logging_mixin.py:190} INFO - [2026-08-12T04:43:05.833+0000] {dag.py:4138} INFO - Setting next_dagrun for tutorial_dag to None, run_after=None
[2026-08-12T04:43:05.856+0000] {processor.py:208} INFO - Processing /home/airflow/.local/lib/python3.12/site-packages/airflow/example_dags/tutorial_dag.py took 0.081 seconds
[2026-08-12T04:43:36.190+0000] {processor.py:186} INFO - Started process (PID=1377) to work on /home/airflow/.local/lib/python3.12/site-packages/airflow/example_dags/tutorial_dag.py
[2026-08-12T04:43:36.192+0000] {processor.py:914} INFO - Processing file /home/airflow/.local/lib/python3.12/site-packages/airflow/example_dags/tutorial_dag.py for tasks to queue
[2026-08-12T04:43:36.195+0000] {logging_mixin.py:190} INFO - [2026-08-12T04:43:36.195+0000] {dagbag.py:587} INFO - Filling up the DagBag from /home/airflow/.local/lib/python3.12/site-packages/airflow/example_dags/tutorial_dag.py
[2026-08-12T04:43:36.204+0000] {processor.py:925} INFO - DAG(s) 'tutorial_dag' retrieved from /home/airflow/.local/lib/python3.12/site-packages/airflow/example_dags/tutorial_dag.py
[2026-08-12T04:43:36.227+0000] {logging_mixin.py:190} INFO - [2026-08-12T04:43:36.227+0000] {dag.py:3211} INFO - Sync 1 DAGs
[2026-08-12T04:43:36.244+0000] {logging_mixin.py:190} INFO - [2026-08-12T04:43:36.243+0000] {dag.py:4138} INFO - Setting next_dagrun for tutorial_dag to None, run_after=None
[2026-08-12T04:43:36.270+0000] {processor.py:208} INFO - Processing /home/airflow/.local/lib/python3.12/site-packages/airflow/example_dags/tutorial_dag.py took 0.085 seconds
[2026-08-12T04:44:06.430+0000] {processor.py:186} INFO - Started process (PID=1439) to work on /home/airflow/.local/lib/python3.12/site-packages/airflow/example_dags/tutorial_dag.py
[2026-08-12T04:44:06.433+0000] {processor.py:914} INFO - Processing file /home/airflow/.local/lib/python3.12/site-packages/airflow/example_dags/tutorial_dag.py for tasks to queue
[2026-08-12T04:44:06.436+0000] {logging_mixin.py:190} INFO - [2026-08-12T04:44:06.436+0000] {dagbag.py:587} INFO - Filling up the DagBag from /home/airflow/.local/lib/python3.12/site-packages/airflow/example_dags/tutorial_dag.py
[2026-08-12T04:44:06.444+0000] {processor.py:925} INFO - DAG(s) 'tutorial_dag' retrieved from /home/airflow/.local/lib/python3.12/site-packages/airflow/example_dags/tutorial_dag.py
[2026-08-12T04:44:06.467+0000] {logging_mixin.py:190} INFO - [2026-08-12T04:44:06.466+0000] {dag.py:3211} INFO - Sync 1 DAGs
[2026-08-12T04:44:06.482+0000] {logging_mixin.py:190} INFO - [2026-08-12T04:44:06.482+0000] {dag.py:4138} INFO - Setting next_dagrun for tutorial_dag to None, run_after=None
[2026-08-12T04:44:06.502+0000] {processor.py:208} INFO - Processing /home/airflow/.local/lib/python3.12/site-packages/airflow/example_dags/tutorial_dag.py took 0.078 seconds
[2026-08-12T04:44:37.506+0000] {processor.py:186} INFO - Started process (PID=1501) to work on /home/airflow/.local/lib/python3.12/site-packages/airflow/example_dags/tutorial_dag.py
[2026-08-12T04:44:37.508+0000] {processor.py:914} INFO - Processing file /home/airflow/.local/lib/python3.12/site-packages/airflow/example_dags/tutorial_dag.py for tasks to queue
[2026-08-12T04:44:37.510+0000] {logging_mixin.py:190} INFO - [2026-08-12T04:44:37.510+0000] {dagbag.py:587} INFO - Filling up the DagBag from /home/airflow/.local/lib/python3.12/site-packages/airflow/example_dags/tutorial_dag.py
[2026-08-12T04:44:37.533+0000] {processor.py:925} INFO - DAG(s) 'tutorial_dag' retrieved from /home/airflow/.local/lib/python3.12/site-packages/airflow/example_dags/tutorial_dag.py
[2026-08-12T04:44:37.554+0000] {logging_mixin.py:190} INFO - [2026-08-12T04:44:37.553+0000] {dag.py:3211} INFO - Sync 1 DAGs
[2026-08-12T04:44:37.569+0000] {logging_mixin.py:190} INFO - [2026-08-12T04:44:37.569+0000] {dag.py:4138} INFO - Setting next_dagrun for tutorial_dag to None, run_after=None
[2026-08-12T04:44:37.590+0000] {processor.py:208} INFO - Processing /home/airflow/.local/lib/python3.12/site-packages/airflow/example_dags/tutorial_dag.py took 0.092 seconds
[2026-08-12T04:45:07.656+0000] {processor.py:186} INFO - Started process (PID=1563) to work on /home/airflow/.local/lib/python3.12/site-packages/airflow/example_dags/tutorial_dag.py
[2026-08-12T04:45:07.658+0000] {processor.py:914} INFO - Processing file /home/airflow/.local/lib/python3.12/site-packages/airflow/example_dags/tutorial_dag.py for tasks to queue
[2026-08-12T04:45:07.661+0000] {logging_mixin.py:190} INFO - [2026-08-12T04:45:07.661+0000] {dagbag.py:587} INFO - Filling up the DagBag from /home/airflow/.local/lib/python3.12/site-packages/airflow/example_dags/tutorial_dag.py
[2026-08-12T04:45:07.669+0000] {processor.py:925} INFO - DAG(s) 'tutorial_dag' retrieved from /home/airflow/.local/lib/python3.12/site-packages/airflow/example_dags/tutorial_dag.py
[2026-08-12T04:45:07.690+0000] {logging_mixin.py:190} INFO - [2026-08-12T04:45:07.690+0000] {dag.py:3211} INFO - Sync 1 DAGs
[2026-08-12T04:45:07.703+0000] {logging_mixin.py:190} INFO - [2026-08-12T04:45:07.703+0000] {dag.py:4138} INFO - Setting next_dagrun for tutorial_dag to None, run_after=None
[2026-08-12T04:45:07.724+0000] {processor.py:208} INFO - Processing /home/airflow/.local/lib/python3.12/site-packages/airflow/example_dags/tutorial_dag.py took 0.074 seconds
[2026-08-12T04:45:38.460+0000] {processor.py:186} INFO - Started process (PID=1625) to work on /home/airflow/.local/lib/python3.12/site-packages/airflow/example_dags/tutorial_dag.py
[2026-08-12T04:45:38.463+0000] {processor.py:914} INFO - Processing file /home/airflow/.local/lib/python3.12/site-packages/airflow/example_dags/tutorial_dag.py for tasks to queue
[2026-08-12T04:45:38.467+0000] {logging_mixin.py:190} INFO - [2026-08-12T04:45:38.467+0000] {dagbag.py:587} INFO - Filling up the DagBag from /home/airflow/.local/lib/python3.12/site-packages/airflow/example_dags/tutorial_dag.py
[2026-08-12T04:45:38.479+0000] {processor.py:925} INFO - DAG(s) 'tutorial_dag' retrieved from /home/airflow/.local/lib/python3.12/site-packages/airflow/example_dags/tutorial_dag.py
[2026-08-12T04:45:38.506+0000] {logging_mixin.py:190} INFO - [2026-08-12T04:45:38.506+0000] {dag.py:3211} INFO - Sync 1 DAGs
[2026-08-12T04:45:38.531+0000] {logging_mixin.py:190} INFO - [2026-08-12T04:45:38.531+0000] {dag.py:4138} INFO - Setting next_dagrun for tutorial_dag to None, run_after=None
[2026-08-12T04:45:38.557+0000] {processor.py:208} INFO - Processing /home/airflow/.local/lib/python3.12/site-packages/airflow/example_dags/tutorial_dag.py took 0.104 seconds
[2026-08-12T04:46:08.796+0000] {processor.py:186} INFO - Started process (PID=1687) to work on /home/airflow/.local/lib/python3.12/site-packages/airflow/example_dags/tutorial_dag.py
[2026-08-12T04:46:08.798+0000] {processor.py:914} INFO - Processing file /home/airflow/.local/lib/python3.12/site-packages/airflow/example_dags/tutorial_dag.py for tasks to queue
[2026-08-12T04:46:08.801+0000] {logging_mixin.py:190} INFO - [2026-08-12T04:46:08.800+0000] {dagbag.py:587} INFO - Filling up the DagBag from /home/airflow/.local/lib/python3.12/site-packages/airflow/example_dags/tutorial_dag.py
[2026-08-12T04:46:08.809+0000] {processor.py:925} INFO - DAG(s) 'tutorial_dag' retrieved from /home/airflow/.local/lib/python3.12/site-packages/airflow/example_dags/tutorial_dag.py
[2026-08-12T04:46:08.832+0000] {logging_mixin.py:190} INFO - [2026-08-12T04:46:08.831+0000] {dag.py:3211} INFO - Sync 1 DAGs
[2026-08-12T04:46:08.849+0000] {logging_mixin.py:190} INFO - [2026-08-12T04:46:08.848+0000] {dag.py:4138} INFO - Setting next_dagrun for tutorial_dag to None, run_after=None
[2026-08-12T04:46:08.869+0000] {processor.py:208} INFO - Processing /home/airflow/.local/lib/python3.12/site-packages/airflow/example_dags/tutorial_dag.py took 0.079 seconds
[2026-08-12T04:46:39.426+0000] {processor.py:186} INFO - Started process (PID=1749) to work on /home/airflow/.local/lib/python3.12/site-packages/airflow/example_dags/tutorial_dag.py
[2026-08-12T04:46:39.428+0000] {processor.py:914} INFO - Processing file /home/airflow/.local/lib/python3.12/site-packages/airflow/example_dags/tutorial_dag.py for tasks to queue
[2026-08-12T04:46:39.431+0000] {logging_mixin.py:190} INFO - [2026-08-12T04:46:39.431+0000] {dagbag.py:587} INFO - Filling up the DagBag from /home/airflow/.local/lib/python3.12/site-packages/airflow/example_dags/tutorial_dag.py
[2026-08-12T04:46:39.439+0000] {processor.py:925} INFO - DAG(s) 'tutorial_dag' retrieved from /home/airflow/.local/lib/python3.12/site-packages/airflow/example_dags/tutorial_dag.py
[2026-08-12T04:46:39.463+0000] {logging_mixin.py:190} INFO - [2026-08-12T04:46:39.463+0000] {dag.py:3211} INFO - Sync 1 DAGs
[2026-08-12T04:46:39.492+0000] {logging_mixin.py:190} INFO - [2026-08-12T04:46:39.492+0000] {dag.py:4138} INFO - Setting next_dagrun for tutorial_dag to None, run_after=None
[2026-08-12T04:46:39.514+0000] {processor.py:208} INFO - Processing /home/airflow/.local/lib/python3.12/site-packages/airflow/example_dags/tutorial_dag.py took 0.094 seconds
[2026-08-12T04:47:09.954+0000] {processor.py:186} INFO - Started process (PID=1811) to work on /home/airflow/.local/lib/python3.12/site-packages/airflow/example_dags/tutorial_dag.py
[2026-08-12T04:47:09.956+0000] {processor.py:914} INFO - Processing file /home/airflow/.local/lib/python3.12/site-packages/airflow/example_dags/tutorial_dag.py for tasks to queue
[2026-08-12T04:47:09.959+0000] {logging_mixin.py:190} INFO - [2026-08-12T04:47:09.959+0000] {dagbag.py:587} INFO - Filling up the DagBag from /home/airflow/.local/lib/python3.12/site-packages/airflow/example_dags/tutorial_dag.py
[2026-08-12T04:47:09.979+0000] {processor.py:925} INFO - DAG(s) 'tutorial_dag' retrieved from /home/airflow/.local/lib/python3.12/site-packages/airflow/example_dags/tutorial_dag.py
[2026-08-12T04:47:09.999+0000] {logging_mixin.py:190} INFO - [2026-08-12T04:47:09.999+0000] {dag.py:3211} INFO - Sync 1 DAGs
[2026-08-12T04:47:10.015+0000] {logging_mixin.py:190} INFO - [2026-08-12T04:47:10.014+0000] {dag.py:4138} INFO - Setting next_dagrun for tutorial_dag to None, run_after=None
[2026-08-12T04:47:10.048+0000] {processor.py:208} INFO - Processing /home/airflow/.local/lib/python3.12/site-packages/airflow/example_dags/tutorial_dag.py took 0.099 seconds
[2026-08-12T04:47:40.300+0000] {processor.py:186} INFO - Started process (PID=1873) to work on /home/airflow/.local/lib/python3.12/site-packages/airflow/example_dags/tutorial_dag.py
[2026-08-12T04:47:40.302+0000] {processor.py:914} INFO - Processing file /home/airflow/.local/lib/python3.12/site-packages/airflow/example_dags/tutorial_dag.py for tasks to queue
[2026-08-12T04:47:40.305+0000] {logging_mixin.py:190} INFO - [2026-08-12T04:47:40.305+0000] {dagbag.py:587} INFO - Filling up the DagBag from /home/airflow/.local/lib/python3.12/site-packages/airflow/example_dags/tutorial_dag.py
[2026-08-12T04:47:40.314+0000] {processor.py:925} INFO - DAG(s) 'tutorial_dag' retrieved from /home/airflow/.local/lib/python3.12/site-packages/airflow/example_dags/tutorial_dag.py
[2026-08-12T04:47:40.337+0000] {logging_mixin.py:190} INFO - [2026-08-12T04:47:40.337+0000] {dag.py:3211} INFO - Sync 1 DAGs
[2026-08-12T04:47:40.354+0000] {logging_mixin.py:190} INFO - [2026-08-12T04:47:40.354+0000] {dag.py:4138} INFO - Setting next_dagrun for tutorial_dag to None, run_after=None
[2026-08-12T04:47:40.378+0000] {processor.py:208} INFO - Processing /home/airflow/.local/lib/python3.12/site-packages/airflow/example_dags/tutorial_dag.py took 0.083 seconds
[2026-08-12T04:48:11.199+0000] {processor.py:186} INFO - Started process (PID=1935) to work on /home/airflow/.local/lib/python3.12/site-packages/airflow/example_dags/tutorial_dag.py
[2026-08-12T04:48:11.201+0000] {processor.py:914} INFO - Processing file /home/airflow/.local/lib/python3.12/site-packages/airflow/example_dags/tutorial_dag.py for tasks to queue
[2026-08-12T04:48:11.204+0000] {logging_mixin.py:190} INFO - [2026-08-12T04:48:11.204+0000] {dagbag.py:587} INFO - Filling up the DagBag from /home/airflow/.local/lib/python3.12/site-packages/airflow/example_dags/tutorial_dag.py
[2026-08-12T04:48:11.223+0000] {processor.py:925} INFO - DAG(s) 'tutorial_dag' retrieved from /home/airflow/.local/lib/python3.12/site-packages/airflow/example_dags/tutorial_dag.py
[2026-08-12T04:48:11.243+0000] {logging_mixin.py:190} INFO - [2026-08-12T04:48:11.243+0000] {dag.py:3211} INFO - Sync 1 DAGs
[2026-08-12T04:48:11.262+0000] {logging_mixin.py:190} INFO - [2026-08-12T04:48:11.262+0000] {dag.py:4138} INFO - Setting next_dagrun for tutorial_dag to None, run_after=None
[2026-08-12T04:48:11.285+0000] {processor.py:208} INFO - Processing /home/airflow/.local/lib/python3.12/site-packages/airflow/example_dags/tutorial_dag.py took 0.092 seconds
[2026-08-12T04:48:41.722+0000] {processor.py:186} INFO - Started process (PID=1997) to work on /home/airflow/.local/lib/python3.12/site-packages/airflow/example_dags/tutorial_dag.py
[2026-08-12T04:48:41.725+0000] {processor.py:914} INFO - Processing file /home/airflow/.local/lib/python3.12/site-packages/airflow/example_dags/tutorial_dag.py for tasks to queue
[2026-08-12T04:48:41.733+0000] {logging_mixin.py:190} INFO - [2026-08-12T04:48:41.733+0000] {dagbag.py:587} INFO - Filling up the DagBag from /home/airflow/.local/lib/python3.12/site-packages/airflow/example_dags/tutorial_dag.py
[2026-08-12T04:48:41.748+0000] {processor.py:925} INFO - DAG(s) 'tutorial_dag' retrieved from /home/airflow/.local/lib/python3.12/site-packages/airflow/example_dags/tutorial_dag.py
[2026-08-12T04:48:41.778+0000] {logging_mixin.py:190} INFO - [2026-08-12T04:48:41.778+0000] {dag.py:3211} INFO - Sync 1 DAGs
[2026-08-12T04:48:41.804+0000] {logging_mixin.py:190} INFO - [2026-08-12T04:48:41.803+0000] {dag.py:4138} INFO - Setting next_dagrun for tutorial_dag to None, run_after=None
[2026-08-12T04:48:41.832+0000] {processor.py:208} INFO - Processing /home/airflow/.local/lib/python3.12/site-packages/airflow/example_dags/tutorial_dag.py took 0.119 seconds
[2026-08-12T04:49:12.905+0000] {processor.py:186} INFO - Started process (PID=2059) to work on /home/airflow/.local/lib/python3.12/site-packages/airflow/example_dags/tutorial_dag.py
[2026-08-12T04:49:12.908+0000] {processor.py:914} INFO - Processing file /home/airflow/.local/lib/python3.12/site-packages/airflow/example_dags/tutorial_dag.py for tasks to queue
[2026-08-12T04:49:12.912+0000] {logging_mixin.py:190} INFO - [2026-08-12T04:49:12.911+0000] {dagbag.py:587} INFO - Filling up the DagBag from /home/airflow/.local/lib/python3.12/site-packages/airflow/example_dags/tutorial_dag.py
[2026-08-12T04:49:12.920+0000] {processor.py:925} INFO - DAG(s) 'tutorial_dag' retrieved from /home/airflow/.local/lib/python3.12/site-packages/airflow/example_dags/tutorial_dag.py
[2026-08-12T04:49:12.957+0000] {logging_mixin.py:190} INFO - [2026-08-12T04:49:12.956+0000] {dag.py:3211} INFO - Sync 1 DAGs
[2026-08-12T04:49:12.978+0000] {logging_mixin.py:190} INFO - [2026-08-12T04:49:12.978+0000] {dag.py:4138} INFO - Setting next_dagrun for tutorial_dag to None, run_after=None
[2026-08-12T04:49:13.002+0000] {processor.py:208} INFO - Processing /home/airflow/.local/lib/python3.12/site-packages/airflow/example_dags/tutorial_dag.py took 0.102 seconds
[2026-08-12T04:49:43.271+0000] {processor.py:186} INFO - Started process (PID=2121) to work on /home/airflow/.local/lib/python3.12/site-packages/airflow/example_dags/tutorial_dag.py
[2026-08-12T04:49:43.273+0000] {processor.py:914} INFO - Processing file /home/airflow/.local/lib/python3.12/site-packages/airflow/example_dags/tutorial_dag.py for tasks to queue
[2026-08-12T04:49:43.277+0000] {logging_mixin.py:190} INFO - [2026-08-12T04:49:43.276+0000] {dagbag.py:587} INFO - Filling up the DagBag from /home/airflow/.local/lib/python3.12/site-packages/airflow/example_dags/tutorial_dag.py
[2026-08-12T04:49:43.286+0000] {processor.py:925} INFO - DAG(s) 'tutorial_dag' retrieved from /home/airflow/.local/lib/python3.12/site-packages/airflow/example_dags/tutorial_dag.py
[2026-08-12T04:49:43.324+0000] {logging_mixin.py:190} INFO - [2026-08-12T04:49:43.324+0000] {dag.py:3211} INFO - Sync 1 DAGs
[2026-08-12T04:49:43.340+0000] {logging_mixin.py:190} INFO - [2026-08-12T04:49:43.340+0000] {dag.py:4138} INFO - Setting next_dagrun for tutorial_dag to None, run_after=None
[2026-08-12T04:49:43.361+0000] {processor.py:208} INFO - Processing /home/airflow/.local/lib/python3.12/site-packages/airflow/example_dags/tutorial_dag.py took 0.095 seconds
