[2026-08-12T04:30:35.210+0000] {processor.py:186} INFO - Started process (PID=85) to work on /home/airflow/.local/lib/python3.12/site-packages/airflow/example_dags/tutorial_objectstorage.py
[2026-08-12T04:30:35.212+0000] {processor.py:914} INFO - Processing file /home/airflow/.local/lib/python3.12/site-packages/airflow/example_dags/tutorial_objectstorage.py for tasks to queue
[2026-08-12T04:30:35.217+0000] {logging_mixin.py:190} INFO - [2026-08-12T04:30:35.217+0000] {dagbag.py:587} INFO - Filling up the DagBag from /home/airflow/.local/lib/python3.12/site-packages/airflow/example_dags/tutorial_objectstorage.py
[2026-08-12T04:30:35.231+0000] {processor.py:925} INFO - DAG(s) 'tutorial_objectstorage' retrieved from /home/airflow/.local/lib/python3.12/site-packages/airflow/example_dags/tutorial_objectstorage.py
[2026-08-12T04:30:35.359+0000] {logging_mixin.py:190} INFO - [2026-08-12T04:30:35.358+0000] {override.py:1858} INFO - Created Permission View: can edit on DAG:tutorial_objectstorage
[2026-08-12T04:30:35.371+0000] {logging_mixin.py:190} INFO - [2026-08-12T04:30:35.371+0000] {override.py:1858} INFO - Created Permission View: can delete on DAG:tutorial_objectstorage
[2026-08-12T04:30:35.382+0000] {logging_mixin.py:190} INFO - [2026-08-12T04:30:35.382+0000] {override.py:1858} INFO - Created Permission View: can read on DAG:tutorial_objectstorage
[2026-08-12T04:30:35.384+0000] {logging_mixin.py:190} INFO - [2026-08-12T04:30:35.383+0000] {dag.py:3211} INFO - Sync 1 DAGs
[2026-08-12T04:30:35.399+0000] {logging_mixin.py:190} INFO - [2026-08-12T04:30:35.399+0000] {dag.py:3234} INFO - Creating ORM DAG for tutorial_objectstorage
[2026-08-12T04:30:35.402+0000] {logging_mixin.py:190} INFO - [2026-08-12T04:30:35.401+0000] {dag.py:4138} INFO - Setting next_dagrun for tutorial_objectstorage to None, run_after=None
[2026-08-12T04:30:35.439+0000] {processor.py:208} INFO - Processing /home/airflow/.local/lib/python3.12/site-packages/airflow/example_dags/tutorial_objectstorage.py took 0.237 seconds
[2026-08-12T04:31:05.495+0000] {processor.py:186} INFO - Started process (PID=147) to work on /home/airflow/.local/lib/python3.12/site-packages/airflow/example_dags/tutorial_objectstorage.py
[2026-08-12T04:31:05.497+0000] {processor.py:914} INFO - Processing file /home/airflow/.local/lib/python3.12/site-packages/airflow/example_dags/tutorial_objectstorage.py for tasks to queue
[2026-08-12T04:31:05.501+0000] {logging_mixin.py:190} INFO - [2026-08-12T04:31:05.500+0000] {dagbag.py:587} INFO - Filling up the DagBag from /home/airflow/.local/lib/python3.12/site-packages/airflow/example_dags/tutorial_objectstorage.py
[2026-08-12T04:31:05.511+0000] {processor.py:925} INFO - DAG(s) 'tutorial_objectstorage' retrieved from /home/airflow/.local/lib/python3.12/site-packages/airflow/example_dags/tutorial_objectstorage.py
[2026-08-12T04:31:05.537+0000] {logging_mixin.py:190} INFO - [2026-08-12T04:31:05.537+0000] {dag.py:3211} INFO - Sync 1 DAGs
[2026-08-12T04:31:05.555+0000] {logging_mixin.py:190} INFO - [2026-08-12T04:31:05.555+0000] {dag.py:4138} INFO - Setting next_dagrun for tutorial_objectstorage to None, run_after=None
[2026-08-12T04:31:05.576+0000] {processor.py:208} INFO - Processing /home/airflow/.local/lib/python3.12/site-packages/airflow/example_dags/tutorial_objectstorage.py took 0.088 seconds
[2026-08-12T04:31:36.187+0000] {processor.py:186} INFO - Started process (PID=210) to work on /home/airflow/.local/lib/python3.12/site-packages/airflow/example_dags/tutorial_objectstorage.py
[2026-08-12T04:31:36.189+0000] {processor.py:914} INFO - Processing file /home/airflow/.local/lib/python3.12/site-packages/airflow/example_dags/tutorial_objectstorage.py for tasks to queue
[2026-08-12T04:31:36.192+0000] {logging_mixin.py:190} INFO - [2026-08-12T04:31:36.192+0000] {dagbag.py:587} INFO - Filling up the DagBag from /home/airflow/.local/lib/python3.12/site-packages/airflow/example_dags/tutorial_objectstorage.py
[2026-08-12T04:31:36.203+0000] {processor.py:925} INFO - DAG(s) 'tutorial_objectstorage' retrieved from /home/airflow/.local/lib/python3.12/site-packages/airflow/example_dags/tutorial_objectstorage.py
[2026-08-12T04:31:36.229+0000] {logging_mixin.py:190} INFO - [2026-08-12T04:31:36.228+0000] {dag.py:3211} INFO - Sync 1 DAGs
[2026-08-12T04:31:36.246+0000] {logging_mixin.py:190} INFO - [2026-08-12T04:31:36.246+0000] {dag.py:4138} INFO - Setting next_dagrun for tutorial_objectstorage to None, run_after=None
[2026-08-12T04:31:36.274+0000] {processor.py:208} INFO - Processing /home/airflow/.local/lib/python3.12/site-packages/airflow/example_dags/tutorial_objectstorage.py took 0.093 seconds
[2026-08-12T04:32:54.608+0000] {processor.py:186} INFO - Started process (PID=76) to work on /home/airflow/.local/lib/python3.12/site-packages/airflow/example_dags/tutorial_objectstorage.py
[2026-08-12T04:32:54.610+0000] {processor.py:914} INFO - Processing file /home/airflow/.local/lib/python3.12/site-packages/airflow/example_dags/tutorial_objectstorage.py for tasks to queue
[2026-08-12T04:32:54.616+0000] {logging_mixin.py:190} INFO - [2026-08-12T04:32:54.615+0000] {dagbag.py:587} INFO - Filling up the DagBag from /home/airflow/.local/lib/python3.12/site-packages/airflow/example_dags/tutorial_objectstorage.py
[2026-08-12T04:32:54.637+0000] {processor.py:925} INFO - DAG(s) 'tutorial_objectstorage' retrieved from /home/airflow/.local/lib/python3.12/site-packages/airflow/example_dags/tutorial_objectstorage.py
[2026-08-12T04:32:54.681+0000] {logging_mixin.py:190} INFO - [2026-08-12T04:32:54.680+0000] {dag.py:3211} INFO - Sync 1 DAGs
[2026-08-12T04:32:54.714+0000] {logging_mixin.py:190} INFO - [2026-08-12T04:32:54.714+0000] {dag.py:4138} INFO - Setting next_dagrun for tutorial_objectstorage to None, run_after=None
[2026-08-12T04:32:54.752+0000] {processor.py:208} INFO - Processing /home/airflow/.local/lib/python3.12/site-packages/airflow/example_dags/tutorial_objectstorage.py took 0.157 seconds
[2026-08-12T04:33:25.378+0000] {processor.py:186} INFO - Started process (PID=138) to work on /home/airflow/.local/lib/python3.12/site-packages/airflow/example_dags/tutorial_objectstorage.py
[2026-08-12T04:33:25.380+0000] {processor.py:914} INFO - Processing file /home/airflow/.local/lib/python3.12/site-packages/airflow/example_dags/tutorial_objectstorage.py for tasks to queue
[2026-08-12T04:33:25.382+0000] {logging_mixin.py:190} INFO - [2026-08-12T04:33:25.382+0000] {dagbag.py:587} INFO - Filling up the DagBag from /home/airflow/.local/lib/python3.12/site-packages/airflow/example_dags/tutorial_objectstorage.py
[2026-08-12T04:33:25.392+0000] {processor.py:925} INFO - DAG(s) 'tutorial_objectstorage' retrieved from /home/airflow/.local/lib/python3.12/site-packages/airflow/example_dags/tutorial_objectstorage.py
[2026-08-12T04:33:25.411+0000] {logging_mixin.py:190} INFO - [2026-08-12T04:33:25.411+0000] {dag.py:3211} INFO - Sync 1 DAGs
[2026-08-12T04:33:25.426+0000] {logging_mixin.py:190} INFO - [2026-08-12T04:33:25.426+0000] {dag.py:4138} INFO - Setting next_dagrun for tutorial_objectstorage to None, run_after=None
[2026-08-12T04:33:25.453+0000] {processor.py:208} INFO - Processing /home/airflow/.local/lib/python3.12/site-packages/airflow/example_dags/tutorial_objectstorage.py took 0.082 seconds
[2026-08-12T04:33:56.177+0000] {processor.py:186} INFO - Started process (PID=200) to work on /home/airflow/.local/lib/python3.12/site-packages/airflow/example_dags/tutorial_objectstorage.py
[2026-08-12T04:33:56.178+0000] {processor.py:914} INFO - Processing file /home/airflow/.local/lib/python3.12/site-packages/airflow/example_dags/tutorial_objectstorage.py for tasks to queue
[2026-08-12T04:33:56.181+0000] {logging_mixin.py:190} INFO - [2026-08-12T04:33:56.181+0000] {dagbag.py:587} INFO - Filling up the DagBag from /home/airflow/.local/lib/python3.12/site-packages/airflow/example_dags/tutorial_objectstorage.py
[2026-08-12T04:33:56.189+0000] {processor.py:925} INFO - DAG(s) 'tutorial_objectstorage' retrieved from /home/airflow/.local/lib/python3.12/site-packages/airflow/example_dags/tutorial_objectstorage.py
[2026-08-12T04:33:56.207+0000] {logging_mixin.py:190} INFO - [2026-08-12T04:33:56.207+0000] {dag.py:3211} INFO - Sync 1 DAGs
[2026-08-12T04:33:56.221+0000] {logging_mixin.py:190} INFO - [2026-08-12T04:33:56.221+0000] {dag.py:4138} INFO - Setting next_dagrun for tutorial_objectstorage to None, run_after=None
[2026-08-12T04:33:56.239+0000] {processor.py:208} INFO - Processing /home/airflow/.local/lib/python3.12/site-packages/airflow/example_dags/tutorial_objectstorage.py took 0.067 seconds
[2026-08-12T04:34:26.679+0000] {processor.py:186} INFO - Started process (PID=262) to work on /home/airflow/.local/lib/python3.12/site-packages/airflow/example_dags/tutorial_objectstorage.py
[2026-08-12T04:34:26.680+0000] {processor.py:914} INFO - Processing file /home/airflow/.local/lib/python3.12/site-packages/airflow/example_dags/tutorial_objectstorage.py for tasks to queue
[2026-08-12T04:34:26.683+0000] {logging_mixin.py:190} INFO - [2026-08-12T04:34:26.683+0000] {dagbag.py:587} INFO - Filling up the DagBag from /home/airflow/.local/lib/python3.12/site-packages/airflow/example_dags/tutorial_objectstorage.py
[2026-08-12T04:34:26.697+0000] {processor.py:925} INFO - DAG(s) 'tutorial_objectstorage' retrieved from /home/airflow/.local/lib/python3.12/site-packages/airflow/example_dags/tutorial_objectstorage.py
[2026-08-12T04:34:26.719+0000] {logging_mixin.py:190} INFO - [2026-08-12T04:34:26.718+0000] {dag.py:3211} INFO - Sync 1 DAGs
[2026-08-12T04:34:26.734+0000] {logging_mixin.py:190} INFO - [2026-08-12T04:34:26.733+0000] {dag.py:4138} INFO - Setting next_dagrun for tutorial_objectstorage to None, run_after=None
[2026-08-12T04:34:26.756+0000] {processor.py:208} INFO - Processing /home/airflow/.local/lib/python3.12/site-packages/airflow/example_dags/tutorial_objectstorage.py took 0.083 seconds
[2026-08-12T04:34:57.236+0000] {processor.py:186} INFO - Started process (PID=324) to work on /home/airflow/.local/lib/python3.12/site-packages/airflow/example_dags/tutorial_objectstorage.py
[2026-08-12T04:34:57.238+0000] {processor.py:914} INFO - Processing file /home/airflow/.local/lib/python3.12/site-packages/airflow/example_dags/tutorial_objectstorage.py for tasks to queue
[2026-08-12T04:34:57.241+0000] {logging_mixin.py:190} INFO - [2026-08-12T04:34:57.241+0000] {dagbag.py:587} INFO - Filling up the DagBag from /home/airflow/.local/lib/python3.12/site-packages/airflow/example_dags/tutorial_objectstorage.py
[2026-08-12T04:34:57.251+0000] {processor.py:925} INFO - DAG(s) 'tutorial_objectstorage' retrieved from /home/airflow/.local/lib/python3.12/site-packages/airflow/example_dags/tutorial_objectstorage.py
[2026-08-12T04:34:57.271+0000] {logging_mixin.py:190} INFO - [2026-08-12T04:34:57.271+0000] {dag.py:3211} INFO - Sync 1 DAGs
[2026-08-12T04:34:57.288+0000] {logging_mixin.py:190} INFO - [2026-08-12T04:34:57.287+0000] {dag.py:4138} INFO - Setting next_dagrun for tutorial_objectstorage to None, run_after=None
[2026-08-12T04:34:57.315+0000] {processor.py:208} INFO - Processing /home/airflow/.local/lib/python3.12/site-packages/airflow/example_dags/tutorial_objectstorage.py took 0.085 seconds
[2026-08-12T04:35:27.802+0000] {processor.py:186} INFO - Started process (PID=386) to work on /home/airflow/.local/lib/python3.12/site-packages/airflow/example_dags/tutorial_objectstorage.py
[2026-08-12T04:35:27.804+0000] {processor.py:914} INFO - Processing file /home/airflow/.local/lib/python3.12/site-packages/airflow/example_dags/tutorial_objectstorage.py for tasks to queue
[2026-08-12T04:35:27.810+0000] {logging_mixin.py:190} INFO - [2026-08-12T04:35:27.810+0000] {dagbag.py:587} INFO - Filling up the DagBag from /home/airflow/.local/lib/python3.12/site-packages/airflow/example_dags/tutorial_objectstorage.py
[2026-08-12T04:35:27.820+0000] {processor.py:925} INFO - DAG(s) 'tutorial_objectstorage' retrieved from /home/airflow/.local/lib/python3.12/site-packages/airflow/example_dags/tutorial_objectstorage.py
[2026-08-12T04:35:27.845+0000] {logging_mixin.py:190} INFO - [2026-08-12T04:35:27.845+0000] {dag.py:3211} INFO - Sync 1 DAGs
[2026-08-12T04:35:27.860+0000] {logging_mixin.py:190} INFO - [2026-08-12T04:35:27.860+0000] {dag.py:4138} INFO - Setting next_dagrun for tutorial_objectstorage to None, run_after=None
[2026-08-12T04:35:27.882+0000] {processor.py:208} INFO - Processing /home/airflow/.local/lib/python3.12/site-packages/airflow/example_dags/tutorial_objectstorage.py took 0.086 seconds
[2026-08-12T04:35:58.162+0000] {processor.py:186} INFO - Started process (PID=448) to work on /home/airflow/.local/lib/python3.12/site-packages/airflow/example_dags/tutorial_objectstorage.py
[2026-08-12T04:35:58.164+0000] {processor.py:914} INFO - Processing file /home/airflow/.local/lib/python3.12/site-packages/airflow/example_dags/tutorial_objectstorage.py for tasks to queue
[2026-08-12T04:35:58.166+0000] {logging_mixin.py:190} INFO - [2026-08-12T04:35:58.166+0000] {dagbag.py:587} INFO - Filling up the DagBag from /home/airflow/.local/lib/python3.12/site-packages/airflow/example_dags/tutorial_objectstorage.py
[2026-08-12T04:35:58.175+0000] {processor.py:925} INFO - DAG(s) 'tutorial_objectstorage' retrieved from /home/airflow/.local/lib/python3.12/site-packages/airflow/example_dags/tutorial_objectstorage.py
[2026-08-12T04:35:58.212+0000] {logging_mixin.py:190} INFO - [2026-08-12T04:35:58.212+0000] {dag.py:3211} INFO - Sync 1 DAGs
[2026-08-12T04:35:58.231+0000] {logging_mixin.py:190} INFO - [2026-08-12T04:35:58.231+0000] {dag.py:4138} INFO - Setting next_dagrun for tutorial_objectstorage to None, run_after=None
[2026-08-12T04:35:58.253+0000] {processor.py:208} INFO - Processing /home/airflow/.local/lib/python3.12/site-packages/airflow/example_dags/tutorial_objectstorage.py took 0.096 seconds
[2026-08-12T04:36:28.870+0000] {processor.py:186} INFO - Started process (PID=510) to work on /home/airflow/.local/lib/python3.12/site-packages/airflow/example_dags/tutorial_objectstorage.py
[2026-08-12T04:36:28.871+0000] {processor.py:914} INFO - Processing file /home/airflow/.local/lib/python3.12/site-packages/airflow/example_dags/tutorial_objectstorage.py for tasks to queue
[2026-08-12T04:36:28.874+0000] {logging_mixin.py:190} INFO - [2026-08-12T04:36:28.874+0000] {dagbag.py:587} INFO - Filling up the DagBag from /home/airflow/.local/lib/python3.12/site-packages/airflow/example_dags/tutorial_objectstorage.py
[2026-08-12T04:36:28.882+0000] {processor.py:925} INFO - DAG(s) 'tutorial_objectstorage' retrieved from /home/airflow/.local/lib/python3.12/site-packages/airflow/example_dags/tutorial_objectstorage.py
[2026-08-12T04:36:28.902+0000] {logging_mixin.py:190} INFO - [2026-08-12T04:36:28.902+0000] {dag.py:3211} INFO - Sync 1 DAGs
[2026-08-12T04:36:28.916+0000] {logging_mixin.py:190} INFO - [2026-08-12T04:36:28.916+0000] {dag.py:4138} INFO - Setting next_dagrun for tutorial_objectstorage to None, run_after=None
[2026-08-12T04:36:28.935+0000] {processor.py:208} INFO - Processing /home/airflow/.local/lib/python3.12/site-packages/airflow/example_dags/tutorial_objectstorage.py took 0.070 seconds
[2026-08-12T04:36:59.306+0000] {processor.py:186} INFO - Started process (PID=572) to work on /home/airflow/.local/lib/python3.12/site-packages/airflow/example_dags/tutorial_objectstorage.py
[2026-08-12T04:36:59.307+0000] {processor.py:914} INFO - Processing file /home/airflow/.local/lib/python3.12/site-packages/airflow/example_dags/tutorial_objectstorage.py for tasks to queue
[2026-08-12T04:36:59.310+0000] {logging_mixin.py:190} INFO - [2026-08-12T04:36:59.310+0000] {dagbag.py:587} INFO - Filling up the DagBag from /home/airflow/.local/lib/python3.12/site-packages/airflow/example_dags/tutorial_objectstorage.py
[2026-08-12T04:36:59.324+0000] {processor.py:925} INFO - DAG(s) 'tutorial_objectstorage' retrieved from /home/airflow/.local/lib/python3.12/site-packages/airflow/example_dags/tutorial_objectstorage.py
[2026-08-12T04:36:59.355+0000] {logging_mixin.py:190} INFO - [2026-08-12T04:36:59.355+0000] {dag.py:3211} INFO - Sync 1 DAGs
[2026-08-12T04:36:59.373+0000] {logging_mixin.py:190} INFO - [2026-08-12T04:36:59.373+0000] {dag.py:4138} INFO - Setting next_dagrun for tutorial_objectstorage to None, run_after=None
[2026-08-12T04:36:59.397+0000] {processor.py:208} INFO - Processing /home/airflow/.local/lib/python3.12/site-packages/airflow/example_dags/tutorial_objectstorage.py took 0.098 seconds
[2026-08-12T04:37:29.536+0000] {processor.py:186} INFO - Started process (PID=634) to work on /home/airflow/.local/lib/python3.12/site-packages/airflow/example_dags/tutorial_objectstorage.py
[2026-08-12T04:37:29.538+0000] {processor.py:914} INFO - Processing file /home/airflow/.local/lib/python3.12/site-packages/airflow/example_dags/tutorial_objectstorage.py for tasks to queue
[2026-08-12T04:37:29.541+0000] {logging_mixin.py:190} INFO - [2026-08-12T04:37:29.540+0000] {dagbag.py:587} INFO - Filling up the DagBag from /home/airflow/.local/lib/python3.12/site-packages/airflow/example_dags/tutorial_objectstorage.py
[2026-08-12T04:37:29.551+0000] {processor.py:925} INFO - DAG(s) 'tutorial_objectstorage' retrieved from /home/airflow/.local/lib/python3.12/site-packages/airflow/example_dags/tutorial_objectstorage.py
[2026-08-12T04:37:29.587+0000] {logging_mixin.py:190} INFO - [2026-08-12T04:37:29.587+0000] {dag.py:3211} INFO - Sync 1 DAGs
[2026-08-12T04:37:29.602+0000] {logging_mixin.py:190} INFO - [2026-08-12T04:37:29.602+0000] {dag.py:4138} INFO - Setting next_dagrun for tutorial_objectstorage to None, run_after=None
[2026-08-12T04:37:29.624+0000] {processor.py:208} INFO - Processing /home/airflow/.local/lib/python3.12/site-packages/airflow/example_dags/tutorial_objectstorage.py took 0.093 seconds
[2026-08-12T04:37:59.944+0000] {processor.py:186} INFO - Started process (PID=696) to work on /home/airflow/.local/lib/python3.12/site-packages/airflow/example_dags/tutorial_objectstorage.py
[2026-08-12T04:37:59.946+0000] {processor.py:914} INFO - Processing file /home/airflow/.local/lib/python3.12/site-packages/airflow/example_dags/tutorial_objectstorage.py for tasks to queue
[2026-08-12T04:37:59.950+0000] {logging_mixin.py:190} INFO - [2026-08-12T04:37:59.949+0000] {dagbag.py:587} INFO - Filling up the DagBag from /home/airflow/.local/lib/python3.12/site-packages/airflow/example_dags/tutorial_objectstorage.py
[2026-08-12T04:37:59.959+0000] {processor.py:925} INFO - DAG(s) 'tutorial_objectstorage' retrieved from /home/airflow/.local/lib/python3.12/site-packages/airflow/example_dags/tutorial_objectstorage.py
[2026-08-12T04:37:59.984+0000] {logging_mixin.py:190} INFO - [2026-08-12T04:37:59.983+0000] {dag.py:3211} INFO - Sync 1 DAGs
[2026-08-12T04:38:00.000+0000] {logging_mixin.py:190} INFO - [2026-08-12T04:38:00.000+0000] {dag.py:4138} INFO - Setting next_dagrun for tutorial_objectstorage to None, run_after=None
[2026-08-12T04:38:00.025+0000] {processor.py:208} INFO - Processing /home/airflow/.local/lib/python3.12/site-packages/airflow/example_dags/tutorial_objectstorage.py took 0.087 seconds
[2026-08-12T04:38:30.627+0000] {processor.py:186} INFO - Started process (PID=758) to work on /home/airflow/.local/lib/python3.12/site-packages/airflow/example_dags/tutorial_objectstorage.py
[2026-08-12T04:38:30.630+0000] {processor.py:914} INFO - Processing file /home/airflow/.local/lib/python3.12/site-packages/airflow/example_dags/tutorial_objectstorage.py for tasks to queue
[2026-08-12T04:38:30.634+0000] {logging_mixin.py:190} INFO - [2026-08-12T04:38:30.633+0000] {dagbag.py:587} INFO - Filling up the DagBag from /home/airflow/.local/lib/python3.12/site-packages/airflow/example_dags/tutorial_objectstorage.py
[2026-08-12T04:38:30.645+0000] {processor.py:925} INFO - DAG(s) 'tutorial_objectstorage' retrieved from /home/airflow/.local/lib/python3.12/site-packages/airflow/example_dags/tutorial_objectstorage.py
[2026-08-12T04:38:30.669+0000] {logging_mixin.py:190} INFO - [2026-08-12T04:38:30.668+0000] {dag.py:3211} INFO - Sync 1 DAGs
[2026-08-12T04:38:30.683+0000] {logging_mixin.py:190} INFO - [2026-08-12T04:38:30.683+0000] {dag.py:4138} INFO - Setting next_dagrun for tutorial_objectstorage to None, run_after=None
[2026-08-12T04:38:30.704+0000] {processor.py:208} INFO - Processing /home/airflow/.local/lib/python3.12/site-packages/airflow/example_dags/tutorial_objectstorage.py took 0.085 seconds
[2026-08-12T04:39:00.993+0000] {processor.py:186} INFO - Started process (PID=820) to work on /home/airflow/.local/lib/python3.12/site-packages/airflow/example_dags/tutorial_objectstorage.py
[2026-08-12T04:39:00.996+0000] {processor.py:914} INFO - Processing file /home/airflow/.local/lib/python3.12/site-packages/airflow/example_dags/tutorial_objectstorage.py for tasks to queue
[2026-08-12T04:39:00.999+0000] {logging_mixin.py:190} INFO - [2026-08-12T04:39:00.999+0000] {dagbag.py:587} INFO - Filling up the DagBag from /home/airflow/.local/lib/python3.12/site-packages/airflow/example_dags/tutorial_objectstorage.py
[2026-08-12T04:39:01.009+0000] {processor.py:925} INFO - DAG(s) 'tutorial_objectstorage' retrieved from /home/airflow/.local/lib/python3.12/site-packages/airflow/example_dags/tutorial_objectstorage.py
[2026-08-12T04:39:01.030+0000] {logging_mixin.py:190} INFO - [2026-08-12T04:39:01.029+0000] {dag.py:3211} INFO - Sync 1 DAGs
[2026-08-12T04:39:01.044+0000] {logging_mixin.py:190} INFO - [2026-08-12T04:39:01.044+0000] {dag.py:4138} INFO - Setting next_dagrun for tutorial_objectstorage to None, run_after=None
[2026-08-12T04:39:01.065+0000] {processor.py:208} INFO - Processing /home/airflow/.local/lib/python3.12/site-packages/airflow/example_dags/tutorial_objectstorage.py took 0.077 seconds
[2026-08-12T04:39:31.466+0000] {processor.py:186} INFO - Started process (PID=882) to work on /home/airflow/.local/lib/python3.12/site-packages/airflow/example_dags/tutorial_objectstorage.py
[2026-08-12T04:39:31.468+0000] {processor.py:914} INFO - Processing file /home/airflow/.local/lib/python3.12/site-packages/airflow/example_dags/tutorial_objectstorage.py for tasks to queue
[2026-08-12T04:39:31.471+0000] {logging_mixin.py:190} INFO - [2026-08-12T04:39:31.471+0000] {dagbag.py:587} INFO - Filling up the DagBag from /home/airflow/.local/lib/python3.12/site-packages/airflow/example_dags/tutorial_objectstorage.py
[2026-08-12T04:39:31.483+0000] {processor.py:925} INFO - DAG(s) 'tutorial_objectstorage' retrieved from /home/airflow/.local/lib/python3.12/site-packages/airflow/example_dags/tutorial_objectstorage.py
[2026-08-12T04:39:31.504+0000] {logging_mixin.py:190} INFO - [2026-08-12T04:39:31.503+0000] {dag.py:3211} INFO - Sync 1 DAGs
[2026-08-12T04:39:31.519+0000] {logging_mixin.py:190} INFO - [2026-08-12T04:39:31.518+0000] {dag.py:4138} INFO - Setting next_dagrun for tutorial_objectstorage to None, run_after=None
[2026-08-12T04:39:31.539+0000] {processor.py:208} INFO - Processing /home/airflow/.local/lib/python3.12/site-packages/airflow/example_dags/tutorial_objectstorage.py took 0.079 seconds
[2026-08-12T04:40:01.820+0000] {processor.py:186} INFO - Started process (PID=944) to work on /home/airflow/.local/lib/python3.12/site-packages/airflow/example_dags/tutorial_objectstorage.py
[2026-08-12T04:40:01.821+0000] {processor.py:914} INFO - Processing file /home/airflow/.local/lib/python3.12/site-packages/airflow/example_dags/tutorial_objectstorage.py for tasks to queue
[2026-08-12T04:40:01.825+0000] {logging_mixin.py:190} INFO - [2026-08-12T04:40:01.824+0000] {dagbag.py:587} INFO - Filling up the DagBag from /home/airflow/.local/lib/python3.12/site-packages/airflow/example_dags/tutorial_objectstorage.py
[2026-08-12T04:40:01.836+0000] {processor.py:925} INFO - DAG(s) 'tutorial_objectstorage' retrieved from /home/airflow/.local/lib/python3.12/site-packages/airflow/example_dags/tutorial_objectstorage.py
[2026-08-12T04:40:01.858+0000] {logging_mixin.py:190} INFO - [2026-08-12T04:40:01.858+0000] {dag.py:3211} INFO - Sync 1 DAGs
[2026-08-12T04:40:01.875+0000] {logging_mixin.py:190} INFO - [2026-08-12T04:40:01.875+0000] {dag.py:4138} INFO - Setting next_dagrun for tutorial_objectstorage to None, run_after=None
[2026-08-12T04:40:01.898+0000] {processor.py:208} INFO - Processing /home/airflow/.local/lib/python3.12/site-packages/airflow/example_dags/tutorial_objectstorage.py took 0.085 seconds
[2026-08-12T04:40:32.391+0000] {processor.py:186} INFO - Started process (PID=1006) to work on /home/airflow/.local/lib/python3.12/site-packages/airflow/example_dags/tutorial_objectstorage.py
[2026-08-12T04:40:32.393+0000] {processor.py:914} INFO - Processing file /home/airflow/.local/lib/python3.12/site-packages/airflow/example_dags/tutorial_objectstorage.py for tasks to queue
[2026-08-12T04:40:32.396+0000] {logging_mixin.py:190} INFO - [2026-08-12T04:40:32.396+0000] {dagbag.py:587} INFO - Filling up the DagBag from /home/airflow/.local/lib/python3.12/site-packages/airflow/example_dags/tutorial_objectstorage.py
[2026-08-12T04:40:32.407+0000] {processor.py:925} INFO - DAG(s) 'tutorial_objectstorage' retrieved from /home/airflow/.local/lib/python3.12/site-packages/airflow/example_dags/tutorial_objectstorage.py
[2026-08-12T04:40:32.430+0000] {logging_mixin.py:190} INFO - [2026-08-12T04:40:32.430+0000] {dag.py:3211} INFO - Sync 1 DAGs
[2026-08-12T04:40:32.446+0000] {logging_mixin.py:190} INFO - [2026-08-12T04:40:32.445+0000] {dag.py:4138} INFO - Setting next_dagrun for tutorial_objectstorage to None, run_after=None
[2026-08-12T04:40:32.467+0000] {processor.py:208} INFO - Processing /home/airflow/.local/lib/python3.12/site-packages/airflow/example_dags/tutorial_objectstorage.py took 0.083 seconds
[2026-08-12T04:41:03.081+0000] {processor.py:186} INFO - Started process (PID=1068) to work on /home/airflow/.local/lib/python3.12/site-packages/airflow/example_dags/tutorial_objectstorage.py
[2026-08-12T04:41:03.083+0000] {processor.py:914} INFO - Processing file /home/airflow/.local/lib/python3.12/site-packages/airflow/example_dags/tutorial_objectstorage.py for tasks to queue
[2026-08-12T04:41:03.087+0000] {logging_mixin.py:190} INFO - [2026-08-12T04:41:03.087+0000] {dagbag.py:587} INFO - Filling up the DagBag from /home/airflow/.local/lib/python3.12/site-packages/airflow/example_dags/tutorial_objectstorage.py
[2026-08-12T04:41:03.098+0000] {processor.py:925} INFO - DAG(s) 'tutorial_objectstorage' retrieved from /home/airflow/.local/lib/python3.12/site-packages/airflow/example_dags/tutorial_objectstorage.py
[2026-08-12T04:41:03.120+0000] {logging_mixin.py:190} INFO - [2026-08-12T04:41:03.120+0000] {dag.py:3211} INFO - Sync 1 DAGs
[2026-08-12T04:41:03.151+0000] {logging_mixin.py:190} INFO - [2026-08-12T04:41:03.150+0000] {dag.py:4138} INFO - Setting next_dagrun for tutorial_objectstorage to None, run_after=None
[2026-08-12T04:41:03.172+0000] {processor.py:208} INFO - Processing /home/airflow/.local/lib/python3.12/site-packages/airflow/example_dags/tutorial_objectstorage.py took 0.098 seconds
[2026-08-12T04:41:33.638+0000] {processor.py:186} INFO - Started process (PID=1130) to work on /home/airflow/.local/lib/python3.12/site-packages/airflow/example_dags/tutorial_objectstorage.py
[2026-08-12T04:41:33.639+0000] {processor.py:914} INFO - Processing file /home/airflow/.local/lib/python3.12/site-packages/airflow/example_dags/tutorial_objectstorage.py for tasks to queue
[2026-08-12T04:41:33.643+0000] {logging_mixin.py:190} INFO - [2026-08-12T04:41:33.642+0000] {dagbag.py:587} INFO - Filling up the DagBag from /home/airflow/.local/lib/python3.12/site-packages/airflow/example_dags/tutorial_objectstorage.py
[2026-08-12T04:41:33.655+0000] {processor.py:925} INFO - DAG(s) 'tutorial_objectstorage' retrieved from /home/airflow/.local/lib/python3.12/site-packages/airflow/example_dags/tutorial_objectstorage.py
[2026-08-12T04:41:33.677+0000] {logging_mixin.py:190} INFO - [2026-08-12T04:41:33.677+0000] {dag.py:3211} INFO - Sync 1 DAGs
[2026-08-12T04:41:33.694+0000] {logging_mixin.py:190} INFO - [2026-08-12T04:41:33.694+0000] {dag.py:4138} INFO - Setting next_dagrun for tutorial_objectstorage to None, run_after=None
[2026-08-12T04:41:33.716+0000] {processor.py:208} INFO - Processing /home/airflow/.local/lib/python3.12/site-packages/airflow/example_dags/tutorial_objectstorage.py took 0.086 seconds
[2026-08-12T04:42:04.297+0000] {processor.py:186} INFO - Started process (PID=1192) to work on /home/airflow/.local/lib/python3.12/site-packages/airflow/example_dags/tutorial_objectstorage.py
[2026-08-12T04:42:04.299+0000] {processor.py:914} INFO - Processing file /home/airflow/.local/lib/python3.12/site-packages/airflow/example_dags/tutorial_objectstorage.py for tasks to queue
[2026-08-12T04:42:04.302+0000] {logging_mixin.py:190} INFO - [2026-08-12T04:42:04.302+0000] {dagbag.py:587} INFO - Filling up the DagBag from /home/airflow/.local/lib/python3.12/site-packages/airflow/example_dags/tutorial_objectstorage.py
[2026-08-12T04:42:04.312+0000] {processor.py:925} INFO - DAG(s) 'tutorial_objectstorage' retrieved from /home/airflow/.local/lib/python3.12/site-packages/airflow/example_dags/tutorial_objectstorage.py
[2026-08-12T04:42:04.332+0000] {logging_mixin.py:190} INFO - [2026-08-12T04:42:04.332+0000] {dag.py:3211} INFO - Sync 1 DAGs
[2026-08-12T04:42:04.350+0000] {logging_mixin.py:190} INFO - [2026-08-12T04:42:04.350+0000] {dag.py:4138} INFO - Setting next_dagrun for tutorial_objectstorage to None, run_after=None
[2026-08-12T04:42:04.374+0000] {processor.py:208} INFO - Processing /home/airflow/.local/lib/python3.12/site-packages/airflow/example_dags/tutorial_objectstorage.py took 0.082 seconds
[2026-08-12T04:42:34.980+0000] {processor.py:186} INFO - Started process (PID=1254) to work on /home/airflow/.local/lib/python3.12/site-packages/airflow/example_dags/tutorial_objectstorage.py
[2026-08-12T04:42:34.982+0000] {processor.py:914} INFO - Processing file /home/airflow/.local/lib/python3.12/site-packages/airflow/example_dags/tutorial_objectstorage.py for tasks to queue
[2026-08-12T04:42:34.986+0000] {logging_mixin.py:190} INFO - [2026-08-12T04:42:34.985+0000] {dagbag.py:587} INFO - Filling up the DagBag from /home/airflow/.local/lib/python3.12/site-packages/airflow/example_dags/tutorial_objectstorage.py
[2026-08-12T04:42:34.998+0000] {processor.py:925} INFO - DAG(s) 'tutorial_objectstorage' retrieved from /home/airflow/.local/lib/python3.12/site-packages/airflow/example_dags/tutorial_objectstorage.py
[2026-08-12T04:42:35.020+0000] {logging_mixin.py:190} INFO - [2026-08-12T04:42:35.020+0000] {dag.py:3211} INFO - Sync 1 DAGs
[2026-08-12T04:42:35.038+0000] {logging_mixin.py:190} INFO - [2026-08-12T04:42:35.037+0000] {dag.py:4138} INFO - Setting next_dagrun for tutorial_objectstorage to None, run_after=None
[2026-08-12T04:42:35.057+0000] {processor.py:208} INFO - Processing /home/airflow/.local/lib/python3.12/site-packages/airflow/example_dags/tutorial_objectstorage.py took 0.085 seconds
[2026-08-12T04:43:05.866+0000] {processor.py:186} INFO - Started process (PID=1316) to work on /home/airflow/.local/lib/python3.12/site-packages/airflow/example_dags/tutorial_objectstorage.py
[2026-08-12T04:43:05.868+0000] {processor.py:914} INFO - Processing file /home/airflow/.local/lib/python3.12/site-packages/airflow/example_dags/tutorial_objectstorage.py for tasks to queue
[2026-08-12T04:43:05.872+0000] {logging_mixin.py:190} INFO - [2026-08-12T04:43:05.871+0000] {dagbag.py:587} INFO - Filling up the DagBag from /home/airflow/.local/lib/python3.12/site-packages/airflow/example_dags/tutorial_objectstorage.py
[2026-08-12T04:43:05.884+0000] {processor.py:925} INFO - DAG(s) 'tutorial_objectstorage' retrieved from /home/airflow/.local/lib/python3.12/site-packages/airflow/example_dags/tutorial_objectstorage.py
[2026-08-12T04:43:05.902+0000] {logging_mixin.py:190} INFO - [2026-08-12T04:43:05.902+0000] {dag.py:3211} INFO - Sync 1 DAGs
[2026-08-12T04:43:05.917+0000] {logging_mixin.py:190} INFO - [2026-08-12T04:43:05.917+0000] {dag.py:4138} INFO - Setting next_dagrun for tutorial_objectstorage to None, run_after=None
[2026-08-12T04:43:05.937+0000] {processor.py:208} INFO - Processing /home/airflow/.local/lib/python3.12/site-packages/airflow/example_dags/tutorial_objectstorage.py took 0.077 seconds
[2026-08-12T04:43:36.264+0000] {processor.py:186} INFO - Started process (PID=1378) to work on /home/airflow/.local/lib/python3.12/site-packages/airflow/example_dags/tutorial_objectstorage.py
[2026-08-12T04:43:36.266+0000] {processor.py:914} INFO - Processing file /home/airflow/.local/lib/python3.12/site-packages/airflow/example_dags/tutorial_objectstorage.py for tasks to queue
[2026-08-12T04:43:36.270+0000] {logging_mixin.py:190} INFO - [2026-08-12T04:43:36.270+0000] {dagbag.py:587} INFO - Filling up the DagBag from /home/airflow/.local/lib/python3.12/site-packages/airflow/example_dags/tutorial_objectstorage.py
[2026-08-12T04:43:36.285+0000] {processor.py:925} INFO - DAG(s) 'tutorial_objectstorage' retrieved from /home/airflow/.local/lib/python3.12/site-packages/airflow/example_dags/tutorial_objectstorage.py
[2026-08-12T04:43:36.308+0000] {logging_mixin.py:190} INFO - [2026-08-12T04:43:36.308+0000] {dag.py:3211} INFO - Sync 1 DAGs
[2026-08-12T04:43:36.323+0000] {logging_mixin.py:190} INFO - [2026-08-12T04:43:36.323+0000] {dag.py:4138} INFO - Setting next_dagrun for tutorial_objectstorage to None, run_after=None
[2026-08-12T04:43:36.343+0000] {processor.py:208} INFO - Processing /home/airflow/.local/lib/python3.12/site-packages/airflow/example_dags/tutorial_objectstorage.py took 0.090 seconds
[2026-08-12T04:44:06.486+0000] {processor.py:186} INFO - Started process (PID=1440) to work on /home/airflow/.local/lib/python3.12/site-packages/airflow/example_dags/tutorial_objectstorage.py
[2026-08-12T04:44:06.487+0000] {processor.py:914} INFO - Processing file /home/airflow/.local/lib/python3.12/site-packages/airflow/example_dags/tutorial_objectstorage.py for tasks to queue
[2026-08-12T04:44:06.490+0000] {logging_mixin.py:190} INFO - [2026-08-12T04:44:06.490+0000] {dagbag.py:587} INFO - Filling up the DagBag from /home/airflow/.local/lib/python3.12/site-packages/airflow/example_dags/tutorial_objectstorage.py
[2026-08-12T04:44:06.500+0000] {processor.py:925} INFO - DAG(s) 'tutorial_objectstorage' retrieved from /home/airflow/.local/lib/python3.12/site-packages/airflow/example_dags/tutorial_objectstorage.py
[2026-08-12T04:44:06.523+0000] {logging_mixin.py:190} INFO - [2026-08-12T04:44:06.523+0000] {dag.py:3211} INFO - Sync 1 DAGs
[2026-08-12T04:44:06.540+0000] {logging_mixin.py:190} INFO - [2026-08-12T04:44:06.540+0000] {dag.py:4138} INFO - Setting next_dagrun for tutorial_objectstorage to None, run_after=None
[2026-08-12T04:44:06.562+0000] {processor.py:208} INFO - Processing /home/airflow/.local/lib/python3.12/site-packages/airflow/example_dags/tutorial_objectstorage.py took 0.082 seconds
[2026-08-12T04:44:37.506+0000] {processor.py:186} INFO - Started process (PID=1502) to work on /home/airflow/.local/lib/python3.12/site-packages/airflow/example_dags/tutorial_objectstorage.py
[2026-08-12T04:44:37.508+0000] {processor.py:914} INFO - Processing file /home/airflow/.local/lib/python3.12/site-packages/airflow/example_dags/tutorial_objectstorage.py for tasks to queue
[2026-08-12T04:44:37.510+0000] {logging_mixin.py:190} INFO - [2026-08-12T04:44:37.510+0000] {dagbag.py:587} INFO - Filling up the DagBag from /home/airflow/.local/lib/python3.12/site-packages/airflow/example_dags/tutorial_objectstorage.py
[2026-08-12T04:44:37.532+0000] {processor.py:925} INFO - DAG(s) 'tutorial_objectstorage' retrieved from /home/airflow/.local/lib/python3.12/site-packages/airflow/example_dags/tutorial_objectstorage.py
[2026-08-12T04:44:37.554+0000] {logging_mixin.py:190} INFO - [2026-08-12T04:44:37.553+0000] {dag.py:3211} INFO - Sync 1 DAGs
[2026-08-12T04:44:37.569+0000] {logging_mixin.py:190} INFO - [2026-08-12T04:44:37.569+0000] {dag.py:4138} INFO - Setting next_dagrun for tutorial_objectstorage to None, run_after=None
[2026-08-12T04:44:37.591+0000] {processor.py:208} INFO - Processing /home/airflow/.local/lib/python3.12/site-packages/airflow/example_dags/tutorial_objectstorage.py took 0.091 seconds
[2026-08-12T04:45:07.657+0000] {processor.py:186} INFO - Started process (PID=1564) to work on /home/airflow/.local/lib/python3.12/site-packages/airflow/example_dags/tutorial_objectstorage.py
[2026-08-12T04:45:07.658+0000] {processor.py:914} INFO - Processing file /home/airflow/.local/lib/python3.12/site-packages/airflow/example_dags/tutorial_objectstorage.py for tasks to queue
[2026-08-12T04:45:07.661+0000] {logging_mixin.py:190} INFO - [2026-08-12T04:45:07.661+0000] {dagbag.py:587} INFO - Filling up the DagBag from /home/airflow/.local/lib/python3.12/site-packages/airflow/example_dags/tutorial_objectstorage.py
[2026-08-12T04:45:07.670+0000] {processor.py:925} INFO - DAG(s) 'tutorial_objectstorage' retrieved from /home/airflow/.local/lib/python3.12/site-packages/airflow/example_dags/tutorial_objectstorage.py
[2026-08-12T04:45:07.690+0000] {logging_mixin.py:190} INFO - [2026-08-12T04:45:07.690+0000] {dag.py:3211} INFO - Sync 1 DAGs
[2026-08-12T04:45:07.703+0000] {logging_mixin.py:190} INFO - [2026-08-12T04:45:07.703+0000] {dag.py:4138} INFO - Setting next_dagrun for tutorial_objectstorage to None, run_after=None
[2026-08-12T04:45:07.724+0000] {processor.py:208} INFO - Processing /home/airflow/.local/lib/python3.12/site-packages/airflow/example_dags/tutorial_objectstorage.py took 0.073 seconds
[2026-08-12T04:45:38.548+0000] {processor.py:186} INFO - Started process (PID=1626) to work on /home/airflow/.local/lib/python3.12/site-packages/airflow/example_dags/tutorial_objectstorage.py
[2026-08-12T04:45:38.550+0000] {processor.py:914} INFO - Processing file /home/airflow/.local/lib/python3.12/site-packages/airflow/example_dags/tutorial_objectstorage.py for tasks to queue
[2026-08-12T04:45:38.554+0000] {logging_mixin.py:190} INFO - [2026-08-12T04:45:38.553+0000] {dagbag.py:587} INFO - Filling up the DagBag from /home/airflow/.local/lib/python3.12/site-packages/airflow/example_dags/tutorial_objectstorage.py
[2026-08-12T04:45:38.565+0000] {processor.py:925} INFO - DAG(s) 'tutorial_objectstorage' retrieved from /home/airflow/.local/lib/python3.12/site-packages/airflow/example_dags/tutorial_objectstorage.py
[2026-08-12T04:45:38.590+0000] {logging_mixin.py:190} INFO - [2026-08-12T04:45:38.590+0000] {dag.py:3211} INFO - Sync 1 DAGs
[2026-08-12T04:45:38.607+0000] {logging_mixin.py:190} INFO - [2026-08-12T04:45:38.606+0000] {dag.py:4138} INFO - Setting next_dagrun for tutorial_objectstorage to None, run_after=None
[2026-08-12T04:45:38.627+0000] {processor.py:208} INFO - Processing /home/airflow/.local/lib/python3.12/site-packages/airflow/example_dags/tutorial_objectstorage.py took 0.087 seconds
[2026-08-12T04:46:08.858+0000] {processor.py:186} INFO - Started process (PID=1688) to work on /home/airflow/.local/lib/python3.12/site-packages/airflow/example_dags/tutorial_objectstorage.py
[2026-08-12T04:46:08.860+0000] {processor.py:914} INFO - Processing file /home/airflow/.local/lib/python3.12/site-packages/airflow/example_dags/tutorial_objectstorage.py for tasks to queue
[2026-08-12T04:46:08.863+0000] {logging_mixin.py:190} INFO - [2026-08-12T04:46:08.862+0000] {dagbag.py:587} INFO - Filling up the DagBag from /home/airflow/.local/lib/python3.12/site-packages/airflow/example_dags/tutorial_objectstorage.py
[2026-08-12T04:46:08.873+0000] {processor.py:925} INFO - DAG(s) 'tutorial_objectstorage' retrieved from /home/airflow/.local/lib/python3.12/site-packages/airflow/example_dags/tutorial_objectstorage.py
[2026-08-12T04:46:08.896+0000] {logging_mixin.py:190} INFO - [2026-08-12T04:46:08.896+0000] {dag.py:3211} INFO - Sync 1 DAGs
[2026-08-12T04:46:08.910+0000] {logging_mixin.py:190} INFO - [2026-08-12T04:46:08.910+0000] {dag.py:4138} INFO - Setting next_dagrun for tutorial_objectstorage to None, run_after=None
[2026-08-12T04:46:08.935+0000] {processor.py:208} INFO - Processing /home/airflow/.local/lib/python3.12/site-packages/airflow/example_dags/tutorial_objectstorage.py took 0.083 seconds
[2026-08-12T04:46:39.496+0000] {processor.py:186} INFO - Started process (PID=1750) to work on /home/airflow/.local/lib/python3.12/site-packages/airflow/example_dags/tutorial_objectstorage.py
[2026-08-12T04:46:39.498+0000] {processor.py:914} INFO - Processing file /home/airflow/.local/lib/python3.12/site-packages/airflow/example_dags/tutorial_objectstorage.py for tasks to queue
[2026-08-12T04:46:39.501+0000] {logging_mixin.py:190} INFO - [2026-08-12T04:46:39.501+0000] {dagbag.py:587} INFO - Filling up the DagBag from /home/airflow/.local/lib/python3.12/site-packages/airflow/example_dags/tutorial_objectstorage.py
[2026-08-12T04:46:39.511+0000] {processor.py:925} INFO - DAG(s) 'tutorial_objectstorage' retrieved from /home/airflow/.local/lib/python3.12/site-packages/airflow/example_dags/tutorial_objectstorage.py
[2026-08-12T04:46:39.533+0000] {logging_mixin.py:190} INFO - [2026-08-12T04:46:39.532+0000] {dag.py:3211} INFO - Sync 1 DAGs
[2026-08-12T04:46:39.562+0000] {logging_mixin.py:190} INFO - [2026-08-12T04:46:39.562+0000] {dag.py:4138} INFO - Setting next_dagrun for tutorial_objectstorage to None, run_after=None
[2026-08-12T04:46:39.583+0000] {processor.py:208} INFO - Processing /home/airflow/.local/lib/python3.12/site-packages/airflow/example_dags/tutorial_objectstorage.py took 0.093 seconds
[2026-08-12T04:47:09.988+0000] {processor.py:186} INFO - Started process (PID=1812) to work on /home/airflow/.local/lib/python3.12/site-packages/airflow/example_dags/tutorial_objectstorage.py
[2026-08-12T04:47:09.990+0000] {processor.py:914} INFO - Processing file /home/airflow/.local/lib/python3.12/site-packages/airflow/example_dags/tutorial_objectstorage.py for tasks to queue
[2026-08-12T04:47:09.993+0000] {logging_mixin.py:190} INFO - [2026-08-12T04:47:09.992+0000] {dagbag.py:587} INFO - Filling up the DagBag from /home/airflow/.local/lib/python3.12/site-packages/airflow/example_dags/tutorial_objectstorage.py
[2026-08-12T04:47:10.002+0000] {processor.py:925} INFO - DAG(s) 'tutorial_objectstorage' retrieved from /home/airflow/.local/lib/python3.12/site-packages/airflow/example_dags/tutorial_objectstorage.py
[2026-08-12T04:47:10.023+0000] {logging_mixin.py:190} INFO - [2026-08-12T04:47:10.022+0000] {dag.py:3211} INFO - Sync 1 DAGs
[2026-08-12T04:47:10.048+0000] {logging_mixin.py:190} INFO - [2026-08-12T04:47:10.048+0000] {dag.py:4138} INFO - Setting next_dagrun for tutorial_objectstorage to None, run_after=None
[2026-08-12T04:47:10.069+0000] {processor.py:208} INFO - Processing /home/airflow/.local/lib/python3.12/site-packages/airflow/example_dags/tutorial_objectstorage.py took 0.087 seconds
[2026-08-12T04:47:40.341+0000] {processor.py:186} INFO - Started process (PID=1874) to work on /home/airflow/.local/lib/python3.12/site-packages/airflow/example_dags/tutorial_objectstorage.py
[2026-08-12T04:47:40.343+0000] {processor.py:914} INFO - Processing file /home/airflow/.local/lib/python3.12/site-packages/airflow/example_dags/tutorial_objectstorage.py for tasks to queue
[2026-08-12T04:47:40.346+0000] {logging_mixin.py:190} INFO - [2026-08-12T04:47:40.346+0000] {dagbag.py:587} INFO - Filling up the DagBag from /home/airflow/.local/lib/python3.12/site-packages/airflow/example_dags/tutorial_objectstorage.py
[2026-08-12T04:47:40.357+0000] {processor.py:925} INFO - DAG(s) 'tutorial_objectstorage' retrieved from /home/airflow/.local/lib/python3.12/site-packages/airflow/example_dags/tutorial_objectstorage.py
[2026-08-12T04:47:40.379+0000] {logging_mixin.py:190} INFO - [2026-08-12T04:47:40.379+0000] {dag.py:3211} INFO - Sync 1 DAGs
[2026-08-12T04:47:40.402+0000] {logging_mixin.py:190} INFO - [2026-08-12T04:47:40.402+0000] {dag.py:4138} INFO - Setting next_dagrun for tutorial_objectstorage to None, run_after=None
[2026-08-12T04:47:40.426+0000] {processor.py:208} INFO - Processing /home/airflow/.local/lib/python3.12/site-packages/airflow/example_dags/tutorial_objectstorage.py took 0.092 seconds
[2026-08-12T04:48:11.239+0000] {processor.py:186} INFO - Started process (PID=1936) to work on /home/airflow/.local/lib/python3.12/site-packages/airflow/example_dags/tutorial_objectstorage.py
[2026-08-12T04:48:11.241+0000] {processor.py:914} INFO - Processing file /home/airflow/.local/lib/python3.12/site-packages/airflow/example_dags/tutorial_objectstorage.py for tasks to queue
[2026-08-12T04:48:11.245+0000] {logging_mixin.py:190} INFO - [2026-08-12T04:48:11.244+0000] {dagbag.py:587} INFO - Filling up the DagBag from /home/airflow/.local/lib/python3.12/site-packages/airflow/example_dags/tutorial_objectstorage.py
[2026-08-12T04:48:11.259+0000] {processor.py:925} INFO - DAG(s) 'tutorial_objectstorage' retrieved from /home/airflow/.local/lib/python3.12/site-packages/airflow/example_dags/tutorial_objectstorage.py
[2026-08-12T04:48:11.285+0000] {logging_mixin.py:190} INFO - [2026-08-12T04:48:11.284+0000] {dag.py:3211} INFO - Sync 1 DAGs
[2026-08-12T04:48:11.301+0000] {logging_mixin.py:190} INFO - [2026-08-12T04:48:11.301+0000] {dag.py:4138} INFO - Setting next_dagrun for tutorial_objectstorage to None, run_after=None
[2026-08-12T04:48:11.324+0000] {processor.py:208} INFO - Processing /home/airflow/.local/lib/python3.12/site-packages/airflow/example_dags/tutorial_objectstorage.py took 0.091 seconds
[2026-08-12T04:48:41.725+0000] {processor.py:186} INFO - Started process (PID=1998) to work on /home/airflow/.local/lib/python3.12/site-packages/airflow/example_dags/tutorial_objectstorage.py
[2026-08-12T04:48:41.729+0000] {processor.py:914} INFO - Processing file /home/airflow/.local/lib/python3.12/site-packages/airflow/example_dags/tutorial_objectstorage.py for tasks to queue
[2026-08-12T04:48:41.734+0000] {logging_mixin.py:190} INFO - [2026-08-12T04:48:41.734+0000] {dagbag.py:587} INFO - Filling up the DagBag from /home/airflow/.local/lib/python3.12/site-packages/airflow/example_dags/tutorial_objectstorage.py
[2026-08-12T04:48:41.748+0000] {processor.py:925} INFO - DAG(s) 'tutorial_objectstorage' retrieved from /home/airflow/.local/lib/python3.12/site-packages/airflow/example_dags/tutorial_objectstorage.py
[2026-08-12T04:48:41.776+0000] {logging_mixin.py:190} INFO - [2026-08-12T04:48:41.776+0000] {dag.py:3211} INFO - Sync 1 DAGs
[2026-08-12T04:48:41.801+0000] {logging_mixin.py:190} INFO - [2026-08-12T04:48:41.800+0000] {dag.py:4138} INFO - Setting next_dagrun for tutorial_objectstorage to None, run_after=None
[2026-08-12T04:48:41.828+0000] {processor.py:208} INFO - Processing /home/airflow/.local/lib/python3.12/site-packages/airflow/example_dags/tutorial_objectstorage.py took 0.113 seconds
[2026-08-12T04:49:13.055+0000] {processor.py:186} INFO - Started process (PID=2060) to work on /home/airflow/.local/lib/python3.12/site-packages/airflow/example_dags/tutorial_objectstorage.py
[2026-08-12T04:49:13.057+0000] {processor.py:914} INFO - Processing file /home/airflow/.local/lib/python3.12/site-packages/airflow/example_dags/tutorial_objectstorage.py for tasks to queue
[2026-08-12T04:49:13.061+0000] {logging_mixin.py:190} INFO - [2026-08-12T04:49:13.060+0000] {dagbag.py:587} INFO - Filling up the DagBag from /home/airflow/.local/lib/python3.12/site-packages/airflow/example_dags/tutorial_objectstorage.py
[2026-08-12T04:49:13.071+0000] {processor.py:925} INFO - DAG(s) 'tutorial_objectstorage' retrieved from /home/airflow/.local/lib/python3.12/site-packages/airflow/example_dags/tutorial_objectstorage.py
[2026-08-12T04:49:13.094+0000] {logging_mixin.py:190} INFO - [2026-08-12T04:49:13.094+0000] {dag.py:3211} INFO - Sync 1 DAGs
[2026-08-12T04:49:13.109+0000] {logging_mixin.py:190} INFO - [2026-08-12T04:49:13.108+0000] {dag.py:4138} INFO - Setting next_dagrun for tutorial_objectstorage to None, run_after=None
[2026-08-12T04:49:13.130+0000] {processor.py:208} INFO - Processing /home/airflow/.local/lib/python3.12/site-packages/airflow/example_dags/tutorial_objectstorage.py took 0.081 seconds
[2026-08-12T04:49:43.332+0000] {processor.py:186} INFO - Started process (PID=2122) to work on /home/airflow/.local/lib/python3.12/site-packages/airflow/example_dags/tutorial_objectstorage.py
[2026-08-12T04:49:43.334+0000] {processor.py:914} INFO - Processing file /home/airflow/.local/lib/python3.12/site-packages/airflow/example_dags/tutorial_objectstorage.py for tasks to queue
[2026-08-12T04:49:43.337+0000] {logging_mixin.py:190} INFO - [2026-08-12T04:49:43.337+0000] {dagbag.py:587} INFO - Filling up the DagBag from /home/airflow/.local/lib/python3.12/site-packages/airflow/example_dags/tutorial_objectstorage.py
[2026-08-12T04:49:43.348+0000] {processor.py:925} INFO - DAG(s) 'tutorial_objectstorage' retrieved from /home/airflow/.local/lib/python3.12/site-packages/airflow/example_dags/tutorial_objectstorage.py
[2026-08-12T04:49:43.369+0000] {logging_mixin.py:190} INFO - [2026-08-12T04:49:43.369+0000] {dag.py:3211} INFO - Sync 1 DAGs
[2026-08-12T04:49:43.384+0000] {logging_mixin.py:190} INFO - [2026-08-12T04:49:43.384+0000] {dag.py:4138} INFO - Setting next_dagrun for tutorial_objectstorage to None, run_after=None
[2026-08-12T04:49:43.405+0000] {processor.py:208} INFO - Processing /home/airflow/.local/lib/python3.12/site-packages/airflow/example_dags/tutorial_objectstorage.py took 0.079 seconds
